12-14 04:38:12.014  1928  2275 W ActivityManager: getRunningAppProcesses: caller 10061 does not hold REAL_GET_TASKS; limiting output
12-14 04:38:22.016  1928  1945 W ActivityManager: getRunningAppProcesses: caller 10061 does not hold REAL_GET_TASKS; limiting output
12-14 04:38:32.018  1928  2800 W ActivityManager: getRunningAppProcesses: caller 10061 does not hold REAL_GET_TASKS; limiting output
12-14 04:38:42.020  1928  2238 W ActivityManager: getRunningAppProcesses: caller 10061 does not hold REAL_GET_TASKS; limiting output
12-14 04:38:52.022  1928  2280 W ActivityManager: getRunningAppProcesses: caller 10061 does not hold REAL_GET_TASKS; limiting output
12-14 04:39:02.025  1928  2204 W ActivityManager: getRunningAppProcesses: caller 10061 does not hold REAL_GET_TASKS; limiting output
12-14 04:39:12.026  1928  2280 W ActivityManager: getRunningAppProcesses: caller 10061 does not hold REAL_GET_TASKS; limiting output
12-14 04:39:22.028  1928  2069 W ActivityManager: getRunningAppProcesses: caller 10061 does not hold REAL_GET_TASKS; limiting output
12-14 04:39:32.029  1928  2170 W ActivityManager: getRunningAppProcesses: caller 10061 does not hold REAL_GET_TASKS; limiting output
12-14 04:39:42.031  1928  1945 W ActivityManager: getRunningAppProcesses: caller 10061 does not hold REAL_GET_TASKS; limiting output
12-14 04:39:52.032  1928  2800 W ActivityManager: getRunningAppProcesses: caller 10061 does not hold REAL_GET_TASKS; limiting output
12-14 04:39:53.004  1928  2069 D WifiService: acquireWifiLockLocked: WifiLock{NlpWifiLock type=2 binder=android.os.BinderProxy@23c91af}
12-14 04:39:53.008  1928  2069 D WifiService: releaseWifiLockLocked: WifiLock{NlpWifiLock type=2 binder=android.os.BinderProxy@23c91af}
12-14 04:40:02.034  1928  2280 W ActivityManager: getRunningAppProcesses: caller 10061 does not hold REAL_GET_TASKS; limiting output
12-14 04:40:12.035  1928  2275 W ActivityManager: getRunningAppProcesses: caller 10061 does not hold REAL_GET_TASKS; limiting output
12-14 04:40:22.037  1928  1944 W ActivityManager: getRunningAppProcesses: caller 10061 does not hold REAL_GET_TASKS; limiting output
12-14 04:40:32.038  1928  1945 W ActivityManager: getRunningAppProcesses: caller 10061 does not hold REAL_GET_TASKS; limiting output
12-14 04:40:36.136  1928  2170 I BatteryStatsImpl: Resetting battery stats: level=97 status=1 dischargeLevel=97 lowAmount=0 highAmount=0
12-14 04:40:36.142  2171  2171 I GCoreUlr: Starting service, intent=Intent { act=com.google.android.location.reporting.ACTION_UPDATE_WORLD cmp=com.google.android.gms/com.google.android.location.reporting.service.DispatchingService (has extras) }, extras=Bundle[{receiverAction=android.intent.action.ACTION_POWER_DISCONNECTED}]
12-14 04:40:36.143  2171  2171 I GCoreUlr: DispatchingService.onCreate()
12-14 04:40:36.145  2432  4362 I iu.SyncManager: SYNC; picasa accounts
12-14 04:40:36.177  2171  4363 I GCoreUlr: WorldUpdater received intent Intent { act=com.google.android.location.reporting.ACTION_UPDATE_WORLD cmp=com.google.android.gms/com.google.android.location.reporting.service.DispatchingService (has extras) } with receiverAction android.intent.action.ACTION_POWER_DISCONNECTED
12-14 04:40:36.184  2171  4363 I GCoreUlr: WorldUpdater:android.intent.action.ACTION_POWER_DISCONNECTED: Ensuring that reporting is stopped because of reasons: (no Google accounts)
12-14 04:40:36.185  2171  4363 I GCoreUlr: Unbound from all location providers
12-14 04:40:36.187  2171  2171 I GCoreUlr: DispatchingService.onDestroy()
12-14 04:40:36.187  2171  2171 I GCoreUlr: Stopping handler for UlrDispSvcFast
12-14 04:40:36.188  2171  2171 I GCoreUlr: Unbound from all location providers
12-14 04:40:36.224  2432  2432 D NetworkLogImpl: Loaded NetworkSpeedPredictor
12-14 04:40:38.783  1928  1928 I EntropyMixer: Writing entropy...
12-14 04:40:38.784  2345  2345 E NetworkScheduler.SchedulerReceiver: Invalid parameter app
12-14 04:40:38.784  2345  2345 E NetworkScheduler.SchedulerReceiver: Invalid package name : Perhaps you didn't include a PendingIntent in the extras?
12-14 04:40:38.785  2171  2171 I GCoreUlr: Starting service, intent=Intent { act=com.google.android.location.reporting.ACTION_UPDATE_WORLD cmp=com.google.android.gms/com.google.android.location.reporting.service.DispatchingService (has extras) }, extras=Bundle[{receiverAction=android.intent.action.ACTION_POWER_CONNECTED}]
12-14 04:40:38.786  2171  2171 I GCoreUlr: DispatchingService.onCreate()
12-14 04:40:38.786  2432  2432 I iu.Environment: update battery state; isPlugged? true*
12-14 04:40:38.789  2432  4362 I iu.UploadsManager: num queued entries: 0
12-14 04:40:38.789  2432  4362 I iu.UploadsManager: num updated entries: 0
12-14 04:40:38.789  2432  4362 I iu.SyncManager: NEXT; no task
12-14 04:40:38.791  2432  4364 I iu.FingerprintManager: Start processing all media
12-14 04:40:38.792  2432  4364 I iu.FingerprintManager: Start processing media store URI: content://media/external/images/media
12-14 04:40:38.795  2432  4364 I iu.FingerprintManager: Start processing media store URI: content://media/external/video/media
12-14 04:40:38.797  2432  4364 I iu.FingerprintManager: Start processing media store URI: content://media/phoneStorage/images/media
12-14 04:40:38.799  2432  4364 I iu.FingerprintManager: Start processing media store URI: content://media/phoneStorage/video/media
12-14 04:40:38.800  2432  4364 I iu.FingerprintManager: Finished generating fingerprints; 0.009 seconds
12-14 04:40:38.800  2432  4364 I iu.FingerprintManager:   numSeen=0 numGenerated=0 numDeleted=0 numFailed=0
12-14 04:40:38.822  2171  4365 I GCoreUlr: WorldUpdater received intent Intent { act=com.google.android.location.reporting.ACTION_UPDATE_WORLD cmp=com.google.android.gms/com.google.android.location.reporting.service.DispatchingService (has extras) } with receiverAction android.intent.action.ACTION_POWER_CONNECTED
12-14 04:40:38.829  2171  4365 I GCoreUlr: WorldUpdater:android.intent.action.ACTION_POWER_CONNECTED: Ensuring that reporting is stopped because of reasons: (no Google accounts)
12-14 04:40:38.830  2171  4365 I GCoreUlr: Unbound from all location providers
12-14 04:40:38.833  2171  2171 I GCoreUlr: DispatchingService.onDestroy()
12-14 04:40:38.833  2171  2171 I GCoreUlr: Stopping handler for UlrDispSvcFast
12-14 04:40:38.834  2171  2171 I GCoreUlr: Unbound from all location providers
12-14 04:40:41.138  1928  2280 I BatteryStatsImpl: Resetting battery stats: level=97 status=1 dischargeLevel=97 lowAmount=0 highAmount=0
12-14 04:40:41.143  2171  2171 I GCoreUlr: Starting service, intent=Intent { act=com.google.android.location.reporting.ACTION_UPDATE_WORLD cmp=com.google.android.gms/com.google.android.location.reporting.service.DispatchingService (has extras) }, extras=Bundle[{receiverAction=android.intent.action.ACTION_POWER_DISCONNECTED}]
12-14 04:40:41.144  2171  2171 I GCoreUlr: DispatchingService.onCreate()
12-14 04:40:41.145  2432  2432 I iu.Environment: update battery state; isPlugged? false*
12-14 04:40:41.146  2432  4362 I iu.UploadsManager: num queued entries: 0
12-14 04:40:41.146  2432  4362 I iu.UploadsManager: num updated entries: 0
12-14 04:40:41.146  2432  4362 I iu.SyncManager: NEXT; no task
12-14 04:40:41.174  2171  4368 I GCoreUlr: WorldUpdater received intent Intent { act=com.google.android.location.reporting.ACTION_UPDATE_WORLD cmp=com.google.android.gms/com.google.android.location.reporting.service.DispatchingService (has extras) } with receiverAction android.intent.action.ACTION_POWER_DISCONNECTED
12-14 04:40:41.181  2171  4368 I GCoreUlr: WorldUpdater:android.intent.action.ACTION_POWER_DISCONNECTED: Ensuring that reporting is stopped because of reasons: (no Google accounts)
12-14 04:40:41.183  2171  4368 I GCoreUlr: Unbound from all location providers
12-14 04:40:41.185  2171  2171 I GCoreUlr: DispatchingService.onDestroy()
12-14 04:40:41.185  2171  2171 I GCoreUlr: Stopping handler for UlrDispSvcFast
12-14 04:40:41.187  2171  2171 I GCoreUlr: Unbound from all location providers
12-14 04:40:42.040  1928  2799 W ActivityManager: getRunningAppProcesses: caller 10061 does not hold REAL_GET_TASKS; limiting output
12-14 04:40:52.042  1928  2280 W ActivityManager: getRunningAppProcesses: caller 10061 does not hold REAL_GET_TASKS; limiting output
12-14 04:41:02.044  1928  2238 W ActivityManager: getRunningAppProcesses: caller 10061 does not hold REAL_GET_TASKS; limiting output
12-14 04:41:12.045  1928  2069 W ActivityManager: getRunningAppProcesses: caller 10061 does not hold REAL_GET_TASKS; limiting output
12-14 04:41:13.139  1928  1928 I EntropyMixer: Writing entropy...
12-14 04:41:13.140  2345  2345 E NetworkScheduler.SchedulerReceiver: Invalid parameter app
12-14 04:41:13.140  2345  2345 E NetworkScheduler.SchedulerReceiver: Invalid package name : Perhaps you didn't include a PendingIntent in the extras?
12-14 04:41:13.141  2171  2171 I GCoreUlr: Starting service, intent=Intent { act=com.google.android.location.reporting.ACTION_UPDATE_WORLD cmp=com.google.android.gms/com.google.android.location.reporting.service.DispatchingService (has extras) }, extras=Bundle[{receiverAction=android.intent.action.ACTION_POWER_CONNECTED}]
12-14 04:41:13.142  2171  2171 I GCoreUlr: DispatchingService.onCreate()
12-14 04:41:13.143  2432  2432 I iu.Environment: update battery state; isPlugged? true*
12-14 04:41:13.144  2432  4362 I iu.UploadsManager: num queued entries: 0
12-14 04:41:13.144  2432  4362 I iu.UploadsManager: num updated entries: 0
12-14 04:41:13.145  2432  4362 I iu.SyncManager: NEXT; no task
12-14 04:41:13.148  2432  4375 I iu.FingerprintManager: Start processing all media
12-14 04:41:13.148  2432  4375 I iu.FingerprintManager: Start processing media store URI: content://media/external/images/media
12-14 04:41:13.151  2432  4375 I iu.FingerprintManager: Start processing media store URI: content://media/external/video/media
12-14 04:41:13.153  2432  4375 I iu.FingerprintManager: Start processing media store URI: content://media/phoneStorage/images/media
12-14 04:41:13.155  2432  4375 I iu.FingerprintManager: Start processing media store URI: content://media/phoneStorage/video/media
12-14 04:41:13.157  2432  4375 I iu.FingerprintManager: Finished generating fingerprints; 0.009 seconds
12-14 04:41:13.157  2432  4375 I iu.FingerprintManager:   numSeen=0 numGenerated=0 numDeleted=0 numFailed=0
12-14 04:41:13.179  2171  4376 I GCoreUlr: WorldUpdater received intent Intent { act=com.google.android.location.reporting.ACTION_UPDATE_WORLD cmp=com.google.android.gms/com.google.android.location.reporting.service.DispatchingService (has extras) } with receiverAction android.intent.action.ACTION_POWER_CONNECTED
12-14 04:41:13.197  2171  4376 I art     : Explicit concurrent mark sweep GC freed 54898(2MB) AllocSpace objects, 7(112KB) LOS objects, 40% free, 7MB/12MB, paused 210us total 13.097ms
12-14 04:41:13.199  2171  4376 I GCoreUlr: WorldUpdater:android.intent.action.ACTION_POWER_CONNECTED: Ensuring that reporting is stopped because of reasons: (no Google accounts)
12-14 04:41:13.201  2171  4376 I GCoreUlr: Unbound from all location providers
12-14 04:41:13.204  2171  2171 I GCoreUlr: DispatchingService.onDestroy()
12-14 04:41:13.204  2171  2171 I GCoreUlr: Stopping handler for UlrDispSvcFast
12-14 04:41:13.205  2171  2171 I GCoreUlr: Unbound from all location providers
12-14 04:41:19.288  1928  2238 I BatteryStatsImpl: Resetting battery stats: level=97 status=1 dischargeLevel=97 lowAmount=0 highAmount=0
12-14 04:41:19.294  2171  2171 I GCoreUlr: Starting service, intent=Intent { act=com.google.android.location.reporting.ACTION_UPDATE_WORLD cmp=com.google.android.gms/com.google.android.location.reporting.service.DispatchingService (has extras) }, extras=Bundle[{receiverAction=android.intent.action.ACTION_POWER_DISCONNECTED}]
12-14 04:41:19.295  2171  2171 I GCoreUlr: DispatchingService.onCreate()
12-14 04:41:19.296  2432  2432 I iu.Environment: update battery state; isPlugged? false*
12-14 04:41:19.298  2432  4362 I iu.UploadsManager: num queued entries: 0
12-14 04:41:19.298  2432  4362 I iu.UploadsManager: num updated entries: 0
12-14 04:41:19.298  2432  4362 I iu.SyncManager: NEXT; no task
12-14 04:41:19.326  2171  4378 I GCoreUlr: WorldUpdater received intent Intent { act=com.google.android.location.reporting.ACTION_UPDATE_WORLD cmp=com.google.android.gms/com.google.android.location.reporting.service.DispatchingService (has extras) } with receiverAction android.intent.action.ACTION_POWER_DISCONNECTED
12-14 04:41:19.333  2171  4378 I GCoreUlr: WorldUpdater:android.intent.action.ACTION_POWER_DISCONNECTED: Ensuring that reporting is stopped because of reasons: (no Google accounts)
12-14 04:41:19.335  2171  4378 I GCoreUlr: Unbound from all location providers
12-14 04:41:19.338  2171  2171 I GCoreUlr: DispatchingService.onDestroy()
12-14 04:41:19.338  2171  2171 I GCoreUlr: Stopping handler for UlrDispSvcFast
12-14 04:41:19.339  2171  2171 I GCoreUlr: Unbound from all location providers
12-14 04:41:22.047  1928  2800 W ActivityManager: getRunningAppProcesses: caller 10061 does not hold REAL_GET_TASKS; limiting output
12-14 04:41:26.293  1928  1928 I EntropyMixer: Writing entropy...
12-14 04:41:26.294  2345  2345 E NetworkScheduler.SchedulerReceiver: Invalid parameter app
12-14 04:41:26.294  2345  2345 E NetworkScheduler.SchedulerReceiver: Invalid package name : Perhaps you didn't include a PendingIntent in the extras?
12-14 04:41:26.295  2171  2171 I GCoreUlr: Starting service, intent=Intent { act=com.google.android.location.reporting.ACTION_UPDATE_WORLD cmp=com.google.android.gms/com.google.android.location.reporting.service.DispatchingService (has extras) }, extras=Bundle[{receiverAction=android.intent.action.ACTION_POWER_CONNECTED}]
12-14 04:41:26.295  2171  2171 I GCoreUlr: DispatchingService.onCreate()
12-14 04:41:26.297  2432  2432 I iu.Environment: update battery state; isPlugged? true*
12-14 04:41:26.298  2432  4362 I iu.UploadsManager: num queued entries: 0
12-14 04:41:26.298  2432  4362 I iu.UploadsManager: num updated entries: 0
12-14 04:41:26.299  2432  4362 I iu.SyncManager: NEXT; no task
12-14 04:41:26.300  2432  4381 I iu.FingerprintManager: Start processing all media
12-14 04:41:26.300  2432  4381 I iu.FingerprintManager: Start processing media store URI: content://media/external/images/media
12-14 04:41:26.303  2432  4381 I iu.FingerprintManager: Start processing media store URI: content://media/external/video/media
12-14 04:41:26.305  2432  4381 I iu.FingerprintManager: Start processing media store URI: content://media/phoneStorage/images/media
12-14 04:41:26.307  2432  4381 I iu.FingerprintManager: Start processing media store URI: content://media/phoneStorage/video/media
12-14 04:41:26.308  2432  4381 I iu.FingerprintManager: Finished generating fingerprints; 0.008 seconds
12-14 04:41:26.308  2432  4381 I iu.FingerprintManager:   numSeen=0 numGenerated=0 numDeleted=0 numFailed=0
12-14 04:41:26.328  2171  4382 I GCoreUlr: WorldUpdater received intent Intent { act=com.google.android.location.reporting.ACTION_UPDATE_WORLD cmp=com.google.android.gms/com.google.android.location.reporting.service.DispatchingService (has extras) } with receiverAction android.intent.action.ACTION_POWER_CONNECTED
12-14 04:41:26.350  1928  1945 I art     : Explicit concurrent mark sweep GC freed 97502(4MB) AllocSpace objects, 18(961KB) LOS objects, 33% free, 14MB/21MB, paused 302us total 17.948ms
12-14 04:41:26.352  2171  4382 I GCoreUlr: WorldUpdater:android.intent.action.ACTION_POWER_CONNECTED: Ensuring that reporting is stopped because of reasons: (no Google accounts)
12-14 04:41:26.353  2171  4382 I GCoreUlr: Unbound from all location providers
12-14 04:41:26.355  2171  2171 I GCoreUlr: DispatchingService.onDestroy()
12-14 04:41:26.355  2171  2171 I GCoreUlr: Stopping handler for UlrDispSvcFast
12-14 04:41:26.356  2171  2171 I GCoreUlr: Unbound from all location providers
12-14 04:41:32.048  1928  2069 W ActivityManager: getRunningAppProcesses: caller 10061 does not hold REAL_GET_TASKS; limiting output
12-14 04:41:42.049  1928  1944 W ActivityManager: getRunningAppProcesses: caller 10061 does not hold REAL_GET_TASKS; limiting output
12-14 04:41:52.050  1928  2069 W ActivityManager: getRunningAppProcesses: caller 10061 does not hold REAL_GET_TASKS; limiting output
12-14 04:41:54.130  1928  1968 I PowerManagerService: Waking up from sleep (uid 1000)...
12-14 04:41:54.131  1928  1956 I DisplayPowerController: Blocking screen on until initial contents have been drawn.
12-14 04:41:54.133  1928  1928 D KbdSensor: poll_setDelay: dev=0x7f2c8e066680 delay-ns=66667000
12-14 04:41:54.133  1928  1928 V KeyguardServiceDelegate: onScreenTurnedOn(showListener = com.android.internal.policy.impl.PhoneWindowManager$2@2e3ae431)
12-14 04:41:54.135  1928  1993 E WifiStateMachine: cancelDelayedScan -> 84
12-14 04:41:54.137  1928  1993 E native  : do suspend false
12-14 04:41:54.138  1672  1979 D BlueZ   : external/bluetooth/bluez/android/hal-audio.c:audio_set_parameters() 
12-14 04:41:54.138  1928  1944 V KeyguardServiceDelegate: **** SHOWN CALLED ****
12-14 04:41:54.152  1928  1944 D WifiService: acquireWifiLockLocked: WifiLock{NlpWifiLock type=2 binder=android.os.BinderProxy@f804716}
12-14 04:41:54.154  1928  2799 D WifiService: releaseWifiLockLocked: WifiLock{NlpWifiLock type=2 binder=android.os.BinderProxy@f804716}
12-14 04:41:54.171  1928  1956 I DisplayPowerController: Unblocked screen on after 41 ms
12-14 04:41:54.173  1928  1956 E libEGL  : call to OpenGL ES API with no current context (logged once per thread)
12-14 04:41:56.268  1928  1948 I UsageStatsService: User[0] Flushing usage stats to disk
12-14 04:41:56.443  1928  1967 I ActivityManager: START u0 {act=android.intent.action.MAIN cat=[android.intent.category.HOME] flg=0x10200000 cmp=com.android.launcher3/.Launcher} from uid 1000 on display 0
12-14 04:41:56.443  1928  1999 W AudioTrack: AUDIO_OUTPUT_FLAG_FAST denied by client
12-14 04:41:56.454  1672  1962 D audio_hw_primary: found out /dev/snd/pcmC0D0p
12-14 04:41:56.989  2246  2363 W OpenGLRenderer: Incorrectly called buildLayer on View: ShortcutAndWidgetContainer, destroying layer...
12-14 04:41:57.448  2051  2051 W ResourceType: No package identifier when getting value for resource number 0x00000000
12-14 04:41:57.448  2051  2051 W PackageManager: Failure retrieving resources for com.cyanogenmod.filemanager: Resource ID #0x0
12-14 04:41:57.773  1928  1999 W AudioTrack: AUDIO_OUTPUT_FLAG_FAST denied by client
12-14 04:42:01.573  1928  2275 I ActivityManager: START u0 {act=android.intent.action.MAIN cat=[android.intent.category.LAUNCHER] flg=0x10200000 cmp=com.antutu.ABenchMark/.ABenchMarkStart (has extras)} from uid 10044 on display 0
12-14 04:42:01.574  1928  1999 W AudioTrack: AUDIO_OUTPUT_FLAG_FAST denied by client
12-14 04:42:01.576  1928  2275 V WindowManager: addAppToken: AppWindowToken{3a0fb733 token=Token{1fb1bea2 ActivityRecord{6a8926d u0 com.antutu.ABenchMark/.ABenchMarkStart t18}}} to stack=1 task=18 at 1
12-14 04:42:01.586  1928  2280 V WindowManager: Adding window Window{329122ee u0 com.antutu.ABenchMark/com.antutu.ABenchMark.ABenchMarkStart} at 6 of 11 (after Window{8b3b89e u0 com.antutu.ABenchMark/com.antutu.benchmark.activity.MainActivity})
12-14 04:42:01.586  1672  1962 D audio_hw_primary: found out /dev/snd/pcmC0D0p
12-14 04:42:01.587  1672  1672 D Camera_Factory: CameraFactory::get_camera_info
12-14 04:42:01.587  1672  1672 D Camera_Factory: CameraFactory::getCameraInfo: id = 0, info = 0xffdb2ee0
12-14 04:42:01.587  1672  1672 D Camera_Factory: CameraFactory::getCameraNum: 1
12-14 04:42:01.587  1672  1672 D CameraHardware: CameraHardware::getCameraInfo
12-14 04:42:01.588  1672  2000 D Camera_Factory: CameraFactory::get_camera_info
12-14 04:42:01.588  1672  2000 D Camera_Factory: CameraFactory::getCameraInfo: id = 0, info = 0xf4d038f0
12-14 04:42:01.588  1672  2000 D Camera_Factory: CameraFactory::getCameraNum: 1
12-14 04:42:01.588  1672  2000 D CameraHardware: CameraHardware::getCameraInfo
12-14 04:42:01.588  1672  2000 W AudioFlinger: acquireAudioSessionId() unknown client 3510 for session 50
12-14 04:42:01.592  1672  2000 W AudioFlinger: acquireAudioSessionId() unknown client 3510 for session 51
12-14 04:42:01.598  1672  2000 I CameraClient: Opening camera 0
12-14 04:42:01.598  1672  2000 D Camera_Factory: CameraFactory::get_camera_info
12-14 04:42:01.598  1672  2000 D Camera_Factory: CameraFactory::getCameraInfo: id = 0, info = 0xf4d03880
12-14 04:42:01.598  1672  2000 D Camera_Factory: CameraFactory::getCameraNum: 1
12-14 04:42:01.598  1672  2000 D CameraHardware: CameraHardware::getCameraInfo
12-14 04:42:01.598  1672  2000 D Camera_Factory: CameraFactory::device_open: name = 0
12-14 04:42:01.598  1672  2000 D Camera_Factory: CameraFactory::cameraDeviceOpen: id = 0
12-14 04:42:01.598  1672  2000 D Camera_Factory: CameraFactory::getCameraNum: 1
12-14 04:42:01.598  1672  2000 D CameraHardware: CameraHardware::connectCamera
12-14 04:42:01.598  1672  2000 D CameraHardware: CameraHardware::setCallbacks
12-14 04:42:01.598  1672  2000 D CameraHardware: CameraHardware::enableMsgType: 3085
12-14 04:42:01.598  1672  1979 D CameraHardware: CameraHardware::cancelAutoFocus
12-14 04:42:01.598  1672  1672 D CameraHardware: CameraHardware::getParameters
12-14 04:42:01.598  1672  1672 D CameraHardware: CameraHardware::putParameters
12-14 04:42:01.598  1672  2000 D CameraHardware: CameraHardware::disableMsgType: 16
12-14 04:42:01.598  1672  1979 D CameraHardware: CameraHardware::disableMsgType: 65535
12-14 04:42:01.598  1672  1979 D CameraHardware: CameraHardware::stopPreview
12-14 04:42:01.598  1672  1979 D CameraHardware: CameraHardware::stopPreviewLocked
12-14 04:42:01.598  1672  1979 D CameraHardware: CameraHardware::stopPreviewLocked: OK
12-14 04:42:01.598  1672  1979 D CameraHardware: CameraHardware::cancelPicture
12-14 04:42:01.598  1672  1979 D CameraHardware: CameraHardware::releaseCamera
12-14 04:42:01.598  1672  1979 I CameraClient: Destroying camera 0
12-14 04:42:01.598  1672  1979 D CameraHardware: CameraHardware::closeCamera
12-14 04:42:01.598  1672  1979 D CameraHardware: CameraHardware::releaseCamera
12-14 04:42:01.608  1672  1672 D NuPlayerDriver: reset(0xf584ef40)
12-14 04:42:01.608  1672  4411 D NuPlayerDriver: notifyResetComplete(0xf584ef40)
12-14 04:42:01.609  1672  1672 D NuPlayerDriver: reset(0xf584eca0)
12-14 04:42:01.609  1672  4413 D NuPlayerDriver: notifyResetComplete(0xf584eca0)
12-14 04:42:01.610  1928  2204 V WindowManager: Adding window Window{1f1c3ba1 u0 SurfaceView} at 6 of 13 (before Window{329122ee u0 com.antutu.ABenchMark/com.antutu.ABenchMark.ABenchMarkStart})
12-14 04:42:01.632  1928  1954 I ActivityManager: Displayed com.antutu.ABenchMark/.ABenchMarkStart: +55ms
12-14 04:42:02.050  1928  2204 W ActivityManager: getRunningAppProcesses: caller 10061 does not hold REAL_GET_TASKS; limiting output
12-14 04:42:02.373  1928  1975 I OpenGLRenderer: Initialized EGL, version 1.4
12-14 04:42:03.387  1928  2069 I ActivityManager: START u0 {cmp=com.antutu.ABenchMark/com.antutu.benchmark.activity.MainActivity} from uid 10061 on display 0
12-14 04:42:03.388  1928  2800 W ActivityManager: Duplicate finish request for ActivityRecord{6a8926d u0 com.antutu.ABenchMark/.ABenchMarkStart t18 f}
12-14 04:42:12.051  1928  2275 W ActivityManager: getRunningAppProcesses: caller 10061 does not hold REAL_GET_TASKS; limiting output
12-14 04:42:12.207  1928  1999 W AudioTrack: AUDIO_OUTPUT_FLAG_FAST denied by client
12-14 04:42:12.218  1672  1962 D audio_hw_primary: found out /dev/snd/pcmC0D0p
12-14 04:42:22.052  1928  2799 W ActivityManager: getRunningAppProcesses: caller 10061 does not hold REAL_GET_TASKS; limiting output
12-14 04:42:32.053  1928  2275 W ActivityManager: getRunningAppProcesses: caller 10061 does not hold REAL_GET_TASKS; limiting output
12-14 04:42:42.054  1928  2238 W ActivityManager: getRunningAppProcesses: caller 10061 does not hold REAL_GET_TASKS; limiting output
12-14 04:42:52.055  1928  2280 W ActivityManager: getRunningAppProcesses: caller 10061 does not hold REAL_GET_TASKS; limiting output
12-14 04:43:02.056  1928  2799 W ActivityManager: getRunningAppProcesses: caller 10061 does not hold REAL_GET_TASKS; limiting output
12-14 04:43:10.924  1928  1967 I ActivityManager: START u0 {act=android.intent.action.MAIN cat=[android.intent.category.HOME] flg=0x10200000 cmp=com.android.launcher3/.Launcher} from uid 1000 on display 0
12-14 04:43:10.924  1928  1999 W AudioTrack: AUDIO_OUTPUT_FLAG_FAST denied by client
12-14 04:43:10.937  1672  1962 D audio_hw_primary: found out /dev/snd/pcmC0D0p
12-14 04:43:11.505  2246  2363 W OpenGLRenderer: Incorrectly called buildLayer on View: ShortcutAndWidgetContainer, destroying layer...
12-14 04:43:11.930  2051  2051 W ResourceType: No package identifier when getting value for resource number 0x00000000
12-14 04:43:11.930  2051  2051 W PackageManager: Failure retrieving resources for com.antutu.ABenchMark: Resource ID #0x0
12-14 04:43:12.058  1928  1944 W ActivityManager: getRunningAppProcesses: caller 10061 does not hold REAL_GET_TASKS; limiting output
12-14 04:43:12.339  1928  1999 W AudioTrack: AUDIO_OUTPUT_FLAG_FAST denied by client
12-14 04:43:16.989  1928  2204 I ActivityManager: START u0 {act=android.intent.action.MAIN cat=[android.intent.category.LAUNCHER] flg=0x10200000 cmp=com.cyanogenmod.filemanager/.activities.NavigationActivity (has extras)} from uid 10044 on display 0
12-14 04:43:16.989  1928  1999 W AudioTrack: AUDIO_OUTPUT_FLAG_FAST denied by client
12-14 04:43:17.001  1672  1962 D audio_hw_primary: found out /dev/snd/pcmC0D0p
12-14 04:43:22.059  1928  2280 W ActivityManager: getRunningAppProcesses: caller 10061 does not hold REAL_GET_TASKS; limiting output
12-14 04:43:24.657  1657  1679 D DirectVolume: Volume usb0 /mnt/media_rw/usb0 disk 8:16 removed
12-14 04:43:24.657  1657  1679 D Vold    : Volume usb0 state changing 4 (Mounted) -> 0 (No-Media)
12-14 04:43:24.657  1928  1951 D MountService: volume state changed for /storage/usb0 (mounted -> unmounted)
12-14 04:43:24.658  1928  1951 D MountService: sendStorageIntent Intent { act=android.intent.action.MEDIA_UNMOUNTED dat=file:///storage/usb0 flg=0x4000000 (has extras) } to UserHandle{-1}
12-14 04:43:24.658  1928  1951 D MountService: volume state changed for /storage/usb0 (unmounted -> removed)
12-14 04:43:24.658  1928  1951 D MountService: sendStorageIntent Intent { act=android.intent.action.MEDIA_REMOVED dat=file:///storage/usb0 flg=0x4000000 (has extras) } to UserHandle{-1}
12-14 04:43:24.658  3117  3117 D MusicLifecycle: com.google.android.music.download.cache.CacheLocationManager$1 generated event: Broadcast received with context com.google.android.music.MusicApplication@22caddeb and intent Intent { act=android.intent.action.MEDIA_UNMOUNTED dat=file:///storage/usb0 flg=0x4000010 (has extras) }
12-14 04:43:24.660  3189  3190 E sdcard  : opendir /mnt/media_rw/usb0/Android failed: No such file or directory
12-14 04:43:24.660  3189  3190 E sdcard  : opendir /mnt/media_rw/usb0/Android failed: No such file or directory
12-14 04:43:24.661  3189  3191 E sdcard  : opendir /mnt/media_rw/usb0/Android failed: No such file or directory
12-14 04:43:24.661  3189  3190 E sdcard  : opendir /mnt/media_rw/usb0/Android failed: No such file or directory
12-14 04:43:24.661  3189  3191 E sdcard  : opendir /mnt/media_rw/usb0/Android failed: No such file or directory
12-14 04:43:24.661  3189  3190 E sdcard  : opendir /mnt/media_rw/usb0/Android failed: No such file or directory
12-14 04:43:24.661  3189  3191 E sdcard  : opendir /mnt/media_rw/usb0/Android failed: No such file or directory
12-14 04:43:24.661  3189  3190 E sdcard  : opendir /mnt/media_rw/usb0/Android failed: No such file or directory
12-14 04:43:24.661  3189  3191 E sdcard  : opendir /mnt/media_rw/usb0/Android failed: No such file or directory
12-14 04:43:24.661  3189  3190 E sdcard  : opendir /mnt/media_rw/usb0/Android failed: No such file or directory
12-14 04:43:24.662  1657  1689 E Vold    : Failed to find mounted volume for /storage/usb0/Android/data/com.google.android.music/files/
12-14 04:43:24.662  3117  3137 W ContextImpl: Failed to ensure directory: /storage/usb0/Android/data/com.google.android.music/files
12-14 04:43:24.663  1657  1689 E Vold    : Failed to find mounted volume for /storage/usb1/Android/data/com.google.android.music/files/
12-14 04:43:24.663  3117  3137 W ContextImpl: Failed to ensure directory: /storage/usb1/Android/data/com.google.android.music/files
12-14 04:43:24.663  1657  1689 E Vold    : Failed to find mounted volume for /storage/usb2/Android/data/com.google.android.music/files/
12-14 04:43:24.664  3117  3137 W ContextImpl: Failed to ensure directory: /storage/usb2/Android/data/com.google.android.music/files
12-14 04:43:24.664  1657  1689 E Vold    : Failed to find mounted volume for /storage/usb3/Android/data/com.google.android.music/files/
12-14 04:43:24.664  3117  3137 W ContextImpl: Failed to ensure directory: /storage/usb3/Android/data/com.google.android.music/files
12-14 04:43:24.665  1657  1689 E Vold    : Failed to find mounted volume for /storage/sdcard1/Android/data/com.google.android.music/files/
12-14 04:43:24.665  3117  3137 W ContextImpl: Failed to ensure directory: /storage/sdcard1/Android/data/com.google.android.music/files
12-14 04:43:24.669  3226  3270 W NavigationActivity: Ignoring '/storage/sdcard1' with state of 'unmounted'
12-14 04:43:24.669  3226  3270 W NavigationActivity: Ignoring '/storage/usb0' with state of 'removed'
12-14 04:43:24.669  3226  3270 W NavigationActivity: Ignoring '/storage/usb1' with state of 'removed'
12-14 04:43:24.669  3226  3270 W NavigationActivity: Ignoring '/storage/usb2' with state of 'removed'
12-14 04:43:24.669  3226  3270 W NavigationActivity: Ignoring '/storage/usb3' with state of 'removed'
12-14 04:43:24.670  3189  3191 E sdcard  : opendir /mnt/media_rw/usb0/Android failed: No such file or directory
12-14 04:43:24.670  3189  3190 E sdcard  : opendir /mnt/media_rw/usb0/Android failed: No such file or directory
12-14 04:43:24.670  3189  3191 E sdcard  : opendir /mnt/media_rw/usb0/Android failed: No such file or directory
12-14 04:43:24.670  3189  3190 E sdcard  : opendir /mnt/media_rw/usb0/Android failed: No such file or directory
12-14 04:43:24.670  3189  3191 E sdcard  : opendir /mnt/media_rw/usb0/Android failed: No such file or directory
12-14 04:43:24.670  3189  3190 E sdcard  : opendir /mnt/media_rw/usb0/Android failed: No such file or directory
12-14 04:43:24.671  3189  3191 E sdcard  : opendir /mnt/media_rw/usb0/Android failed: No such file or directory
12-14 04:43:24.671  3189  3190 E sdcard  : opendir /mnt/media_rw/usb0/Android failed: No such file or directory
12-14 04:43:24.671  3189  3191 E sdcard  : opendir /mnt/media_rw/usb0/Android failed: No such file or directory
12-14 04:43:24.671  1657  1689 E Vold    : Failed to find mounted volume for /storage/usb0/Android/data/com.google.android.music/files/
12-14 04:43:24.671  3117  3137 W ContextImpl: Failed to ensure directory: /storage/usb0/Android/data/com.google.android.music/files
12-14 04:43:24.672  1657  1689 E Vold    : Failed to find mounted volume for /storage/usb1/Android/data/com.google.android.music/files/
12-14 04:43:24.677  3117  3137 W ContextImpl: Failed to ensure directory: /storage/usb1/Android/data/com.google.android.music/files
12-14 04:43:24.677  1657  1689 E Vold    : Failed to find mounted volume for /storage/usb2/Android/data/com.google.android.music/files/
12-14 04:43:24.678  3117  3137 W ContextImpl: Failed to ensure directory: /storage/usb2/Android/data/com.google.android.music/files
12-14 04:43:24.678  1657  1689 E Vold    : Failed to find mounted volume for /storage/usb3/Android/data/com.google.android.music/files/
12-14 04:43:24.678  3117  3137 W ContextImpl: Failed to ensure directory: /storage/usb3/Android/data/com.google.android.music/files
12-14 04:43:24.679  1657  1689 E Vold    : Failed to find mounted volume for /storage/sdcard1/Android/data/com.google.android.music/files/
12-14 04:43:24.679  3117  3137 W ContextImpl: Failed to ensure directory: /storage/sdcard1/Android/data/com.google.android.music/files
12-14 04:43:24.681  1928  1949 I ActivityManager: Start proc 4455:com.android.externalstorage/u0a6 for broadcast com.android.externalstorage/.MountReceiver
12-14 04:43:24.682  3117  3117 D MusicLifecycle: com.google.android.music.download.cache.CacheLocationManager$1 generated event: Broadcast received with context com.google.android.music.MusicApplication@22caddeb and intent Intent { act=android.intent.action.MEDIA_REMOVED dat=file:///storage/usb0 flg=0x4000010 (has extras) }
12-14 04:43:24.683  1928  1928 I ValidateNoPeople: skipping global notification
12-14 04:43:24.684  3189  3190 E sdcard  : opendir /mnt/media_rw/usb0/Android failed: No such file or directory
12-14 04:43:24.684  3189  3191 E sdcard  : opendir /mnt/media_rw/usb0/Android failed: No such file or directory
12-14 04:43:24.684  3189  3190 E sdcard  : opendir /mnt/media_rw/usb0/Android failed: No such file or directory
12-14 04:43:24.684  3189  3191 E sdcard  : opendir /mnt/media_rw/usb0/Android failed: No such file or directory
12-14 04:43:24.685  3189  3190 E sdcard  : opendir /mnt/media_rw/usb0/Android failed: No such file or directory
12-14 04:43:24.689  3189  3191 E sdcard  : opendir /mnt/media_rw/usb0/Android failed: No such file or directory
12-14 04:43:24.690  3189  3190 E sdcard  : opendir /mnt/media_rw/usb0/Android failed: No such file or directory
12-14 04:43:24.690  3189  3191 E sdcard  : opendir /mnt/media_rw/usb0/Android failed: No such file or directory
12-14 04:43:24.690  3189  3190 E sdcard  : opendir /mnt/media_rw/usb0/Android failed: No such file or directory
12-14 04:43:24.691  1657  1689 E Vold    : Failed to find mounted volume for /storage/usb0/Android/data/com.google.android.music/files/
12-14 04:43:24.691  3117  3137 W ContextImpl: Failed to ensure directory: /storage/usb0/Android/data/com.google.android.music/files
12-14 04:43:24.691  1657  1689 E Vold    : Failed to find mounted volume for /storage/usb1/Android/data/com.google.android.music/files/
12-14 04:43:24.692  3117  3137 W ContextImpl: Failed to ensure directory: /storage/usb1/Android/data/com.google.android.music/files
12-14 04:43:24.693  1657  1689 E Vold    : Failed to find mounted volume for /storage/usb2/Android/data/com.google.android.music/files/
12-14 04:43:24.693  3117  3137 W ContextImpl: Failed to ensure directory: /storage/usb2/Android/data/com.google.android.music/files
12-14 04:43:24.694  1657  1689 E Vold    : Failed to find mounted volume for /storage/usb3/Android/data/com.google.android.music/files/
12-14 04:43:24.696  3117  3137 W ContextImpl: Failed to ensure directory: /storage/usb3/Android/data/com.google.android.music/files
12-14 04:43:24.699  1657  1689 E Vold    : Failed to find mounted volume for /storage/sdcard1/Android/data/com.google.android.music/files/
12-14 04:43:24.700  3117  3137 W ContextImpl: Failed to ensure directory: /storage/sdcard1/Android/data/com.google.android.music/files
12-14 04:43:24.702  3189  3191 E sdcard  : opendir /mnt/media_rw/usb0/Android failed: No such file or directory
12-14 04:43:24.702  3189  3190 E sdcard  : opendir /mnt/media_rw/usb0/Android failed: No such file or directory
12-14 04:43:24.702  3189  3191 E sdcard  : opendir /mnt/media_rw/usb0/Android failed: No such file or directory
12-14 04:43:24.703  3189  3190 E sdcard  : opendir /mnt/media_rw/usb0/Android failed: No such file or directory
12-14 04:43:24.703  3189  3191 E sdcard  : opendir /mnt/media_rw/usb0/Android failed: No such file or directory
12-14 04:43:24.703  3189  3190 E sdcard  : opendir /mnt/media_rw/usb0/Android failed: No such file or directory
12-14 04:43:24.703  3189  3191 E sdcard  : opendir /mnt/media_rw/usb0/Android failed: No such file or directory
12-14 04:43:24.703  3189  3190 E sdcard  : opendir /mnt/media_rw/usb0/Android failed: No such file or directory
12-14 04:43:24.703  3189  3191 E sdcard  : opendir /mnt/media_rw/usb0/Android failed: No such file or directory
12-14 04:43:24.703  3189  3190 E sdcard  : opendir /mnt/media_rw/usb0/Android failed: No such file or directory
12-14 04:43:24.703  3189  3191 E sdcard  : opendir /mnt/media_rw/usb0/Android failed: No such file or directory
12-14 04:43:24.703  3189  3190 E sdcard  : opendir /mnt/media_rw/usb0/Android failed: No such file or directory
12-14 04:43:24.703  3189  3191 E sdcard  : opendir /mnt/media_rw/usb0/Android failed: No such file or directory
12-14 04:43:24.703  3189  3190 E sdcard  : opendir /mnt/media_rw/usb0/Android failed: No such file or directory
12-14 04:43:24.703  3189  3191 E sdcard  : opendir /mnt/media_rw/usb0/Android failed: No such file or directory
12-14 04:43:24.703  1657  1689 E Vold    : Failed to find mounted volume for /storage/usb0/Android/data/com.google.android.music/files/
12-14 04:43:24.703  3189  3190 E sdcard  : opendir /mnt/media_rw/usb0/Android failed: No such file or directory
12-14 04:43:24.704  3189  3191 E sdcard  : opendir /mnt/media_rw/usb0/Android failed: No such file or directory
12-14 04:43:24.704  3189  3190 E sdcard  : opendir /mnt/media_rw/usb0/Android failed: No such file or directory
12-14 04:43:24.704  3117  3146 W ContextImpl: Failed to ensure directory: /storage/usb0/Android/data/com.google.android.music/files
12-14 04:43:24.704  1657  1689 E Vold    : Failed to find mounted volume for /storage/usb0/Android/data/com.google.android.music/files/
12-14 04:43:24.704  3117  3137 W ContextImpl: Failed to ensure directory: /storage/usb0/Android/data/com.google.android.music/files
12-14 04:43:24.704  1657  1689 E Vold    : Failed to find mounted volume for /storage/usb1/Android/data/com.google.android.music/files/
12-14 04:43:24.705  1657  1689 E Vold    : Failed to find mounted volume for /storage/usb1/Android/data/com.google.android.music/files/
12-14 04:43:24.705  3117  3146 W ContextImpl: Failed to ensure directory: /storage/usb1/Android/data/com.google.android.music/files
12-14 04:43:24.705  3117  3137 W ContextImpl: Failed to ensure directory: /storage/usb1/Android/data/com.google.android.music/files
12-14 04:43:24.705  1657  1689 E Vold    : Failed to find mounted volume for /storage/usb2/Android/data/com.google.android.music/files/
12-14 04:43:24.705  1657  1689 E Vold    : Failed to find mounted volume for /storage/usb2/Android/data/com.google.android.music/files/
12-14 04:43:24.707  3117  3146 W ContextImpl: Failed to ensure directory: /storage/usb2/Android/data/com.google.android.music/files
12-14 04:43:24.707  3117  3137 W ContextImpl: Failed to ensure directory: /storage/usb2/Android/data/com.google.android.music/files
12-14 04:43:24.708  1657  1689 E Vold    : Failed to find mounted volume for /storage/usb3/Android/data/com.google.android.music/files/
12-14 04:43:24.708  4455  4455 D ExternalStorage: After updating volumes, found 1 active roots
12-14 04:43:24.708  3117  3137 W ContextImpl: Failed to ensure directory: /storage/usb3/Android/data/com.google.android.music/files
12-14 04:43:24.708  1657  1689 E Vold    : Failed to find mounted volume for /storage/usb3/Android/data/com.google.android.music/files/
12-14 04:43:24.708  1657  1689 E Vold    : Failed to find mounted volume for /storage/sdcard1/Android/data/com.google.android.music/files/
12-14 04:43:24.709  3117  3137 W ContextImpl: Failed to ensure directory: /storage/sdcard1/Android/data/com.google.android.music/files
12-14 04:43:24.709  3117  3146 W ContextImpl: Failed to ensure directory: /storage/usb3/Android/data/com.google.android.music/files
12-14 04:43:24.709  4455  4455 D ExternalStorage: After updating volumes, found 1 active roots
12-14 04:43:24.710  1657  1689 E Vold    : Failed to find mounted volume for /storage/sdcard1/Android/data/com.google.android.music/files/
12-14 04:43:24.710  3117  3146 W ContextImpl: Failed to ensure directory: /storage/sdcard1/Android/data/com.google.android.music/files
12-14 04:43:24.710  2595  2595 D MediaScannerReceiver: action: android.intent.action.MEDIA_UNMOUNTED path: /storage/usb0
12-14 04:43:24.711  3189  3191 E sdcard  : opendir /mnt/media_rw/usb0/Android failed: No such file or directory
12-14 04:43:24.711  3189  3190 E sdcard  : opendir /mnt/media_rw/usb0/Android failed: No such file or directory
12-14 04:43:24.711  3189  3191 E sdcard  : opendir /mnt/media_rw/usb0/Android failed: No such file or directory
12-14 04:43:24.711  3189  3190 E sdcard  : opendir /mnt/media_rw/usb0/Android failed: No such file or directory
12-14 04:43:24.711  3189  3191 E sdcard  : opendir /mnt/media_rw/usb0/Android failed: No such file or directory
12-14 04:43:24.711  3189  3190 E sdcard  : opendir /mnt/media_rw/usb0/Android failed: No such file or directory
12-14 04:43:24.711  3189  3191 E sdcard  : opendir /mnt/media_rw/usb0/Android failed: No such file or directory
12-14 04:43:24.711  3189  3190 E sdcard  : opendir /mnt/media_rw/usb0/Android failed: No such file or directory
12-14 04:43:24.711  3189  3191 E sdcard  : opendir /mnt/media_rw/usb0/Android failed: No such file or directory
12-14 04:43:24.712  1657  1689 E Vold    : Failed to find mounted volume for /storage/usb0/Android/data/com.google.android.music/cache/
12-14 04:43:24.712  3117  3146 W ContextImpl: Failed to ensure directory: /storage/usb0/Android/data/com.google.android.music/cache
12-14 04:43:24.712  1657  1689 E Vold    : Failed to find mounted volume for /storage/usb1/Android/data/com.google.android.music/cache/
12-14 04:43:24.712  3117  3146 W ContextImpl: Failed to ensure directory: /storage/usb1/Android/data/com.google.android.music/cache
12-14 04:43:24.713  1657  1689 E Vold    : Failed to find mounted volume for /storage/usb2/Android/data/com.google.android.music/cache/
12-14 04:43:24.713  3189  3190 E sdcard  : opendir /mnt/media_rw/usb0/Android failed: No such file or directory
12-14 04:43:24.713  3189  3191 E sdcard  : opendir /mnt/media_rw/usb0/Android failed: No such file or directory
12-14 04:43:24.713  3117  3146 W ContextImpl: Failed to ensure directory: /storage/usb2/Android/data/com.google.android.music/cache
12-14 04:43:24.713  3189  3190 E sdcard  : opendir /mnt/media_rw/usb0/Android failed: No such file or directory
12-14 04:43:24.713  1657  1689 E Vold    : Failed to find mounted volume for /storage/usb3/Android/data/com.google.android.music/cache/
12-14 04:43:24.713  3189  3191 E sdcard  : opendir /mnt/media_rw/usb0/Android failed: No such file or directory
12-14 04:43:24.713  3189  3190 E sdcard  : opendir /mnt/media_rw/usb0/Android failed: No such file or directory
12-14 04:43:24.713  3117  3146 W ContextImpl: Failed to ensure directory: /storage/usb3/Android/data/com.google.android.music/cache
12-14 04:43:24.713  3189  3191 E sdcard  : opendir /mnt/media_rw/usb0/Android failed: No such file or directory
12-14 04:43:24.714  3189  3190 E sdcard  : opendir /mnt/media_rw/usb0/Android failed: No such file or directory
12-14 04:43:24.714  1657  1689 E Vold    : Failed to find mounted volume for /storage/sdcard1/Android/data/com.google.android.music/cache/
12-14 04:43:24.714  3189  3191 E sdcard  : opendir /mnt/media_rw/usb0/Android failed: No such file or directory
12-14 04:43:24.714  3189  3190 E sdcard  : opendir /mnt/media_rw/usb0/Android failed: No such file or directory
12-14 04:43:24.714  3117  3146 W ContextImpl: Failed to ensure directory: /storage/sdcard1/Android/data/com.google.android.music/cache
12-14 04:43:24.714  1657  1689 E Vold    : Failed to find mounted volume for /storage/usb0/Android/data/com.google.android.music/files/
12-14 04:43:24.714  3117  3137 W ContextImpl: Failed to ensure directory: /storage/usb0/Android/data/com.google.android.music/files
12-14 04:43:24.715  1657  1689 E Vold    : Failed to find mounted volume for /storage/usb1/Android/data/com.google.android.music/files/
12-14 04:43:24.715  3117  3137 W ContextImpl: Failed to ensure directory: /storage/usb1/Android/data/com.google.android.music/files
12-14 04:43:24.715  1657  1689 E Vold    : Failed to find mounted volume for /storage/usb2/Android/data/com.google.android.music/files/
12-14 04:43:24.715  3117  3137 W ContextImpl: Failed to ensure directory: /storage/usb2/Android/data/com.google.android.music/files
12-14 04:43:24.715  1657  1689 E Vold    : Failed to find mounted volume for /storage/usb3/Android/data/com.google.android.music/files/
12-14 04:43:24.716  3117  3137 W ContextImpl: Failed to ensure directory: /storage/usb3/Android/data/com.google.android.music/files
12-14 04:43:24.716  1657  1689 E Vold    : Failed to find mounted volume for /storage/sdcard1/Android/data/com.google.android.music/files/
12-14 04:43:24.716  3117  3137 W ContextImpl: Failed to ensure directory: /storage/sdcard1/Android/data/com.google.android.music/files
12-14 04:43:24.716  3189  3191 E sdcard  : opendir /mnt/media_rw/usb0/Android failed: No such file or directory
12-14 04:43:24.716  3189  3190 E sdcard  : opendir /mnt/media_rw/usb0/Android failed: No such file or directory
12-14 04:43:24.716  3189  3191 E sdcard  : opendir /mnt/media_rw/usb0/Android failed: No such file or directory
12-14 04:43:24.716  3189  3190 E sdcard  : opendir /mnt/media_rw/usb0/Android failed: No such file or directory
12-14 04:43:24.716  3189  3191 E sdcard  : opendir /mnt/media_rw/usb0/Android failed: No such file or directory
12-14 04:43:24.716  3189  3190 E sdcard  : opendir /mnt/media_rw/usb0/Android failed: No such file or directory
12-14 04:43:24.717  3189  3191 E sdcard  : opendir /mnt/media_rw/usb0/Android failed: No such file or directory
12-14 04:43:24.717  3189  3190 E sdcard  : opendir /mnt/media_rw/usb0/Android failed: No such file or directory
12-14 04:43:24.717  3189  3191 E sdcard  : opendir /mnt/media_rw/usb0/Android failed: No such file or directory
12-14 04:43:24.717  1657  1689 E Vold    : Failed to find mounted volume for /storage/usb0/Android/data/com.google.android.music/files/
12-14 04:43:24.717  3117  3137 W ContextImpl: Failed to ensure directory: /storage/usb0/Android/data/com.google.android.music/files
12-14 04:43:24.717  1657  1689 E Vold    : Failed to find mounted volume for /storage/usb1/Android/data/com.google.android.music/files/
12-14 04:43:24.717  3117  3137 W ContextImpl: Failed to ensure directory: /storage/usb1/Android/data/com.google.android.music/files
12-14 04:43:24.718  1657  1689 E Vold    : Failed to find mounted volume for /storage/usb2/Android/data/com.google.android.music/files/
12-14 04:43:24.718  3117  3137 W ContextImpl: Failed to ensure directory: /storage/usb2/Android/data/com.google.android.music/files
12-14 04:43:24.718  1657  1689 E Vold    : Failed to find mounted volume for /storage/usb3/Android/data/com.google.android.music/files/
12-14 04:43:24.718  3117  3137 W ContextImpl: Failed to ensure directory: /storage/usb3/Android/data/com.google.android.music/files
12-14 04:43:24.719  1657  1689 E Vold    : Failed to find mounted volume for /storage/sdcard1/Android/data/com.google.android.music/files/
12-14 04:43:24.719  3117  3137 W ContextImpl: Failed to ensure directory: /storage/sdcard1/Android/data/com.google.android.music/files
12-14 04:43:24.720  3189  3190 E sdcard  : opendir /mnt/media_rw/usb0/Android failed: No such file or directory
12-14 04:43:24.720  3189  3191 E sdcard  : opendir /mnt/media_rw/usb0/Android failed: No such file or directory
12-14 04:43:24.720  3189  3190 E sdcard  : opendir /mnt/media_rw/usb0/Android failed: No such file or directory
12-14 04:43:24.720  3189  3191 E sdcard  : opendir /mnt/media_rw/usb0/Android failed: No such file or directory
12-14 04:43:24.720  3189  3190 E sdcard  : opendir /mnt/media_rw/usb0/Android failed: No such file or directory
12-14 04:43:24.720  3189  3191 E sdcard  : opendir /mnt/media_rw/usb0/Android failed: No such file or directory
12-14 04:43:24.720  3189  3190 E sdcard  : opendir /mnt/media_rw/usb0/Android failed: No such file or directory
12-14 04:43:24.720  3189  3191 E sdcard  : opendir /mnt/media_rw/usb0/Android failed: No such file or directory
12-14 04:43:24.720  3189  3190 E sdcard  : opendir /mnt/media_rw/usb0/Android failed: No such file or directory
12-14 04:43:24.720  1657  1689 E Vold    : Failed to find mounted volume for /storage/usb0/Android/data/com.google.android.music/files/
12-14 04:43:24.721  3117  3146 W ContextImpl: Failed to ensure directory: /storage/usb0/Android/data/com.google.android.music/files
12-14 04:43:24.721  1657  1689 E Vold    : Failed to find mounted volume for /storage/usb1/Android/data/com.google.android.music/files/
12-14 04:43:24.721  3117  3146 W ContextImpl: Failed to ensure directory: /storage/usb1/Android/data/com.google.android.music/files
12-14 04:43:24.721  1657  1689 E Vold    : Failed to find mounted volume for /storage/usb2/Android/data/com.google.android.music/files/
12-14 04:43:24.721  3117  3146 W ContextImpl: Failed to ensure directory: /storage/usb2/Android/data/com.google.android.music/files
12-14 04:43:24.722  1657  1689 E Vold    : Failed to find mounted volume for /storage/usb3/Android/data/com.google.android.music/files/
12-14 04:43:24.722  3117  3146 W ContextImpl: Failed to ensure directory: /storage/usb3/Android/data/com.google.android.music/files
12-14 04:43:24.722  1657  1689 E Vold    : Failed to find mounted volume for /storage/sdcard1/Android/data/com.google.android.music/files/
12-14 04:43:24.722  3117  3146 W ContextImpl: Failed to ensure directory: /storage/sdcard1/Android/data/com.google.android.music/files
12-14 04:43:24.723  3189  3191 E sdcard  : opendir /mnt/media_rw/usb0/Android failed: No such file or directory
12-14 04:43:24.723  3189  3190 E sdcard  : opendir /mnt/media_rw/usb0/Android failed: No such file or directory
12-14 04:43:24.723  3189  3191 E sdcard  : opendir /mnt/media_rw/usb0/Android failed: No such file or directory
