12-14 04:22:00.150  3117  3117 D MusicLifecycle: com.google.android.music.store.MediaStoreImportService$Receiver generated event: Broadcast received with context android.app.ReceiverRestrictedContext@526675a and intent Intent { act=android.intent.action.MEDIA_SCANNER_FINISHED dat=file:///system/media flg=0x10 cmp=com.google.android.music/.store.MediaStoreImportService$Receiver }
12-14 04:22:00.152  3117  3117 D MusicLifecycle: com.google.android.music.download.ArtDownloadQueueService generated event: Service created
12-14 04:22:00.154  3117  3117 I GHttpClientFactory: Using our fixed implementation of GMSCore's GoogleHttpClient
12-14 04:22:00.160  3117  3117 I GoogleURLConnFactory: Using platform SSLCertificateSocketFactory
12-14 04:22:00.162  3117  3117 D MusicLifecycle: com.google.android.music.download.cache.ArtCacheService generated event: Service created
12-14 04:22:00.165  3117  3117 D MusicLifecycle: com.google.android.music.store.MediaStoreImportService$Receiver generated event: Broadcast received with context android.app.ReceiverRestrictedContext@526675a and intent Intent { act=android.intent.action.MEDIA_SCANNER_STARTED dat=file:///storage/emulated/0 flg=0x10 cmp=com.google.android.music/.store.MediaStoreImportService$Receiver }
12-14 04:22:00.165  3117  3117 D MusicLifecycle: com.google.android.music.download.cache.StorageMigrationService generated event: Service destroyed
12-14 04:22:00.167  2432  2520 E JavaBinder: *** Uncaught remote exception!  (Exceptions are not yet supported across processes.)
12-14 04:22:00.167  2432  2520 E JavaBinder: java.lang.RuntimeException: android.os.RemoteException
12-14 04:22:00.167  2432  2520 E JavaBinder: 	at android.os.Parcel.writeException(Parcel.java:1446)
12-14 04:22:00.167  2432  2520 E JavaBinder: 	at android.os.Binder.execTransact(Binder.java:452)
12-14 04:22:00.167  2432  2520 E JavaBinder: Caused by: android.os.RemoteException
12-14 04:22:00.167  2432  2520 E JavaBinder: 	at com.google.android.gms.ads.identifier.service.b.a(SourceFile:77)
12-14 04:22:00.167  2432  2520 E JavaBinder: 	at com.google.android.gms.ads.identifier.a.e.onTransact(SourceFile:63)
12-14 04:22:00.167  2432  2520 E JavaBinder: 	at android.os.Binder.execTransact(Binder.java:446)
12-14 04:22:00.168  2748  2748 V Mms     : onStart: #1 mResultCode: -1 = Activity.RESULT_OK
12-14 04:22:00.168  3117  3117 D MusicLifecycle: com.google.android.music.store.MediaStoreImportService generated event: Service created
12-14 04:22:00.168  3117  3117 D MusicLifecycle: com.google.android.music.store.MediaStoreImportService$Receiver generated event: Broadcast received with context android.app.ReceiverRestrictedContext@526675a and intent Intent { act=android.intent.action.MEDIA_SCANNER_FINISHED dat=file:///storage/emulated/0 flg=0x10 cmp=com.google.android.music/.store.MediaStoreImportService$Receiver }
12-14 04:22:00.172  3117  3117 D MusicLifecycle: com.google.android.music.store.MediaStoreImportService generated event: Service destroyed
12-14 04:22:00.173  3117  3117 D MusicLifecycle: com.google.android.music.store.MediaStoreImportService generated event: Service created
12-14 04:22:00.178  2845  2845 D AlertReceiver: onReceive: a=android.intent.action.PROVIDER_CHANGED Intent { act=android.intent.action.PROVIDER_CHANGED dat=content://com.android.calendar flg=0x10 cmp=com.android.calendar/.alerts.AlertReceiver }
12-14 04:22:00.180  2845  3152 D AlertService: 0 Action = android.intent.action.PROVIDER_CHANGED
12-14 04:22:00.186  1928  2204 I art     : Explicit concurrent mark sweep GC freed 29386(1584KB) AllocSpace objects, 0(0B) LOS objects, 33% free, 9MB/14MB, paused 353us total 17.154ms
12-14 04:22:00.204  3117  3149 I MediaStoreImporter: Update: incremental Added music: 0 Updated music: 0 Deleted music: 0 Created playlists: 0 Updated playlists: 0 Deleted playlists: 0 Inserted playlist items: 0 Deleted playlist items: 0 Removed orphaned playlist items: 0
12-14 04:22:00.205  3117  3117 D MusicLifecycle: com.google.android.music.wear.WearBroadcastReceiver generated event: Broadcast received with context android.app.ReceiverRestrictedContext@526675a and intent Intent { act=com.google.android.music.IMPORT_COMPLETE flg=0x10 cmp=com.google.android.music/.wear.WearBroadcastReceiver }
12-14 04:22:00.211  3117  3117 D MusicLifecycle: com.google.android.music.store.MediaStoreImportService generated event: Service destroyed
12-14 04:22:00.212  3117  3117 D MusicLifecycle: com.google.android.music.wear.WearMetadataSyncService generated event: Service created
12-14 04:22:00.213  3117  3117 D MusicLifecycle: com.google.android.music.wear.WearMetadataSyncService generated event: Service started with intent Intent { cmp=com.google.android.music/.wear.WearMetadataSyncService }
12-14 04:22:00.216  3117  3117 E GmsUtils: Failed to connect to Google API client: ConnectionResult{statusCode=API_UNAVAILABLE, resolution=null}
12-14 04:22:00.217  3117  3159 E GmsUtils: Failed to connect to Google API client: ConnectionResult{statusCode=API_UNAVAILABLE, resolution=null}
12-14 04:22:00.217  3117  3117 D MusicLifecycle: com.google.android.music.wear.WearMetadataSyncService generated event: Service destroyed
12-14 04:22:00.217  1928  2238 I ActivityManager: Killing 2577:com.android.dialer/u0a4 (adj 15): empty #17
12-14 04:22:00.988  1928  1993 I WifiNative-HAL: startHal
12-14 04:22:01.002  1928  2170 D WifiService: releaseWifiLockLocked: WifiLock{NlpWifiLock type=2 binder=android.os.BinderProxy@12a4a037}
12-14 04:22:01.083  1928  2011 D UsbHostManager: Added device UsbDevice[mName=/dev/bus/usb/002/002,mVendorId=2385,mProductId=5734,mClass=0,mSubclass=0,mProtocol=0,mManufacturerName=Kingston,mProductName=DataTraveler 3.0,mSerialNumber=0014780DE1B7BE40B7706E9B,mConfigurations=[
12-14 04:22:01.083  1928  2011 D UsbHostManager: UsbConfiguration[mId=1,mName=null,mAttributes=128,mMaxPower=63,mInterfaces=[
12-14 04:22:01.083  1928  2011 D UsbHostManager: UsbInterface[mId=0,mAlternateSetting=0,mName=null,mClass=8,mSubclass=6,mProtocol=80,mEndpoints=[
12-14 04:22:01.083  1928  2011 D UsbHostManager: UsbEndpoint[mAddress=129,mAttributes=2,mMaxPacketSize=1024,mInterval=0]
12-14 04:22:01.083  1928  2011 D UsbHostManager: UsbEndpoint[mAddress=2,mAttributes=2,mMaxPacketSize=1024,mInterval=0]]]]
12-14 04:22:01.084  1928  2011 W ContextImpl: Calling a method in the system process without a qualified user: android.app.ContextImpl.sendBroadcast:1327 com.android.server.usb.UsbSettingsManager.deviceAttached:741 com.android.server.usb.UsbHostManager.endUsbDeviceAdded:224 com.android.server.usb.UsbHostManager.monitorUsbHostBus:-2 com.android.server.usb.UsbHostManager.access$000:42 
12-14 04:22:02.205  1657  1679 D Vold    : Volume usb0 state changing 0 (No-Media) -> 1 (Idle-Unmounted)
12-14 04:22:02.205  1928  1951 D MountService: volume state changed for /storage/usb0 (removed -> unmounted)
12-14 04:22:02.205  1928  1951 D MountService: sendStorageIntent Intent { act=android.intent.action.MEDIA_UNMOUNTED dat=file:///storage/usb0 flg=0x4000000 (has extras) } to UserHandle{-1}
12-14 04:22:02.206  3117  3117 D MusicLifecycle: com.google.android.music.download.cache.CacheLocationManager$1 generated event: Broadcast received with context com.google.android.music.MusicApplication@22caddeb and intent Intent { act=android.intent.action.MEDIA_UNMOUNTED dat=file:///storage/usb0 flg=0x4000010 (has extras) }
12-14 04:22:02.207  1657  1689 I Vold    : /dev/block/vold/8:16 being considered for volume usb0
12-14 04:22:02.207  1657  1689 D Vold    : Volume usb0 state changing 1 (Idle-Unmounted) -> 3 (Checking)
12-14 04:22:02.207  1657  1689 D Vold    : Trying to get filesystem type for /dev/block/vold/8:16 
12-14 04:22:02.207  1928  1951 D MountService: volume state changed for /storage/usb0 (unmounted -> checking)
12-14 04:22:02.207  1928  1951 D MountService: sendStorageIntent Intent { act=android.intent.action.MEDIA_CHECKING dat=file:///storage/usb0 flg=0x4000000 (has extras) } to UserHandle{-1}
12-14 04:22:02.216  1678  1678 I art     : Explicit concurrent mark sweep GC freed 706(30KB) AllocSpace objects, 0(0B) LOS objects, 39% free, 1950KB/3MB, paused 31us total 3.473ms
12-14 04:22:02.217  1928  1949 I ActivityManager: Start proc 3169:com.android.externalstorage/u0a6 for broadcast com.android.externalstorage/.MountReceiver
12-14 04:22:02.218  1928  1928 I ValidateNoPeople: skipping global notification
12-14 04:22:02.219  1678  1678 I art     : Explicit concurrent mark sweep GC freed 5(160B) AllocSpace objects, 0(0B) LOS objects, 39% free, 1950KB/3MB, paused 30us total 3.022ms
12-14 04:22:02.222  3169  3169 D ExternalStorage: After updating volumes, found 1 active roots
12-14 04:22:02.224  1678  1678 I art     : Explicit concurrent mark sweep GC freed 5(160B) AllocSpace objects, 0(0B) LOS objects, 39% free, 1950KB/3MB, paused 50us total 4.380ms
12-14 04:22:02.224  3169  3169 D ExternalStorage: After updating volumes, found 1 active roots
12-14 04:22:02.225  2595  2595 D MediaScannerReceiver: action: android.intent.action.MEDIA_UNMOUNTED path: /storage/usb0
12-14 04:22:02.225  1928  2170 I ActivityManager: Killing 2618:com.android.providers.calendar/u0a1 (adj 15): empty #17
12-14 04:22:02.238  1657  1689 D Vold    : Found vfat filesystem on /dev/block/vold/8:16
12-14 04:22:02.239  1657  1689 I fsck_msdos: ** /dev/block/vold/8:16
12-14 04:22:02.240  1657  1689 I fsck_msdos: ** Phase 1 - Read FAT (compare skipped)
12-14 04:22:02.240  1657  1689 I fsck_msdos: Attempting to allocate 7496 KB for FAT
12-14 04:22:02.476  1657  1689 I fsck_msdos: ** Phase 2 - Check Cluster Chains
12-14 04:22:02.480  1657  1689 I fsck_msdos: ** Phase 3 - Checking Directories
12-14 04:22:02.483  1657  1689 I fsck_msdos: ** Phase 4 - Checking for Lost Files
12-14 04:22:02.485  1657  1689 I fsck_msdos: Next free cluster in FSInfo block (5790) not free
12-14 04:22:02.485  1657  1689 I fsck_msdos: FIXED
12-14 04:22:02.485  1657  1689 I fsck_msdos: 6 files, 1250880 free (1913188 clusters)
12-14 04:22:02.491  1657  1689 I Vold    : Filesystem check completed OK
12-14 04:22:02.584  1657  1689 D Vold    : blkid identified as /dev/block/vold/8:16: UUID="9A3E-670E" TYPE="vfat" 
12-14 04:22:02.622  1657  1689 D Vold    : Volume usb0 state changing 3 (Checking) -> 4 (Mounted)
12-14 04:22:02.622  1657  1689 E cutils  : Failed to mkdirat(/storage/usb0/Android): Read-only file system
12-14 04:22:02.622  1657  1689 W Vold    : Returning OperationFailed - no handler for errno 30
12-14 04:22:02.622  1657  1689 E cutils  : Failed to mkdirat(/storage/usb0/Android): Read-only file system
12-14 04:22:02.622  1657  1689 W Vold    : Returning OperationFailed - no handler for errno 30
12-14 04:22:02.622  1928  1951 D MountService: volume state changed for /storage/usb0 (checking -> mounted)
12-14 04:22:02.622  1928  1951 D MountService: sendStorageIntent Intent { act=android.intent.action.MEDIA_MOUNTED dat=file:///storage/usb0 flg=0x4000000 (has extras) } to UserHandle{-1}
12-14 04:22:02.623  3014  3014 W ContextImpl: Failed to ensure directory: /storage/usb0/Android/data/com.google.android.youtube/files
12-14 04:22:02.623  3117  3117 D MusicLifecycle: com.google.android.music.download.cache.CacheLocationManager$1 generated event: Broadcast received with context com.google.android.music.MusicApplication@22caddeb and intent Intent { act=android.intent.action.MEDIA_MOUNTED dat=file:///storage/usb0 flg=0x4000010 (has extras) }
12-14 04:22:02.623  3117  3137 W ContextImpl: Failed to ensure directory: /storage/usb0/Android/data/com.google.android.music/files
12-14 04:22:02.624  1657  1689 E Vold    : Failed to find mounted volume for /storage/usb1/Android/data/com.google.android.youtube/files/
12-14 04:22:02.624  1657  1689 W Vold    : Returning OperationFailed - no handler for errno 30
12-14 04:22:02.624  1657  1689 E Vold    : Failed to find mounted volume for /storage/usb1/Android/data/com.google.android.music/files/
12-14 04:22:02.624  1657  1689 W Vold    : Returning OperationFailed - no handler for errno 30
12-14 04:22:02.624  3014  3014 W ContextImpl: Failed to ensure directory: /storage/usb1/Android/data/com.google.android.youtube/files
12-14 04:22:02.624  3169  3169 D ExternalStorage: After updating volumes, found 2 active roots
12-14 04:22:02.625  1657  1689 E Vold    : Failed to find mounted volume for /storage/usb2/Android/data/com.google.android.youtube/files/
12-14 04:22:02.625  1657  1689 W Vold    : Returning OperationFailed - no handler for errno 30
12-14 04:22:02.625  3014  3014 W ContextImpl: Failed to ensure directory: /storage/usb2/Android/data/com.google.android.youtube/files
12-14 04:22:02.625  1657  1689 E Vold    : Failed to find mounted volume for /storage/usb3/Android/data/com.google.android.youtube/files/
12-14 04:22:02.625  1657  1689 W Vold    : Returning OperationFailed - no handler for errno 30
12-14 04:22:02.625  3117  3137 W ContextImpl: Failed to ensure directory: /storage/usb1/Android/data/com.google.android.music/files
12-14 04:22:02.625  3014  3014 W ContextImpl: Failed to ensure directory: /storage/usb3/Android/data/com.google.android.youtube/files
12-14 04:22:02.625  2595  2595 D MediaScannerReceiver: action: android.intent.action.MEDIA_MOUNTED path: /storage/usb0
12-14 04:22:02.626  1657  1689 E Vold    : Failed to find mounted volume for /storage/usb2/Android/data/com.google.android.music/files/
12-14 04:22:02.626  1657  1689 W Vold    : Returning OperationFailed - no handler for errno 30
12-14 04:22:02.626  1657  1689 E Vold    : Failed to find mounted volume for /storage/sdcard1/Android/data/com.google.android.youtube/files/
12-14 04:22:02.626  1657  1689 W Vold    : Returning OperationFailed - no handler for errno 30
12-14 04:22:02.626  3014  3014 W ContextImpl: Failed to ensure directory: /storage/sdcard1/Android/data/com.google.android.youtube/files
12-14 04:22:02.626  3117  3137 W ContextImpl: Failed to ensure directory: /storage/usb2/Android/data/com.google.android.music/files
12-14 04:22:02.627  1657  1689 E Vold    : Failed to find mounted volume for /storage/usb3/Android/data/com.google.android.music/files/
12-14 04:22:02.627  1657  1689 W Vold    : Returning OperationFailed - no handler for errno 30
12-14 04:22:02.627  3117  3137 W ContextImpl: Failed to ensure directory: /storage/usb3/Android/data/com.google.android.music/files
12-14 04:22:02.628  1657  1689 E Vold    : Failed to find mounted volume for /storage/sdcard1/Android/data/com.google.android.music/files/
12-14 04:22:02.628  1657  1689 W Vold    : Returning OperationFailed - no handler for errno 30
12-14 04:22:02.628  3117  3137 W ContextImpl: Failed to ensure directory: /storage/sdcard1/Android/data/com.google.android.music/files
12-14 04:22:02.728  3117  3117 D MusicLifecycle: com.google.android.music.store.MediaStoreImportService$Receiver generated event: Broadcast received with context android.app.ReceiverRestrictedContext@526675a and intent Intent { act=android.intent.action.MEDIA_SCANNER_STARTED dat=file:///storage/emulated/0 flg=0x10 cmp=com.google.android.music/.store.MediaStoreImportService$Receiver }
12-14 04:22:02.729  3117  3117 D MusicLifecycle: com.google.android.music.store.MediaStoreImportService generated event: Service created
12-14 04:22:02.729  3117  3117 D MusicLifecycle: com.google.android.music.store.MediaStoreImportService generated event: Service destroyed
12-14 04:22:02.738  2595  3193 W MediaScanner: Error opening directory '/storage/sdcard1/', skipping: Permission denied.
12-14 04:22:02.946  1928  1999 W AudioTrack: AUDIO_OUTPUT_FLAG_FAST denied by client
12-14 04:22:02.951  1657  1689 E Vold    : Failed to find mounted volume for /storage/usb1/Android/data/com.google.android.youtube/files/
12-14 04:22:02.951  3014  3014 W ContextImpl: Failed to ensure directory: /storage/usb1/Android/data/com.google.android.youtube/files
12-14 04:22:03.037  2595  3193 W MediaScanner: Error opening directory '/storage/usb0/.android_secure/', skipping: Permission denied.
12-14 04:22:03.116  1657  1689 E Vold    : Failed to find mounted volume for /storage/usb2/Android/data/com.google.android.youtube/files/
12-14 04:22:03.117  3014  3014 W ContextImpl: Failed to ensure directory: /storage/usb2/Android/data/com.google.android.youtube/files
12-14 04:22:03.117  1657  1689 E Vold    : Failed to find mounted volume for /storage/usb3/Android/data/com.google.android.youtube/files/
12-14 04:22:03.117  1657  1689 E Vold    : Failed to find mounted volume for /storage/usb1/Android/data/com.google.android.music/files/
12-14 04:22:03.117  3014  3014 W ContextImpl: Failed to ensure directory: /storage/usb3/Android/data/com.google.android.youtube/files
12-14 04:22:03.117  3117  3137 W ContextImpl: Failed to ensure directory: /storage/usb1/Android/data/com.google.android.music/files
12-14 04:22:03.117  1657  1689 E Vold    : Failed to find mounted volume for /storage/sdcard1/Android/data/com.google.android.youtube/files/
12-14 04:22:03.117  3014  3014 W ContextImpl: Failed to ensure directory: /storage/sdcard1/Android/data/com.google.android.youtube/files
12-14 04:22:03.117  1657  1689 E Vold    : Failed to find mounted volume for /storage/usb2/Android/data/com.google.android.music/files/
12-14 04:22:03.118  3117  3137 W ContextImpl: Failed to ensure directory: /storage/usb2/Android/data/com.google.android.music/files
12-14 04:22:03.118  1657  1689 E Vold    : Failed to find mounted volume for /storage/usb3/Android/data/com.google.android.music/files/
12-14 04:22:03.118  3117  3137 W ContextImpl: Failed to ensure directory: /storage/usb3/Android/data/com.google.android.music/files
12-14 04:22:03.118  1657  1689 E Vold    : Failed to find mounted volume for /storage/usb1/Android/data/com.google.android.youtube/files/
12-14 04:22:03.118  1657  1689 E Vold    : Failed to find mounted volume for /storage/sdcard1/Android/data/com.google.android.music/files/
12-14 04:22:03.118  3014  3014 W ContextImpl: Failed to ensure directory: /storage/usb1/Android/data/com.google.android.youtube/files
12-14 04:22:03.119  3117  3137 W ContextImpl: Failed to ensure directory: /storage/sdcard1/Android/data/com.google.android.music/files
12-14 04:22:03.119  1657  1689 E Vold    : Failed to find mounted volume for /storage/usb2/Android/data/com.google.android.youtube/files/
12-14 04:22:03.119  3014  3014 W ContextImpl: Failed to ensure directory: /storage/usb2/Android/data/com.google.android.youtube/files
12-14 04:22:03.119  1657  1689 E Vold    : Failed to find mounted volume for /storage/usb1/Android/data/com.google.android.music/files/
12-14 04:22:03.119  2595  3193 W MediaScanner: Error opening directory '/storage/usb1/', skipping: Permission denied.
12-14 04:22:03.119  2595  3193 W MediaScanner: Error opening directory '/storage/usb2/', skipping: Permission denied.
12-14 04:22:03.119  2595  3193 W MediaScanner: Error opening directory '/storage/usb3/', skipping: Permission denied.
12-14 04:22:03.119  3117  3137 W ContextImpl: Failed to ensure directory: /storage/usb1/Android/data/com.google.android.music/files
12-14 04:22:03.119  1657  1689 E Vold    : Failed to find mounted volume for /storage/usb3/Android/data/com.google.android.youtube/files/
12-14 04:22:03.119  3014  3014 W ContextImpl: Failed to ensure directory: /storage/usb3/Android/data/com.google.android.youtube/files
12-14 04:22:03.119  1657  1689 E Vold    : Failed to find mounted volume for /storage/usb2/Android/data/com.google.android.music/files/
12-14 04:22:03.119  1657  1689 E Vold    : Failed to find mounted volume for /storage/sdcard1/Android/data/com.google.android.youtube/files/
12-14 04:22:03.119  3117  3137 W ContextImpl: Failed to ensure directory: /storage/usb2/Android/data/com.google.android.music/files
12-14 04:22:03.120  3014  3014 W ContextImpl: Failed to ensure directory: /storage/sdcard1/Android/data/com.google.android.youtube/files
12-14 04:22:03.120  1657  1689 E Vold    : Failed to find mounted volume for /storage/usb3/Android/data/com.google.android.music/files/
12-14 04:22:03.120  1657  1689 E Vold    : Failed to find mounted volume for /storage/usb1/Android/data/com.google.android.youtube/files/
12-14 04:22:03.120  3117  3137 W ContextImpl: Failed to ensure directory: /storage/usb3/Android/data/com.google.android.music/files
12-14 04:22:03.120  3014  3014 W ContextImpl: Failed to ensure directory: /storage/usb1/Android/data/com.google.android.youtube/files
12-14 04:22:03.120  1657  1689 E Vold    : Failed to find mounted volume for /storage/usb2/Android/data/com.google.android.youtube/files/
12-14 04:22:03.120  1657  1689 E Vold    : Failed to find mounted volume for /storage/sdcard1/Android/data/com.google.android.music/files/
12-14 04:22:03.120  3014  3014 W ContextImpl: Failed to ensure directory: /storage/usb2/Android/data/com.google.android.youtube/files
12-14 04:22:03.120  3117  3137 W ContextImpl: Failed to ensure directory: /storage/sdcard1/Android/data/com.google.android.music/files
12-14 04:22:03.121  1657  1689 E Vold    : Failed to find mounted volume for /storage/usb3/Android/data/com.google.android.youtube/files/
12-14 04:22:03.121  3014  3014 W ContextImpl: Failed to ensure directory: /storage/usb3/Android/data/com.google.android.youtube/files
12-14 04:22:03.121  1657  1689 E Vold    : Failed to find mounted volume for /storage/sdcard1/Android/data/com.google.android.youtube/files/
12-14 04:22:03.121  3014  3014 W ContextImpl: Failed to ensure directory: /storage/sdcard1/Android/data/com.google.android.youtube/files
12-14 04:22:03.127  1657  1689 E Vold    : Failed to find mounted volume for /storage/usb1/Android/data/com.google.android.music/files/
12-14 04:22:03.127  3117  3146 W ContextImpl: Failed to ensure directory: /storage/usb1/Android/data/com.google.android.music/files
12-14 04:22:03.127  1657  1689 E Vold    : Failed to find mounted volume for /storage/usb2/Android/data/com.google.android.music/files/
12-14 04:22:03.127  3117  3146 W ContextImpl: Failed to ensure directory: /storage/usb2/Android/data/com.google.android.music/files
12-14 04:22:03.128  1657  1689 E Vold    : Failed to find mounted volume for /storage/usb3/Android/data/com.google.android.music/files/
12-14 04:22:03.128  3117  3146 W ContextImpl: Failed to ensure directory: /storage/usb3/Android/data/com.google.android.music/files
12-14 04:22:03.128  1657  1689 E Vold    : Failed to find mounted volume for /storage/sdcard1/Android/data/com.google.android.music/files/
12-14 04:22:03.128  3117  3146 W ContextImpl: Failed to ensure directory: /storage/sdcard1/Android/data/com.google.android.music/files
12-14 04:22:03.134  2345  2455 I art     : Explicit concurrent mark sweep GC freed 10731(514KB) AllocSpace objects, 0(0B) LOS objects, 39% free, 5MB/9MB, paused 138us total 7.253ms
12-14 04:22:03.141  1657  1689 E Vold    : Failed to find mounted volume for /storage/usb1/Android/data/com.google.android.music/files/
12-14 04:22:03.141  3117  3137 W ContextImpl: Failed to ensure directory: /storage/usb1/Android/data/com.google.android.music/files
12-14 04:22:03.142  1657  1689 E Vold    : Failed to find mounted volume for /storage/usb2/Android/data/com.google.android.music/files/
12-14 04:22:03.142  3117  3137 W ContextImpl: Failed to ensure directory: /storage/usb2/Android/data/com.google.android.music/files
12-14 04:22:03.143  1657  1689 E Vold    : Failed to find mounted volume for /storage/usb3/Android/data/com.google.android.music/files/
12-14 04:22:03.143  3117  3137 W ContextImpl: Failed to ensure directory: /storage/usb3/Android/data/com.google.android.music/files
12-14 04:22:03.143  1657  1689 E Vold    : Failed to find mounted volume for /storage/sdcard1/Android/data/com.google.android.music/files/
12-14 04:22:03.144  3117  3137 W ContextImpl: Failed to ensure directory: /storage/sdcard1/Android/data/com.google.android.music/files
12-14 04:22:03.144  2595  3193 V MediaScanner: pruneDeadThumbnailFiles... android.database.sqlite.SQLiteCursor@30bd8d
12-14 04:22:03.144  2595  3193 V MediaScanner: /pruneDeadThumbnailFiles... android.database.sqlite.SQLiteCursor@30bd8d
12-14 04:22:03.151  3117  3117 D MusicLifecycle: com.google.android.music.store.MediaStoreImportService$Receiver generated event: Broadcast received with context android.app.ReceiverRestrictedContext@526675a and intent Intent { act=android.intent.action.MEDIA_SCANNER_FINISHED dat=file:///storage/emulated/0 flg=0x10 cmp=com.google.android.music/.store.MediaStoreImportService$Receiver }
12-14 04:22:03.152  3117  3117 D MusicLifecycle: com.google.android.music.store.MediaStoreImportService generated event: Service created
12-14 04:22:03.168  3117  3198 I MediaStoreImporter: Update: incremental Added music: 0 Updated music: 0 Deleted music: 0 Created playlists: 0 Updated playlists: 0 Deleted playlists: 0 Inserted playlist items: 0 Deleted playlist items: 0 Removed orphaned playlist items: 0
12-14 04:22:03.168  3117  3117 D MusicLifecycle: com.google.android.music.wear.WearBroadcastReceiver generated event: Broadcast received with context android.app.ReceiverRestrictedContext@526675a and intent Intent { act=com.google.android.music.IMPORT_COMPLETE flg=0x10 cmp=com.google.android.music/.wear.WearBroadcastReceiver }
12-14 04:22:03.169  3117  3117 D MusicLifecycle: com.google.android.music.store.MediaStoreImportService generated event: Service destroyed
12-14 04:22:03.169  3117  3117 D MusicLifecycle: com.google.android.music.wear.WearMetadataSyncService generated event: Service created
12-14 04:22:03.170  3117  3117 D MusicLifecycle: com.google.android.music.wear.WearMetadataSyncService generated event: Service started with intent Intent { cmp=com.google.android.music/.wear.WearMetadataSyncService }
12-14 04:22:03.170  3117  3117 E GmsUtils: Failed to connect to Google API client: ConnectionResult{statusCode=API_UNAVAILABLE, resolution=null}
12-14 04:22:03.170  3117  3199 E GmsUtils: Failed to connect to Google API client: ConnectionResult{statusCode=API_UNAVAILABLE, resolution=null}
12-14 04:22:03.171  3117  3117 D MusicLifecycle: com.google.android.music.wear.WearMetadataSyncService generated event: Service destroyed
12-14 04:22:03.194  1657  1689 E Vold    : Failed to find mounted volume for /storage/usb1/Android/data/com.google.android.music/cache/
12-14 04:22:03.195  3117  3146 W ContextImpl: Failed to ensure directory: /storage/usb1/Android/data/com.google.android.music/cache
12-14 04:22:03.195  1657  1689 E Vold    : Failed to find mounted volume for /storage/usb2/Android/data/com.google.android.music/cache/
12-14 04:22:03.195  3117  3146 W ContextImpl: Failed to ensure directory: /storage/usb2/Android/data/com.google.android.music/cache
12-14 04:22:03.195  1657  1689 E Vold    : Failed to find mounted volume for /storage/usb3/Android/data/com.google.android.music/cache/
12-14 04:22:03.195  3117  3146 W ContextImpl: Failed to ensure directory: /storage/usb3/Android/data/com.google.android.music/cache
12-14 04:22:03.195  1657  1689 E Vold    : Failed to find mounted volume for /storage/sdcard1/Android/data/com.google.android.music/cache/
12-14 04:22:03.195  3117  3146 W ContextImpl: Failed to ensure directory: /storage/sdcard1/Android/data/com.google.android.music/cache
12-14 04:22:03.212  1672  1962 D audio_hw_primary: found out /dev/snd/pcmC0D0p
12-14 04:22:03.221  1657  1689 E Vold    : Failed to find mounted volume for /storage/usb1/Android/data/com.google.android.music/files/
12-14 04:22:03.221  3117  3137 W ContextImpl: Failed to ensure directory: /storage/usb1/Android/data/com.google.android.music/files
12-14 04:22:03.221  1657  1689 E Vold    : Failed to find mounted volume for /storage/usb2/Android/data/com.google.android.music/files/
12-14 04:22:03.221  3117  3137 W ContextImpl: Failed to ensure directory: /storage/usb2/Android/data/com.google.android.music/files
12-14 04:22:03.222  1657  1689 E Vold    : Failed to find mounted volume for /storage/usb3/Android/data/com.google.android.music/files/
12-14 04:22:03.222  3117  3137 W ContextImpl: Failed to ensure directory: /storage/usb3/Android/data/com.google.android.music/files
12-14 04:22:03.222  1657  1689 E Vold    : Failed to find mounted volume for /storage/sdcard1/Android/data/com.google.android.music/files/
12-14 04:22:03.222  3117  3137 W ContextImpl: Failed to ensure directory: /storage/sdcard1/Android/data/com.google.android.music/files
12-14 04:22:03.223  1657  1689 E Vold    : Failed to find mounted volume for /storage/usb1/Android/data/com.google.android.music/files/
12-14 04:22:03.223  3117  3137 W ContextImpl: Failed to ensure directory: /storage/usb1/Android/data/com.google.android.music/files
12-14 04:22:03.224  1657  1689 E Vold    : Failed to find mounted volume for /storage/usb2/Android/data/com.google.android.music/files/
12-14 04:22:03.224  3117  3137 W ContextImpl: Failed to ensure directory: /storage/usb2/Android/data/com.google.android.music/files
12-14 04:22:03.224  1657  1689 E Vold    : Failed to find mounted volume for /storage/usb3/Android/data/com.google.android.music/files/
12-14 04:22:03.224  3117  3137 W ContextImpl: Failed to ensure directory: /storage/usb3/Android/data/com.google.android.music/files
12-14 04:22:03.224  1657  1689 E Vold    : Failed to find mounted volume for /storage/sdcard1/Android/data/com.google.android.music/files/
12-14 04:22:03.224  3117  3137 W ContextImpl: Failed to ensure directory: /storage/sdcard1/Android/data/com.google.android.music/files
12-14 04:22:03.240  1657  1689 E Vold    : Failed to find mounted volume for /storage/usb1/Android/data/com.google.android.music/files/
12-14 04:22:03.240  3117  3146 W ContextImpl: Failed to ensure directory: /storage/usb1/Android/data/com.google.android.music/files
12-14 04:22:03.241  1657  1689 E Vold    : Failed to find mounted volume for /storage/usb2/Android/data/com.google.android.music/files/
12-14 04:22:03.241  3117  3146 W ContextImpl: Failed to ensure directory: /storage/usb2/Android/data/com.google.android.music/files
12-14 04:22:03.241  1657  1689 E Vold    : Failed to find mounted volume for /storage/usb3/Android/data/com.google.android.music/files/
12-14 04:22:03.241  3117  3146 W ContextImpl: Failed to ensure directory: /storage/usb3/Android/data/com.google.android.music/files
12-14 04:22:03.241  1657  1689 E Vold    : Failed to find mounted volume for /storage/sdcard1/Android/data/com.google.android.music/files/
12-14 04:22:03.241  3117  3146 W ContextImpl: Failed to ensure directory: /storage/sdcard1/Android/data/com.google.android.music/files
12-14 04:22:03.242  1657  1689 E Vold    : Failed to find mounted volume for /storage/usb1/Android/data/com.google.android.music/cache/
12-14 04:22:03.243  3117  3146 W ContextImpl: Failed to ensure directory: /storage/usb1/Android/data/com.google.android.music/cache
12-14 04:22:03.243  1657  1689 E Vold    : Failed to find mounted volume for /storage/usb2/Android/data/com.google.android.music/cache/
12-14 04:22:03.243  3117  3146 W ContextImpl: Failed to ensure directory: /storage/usb2/Android/data/com.google.android.music/cache
12-14 04:22:03.243  1657  1689 E Vold    : Failed to find mounted volume for /storage/usb3/Android/data/com.google.android.music/cache/
12-14 04:22:03.243  3117  3146 W ContextImpl: Failed to ensure directory: /storage/usb3/Android/data/com.google.android.music/cache
12-14 04:22:03.244  1657  1689 E Vold    : Failed to find mounted volume for /storage/sdcard1/Android/data/com.google.android.music/cache/
12-14 04:22:03.244  3117  3146 W ContextImpl: Failed to ensure directory: /storage/sdcard1/Android/data/com.google.android.music/cache
12-14 04:22:03.668  1928  1949 I ActivityManager: Start proc 3202:com.android.providers.calendar/u0a1 for broadcast com.android.providers.calendar/.CalendarProviderBroadcastReceiver
12-14 04:22:03.672  1928  2275 I ActivityManager: Killing 2696:com.google.android.onetimeinitializer/u0a9 (adj 15): empty #17
12-14 04:22:03.686  3202  3202 W ResourcesManager: Asset path '/system/framework/android.test.runner.jar' does not exist or contains no resources.
12-14 04:22:03.691  3202  3202 I CalendarProvider2: Created com.android.providers.calendar.CalendarAlarmManager@22caddeb(com.android.providers.calendar.CalendarProvider2@2ec04748)
12-14 04:22:03.693  3202  3221 E SQLiteLog: (284) automatic index on view_events(_id)
12-14 04:22:04.574  1928  1945 W ActivityManager: Unable to start service Intent { act=com.google.android.gms.analytics.service.START cmp=com.google.android.gms/.analytics.service.AnalyticsService (has extras) } U=0: not found
12-14 04:22:04.575  2967  3001 W GAV2    : Thread[GAThread,5,main]: Service unavailable (code=1), will retry.
12-14 04:22:04.575  2967  3001 I GAV2    : Thread[GAThread,5,main]: No campaign data found.
12-14 04:22:04.656  1928  1999 W AudioTrack: AUDIO_OUTPUT_FLAG_FAST denied by client
12-14 04:22:04.656  1928  2799 I ActivityManager: START u0 {act=android.intent.action.MAIN cat=[android.intent.category.LAUNCHER] flg=0x10200000 cmp=com.cyanogenmod.filemanager/.activities.NavigationActivity (has extras)} from uid 10044 on display 0
12-14 04:22:04.657  1928  2799 V WindowManager: addAppToken: AppWindowToken{2060f7c9 token=Token{346febd0 ActivityRecord{33679f93 u0 com.cyanogenmod.filemanager/.activities.NavigationActivity t7}}} to stack=1 task=7 at 0
12-14 04:22:04.659  1928  1954 V WindowManager: Adding window Window{108564e8 u0 Starting com.cyanogenmod.filemanager} at 2 of 7 (after Window{1774706b u0 com.android.launcher3/com.android.launcher3.Launcher})
12-14 04:22:04.676  1928  2170 I ActivityManager: Start proc 3226:com.cyanogenmod.filemanager/u0a25 for activity com.cyanogenmod.filemanager/.activities.NavigationActivity
12-14 04:22:04.694  3202  3202 I CalendarProvider2: Sending notification intent: Intent { act=android.intent.action.PROVIDER_CHANGED dat=content://com.android.calendar }
12-14 04:22:04.694  3202  3202 W ContentResolver: Failed to get type for: content://com.android.calendar (Unknown URL content://com.android.calendar)
12-14 04:22:04.695  2845  2845 D AlertReceiver: onReceive: a=android.intent.action.PROVIDER_CHANGED Intent { act=android.intent.action.PROVIDER_CHANGED dat=content://com.android.calendar flg=0x10 cmp=com.android.calendar/.alerts.AlertReceiver }
12-14 04:22:04.695  1928  2800 I ActivityManager: Killing 2493:com.google.android.partnersetup/u0a10 (adj 15): empty #17
12-14 04:22:04.851  1928  1945 I ActivityManager: Killing 2724:com.android.managedprovisioning/u0a11 (adj 15): empty #17
12-14 04:22:04.883  1657  1689 E Vold    : Failed to find mounted volume for /storage/usb1/Android/data/com.cyanogenmod.filemanager/files/
12-14 04:22:04.883  3226  3226 W ContextImpl: Failed to ensure directory: /storage/usb1/Android/data/com.cyanogenmod.filemanager/files
12-14 04:22:04.883  1657  1689 E Vold    : Failed to find mounted volume for /storage/usb2/Android/data/com.cyanogenmod.filemanager/files/
12-14 04:22:04.883  3226  3226 W ContextImpl: Failed to ensure directory: /storage/usb2/Android/data/com.cyanogenmod.filemanager/files
12-14 04:22:04.884  1657  1689 E Vold    : Failed to find mounted volume for /storage/usb3/Android/data/com.cyanogenmod.filemanager/files/
12-14 04:22:04.884  3226  3226 W ContextImpl: Failed to ensure directory: /storage/usb3/Android/data/com.cyanogenmod.filemanager/files
12-14 04:22:04.884  1657  1689 E Vold    : Failed to find mounted volume for /storage/sdcard1/Android/data/com.cyanogenmod.filemanager/files/
12-14 04:22:04.884  3226  3226 W ContextImpl: Failed to ensure directory: /storage/sdcard1/Android/data/com.cyanogenmod.filemanager/files
12-14 04:22:04.973  3226  3226 V NFC     : this device does not have NFC support
12-14 04:22:04.983  3226  3257 W NavigationActivity: Ignoring '/storage/sdcard1' with state of 'unmounted'
12-14 04:22:04.983  3226  3257 W NavigationActivity: Ignoring '/storage/usb1' with state of 'removed'
12-14 04:22:04.983  3226  3257 W NavigationActivity: Ignoring '/storage/usb2' with state of 'removed'
12-14 04:22:04.983  3226  3257 W NavigationActivity: Ignoring '/storage/usb3' with state of 'removed'
12-14 04:22:04.991  3226  3258 D OpenGLRenderer: Use EGL_SWAP_BEHAVIOR_PRESERVED: true
12-14 04:22:04.991  3226  3226 I GRALLOC-DRM: create intel for driver i915
12-14 04:22:04.992  3226  3226 D Atlas   : Validating map...
12-14 04:22:04.992  1928  2204 V WindowManager: Adding window Window{d765dc4 u0 com.cyanogenmod.filemanager/com.cyanogenmod.filemanager.activities.NavigationActivity} at 2 of 8 (before Window{108564e8 u0 Starting com.cyanogenmod.filemanager})
12-14 04:22:04.993  3226  3259 V MimeTypeIndexService: onHandleIntent(Intent { act=com.cyanogenmod.filemanager.ACTION_START_INDEX cmp=com.cyanogenmod.filemanager/.service.MimeTypeIndexService (has extras) })
12-14 04:22:04.993  3226  3259 D MimeTypeIndexService: Action: com.cyanogenmod.filemanager.ACTION_START_INDEX
12-14 04:22:04.993  3226  3259 V MimeTypeIndexService: performIndexAction(/storage/emulated/0)
12-14 04:22:04.993  3226  3259 I MimeTypeIndexService: Starting mime type usage indexing on '/storage/emulated/0'
12-14 04:22:04.997  3226  3259 D MimeTypeIndexService: NONE = 98340
12-14 04:22:05.039  3226  3259 V MimeTypeIndexService: onHandleIntent(Intent { act=com.cyanogenmod.filemanager.ACTION_START_INDEX cmp=com.cyanogenmod.filemanager/.service.MimeTypeIndexService (has extras) })
12-14 04:22:05.039  3226  3259 D MimeTypeIndexService: Action: com.cyanogenmod.filemanager.ACTION_START_INDEX
12-14 04:22:05.039  3226  3259 V MimeTypeIndexService: performIndexAction(/system)
12-14 04:22:05.039  3226  3259 I MimeTypeIndexService: Starting mime type usage indexing on '/system'
12-14 04:22:05.074  3226  3258 I EGL-DRI2: DRI2: found extension DRI_Core version 1
12-14 04:22:05.074  3226  3258 I EGL-DRI2: DRI2: found extension DRI_DRI2 version 4
12-14 04:22:05.077  3226  3258 I EGL-DRI2: DRI2: found extension DRI_TexBuffer version 3
12-14 04:22:05.077  3226  3258 I EGL-DRI2: DRI2: found extension DRI2_Flush version 4
12-14 04:22:05.077  3226  3258 I EGL-DRI2: DRI2: found extension DRI_IMAGE version 11
12-14 04:22:05.077  3226  3258 I OpenGLRenderer: Initialized EGL, version 1.4
12-14 04:22:05.077  3226  3258 W OpenGLRenderer: Failed to choose config with EGL_SWAP_BEHAVIOR_PRESERVED, retrying without...
12-14 04:22:05.078  3226  3258 D OpenGLRenderer: Enabling debug mode 0
12-14 04:22:05.099  1928  1954 I ActivityManager: Displayed com.cyanogenmod.filemanager/.activities.NavigationActivity: +439ms
12-14 04:22:05.136  3117  3117 D MusicLifecycle: com.google.android.music.leanback.AutoCacheSchedulingService$EnablingReceiver generated event: Broadcast received with context android.app.ReceiverRestrictedContext@526675a and intent Intent { act=com.google.android.music.START_DOWNLOAD_SCHEDULING flg=0x10 cmp=com.google.android.music/.leanback.AutoCacheSchedulingService$EnablingReceiver }
12-14 04:22:05.138  3117  3117 D MusicLifecycle: com.google.android.music.leanback.AutoCacheSchedulingService generated event: Service created
12-14 04:22:05.140  3117  3117 D MusicLifecycle: com.google.android.music.leanback.AutoCacheSchedulingService generated event: Service started with intent Intent { act=com.google.android.music.leanback.APP_IN_USE cmp=com.google.android.music/.leanback.AutoCacheSchedulingService (has extras) }
12-14 04:22:05.141  3117  3117 D MusicLifecycle: com.google.android.music.wear.WearBroadcastReceiver generated event: Broadcast received with context android.app.ReceiverRestrictedContext@526675a and intent Intent { act=com.google.android.music.START_DOWNLOAD_SCHEDULING flg=0x10 cmp=com.google.android.music/.wear.WearBroadcastReceiver }
12-14 04:22:05.142  3117  3117 D MusicLifecycle: com.google.android.music.download.TrackDownloadQueueService generated event: Service created
12-14 04:22:05.144  3117  3117 D MusicLifecycle: com.google.android.music.download.cache.TrackCacheService generated event: Service created
12-14 04:22:05.144  3117  3276 I MusicLeanback: Conditions not met for autocaching. okToAttempt=false
12-14 04:22:05.144  3117  3276 I MusicLeanback: Stop autocaching.
12-14 04:22:05.144  3117  3117 D MusicLifecycle: com.google.android.music.wear.WearMetadataSyncService generated event: Service created
12-14 04:22:05.145  3117  3117 D MusicLifecycle: com.google.android.music.wear.WearMetadataSyncService generated event: Service started with intent Intent { cmp=com.google.android.music/.wear.WearMetadataSyncService }
12-14 04:22:05.146  3117  3117 E GmsUtils: Failed to connect to Google API client: ConnectionResult{statusCode=API_UNAVAILABLE, resolution=null}
12-14 04:22:05.146  3117  3117 D MusicLifecycle: com.google.android.music.download.TrackDownloadQueueService generated event: Service destroyed
12-14 04:22:05.147  3117  3117 D MusicLifecycle: com.google.android.music.download.cache.TrackCacheService generated event: Service destroyed
12-14 04:22:05.147  3117  3280 E GmsUtils: Failed to connect to Google API client: ConnectionResult{statusCode=API_UNAVAILABLE, resolution=null}
12-14 04:22:05.147  3117  3117 D MusicLifecycle: com.google.android.music.wear.WearMetadataSyncService generated event: Service destroyed
12-14 04:22:05.181  2845  3152 I GlobalDismissManager: no sender configured
12-14 04:22:05.181  2845  3152 D AlertService: Beginning updateAlertNotification
12-14 04:22:05.182  2845  3152 D AlertService: No fired or scheduled alerts
12-14 04:22:05.184  2845  3152 D AlertService: Scheduling next alarm with AlarmScheduler. sEventReminderReceived: null
12-14 04:22:05.185  2845  3152 D AlarmScheduler: No events found starting within 1 week.
12-14 04:22:05.185  2845  3152 D AlertService: 0 Action = android.intent.action.PROVIDER_CHANGED
12-14 04:22:05.252  3226  3259 D MimeTypeIndexService: AUDIO = 1065141
12-14 04:22:05.252  3226  3259 D MimeTypeIndexService: EXEC = 8364
12-14 04:22:05.252  3226  3259 D MimeTypeIndexService: TEXT = 927816
12-14 04:22:05.252  3226  3259 D MimeTypeIndexService: BINARY = 523749830
12-14 04:22:05.252  3226  3259 D MimeTypeIndexService: FONT = 19580216
12-14 04:22:05.252  3226  3259 D MimeTypeIndexService: COMPRESS = 2156745
12-14 04:22:05.252  3226  3259 D MimeTypeIndexService: APP = 210636267
12-14 04:22:05.252  3226  3259 D MimeTypeIndexService: NONE = 776934091
12-14 04:22:06.658  1928  1999 W AudioTrack: AUDIO_OUTPUT_FLAG_FAST denied by client
12-14 04:22:08.003  1928  1993 E WifiStateMachine: WifiStateMachine Disconnected CMD_START_SCAN source -2 2, 3 -> obsolete
12-14 04:22:08.003  1928  1993 I WifiNative-HAL: startHal
12-14 04:22:08.162  1928  2010 D TaskPersister: removeObsoleteFile: deleting file=5_task.xml
12-14 04:22:08.162  1928  2010 D TaskPersister: removeObsoleteFile: deleting file=5_task_thumbnail.png
12-14 04:22:08.823  1928  1999 W AudioTrack: AUDIO_OUTPUT_FLAG_FAST denied by client
12-14 04:22:08.908  1928  1968 I InputReader: Reconfiguring input devices.  changes=0x00000010
12-14 04:22:08.913  2432  3302 D PackageBroadcastService: Received broadcast action=android.intent.action.PACKAGE_CHANGED and uri=com.google.android.gms
12-14 04:22:08.914  1928  1928 D BackupManagerService: Received broadcast Intent { act=android.intent.action.PACKAGE_CHANGED dat=package:com.google.android.gms flg=0x4000010 (has extras) }
12-14 04:22:08.914  1928  1928 I BackupManagerService: Unbinding ComponentInfo{com.google.android.gms/com.google.android.gms.backup.BackupTransportService}
12-14 04:22:08.915  1928  1928 I BackupManagerService: Binding to transport host ComponentInfo{com.google.android.gms/com.google.android.gms.backup.BackupTransportService}
12-14 04:22:08.916  2432  3302 I PackageBroadcastService: Null package name or gms related package.  Ignoreing.
12-14 04:22:08.921  1928  1928 V BackupManagerService: Connected to transport ComponentInfo{com.google.android.gms/com.google.android.gms.backup.BackupTransportService}
12-14 04:22:08.921  1928  1928 V BackupManagerService: Registering transport com.google.android.gms/.backup.BackupTransportService::com.google.android.gms/.backup.BackupTransportService = com.android.internal.backup.IBackupTransport$Stub$Proxy@1dfea987
12-14 04:22:08.921  2171  2171 W GmsBackupAccountManager: Backup account not found in gmscore.
12-14 04:22:08.927  2345  3305 I Backup  : [BackupTransportMigratorService] Starting migration...
12-14 04:22:08.928  2345  3305 W Backup  : [LegacyBackupAccountManager] No google accounts found!
12-14 04:22:08.932  2246  2246 I Launcher: Deferring update until onResume
12-14 04:22:08.936  2171  2171 V GmsNetworkLocationProvi: DISABLE
12-14 04:22:08.946  2246  2323 W ResourcesManager: Asset path '/system/framework/com.google.android.media.effects.jar' does not exist or contains no resources.
12-14 04:22:08.949  1928  1944 I ActivityManager: Start proc 3313:com.android.gallery3d/u0a38 for broadcast com.android.gallery3d/.app.PackagesMonitor
12-14 04:22:08.951  2246  2246 I Launcher: Deferring update until onResume
12-14 04:22:08.959  2171  2192 V GmsNetworkLocationProvi: onSetRequest: ProviderRequestUnbundled, reportLocation is true and interval is 86400000
12-14 04:22:08.959  2432  2691 I Icing   : Storage manager: low false usage 1.46MB avail 3.27GB capacity 4.79GB
12-14 04:22:08.964  2171  2201 W GmsBackupAccountManager: Backup account not found in gmscore.
12-14 04:22:08.967  2345  3305 I Backup  : [BackupTransportMigratorService] Successfully migrated to use GMS BackupTransportService!
12-14 04:22:08.969  2171  2171 V GmsNetworkLocationProvi: ENABLE
12-14 04:22:08.972  3313  3313 W ResourcesManager: Asset path '/system/framework/com.google.android.media.effects.jar' does not exist or contains no resources.
12-14 04:22:08.988  1928  1948 I art     : Explicit concurrent mark sweep GC freed 54222(3MB) AllocSpace objects, 7(112KB) LOS objects, 33% free, 10MB/15MB, paused 169us total 19.661ms
12-14 04:22:08.989  2171  2171 V GmsNetworkLocationProvi: SET-REQUEST
12-14 04:22:08.989  2171  2171 V GmsNetworkLocationProvi: in Handler: ProviderRequestUnbundled, reportLocation is true and interval is 86400000
12-14 04:22:08.995  2432  2691 E Icing   : Loading extension /data/data/com.google.android.gms/files/libAppDataSearchExt_x86_64.so failed
12-14 04:22:09.014  2246  2246 W Launcher: setApplicationContext called twice! old=com.android.launcher3.LauncherApplication@2ec04748 new=com.android.launcher3.LauncherApplication@2ec04748
12-14 04:22:09.031  1928  1944 I ActivityManager: Killing 2824:com.android.settings/1000 (adj 15): empty #17
12-14 04:22:09.036  2432  2691 I Icing   : updateResources: need to parse f{com.google.android.gms}
12-14 04:22:09.063  2432  2691 I Icing   : Internal init done: storage state 0
12-14 04:22:09.065  2432  2691 I Icing   : Post-init done
12-14 04:22:09.066  2432  2691 I Icing   : updateResources: need to parse f{com.google.android.gms}
12-14 04:22:09.167  2432  3341 I iu.UploadsManager: End new media; added: 0, uploading: 0, time: 7 ms
12-14 04:22:09.575  1928  1945 W ActivityManager: Unable to start service Intent { act=com.google.android.gms.analytics.service.START cmp=com.google.android.gms/.analytics.service.AnalyticsService (has extras) } U=0: not found
12-14 04:22:09.575  2967  3223 W GAV2    : Thread[Service Reconnect,5,main]: Service unavailable (code=1), using local store.
12-14 04:22:10.185  2845  3152 I GlobalDismissManager: no sender configured
12-14 04:22:10.185  2845  3152 D AlertService: Beginning updateAlertNotification
12-14 04:22:10.187  2845  3152 D AlertService: No fired or scheduled alerts
12-14 04:22:10.188  2845  3152 D AlertService: Scheduling next alarm with AlarmScheduler. sEventReminderReceived: null
12-14 04:22:10.189  2845  3152 D AlarmScheduler: No events found starting within 1 week.
12-14 04:22:10.626  2345  2345 E GCM     : Missing checkin config file
12-14 04:22:10.626  2345  2345 W GCM     : GCM FAILED TO INITIALIZE - missing checkin
12-14 04:22:10.706  1657  1689 E Vold    : Failed to find mounted volume for /storage/usb1/Android/data/com.cyanogenmod.filemanager/cache/
12-14 04:22:10.706  3226  3345 W ContextImpl: Failed to ensure directory: /storage/usb1/Android/data/com.cyanogenmod.filemanager/cache
12-14 04:22:10.707  1657  1689 E Vold    : Failed to find mounted volume for /storage/usb2/Android/data/com.cyanogenmod.filemanager/cache/
12-14 04:22:10.707  3226  3345 W ContextImpl: Failed to ensure directory: /storage/usb2/Android/data/com.cyanogenmod.filemanager/cache
12-14 04:22:10.708  1657  1689 E Vold    : Failed to find mounted volume for /storage/usb3/Android/data/com.cyanogenmod.filemanager/cache/
12-14 04:22:10.708  3226  3345 W ContextImpl: Failed to ensure directory: /storage/usb3/Android/data/com.cyanogenmod.filemanager/cache
12-14 04:22:10.708  1657  1689 E Vold    : Failed to find mounted volume for /storage/sdcard1/Android/data/com.cyanogenmod.filemanager/cache/
12-14 04:22:10.709  3226  3345 W ContextImpl: Failed to ensure directory: /storage/sdcard1/Android/data/com.cyanogenmod.filemanager/cache
12-14 04:22:11.129  1928  1993 I WifiNative-HAL: startHal
12-14 04:22:11.920  1928  1999 W AudioTrack: AUDIO_OUTPUT_FLAG_FAST denied by client
12-14 04:22:11.923  1928  2238 I ActivityManager: START u0 {act=android.intent.action.VIEW dat=file:///storage/usb0/antutu-benchmark-v6.apk typ=application/vnd.android.package-archive flg=0x17000000 cmp=com.android.packageinstaller/.PackageInstallerActivity} from uid 10025 on display 0
12-14 04:22:11.924  1928  2238 V WindowManager: addAppToken: AppWindowToken{2b022303 token=Token{19e37b2 ActivityRecord{18a605bd u0 com.android.packageinstaller/.PackageInstallerActivity t8}}} to stack=1 task=8 at 0
12-14 04:22:11.924  1658  1692 D PermissionCache: checking android.permission.READ_FRAME_BUFFER for uid=1000 => granted (37 us)
12-14 04:22:11.947  1928  2170 I ActivityManager: Start proc 3350:com.android.packageinstaller/u0a50 for activity com.android.packageinstaller/.PackageInstallerActivity
