12-14 08:51:46.438  1687  1687 D Camera_Factory: /etc/camera.cfg not found, using camera configuration defaults
12-14 08:51:46.438  1687  1687 D Camera_Factory: Found device /dev/video0
12-14 08:51:46.438  1687  1687 D Camera_Factory: CameraFactory::newCameraConfig: 0 -> /dev/video0 (0)
12-14 08:51:46.438  1687  1687 I CameraService: Loaded "Camera Module" camera module
12-14 08:51:46.438  1687  1687 D Camera_Factory: CameraFactory::get_number_of_cameras
12-14 08:51:46.438  1687  1687 D Camera_Factory: CameraFactory::getCameraNum: 1
12-14 08:51:46.439  1687  1687 I AudioPolicyService: AudioPolicyService CSTOR in new mode
12-14 08:51:46.439  1687  1687 I AudioPolicyManager: loadAudioPolicyConfig() loaded /system/etc/audio_policy.conf
12-14 08:51:46.440  1687  1687 E audio_hw_primary: Unable to open the mixer, aborting.
12-14 08:51:46.440  1687  1687 I AudioFlinger: loadHwModule() Loaded primary audio interface from Grouper audio HW HAL (audio) handle 1
12-14 08:51:46.440  1687  1687 I AudioFlinger: HAL output buffer size 512 frames, normal sink buffer size 1024 frames
12-14 08:51:46.442  1948  1948 I SystemServer: Init Watchdog
12-14 08:51:46.442  1948  1948 I SystemServer: Input Manager
12-14 08:51:46.443  1687  1687 I AudioMixer: found effect "Multichannel Downmix To Stereo" from The Android Open Source Project
12-14 08:51:46.443  1687  1687 E MonoPipe: Failed to fetch local time frequency when constructing a MonoPipe (res = -32).  getNextWriteTimestamp calls will be non-functional
12-14 08:51:46.443  1948  1948 I InputManager: Initializing input manager, mUseDevInputEventForAudioJack=true
12-14 08:51:46.443  1687  1687 I AudioFlinger: Using module 1 has the primary audio interface
12-14 08:51:46.443  1687  1986 I AudioFlinger: AudioFlinger's thread 0xf5ca4000 ready to run
12-14 08:51:46.444  1687  1987 I AudioFlinger: AudioFlinger's thread 0xf5d3a000 ready to run
12-14 08:51:46.444  1948  1948 I SystemServer: Window Manager
12-14 08:51:46.445  1687  1687 D BlueZ   : external/bluetooth/bluez/android/hal-audio.c:audio_open() 
12-14 08:51:46.445  1687  1687 D BlueZ   : external/bluetooth/bluez/android/hal-audio.c:audio_ipc_init() 
12-14 08:51:46.445  1687  1988 D BlueZ   : external/bluetooth/bluez/android/hal-audio.c:ipc_handler() 
12-14 08:51:46.445  1687  1988 D BlueZ   : external/bluetooth/bluez/android/hal-audio.c:ipc_handler() Waiting for connection ...
12-14 08:51:46.445  1687  1687 E BlueZ   : APTX: failed to open library libbt-aptx.so (dlopen failed: library "libbt-aptx.so" not found)
12-14 08:51:46.445  1687  1687 D BlueZ   : external/bluetooth/bluez/android/hal-audio.c:audio_init_check() 
12-14 08:51:46.445  1687  1687 D BlueZ   : external/bluetooth/bluez/android/hal-audio.c:audio_set_master_volume() 
12-14 08:51:46.445  1687  1687 D BlueZ   : external/bluetooth/bluez/android/hal-audio.c:set_master_mute() 
12-14 08:51:46.445  1687  1687 I AudioFlinger: loadHwModule() Loaded a2dp audio interface from A2DP Bluez HW HAL (audio) handle 4
12-14 08:51:46.446  1687  1687 I AudioFlinger: loadHwModule() Loaded usb audio interface from USB audio HW HAL (audio) handle 5
12-14 08:51:46.446  1687  1687 E SoundTriggerHwService: couldn't load sound trigger module sound_trigger.primary (No such file or directory)
12-14 08:51:46.451  1948  1974 I WindowManager: No existing display settings /data/system/display_settings.xml; starting empty
12-14 08:51:46.453  1679  1719 D PermissionCache: checking android.permission.ACCESS_SURFACE_FLINGER for uid=1000 => granted (609 us)
12-14 08:51:46.514  1948  1948 I InputManager: Starting input manager
12-14 08:51:46.515  1948  1991 D EventHub: No input device configuration file found for device 'TPPS/2 IBM TrackPoint'.
12-14 08:51:46.515  1948  1991 I EventHub: New device: id=1, fd=76, path='/dev/input/event17', name='TPPS/2 IBM TrackPoint', classes=0x8, configuration='', keyLayout='', keyCharacterMap='', builtinKeyboard=false, wakeMechanism=EPOLLWAKEUP, usingClockIoctl=true
12-14 08:51:46.515  1948  1948 I SystemServer: Bluetooth Manager Service
12-14 08:51:46.515  1948  1991 E EventHub: could not get driver version for /dev/input/mouse1, Not a typewriter
12-14 08:51:46.518  1948  1948 D BluetoothManagerService: Loading stored name and address
12-14 08:51:46.518  1948  1948 D BluetoothManagerService: Stored bluetooth Name=2356BP4,Address=08:3E:8E:E2:02:8B
12-14 08:51:46.518  1948  1948 I SystemServer: Input Method Service
12-14 08:51:46.521  1948  1948 W InputMethodManagerService: Couldn't create dir.: /data/system/inputmethod
12-14 08:51:46.528  1948  1991 D EventHub: No input device configuration file found for device 'Android Power Button'.
12-14 08:51:46.529  1948  1948 I SystemServer: Accessibility Manager
12-14 08:51:46.531  1948  1991 W EventHub: Unable to disable kernel key repeat for /dev/input/event16: Function not implemented
12-14 08:51:46.531  1948  1991 I EventHub: New device: id=2, fd=78, path='/dev/input/event16', name='Android Power Button', classes=0x1, configuration='', keyLayout='/system/usr/keylayout/Generic.kl', keyCharacterMap='/system/usr/keychars/Generic.kcm', builtinKeyboard=false, wakeMechanism=EPOLLWAKEUP, usingClockIoctl=true
12-14 08:51:46.531  1948  1991 I EventHub: ignoring event id /dev/input/event2 driver Power Button
12-14 08:51:46.532  1948  1948 I ActivityManager: Config changes=1df8 {1.0 ?mcc?mnc en_US ?layoutDir sw900dp w1600dp h900dp 160dpi xlrg long land ?uimode ?night -touch -keyb/v/h -nav/h s.2}
12-14 08:51:46.538  1948  1968 I UsageStatsService: User[0] Rollover scheduled @ 2015-12-15 00:00:00(1450137600000)
12-14 08:51:46.539  1948  1991 D EventHub: No input device configuration file found for device 'Sleep Button'.
12-14 08:51:46.540  1948  1991 W EventHub: Unable to disable kernel key repeat for /dev/input/event1: Function not implemented
12-14 08:51:46.540  1948  1991 I EventHub: New device: id=3, fd=79, path='/dev/input/event1', name='Sleep Button', classes=0x1, configuration='', keyLayout='/system/usr/keylayout/Generic.kl', keyCharacterMap='/system/usr/keychars/Generic.kcm', builtinKeyboard=false, wakeMechanism=EPOLLWAKEUP, usingClockIoctl=true
12-14 08:51:46.541  1948  1991 D EventHub: No input device configuration file found for device 'Lid Switch'.
12-14 08:51:46.541  1948  1991 I EventHub: New device: id=4, fd=80, path='/dev/input/event0', name='Lid Switch', classes=0x80, configuration='', keyLayout='', keyCharacterMap='', builtinKeyboard=false, wakeMechanism=EPOLLWAKEUP, usingClockIoctl=true
12-14 08:51:46.541  1948  1991 D EventHub: No input device configuration file found for device 'Video Bus'.
12-14 08:51:46.542  1948  1991 W EventHub: Unable to disable kernel key repeat for /dev/input/event5: Function not implemented
12-14 08:51:46.542  1948  1991 I EventHub: New device: id=5, fd=81, path='/dev/input/event5', name='Video Bus', classes=0x1, configuration='', keyLayout='/system/usr/keylayout/Generic.kl', keyCharacterMap='/system/usr/keychars/Generic.kcm', builtinKeyboard=false, wakeMechanism=EPOLLWAKEUP, usingClockIoctl=true
12-14 08:51:46.542  1948  1991 D EventHub: No input device configuration file found for device 'PC Speaker'.
12-14 08:51:46.548  1948  1948 I ActivityManager: Config changes=400 {1.0 ?mcc?mnc en_US ?layoutDir sw900dp w1600dp h827dp 160dpi xlrg long land ?uimode ?night -touch -keyb/v/h -nav/h s.3}
12-14 08:51:46.549  1948  1948 I SystemServer: Mount Service
12-14 08:51:46.550  1948  1948 D MountService: got storage path: null description: Internal storage primary: true removable: false emulated: true mtpReserve: 100 allowMassStorage: false maxFileSize: 0
12-14 08:51:46.550  1948  1948 D MountService: addVolumeLocked() StorageVolume:
12-14 08:51:46.550  1948  1948 D MountService:     mStorageId=65537 mPath=/storage/emulated/0 mDescriptionId=17040805 
12-14 08:51:46.550  1948  1948 D MountService:     mPrimary=true mRemovable=false mEmulated=true mMtpReserveSpace=100 
12-14 08:51:46.550  1948  1948 D MountService:     mAllowMassStorage=false mMaxFileSize=0 mOwner=UserHandle{0} mUuid=null 
12-14 08:51:46.550  1948  1948 D MountService:     mUserLabel=null mState=null 
12-14 08:51:46.550  1948  1948 D MountService: got storage path: /storage/sdcard1 description: SD card primary: false removable: true emulated: false mtpReserve: 0 allowMassStorage: false maxFileSize: 4294967296
12-14 08:51:46.550  1948  1948 D MountService: addVolumeLocked() StorageVolume:
12-14 08:51:46.550  1948  1948 D MountService:     mStorageId=0 mPath=/storage/sdcard1 mDescriptionId=17040806 mPrimary=false 
12-14 08:51:46.550  1948  1948 D MountService:     mRemovable=true mEmulated=false mMtpReserveSpace=0 mAllowMassStorage=false 
12-14 08:51:46.550  1948  1948 D MountService:     mMaxFileSize=4294967296 mOwner=null mUuid=null mUserLabel=null mState=null 
12-14 08:51:46.551  1948  1948 D MountService: got storage path: /storage/usb0 description: USB storage primary: false removable: true emulated: false mtpReserve: 0 allowMassStorage: false maxFileSize: 4294967296
12-14 08:51:46.551  1948  1948 D MountService: addVolumeLocked() StorageVolume:
12-14 08:51:46.551  1948  1948 D MountService:     mStorageId=0 mPath=/storage/usb0 mDescriptionId=17040807 mPrimary=false 
12-14 08:51:46.551  1948  1948 D MountService:     mRemovable=true mEmulated=false mMtpReserveSpace=0 mAllowMassStorage=false 
12-14 08:51:46.551  1948  1948 D MountService:     mMaxFileSize=4294967296 mOwner=null mUuid=null mUserLabel=null mState=null 
12-14 08:51:46.551  1948  1948 D MountService: got storage path: /storage/usb1 description: USB storage primary: false removable: true emulated: false mtpReserve: 0 allowMassStorage: false maxFileSize: 4294967296
12-14 08:51:46.551  1948  1948 D MountService: addVolumeLocked() StorageVolume:
12-14 08:51:46.551  1948  1948 D MountService:     mStorageId=0 mPath=/storage/usb1 mDescriptionId=17040807 mPrimary=false 
12-14 08:51:46.551  1948  1948 D MountService:     mRemovable=true mEmulated=false mMtpReserveSpace=0 mAllowMassStorage=false 
12-14 08:51:46.551  1948  1948 D MountService:     mMaxFileSize=4294967296 mOwner=null mUuid=null mUserLabel=null mState=null 
12-14 08:51:46.551  1948  1948 D MountService: got storage path: /storage/usb2 description: USB storage primary: false removable: true emulated: false mtpReserve: 0 allowMassStorage: false maxFileSize: 4294967296
12-14 08:51:46.551  1948  1948 D MountService: addVolumeLocked() StorageVolume:
12-14 08:51:46.551  1948  1948 D MountService:     mStorageId=0 mPath=/storage/usb2 mDescriptionId=17040807 mPrimary=false 
12-14 08:51:46.551  1948  1948 D MountService:     mRemovable=true mEmulated=false mMtpReserveSpace=0 mAllowMassStorage=false 
12-14 08:51:46.551  1948  1948 D MountService:     mMaxFileSize=4294967296 mOwner=null mUuid=null mUserLabel=null mState=null 
12-14 08:51:46.551  1948  1948 D MountService: got storage path: /storage/usb3 description: USB storage primary: false removable: true emulated: false mtpReserve: 0 allowMassStorage: false maxFileSize: 4294967296
12-14 08:51:46.551  1948  1948 D MountService: addVolumeLocked() StorageVolume:
12-14 08:51:46.551  1948  1948 D MountService:     mStorageId=0 mPath=/storage/usb3 mDescriptionId=17040807 mPrimary=false 
12-14 08:51:46.551  1948  1948 D MountService:     mRemovable=true mEmulated=false mMtpReserveSpace=0 mAllowMassStorage=false 
12-14 08:51:46.551  1948  1948 D MountService:     mMaxFileSize=4294967296 mOwner=null mUuid=null mUserLabel=null mState=null 
12-14 08:51:46.553  1948  1948 I SystemServer: LockSettingsService
12-14 08:51:46.554  1948  1994 D MountService: volume state changed for /storage/usb0 (unmounted -> removed)
12-14 08:51:46.554  1948  1994 D MountService: volume state changed for /storage/usb1 (unmounted -> removed)
12-14 08:51:46.554  1948  1994 D MountService: volume state changed for /storage/usb2 (unmounted -> removed)
12-14 08:51:46.554  1948  1994 D MountService: volume state changed for /storage/usb3 (unmounted -> removed)
12-14 08:51:46.555  1948  1991 D EventHub: No input device configuration file found for device 'ThinkPad Extra Buttons'.
12-14 08:51:46.555  1948  1994 I PackageManager: No secure containers found
12-14 08:51:46.555  1948  1994 W PackageManager: Unknown permission com.google.android.googleapps.permission.GOOGLE_AUTH in package com.android.providers.calendar
12-14 08:51:46.555  1948  1994 W PackageManager: Unknown permission com.google.android.googleapps.permission.GOOGLE_AUTH.cl in package com.android.providers.calendar
12-14 08:51:46.555  1948  1994 W PackageManager: Not granting permission android.permission.GLOBAL_SEARCH to package com.android.quicksearchbox (protectionLevel=18 flags=0x8be45)
12-14 08:51:46.555  1948  1994 W PackageManager: Not granting permission android.permission.ACCESS_DOWNLOAD_MANAGER to package com.android.browser (protectionLevel=18 flags=0x9be45)
12-14 08:51:46.555  1948  1994 W PackageManager: Not granting permission android.permission.SEND_DOWNLOAD_COMPLETED_INTENTS to package com.android.browser (protectionLevel=2 flags=0x9be45)
12-14 08:51:46.555  1948  1994 W PackageManager: Not granting permission android.permission.BIND_WALLPAPER to package com.android.camera2 (protectionLevel=18 flags=0x58bc45)
12-14 08:51:46.556  1948  1994 W PackageManager: Unknown permission android.permission.INSTALL_DRM in package com.android.mms
12-14 08:51:46.556  1948  1994 W PackageManager: Not granting permission android.permission.BIND_APPWIDGET to package com.android.launcher3 (protectionLevel=18 flags=0x483e45)
12-14 08:51:46.556  1948  1994 W PackageManager: Unknown permission com.android.launcher.permission.READ_SETTINGS in package com.android.launcher3
12-14 08:51:46.556  1948  1994 W PackageManager: Unknown permission com.android.launcher.permission.WRITE_SETTINGS in package com.android.launcher3
12-14 08:51:46.556  1948  1994 W PackageManager: Unknown permission com.google.android.googleapps.permission.GOOGLE_AUTH.mail in package com.android.calendar
12-14 08:51:46.556  1948  1994 W PackageManager: Unknown permission com.android.launcher.permission.READ_SETTINGS in package com.android.onetimeinitializer
12-14 08:51:46.556  1948  1994 W PackageManager: Unknown permission com.android.launcher.permission.WRITE_SETTINGS in package com.android.onetimeinitializer
12-14 08:51:46.556  1948  1994 W PackageManager: Not granting permission android.permission.DELETE_PACKAGES to package com.svox.pico (protectionLevel=18 flags=0x8be45)
12-14 08:51:46.556  1948  1994 W PackageManager: Unknown permission com.cyanogenmod.filemanager.permissions.READ_THEME in package com.cyanogenmod.filemanager
12-14 08:51:46.556  1948  1994 W PackageManager: Unknown permission com.google.android.googleapps.permission.GOOGLE_AUTH in package com.android.settings
12-14 08:51:46.556  1948  1994 W PackageManager: Unknown permission com.android.launcher.permission.READ_SETTINGS in package com.android.settings
12-14 08:51:46.556  1948  1994 W PackageManager: Unknown permission com.android.launcher.permission.WRITE_SETTINGS in package com.android.settings
12-14 08:51:46.556  1948  1994 W PackageManager: Unknown permission com.android.smspush.WAPPUSH_MANAGER_BIND in package com.android.phone
12-14 08:51:46.556  1948  1994 W PackageManager: Not granting permission android.permission.DEVICE_POWER to package com.android.deskclock (protectionLevel=2 flags=0x48be45)
12-14 08:51:46.556  1948  1994 W PackageManager: Unknown permission com.google.android.gallery3d.permission.GALLERY_PROVIDER in package com.android.bluetooth
12-14 08:51:46.556  1948  1994 W PackageManager: Unknown permission com.google.android.googleapps.permission.ACCESS_GOOGLE_PASSWORD in package com.android.development
12-14 08:51:46.556  1948  1994 W PackageManager: Unknown permission com.google.android.googleapps.permission.GOOGLE_AUTH in package com.android.development
12-14 08:51:46.556  1948  1994 W PackageManager: Unknown permission com.google.android.googleapps.permission.GOOGLE_AUTH.ALL_SERVICES in package com.android.development
12-14 08:51:46.556  1948  1994 W PackageManager: Unknown permission com.google.android.googleapps.permission.GOOGLE_AUTH.YouTubeUser in package com.android.development
12-14 08:51:46.556  1948  1948 I SystemServiceManager: Starting com.android.server.devicepolicy.DevicePolicyManagerService$Lifecycle
12-14 08:51:46.557  1948  1991 W EventHub: Unable to disable kernel key repeat for /dev/input/event4: Function not implemented
12-14 08:51:46.557  1948  1991 I EventHub: New device: id=7, fd=86, path='/dev/input/event4', name='ThinkPad Extra Buttons', classes=0x81, configuration='', keyLayout='/system/usr/keylayout/Generic.kl', keyCharacterMap='/system/usr/keychars/Generic.kcm', builtinKeyboard=false, wakeMechanism=EPOLLWAKEUP, usingClockIoctl=true
12-14 08:51:46.557  1948  1991 E EventHub: could not get driver version for /dev/input/mouse0, Not a typewriter
12-14 08:51:46.573  1948  1991 I EventHub: New device: id=8, fd=87, path='/dev/input/event15', name='SynPS/2 Synaptics TouchPad', classes=0x14, configuration='/system/usr/idc/SynPS_2_Synaptics_TouchPad.idc', keyLayout='', keyCharacterMap='', builtinKeyboard=false, wakeMechanism=EPOLLWAKEUP, usingClockIoctl=true
12-14 08:51:46.573  1948  1991 D EventHub: No input device configuration file found for device 'AT Translated Set 2 keyboard'.
12-14 08:51:46.575  1948  1991 I EventHub: New device: id=9, fd=88, path='/dev/input/event3', name='AT Translated Set 2 keyboard', classes=0x3, configuration='', keyLayout='/system/usr/keylayout/Generic.kl', keyCharacterMap='/system/usr/keychars/Generic.kcm', builtinKeyboard=false, wakeMechanism=EPOLLWAKEUP, usingClockIoctl=true
12-14 08:51:46.575  1948  1991 E EventHub: could not get driver version for /dev/input/mice, Not a typewriter
12-14 08:51:46.590  1948  1948 I SystemServer: Status Bar
12-14 08:51:46.591  1948  1948 I SystemServer: Clipboard Service
12-14 08:51:46.592  1948  1948 I SystemServer: NetworkManagement Service
12-14 08:51:46.593  1948  1948 I SystemServer: Text Service Manager Service
12-14 08:51:46.595  1948  1991 D EventHub: No input device configuration file found for device 'HDA Intel PCH HDMI/DP,pcm=8'.
12-14 08:51:46.595  1948  1991 I EventHub: New device: id=10, fd=90, path='/dev/input/event12', name='HDA Intel PCH HDMI/DP,pcm=8', classes=0x80, configuration='', keyLayout='', keyCharacterMap='', builtinKeyboard=false, wakeMechanism=EPOLLWAKEUP, usingClockIoctl=true
12-14 08:51:46.595  1948  1991 D EventHub: No input device configuration file found for device 'HDA Intel PCH HDMI/DP,pcm=7'.
12-14 08:51:46.595  1948  1991 I EventHub: New device: id=11, fd=91, path='/dev/input/event11', name='HDA Intel PCH HDMI/DP,pcm=7', classes=0x80, configuration='', keyLayout='', keyCharacterMap='', builtinKeyboard=false, wakeMechanism=EPOLLWAKEUP, usingClockIoctl=true
12-14 08:51:46.595  1948  1991 D EventHub: No input device configuration file found for device 'HDA Intel PCH HDMI/DP,pcm=3'.
12-14 08:51:46.595  1948  1991 I EventHub: New device: id=12, fd=92, path='/dev/input/event10', name='HDA Intel PCH HDMI/DP,pcm=3', classes=0x80, configuration='', keyLayout='', keyCharacterMap='', builtinKeyboard=false, wakeMechanism=EPOLLWAKEUP, usingClockIoctl=true
12-14 08:51:46.595  1948  1991 D EventHub: No input device configuration file found for device 'HDA Intel PCH Dock Headphone'.
12-14 08:51:46.595  1948  1991 I EventHub: New device: id=13, fd=93, path='/dev/input/event9', name='HDA Intel PCH Dock Headphone', classes=0x80, configuration='', keyLayout='', keyCharacterMap='', builtinKeyboard=false, wakeMechanism=EPOLLWAKEUP, usingClockIoctl=true
12-14 08:51:46.595  1948  1991 D EventHub: No input device configuration file found for device 'HDA Intel PCH Headphone'.
12-14 08:51:46.595  1948  1991 I EventHub: New device: id=14, fd=94, path='/dev/input/event8', name='HDA Intel PCH Headphone', classes=0x80, configuration='', keyLayout='', keyCharacterMap='', builtinKeyboard=false, wakeMechanism=EPOLLWAKEUP, usingClockIoctl=true
12-14 08:51:46.595  1948  1991 D EventHub: No input device configuration file found for device 'HDA Intel PCH Dock Mic'.
12-14 08:51:46.595  1948  1991 I EventHub: New device: id=15, fd=95, path='/dev/input/event7', name='HDA Intel PCH Dock Mic', classes=0x80, configuration='', keyLayout='', keyCharacterMap='', builtinKeyboard=false, wakeMechanism=EPOLLWAKEUP, usingClockIoctl=true
12-14 08:51:46.595  1948  1991 D EventHub: No input device configuration file found for device 'HDA Intel PCH Mic'.
12-14 08:51:46.595  1948  1991 I EventHub: New device: id=16, fd=96, path='/dev/input/event6', name='HDA Intel PCH Mic', classes=0x80, configuration='', keyLayout='', keyCharacterMap='', builtinKeyboard=false, wakeMechanism=EPOLLWAKEUP, usingClockIoctl=true
12-14 08:51:46.595  1948  1991 D EventHub: No input device configuration file found for device 'Integrated Camera'.
12-14 08:51:46.596  1948  1948 I SystemServer: Network Score Service
12-14 08:51:46.596  1948  1948 I SystemServer: NetworkStats Service
12-14 08:51:46.597  1948  1991 W EventHub: Unable to disable kernel key repeat for /dev/input/event14: Function not implemented
12-14 08:51:46.597  1948  1991 I EventHub: New device: id=17, fd=97, path='/dev/input/event14', name='Integrated Camera', classes=0x80000001, configuration='', keyLayout='/system/usr/keylayout/Generic.kl', keyCharacterMap='/system/usr/keychars/Generic.kcm', builtinKeyboard=false, wakeMechanism=EPOLLWAKEUP, usingClockIoctl=true
12-14 08:51:46.599  1948  1991 I InputReader: Device added: id=-1, name='Virtual', sources=0x00000301
12-14 08:51:46.599  1948  1991 I InputReader: Device added: id=17, name='Integrated Camera', sources=0x00000101
12-14 08:51:46.599  1948  1991 I InputReader: Device added: id=16, name='HDA Intel PCH Mic', sources=0x80000000
12-14 08:51:46.599  1948  1991 I InputReader: Device added: id=15, name='HDA Intel PCH Dock Mic', sources=0x80000000
12-14 08:51:46.599  1948  1991 I InputReader: Device added: id=14, name='HDA Intel PCH Headphone', sources=0x80000000
12-14 08:51:46.599  1948  1991 I InputReader: Device added: id=13, name='HDA Intel PCH Dock Headphone', sources=0x80000000
12-14 08:51:46.599  1948  1991 I InputReader: Device added: id=12, name='HDA Intel PCH HDMI/DP,pcm=3', sources=0x80000000
12-14 08:51:46.599  1948  1991 I InputReader: Device added: id=11, name='HDA Intel PCH HDMI/DP,pcm=7', sources=0x80000000
12-14 08:51:46.599  1948  1991 I InputReader: Device added: id=10, name='HDA Intel PCH HDMI/DP,pcm=8', sources=0x80000000
12-14 08:51:46.599  1948  1991 I InputReader: Device added: id=9, name='AT Translated Set 2 keyboard', sources=0x00000101
12-14 08:51:46.599  1948  1991 I InputReader:   Touch device 'SynPS/2 Synaptics TouchPad' could not query the properties of its associated display.  The device will be inoperable until the display size becomes available.
12-14 08:51:46.599  1948  1991 I InputReader: Device added: id=8, name='SynPS/2 Synaptics TouchPad', sources=0x00002002
12-14 08:51:46.599  1948  1991 I InputReader: Device added: id=7, name='ThinkPad Extra Buttons', sources=0x80000101
12-14 08:51:46.599  1948  1991 I InputReader: Device added: id=5, name='Video Bus', sources=0x00000101
12-14 08:51:46.599  1948  1991 I InputReader: Device added: id=4, name='Lid Switch', sources=0x80000000
12-14 08:51:46.599  1948  1991 I InputReader: Device added: id=3, name='Sleep Button', sources=0x00000101
12-14 08:51:46.599  1948  1991 I InputReader: Device added: id=2, name='Android Power Button', sources=0x00000101
12-14 08:51:46.600  1948  1948 I SystemServer: NetworkPolicy Service
12-14 08:51:46.601  1948  1991 I InputReader: Device added: id=1, name='TPPS/2 IBM TrackPoint', sources=0x00002002
12-14 08:51:46.602  1948  1991 I InputReader: Reconfiguring input devices.  changes=0x00000004
12-14 08:51:46.602  1948  1991 I InputReader: Device reconfigured: id=8, name='SynPS/2 Synaptics TouchPad', size 1600x900, orientation 0, mode 4, display id 0
12-14 08:51:46.602  1948  1990 I ActivityManager: Config changes=30 {1.0 ?mcc?mnc en_US ?layoutDir sw900dp w1600dp h827dp 160dpi xlrg long land ?uimode ?night -touch qwerty/v/v -nav/h s.4}
12-14 08:51:46.604  1948  1948 I SystemServiceManager: Starting com.android.server.wifi.p2p.WifiP2pService
12-14 08:51:46.615  1948  1948 I WifiP2pService: Registering wifip2p
12-14 08:51:46.615  1948  1948 I SystemServiceManager: Starting com.android.server.wifi.WifiService
12-14 08:51:46.657  1948  1948 E WifiConfigStore: associatedPartialScanPeriodMilli set to 20000
12-14 08:51:46.662  1948  1948 D WifiController: isAirplaneModeOn = false, isWifiEnabled = false, isScanningAvailable = false
12-14 08:51:46.663  1948  1948 I WifiService: Registering wifi
12-14 08:51:46.663  1948  1948 I SystemServiceManager: Starting com.android.server.wifi.WifiScanningService
12-14 08:51:46.663  1948  1948 I WifiScanningService: Creating wifiscanner
12-14 08:51:46.663  1948  1948 I WifiScanningService: Starting wifiscanner
12-14 08:51:46.663  1948  1948 I SystemServiceManager: Starting com.android.server.wifi.RttService
12-14 08:51:46.663  1948  1948 I RttService: Creating rttmanager
12-14 08:51:46.664  1948  1948 I RttService: Starting rttmanager
12-14 08:51:46.664  1948  1948 I SystemServiceManager: Starting com.android.server.ethernet.EthernetService
12-14 08:51:46.665  1948  1948 I EthernetServiceImpl: Creating EthernetConfigStore
12-14 08:51:46.665  1948  1948 E IpConfigStore: Error parsing configuration: java.io.FileNotFoundException: /data/misc/ethernet/ipconfig.txt: open failed: ENOENT (No such file or directory)
12-14 08:51:46.665  1948  1948 W EthernetConfigStore: No Ethernet configuration found. Using default.
12-14 08:51:46.665  1948  1948 I EthernetServiceImpl: Read stored IP configuration: IP assignment: DHCP
12-14 08:51:46.665  1948  1948 I EthernetServiceImpl: Proxy settings: NONE
12-14 08:51:46.665  1948  1948 I EthernetService: Registering service ethernet
12-14 08:51:46.665  1948  1948 I SystemServer: Connectivity Service
12-14 08:51:46.666  1948  1948 D ConnectivityService: ConnectivityService starting up
12-14 08:51:46.667  1948  1948 D ConnectivityService: wifiOnly=false
12-14 08:51:46.668  1948  1948 E ConnectivityService: Ignoring protectedNetwork 14
12-14 08:51:46.668  1948  1948 E ConnectivityService: Ignoring protectedNetwork 15
12-14 08:51:46.671  1948  1948 I SystemServer: Network Service Discovery Service
12-14 08:51:46.673  1948  1948 D NsdService: Network service discovery enabled true
12-14 08:51:46.673  1948  1948 I SystemServer: UpdateLock Service
12-14 08:51:46.720  1948  1948 I SystemServiceManager: Starting com.android.server.notification.NotificationManagerService
12-14 08:51:46.730  1948  1948 D ZenLog  : set_zen_mode: off,setting
12-14 08:51:46.732  1948  1948 I SystemServiceManager: Starting com.android.server.storage.DeviceStorageMonitorService
12-14 08:51:46.733  1948  1948 I SystemServer: Location Manager
12-14 08:51:46.734  1948  1948 I SystemServer: Country Detector
12-14 08:51:46.735  1948  1948 I SystemServer: Search Service
12-14 08:51:46.736  1948  1948 I SystemServer: DropBox Service
12-14 08:51:46.737  1948  1948 I SystemServer: Wallpaper Service
12-14 08:51:46.739  1948  1948 I SystemServer: Audio Service
12-14 08:51:46.743  1948  1948 W TelecomManager: Telecom Service not found.
12-14 08:51:46.744  1687  1989 D BlueZ   : external/bluetooth/bluez/android/hal-audio.c:audio_set_mic_mute() 
12-14 08:51:46.750  1948  1948 I SystemServiceManager: Starting com.android.server.DockObserver
12-14 08:51:46.750  1948  1948 W DockObserver: This kernel does not have dock station support
12-14 08:51:46.751  1948  1948 I SystemServer: Wired Accessory Manager
12-14 08:51:46.751  1948  1948 W WiredAccessoryManager: This kernel does not have usb audio support
12-14 08:51:46.751  1948  1948 W WiredAccessoryManager: This kernel does not have HDMI audio support
12-14 08:51:46.752  1948  1948 I SystemServiceManager: Starting com.android.server.usb.UsbService$Lifecycle
12-14 08:51:46.754  1948  1948 I SystemServer: Serial Service
12-14 08:51:46.754  1948  1948 I SystemServiceManager: Starting com.android.server.twilight.TwilightService
12-14 08:51:46.755  1948  1948 I SystemServiceManager: Starting com.android.server.UiModeManagerService
12-14 08:51:46.756  1948  1948 I SystemServiceManager: Starting com.android.server.job.JobSchedulerService
12-14 08:51:46.759  1948  1948 I SystemServiceManager: Starting com.android.server.backup.BackupManagerService$Lifecycle
12-14 08:51:46.760  1948  1948 I SystemServiceManager: Starting com.android.server.appwidget.AppWidgetService
12-14 08:51:46.761  1948  1948 I SystemServiceManager: Starting com.android.server.voiceinteraction.VoiceInteractionManagerService
12-14 08:51:46.763  1948  1948 W SoundTriggerHelper: listModules status=0, # of modules=0
12-14 08:51:46.763  1948  1948 I SystemServer: DiskStats Service
12-14 08:51:46.763  1948  1948 I SystemServer: SamplingProfiler Service
12-14 08:51:46.774  1948  1948 I SystemServer: NetworkTimeUpdateService
12-14 08:51:46.774  1948  1948 I SystemServer: CommonTimeManagementService
12-14 08:51:46.775  1948  1948 I SystemServer: CertBlacklister
12-14 08:51:46.776  1948  1948 I SystemServiceManager: Starting com.android.server.dreams.DreamManagerService
12-14 08:51:46.777  1948  1948 I SystemServer: Assets Atlas Service
12-14 08:51:46.779  1948  1948 I SystemServiceManager: Starting com.android.server.print.PrintManagerService
12-14 08:51:46.780  1948  2008 D AssetAtlas: Loaded configuration: SliceMinArea (768x768) flags=0x2 count=446
12-14 08:51:46.781  1948  1948 I SystemServiceManager: Starting com.android.server.restrictions.RestrictionsManagerService
12-14 08:51:46.782  1948  2008 I GRALLOC-DRM: create intel for driver i915
12-14 08:51:46.782  1948  1948 I SystemServiceManager: Starting com.android.server.media.MediaSessionService
12-14 08:51:46.784  1948  1948 I SystemServer: Media Router Service
12-14 08:51:46.785  1948  1948 I SystemServiceManager: Starting com.android.server.trust.TrustManagerService
12-14 08:51:46.786  1948  1948 I SystemServiceManager: Starting com.android.server.fingerprint.FingerprintService
12-14 08:51:46.786  1948  1948 V Fingerprint-JNI: nativeInit()
12-14 08:51:46.786  1948  1948 V Fingerprint-JNI: nativeOpenHal()
12-14 08:51:46.787  1948  1948 E Fingerprint-JNI: Can't open fingerprint HW Module, error: -2
12-14 08:51:46.787  1948  1948 I SystemServer: BackgroundDexOptService
12-14 08:51:46.788  1948  1948 I SystemServiceManager: Starting com.android.server.pm.LauncherAppsService
12-14 08:51:46.790  1948  1948 I SystemServiceManager: Starting com.android.server.media.projection.MediaProjectionManagerService
12-14 08:51:46.790  1948  2008 I EGL-DRI2: DRI2: found extension DRI_Core version 1
12-14 08:51:46.790  1948  2008 I EGL-DRI2: DRI2: found extension DRI_DRI2 version 4
12-14 08:51:46.793  1948  1948 I WindowManager: SAFE MODE not enabled
12-14 08:51:46.794  1948  1948 I SystemServiceManager: Starting com.android.server.MmsServiceBroker
12-14 08:51:46.801  1948  2008 I EGL-DRI2: DRI2: found extension DRI_TexBuffer version 3
12-14 08:51:46.801  1948  2008 I EGL-DRI2: DRI2: found extension DRI2_Flush version 4
12-14 08:51:46.801  1948  2008 I EGL-DRI2: DRI2: found extension DRI_IMAGE version 11
12-14 08:51:46.802  1948  1948 E SQLiteLog: (283) recovered 16 frames from WAL file /data/system/locksettings.db-wal
12-14 08:51:46.804  1948  1948 E LockSettingsStorage: Cannot read file java.io.FileNotFoundException: /data/system/password.key: open failed: ENOENT (No such file or directory)
12-14 08:51:46.804  1948  1948 E LockSettingsStorage: Cannot read file java.io.FileNotFoundException: /data/system/gesture.key: open failed: ENOENT (No such file or directory)
12-14 08:51:46.804  1948  1948 I SystemServiceManager: Starting phase 480
12-14 08:51:46.806  1948  1948 I SystemServiceManager: Starting phase 500
12-14 08:51:46.806  1948  1948 I WifiService: WifiService starting up with Wi-Fi disabled
12-14 08:51:46.806  1948  2008 D AssetAtlas: Rendered atlas in 21.87ms (4.37+17.50ms)
12-14 08:51:46.808  1948  2000 D WifiService: New client listening to asynchronous messages
12-14 08:51:46.808  1948  1948 I WifiScanningService: Registering wifiscanner
12-14 08:51:46.809  1948  1948 D WifiScanningService: New client, channel: null messenger: null
12-14 08:51:46.809  1948  1948 I RttService: Registering rttmanager
12-14 08:51:46.809  1948  2011 D WifiChangeStateMachine: Entering IdleState
12-14 08:51:46.809  1948  2011 D WifiScanningService: DefaultState
12-14 08:51:46.810  1948  1948 I EthernetServiceImpl: Starting Ethernet service
12-14 08:51:46.810  1948  1948 D Ethernet: Registering NetworkFactory
12-14 08:51:46.811  1948  2001 D ConnectivityService: Got NetworkFactory Messenger for Ethernet
12-14 08:51:46.811  1948  2013 D Ethernet: got request NetworkRequest [ id=1, legacyType=-1, [ Capabilities: INTERNET&NOT_RESTRICTED&TRUSTED&NOT_VPN] ] with score 0
12-14 08:51:46.811  1948  1948 D EthernetNetworkFactory: Started tracking interface eth0
12-14 08:51:46.812  1682  1934 D CommandListener: Setting iface cfg
12-14 08:51:46.812  1682  1934 D CommandListener: Trying to bring up eth0
12-14 08:51:46.849  1679  1679 D SurfaceFlinger: Set power mode=0, type=0 flinger=0x7fb91f062000
12-14 08:51:47.033  1948  1948 I ActivityManager: Config changes=200 {1.0 ?mcc?mnc en_US ?layoutDir sw900dp w1600dp h827dp 160dpi xlrg long land -touch qwerty/v/v -nav/h s.5}
12-14 08:51:47.037  1948  1948 V BackupManagerService: No ancestral data
12-14 08:51:47.038  1948  1948 D BackupManagerService: Now staging backup of com.android.browser
12-14 08:51:47.057  1948  1948 D BackupManagerService: Now staging backup of android
12-14 08:51:47.069  1948  1948 D BackupManagerService: Now staging backup of com.android.calendar
12-14 08:51:47.080  1948  1948 D BackupManagerService: Now staging backup of com.android.providers.settings
12-14 08:51:47.093  1948  1948 D BackupManagerService: Now staging backup of com.android.sharedstoragebackup
12-14 08:51:47.105  1948  1948 D BackupManagerService: Now staging backup of com.android.dialer
12-14 08:51:47.117  1948  1948 D BackupManagerService: Now staging backup of com.android.providers.userdictionary
12-14 08:51:47.129  1948  1948 V BackupManagerService: Starting with transport android/com.android.internal.backup.LocalTransport
12-14 08:51:47.129  1948  1948 V BackupManagerService: Found transports: 1
12-14 08:51:47.129  1948  1948 I BackupManagerService: Binding to transport host ComponentInfo{android/com.android.internal.backup.LocalTransportService}
12-14 08:51:47.131  1948  1948 I BackupManagerService: Found stale backup journal, scheduling
12-14 08:51:47.171  1948  1948 I AppOps  : Pruning old package media/1013: new uid=-1
12-14 08:51:47.171  1948  1948 I ActivityManager: System now ready
12-14 08:51:47.174  1948  1948 I SystemServer: Making services ready
12-14 08:51:47.174  1948  1948 I SystemServiceManager: Starting phase 550
12-14 08:51:47.175  1948  1948 I SystemServer: WebViewFactory preparation
12-14 08:51:47.186  1948  1948 I Zygote  : Process: zygote socket opened, supported ABIS: x86_64,arm64-v8a
12-14 08:51:47.196  1948  1948 I Zygote  : Process: zygote socket opened, supported ABIS: x86,armeabi-v7a,armeabi
12-14 08:51:47.230  1948  1948 I ActivityManager: Start proc 2019:WebViewLoader-x86/1037 [android.webkit.WebViewFactory$RelroFileCreator] for 
12-14 08:51:47.238  2019  2019 V WebViewFactory: RelroFileCreator (64bit = false),  32-bit lib: /system/app/webview/lib/x86/libwebviewchromium.so, 64-bit lib: /system/app/webview/lib/x86_64/libwebviewchromium.so
12-14 08:51:47.248  1948  1948 I ActivityManager: Start proc 2037:WebViewLoader-x86_64/1037 [android.webkit.WebViewFactory$RelroFileCreator] for 
12-14 08:51:47.254  2037  2037 V WebViewFactory: RelroFileCreator (64bit = true),  32-bit lib: /system/app/webview/lib/x86/libwebviewchromium.so, 64-bit lib: /system/app/webview/lib/x86_64/libwebviewchromium.so
12-14 08:51:47.254  2019  2019 I art     : System.exit called, status: 0
12-14 08:51:47.254  2019  2019 I AndroidRuntime: VM exiting with result code 0, cleanup skipped.
12-14 08:51:47.265  1948  1948 I ActivityManager: Start proc 2056:com.android.systemui/u0a13 for service com.android.systemui/.SystemUIService
12-14 08:51:47.265  1948  1948 D NetworkManagementService: not enabling bandwidth control
12-14 08:51:47.266  1948  1992 E MountService: Boot-time mount failed (-1)
12-14 08:51:47.266  1948  1992 W MountService: Duplicate state transition (mounted -> mounted) for /storage/emulated/0
12-14 08:51:47.267  2062  2062 W linker  : [vdso]: unused DT entry: type 0x6ffffef5 arg 0x160
12-14 08:51:47.267  1682  1934 I iptables: WARNING: linker: [vdso]: unused DT entry: type 0x6ffffef5 arg 0x160
12-14 08:51:47.269  2063  2063 W linker  : [vdso]: unused DT entry: type 0x6ffffef5 arg 0x160
12-14 08:51:47.269  1682  1934 I ip6tables: WARNING: linker: [vdso]: unused DT entry: type 0x6ffffef5 arg 0x160
12-14 08:51:47.270  2067  2067 W linker  : [vdso]: unused DT entry: type 0x6ffffef5 arg 0x160
12-14 08:51:47.270  1682  1934 I iptables: WARNING: linker: [vdso]: unused DT entry: type 0x6ffffef5 arg 0x160
12-14 08:51:47.272  2070  2070 W linker  : [vdso]: unused DT entry: type 0x6ffffef5 arg 0x160
12-14 08:51:47.272  1682  1934 I ip6tables: WARNING: linker: [vdso]: unused DT entry: type 0x6ffffef5 arg 0x160
12-14 08:51:47.273  2076  2076 W linker  : [vdso]: unused DT entry: type 0x6ffffef5 arg 0x160
12-14 08:51:47.273  1682  1934 I iptables: WARNING: linker: [vdso]: unused DT entry: type 0x6ffffef5 arg 0x160
12-14 08:51:47.275  2078  2078 W linker  : [vdso]: unused DT entry: type 0x6ffffef5 arg 0x160
12-14 08:51:47.275  1682  1934 I ip6tables: WARNING: linker: [vdso]: unused DT entry: type 0x6ffffef5 arg 0x160
12-14 08:51:47.276  1948  1948 W NetworkStats: bandwidth controls disabled, unable to track stats
12-14 08:51:47.276  1948  1948 W NetworkPolicy: bandwidth controls disabled, unable to enforce policy
12-14 08:51:47.277  2082  2082 W linker  : [vdso]: unused DT entry: type 0x6ffffef5 arg 0x160
12-14 08:51:47.277  1682  1934 I iptables: WARNING: linker: [vdso]: unused DT entry: type 0x6ffffef5 arg 0x160
12-14 08:51:47.278  2083  2083 W linker  : [vdso]: unused DT entry: type 0x6ffffef5 arg 0x160
12-14 08:51:47.278  1682  1934 I ip6tables: WARNING: linker: [vdso]: unused DT entry: type 0x6ffffef5 arg 0x160
12-14 08:51:47.280  2084  2084 W linker  : [vdso]: unused DT entry: type 0x6ffffef5 arg 0x160
12-14 08:51:47.280  1682  1934 I iptables: WARNING: linker: [vdso]: unused DT entry: type 0x6ffffef5 arg 0x160
12-14 08:51:47.282  1948  2017 D UsbHostManager: Added device UsbDevice[mName=/dev/bus/usb/001/004,mVendorId=22918,mProductId=725,mClass=239,mSubclass=2,mProtocol=1,mManufacturerName=Ricoh Company Ltd.,mProductName=Integrated Camera,mSerialNumber=null,mConfigurations=[
12-14 08:51:47.282  1948  2017 D UsbHostManager: UsbConfiguration[mId=1,mName=null,mAttributes=128,mMaxPower=100,mInterfaces=[
12-14 08:51:47.282  1948  2017 D UsbHostManager: UsbInterface[mId=0,mAlternateSetting=0,mName=Integrated Camera,mClass=14,mSubclass=1,mProtocol=0,mEndpoints=[
12-14 08:51:47.282  1948  2017 D UsbHostManager: UsbEndpoint[mAddress=129,mAttributes=3,mMaxPacketSize=16,mInterval=8]]
12-14 08:51:47.282  1948  2017 D UsbHostManager: UsbInterface[mId=1,mAlternateSetting=0,mName=null,mClass=14,mSubclass=2,mProtocol=0,mEndpoints=[]
12-14 08:51:47.282  1948  2017 D UsbHostManager: UsbInterface[mId=1,mAlternateSetting=1,mName=null,mClass=14,mSubclass=2,mProtocol=0,mEndpoints=[
12-14 08:51:47.282  1948  2017 D UsbHostManager: UsbEndpoint[mAddress=130,mAttributes=5,mMaxPacketSize=2908,mInterval=1]]
12-14 08:51:47.282  1948  2017 D UsbHostManager: UsbInterface[mId=1,mAlternateSetting=2,mName=null,mClass=14,mSubclass=2,mProtocol=0,mEndpoints=[
12-14 08:51:47.282  1948  2017 D UsbHostManager: UsbEndpoint[mAddress=130,mAttributes=5,mMaxPacketSize=4956,mInterval=1]]
12-14 08:51:47.282  1948  2017 D UsbHostManager: UsbInterface[mId=1,mAlternateSetting=3,mName=null,mClass=14,mSubclass=2,mProtocol=0,mEndpoints=[
12-14 08:51:47.282  1948  2017 D UsbHostManager: UsbEndpoint[mAddress=130,mAttributes=5,mMaxPacketSize=5056,mInterval=1]]
12-14 08:51:47.282  1948  2017 D UsbHostManager: UsbInterface[mId=1,mAlternateSetting=4,mName=null,mClass=14,mSubclass=2,mProtocol=0,mEndpoints=[
12-14 08:51:47.282  1948  2017 D UsbHostManager: UsbEndpoint[mAddress=130,mAttributes=5,mMaxPacketSize=5116,mInterval=1]]
12-14 08:51:47.282  1948  2017 D UsbHostManager: UsbInterface[mId=1,mAlternateSetting=5,mName=null,mClass=14,mSubclass=2,mProtocol=0,mEndpoints=[
12-14 08:51:47.282  1948  2017 D UsbHostManager: UsbEndpoint[mAddress=130,mAttributes=5,mMaxPacketSize=5120,mInterval=1]]]]
12-14 08:51:47.284  2037  2037 I art     : System.exit called, status: 0
12-14 08:51:47.284  2037  2037 I AndroidRuntime: VM exiting with result code 0, cleanup skipped.
12-14 08:51:47.285  1948  2017 W ContextImpl: Calling a method in the system process without a qualified user: android.app.ContextImpl.sendBroadcast:1327 com.android.server.usb.UsbSettingsManager.deviceAttached:741 com.android.server.usb.UsbHostManager.endUsbDeviceAdded:224 com.android.server.usb.UsbHostManager.monitorUsbHostBus:-2 com.android.server.usb.UsbHostManager.access$000:42 
12-14 08:51:47.287  2086  2086 W linker  : [vdso]: unused DT entry: type 0x6ffffef5 arg 0x160
12-14 08:51:47.287  1948  2017 D UsbHostManager: Added device UsbDevice[mName=/dev/bus/usb/001/003,mVendorId=2652,mProductId=8678,mClass=255,mSubclass=1,mProtocol=1,mManufacturerName=Broadcom Corp,mProductName=BCM20702A0,mSerialNumber=083E8EE2028B,mConfigurations=[
12-14 08:51:47.287  1948  2017 D UsbHostManager: UsbConfiguration[mId=1,mName=null,mAttributes=224,mMaxPower=0,mInterfaces=[
12-14 08:51:47.287  1948  2017 D UsbHostManager: UsbInterface[mId=0,mAlternateSetting=0,mName=null,mClass=255,mSubclass=1,mProtocol=1,mEndpoints=[
12-14 08:51:47.287  1948  2017 D UsbHostManager: UsbEndpoint[mAddress=129,mAttributes=3,mMaxPacketSize=16,mInterval=1]
12-14 08:51:47.287  1948  2017 D UsbHostManager: UsbEndpoint[mAddress=130,mAttributes=2,mMaxPacketSize=64,mInterval=1]
12-14 08:51:47.287  1948  2017 D UsbHostManager: UsbEndpoint[mAddress=2,mAttributes=2,mMaxPacketSize=64,mInterval=1]]
12-14 08:51:47.287  1948  2017 D UsbHostManager: UsbInterface[mId=1,mAlternateSetting=0,mName=null,mClass=255,mSubclass=1,mProtocol=1,mEndpoints=[
12-14 08:51:47.287  1948  2017 D UsbHostManager: UsbEndpoint[mAddress=131,mAttributes=1,mMaxPacketSize=0,mInterval=1]
12-14 08:51:47.287  1948  2017 D UsbHostManager: UsbEndpoint[mAddress=3,mAttributes=1,mMaxPacketSize=0,mInterval=1]]
12-14 08:51:47.287  1948  2017 D UsbHostManager: UsbInterface[mId=1,mAlternateSetting=1,mName=null,mClass=255,mSubclass=1,mProtocol=1,mEndpoints=[
12-14 08:51:47.287  1948  2017 D UsbHostManager: UsbEndpoint[mAddress=131,mAttributes=1,mMaxPacketSize=9,mInterval=1]
12-14 08:51:47.287  1948  2017 D UsbHostManager: UsbEndpoint[mAddress=3,mAttributes=1,mMaxPacketSize=9,mInterval=1]]
12-14 08:51:47.287  1948  2017 D UsbHostManager: UsbInterface[mId=1,mAlternateSetting=2,mName=null,mClass=255,mSubclass=1,mProtocol=1,mEndpoints=[
12-14 08:51:47.287  1948  2017 D UsbHostManager: UsbEndpoint[mAddress=131,mAttributes=1,mMaxPacketSize=17,mInterval=1]
12-14 08:51:47.287  1948  2017 D UsbHostManager: UsbEndpoint[mAddress=3,mAttributes=1,mMaxPacketSize=17,mInterval=1]]
12-14 08:51:47.287  1948  2017 D UsbHostManager: UsbInterface[mId=1,mAlternateSetting=3,mName=null,mClass=255,mSubclass=1,mProtocol=1,mEndpoints=[
12-14 08:51:47.287  1948  2017 D UsbHostManager: UsbEndpoint[mAddress=131,mAttributes=1,mMaxPacketSize=25,mInterval=1]
12-14 08:51:47.287  1948  2017 D UsbHostManager: UsbEndpoint[mAddress=3,mAttributes=1,mMaxPacketSize=25,mInterval=1]]
12-14 08:51:47.287  1948  2017 D UsbHostManager: UsbInterface[mId=1,mAlternateSetting=4,mName=null,mClass=255,mSubclass=1,mProtocol=1,mEndpoints=[
12-14 08:51:47.287  1948  2017 D UsbHostManager: UsbEndpoint[mAddress=131,mAttributes=1,mMaxPacketSize=33,mInterval=1]
12-14 08:51:47.287  1948  2017 D UsbHostManager: UsbEndpoint[mAddress=3,mAttributes=1,mMaxPacketSize=33,mInterval=1]]
12-14 08:51:47.287  1948  2017 D UsbHostManager: UsbInterface[mId=1,mAlternateSetting=5,mName=null,mClass=255,mSubclass=1,mProtocol=1,mEndpoints=[
12-14 08:51:47.287  1948  2017 D UsbHostManager: UsbEndpoint[mAddress=131,mAttributes=1,mMaxPacketSize=49,mInterval=1]
12-14 08:51:47.287  1948  2017 D UsbHostManager: UsbEndpoint[mAddress=3,mAttributes=1,mMaxPacketSize=49,mInterval=1]]
12-14 08:51:47.287  1948  2017 D UsbHostManager: UsbInterface[mId=2,mAlternateSetting=0,mName=null,mClass=255,mSubclass=255,mProtocol=255,mEndpoints=[
12-14 08:51:47.287  1948  2017 D UsbHostManager: UsbEndpoint[mAddress=132,mAttributes=2,mMaxPacketSize=32,mInterval=1]
12-14 08:51:47.287  1948  2017 D UsbHostManager: UsbEndpoint[mAddress=4,mAttributes=2,mMaxPacketSize=32,mInterval=1]]
12-14 08:51:47.287  1948  2017 D UsbHostManager: UsbInterface[mId=3,mAlternateSetting=0,mName=null,mClass=254,mSubclass=1,mProtocol=1,mEndpoints=[]]]
12-14 08:51:47.287  1682  1934 I ip6tables: WARNING: linker: [vdso]: unused DT entry: type 0x6ffffef5 arg 0x160
12-14 08:51:47.287  1948  2017 W ContextImpl: Calling a method in the system process without a qualified user: android.app.ContextImpl.sendBroadcast:1327 com.android.server.usb.UsbSettingsManager.deviceAttached:741 com.android.server.usb.UsbHostManager.endUsbDeviceAdded:224 com.android.server.usb.UsbHostManager.monitorUsbHostBus:-2 com.android.server.usb.UsbHostManager.access$000:42 
12-14 08:51:47.288  2056  2056 V SystemUIService: Starting SystemUI services.
12-14 08:51:47.289  2087  2087 W linker  : [vdso]: unused DT entry: type 0x6ffffef5 arg 0x160
12-14 08:51:47.289  1682  1934 I iptables: WARNING: linker: [vdso]: unused DT entry: type 0x6ffffef5 arg 0x160
12-14 08:51:47.290  2088  2088 W linker  : [vdso]: unused DT entry: type 0x6ffffef5 arg 0x160
12-14 08:51:47.290  1682  1934 I ip6tables: WARNING: linker: [vdso]: unused DT entry: type 0x6ffffef5 arg 0x160
12-14 08:51:47.291  1948  1948 D PermissionMonitor: Monitoring
12-14 08:51:47.291  1948  1948 D PermissionMonitor: Users: 1, Apps: 57
12-14 08:51:47.292  1948  1948 I SystemServiceManager: Starting phase 600
12-14 08:51:47.292  1948  1973 D BluetoothManagerService: Message: 20
12-14 08:51:47.292  1948  1973 D BluetoothManagerService: Added callback: android.bluetooth.BluetoothAdapter$1@979e981:true
12-14 08:51:47.293  1948  1973 D BluetoothManagerService: Message: 30
12-14 08:51:47.293  1948  2005 D BluetoothManagerService: Trying to bind to profile: 1, while Bluetooth was disabled
12-14 08:51:47.293  1948  1948 I BackupManagerService: Backup enabled => false
12-14 08:51:47.293  1948  1973 D BluetoothManagerService: Message: 30
12-14 08:51:47.293  1948  1948 I BackupManagerService: Opting out of backup
12-14 08:51:47.296  1948  1948 E InputMethodManagerService: Ignoring setImeWindowStatus due to an invalid token. uid:1000 token:null
12-14 08:51:47.298  1948  1965 V FingerprintService: startListening(android.service.fingerprint.IFingerprintServiceReceiver$Stub$Proxy@6838355)
12-14 08:51:47.302  1687  2094 E WVMExtractor: Failed to open libwvm.so: dlopen failed: library "libwvm.so" not found
12-14 08:51:47.305  1687  1989 D NuPlayerDriver: start(0xf502f1c0)
12-14 08:51:47.305  1687  2097 I GenericSource: start
12-14 08:51:47.307  1687  1687 D NuPlayerDriver: start(0xf5c4eca0)
12-14 08:51:47.307  1687  2093 I GenericSource: start
12-14 08:51:47.316  1948  1948 I ActivityManager: Start proc 2119:com.android.inputmethod.latin/u0a35 for service com.android.inputmethod.latin/.LatinIME
12-14 08:51:47.316  1948  1948 V InputMethodManagerService: Adding window token: android.os.Binder@35b7bd37
12-14 08:51:47.319  1948  1948 D gps_serial: GPS dev open_gps
12-14 08:51:47.319  1948  1948 D gps_serial: GPS dev get_hardware_interface
12-14 08:51:47.320  1948  1948 D GpsLocationProvider: Reset GPS properties, previous size = 0
12-14 08:51:47.320  1948  1948 D GpsLocationProvider: GpsParamsResource: SUPL_HOST=supl.google.com
12-14 08:51:47.320  1948  1948 D GpsLocationProvider: GpsParamsResource: SUPL_PORT=7275
12-14 08:51:47.320  1948  1948 D GpsLocationProvider: GpsParamsResource: NTP_SERVER=north-america.pool.ntp.org
12-14 08:51:47.320  1948  1948 D GpsLocationProvider: GpsParamsResource: SUPL_VER=0x20000
12-14 08:51:47.320  1948  1948 D GpsLocationProvider: GpsParamsResource: SUPL_MODE=1
12-14 08:51:47.320  1948  1948 D GpsLocationProvider: GPS properties reloaded, size = 8
12-14 08:51:47.320  1948  1948 E GpsLocationProvider: no AGPS interface in set_agps_server
12-14 08:51:47.321  1948  1948 E GpsLocationProvider: no GPS configuration interface in configuraiton_update
12-14 08:51:47.321  1948  1948 D GpsLocationProvider: final config = #Mon Dec 14 08:51:47 GMT+00:00 2015
12-14 08:51:47.321  1948  1948 D GpsLocationProvider: SUPL_VER=0x20000
12-14 08:51:47.321  1948  1948 D GpsLocationProvider: SUPL_HOST=supl.google.com
12-14 08:51:47.321  1948  1948 D GpsLocationProvider: XTRA_SERVER_3=http\://xtra3.gpsonextra.net/xtra.bin
12-14 08:51:47.321  1948  1948 D GpsLocationProvider: XTRA_SERVER_1=http\://xtra1.gpsonextra.net/xtra.bin
12-14 08:51:47.321  1948  1948 D GpsLocationProvider: SUPL_PORT=7275
12-14 08:51:47.321  1948  1948 D GpsLocationProvider: XTRA_SERVER_2=http\://xtra2.gpsonextra.net/xtra.bin
12-14 08:51:47.321  1948  1948 D GpsLocationProvider: NTP_SERVER=north-america.pool.ntp.org
12-14 08:51:47.321  1948  1948 D GpsLocationProvider: SUPL_MODE=1
12-14 08:51:47.323  1948  1948 W LocationManagerService: no network location provider found
12-14 08:51:47.323  1948  1948 E LocationManagerService: no geocoder provider found
