12-14 04:21:59.120  1678  1678 I art     : Explicit concurrent mark sweep GC freed 5(160B) AllocSpace objects, 0(0B) LOS objects, 39% free, 1950KB/3MB, paused 30us total 3.115ms
12-14 04:21:59.122  2595  2746 E SQLiteLog: (283) recovered 24 frames from WAL file /data/data/com.android.providers.media/databases/internal.db-wal
12-14 04:21:59.123  1678  1678 I art     : Explicit concurrent mark sweep GC freed 5(160B) AllocSpace objects, 0(0B) LOS objects, 39% free, 1950KB/3MB, paused 29us total 2.712ms
12-14 04:21:59.139  1928  2280 I art     : Explicit concurrent mark sweep GC freed 12261(582KB) AllocSpace objects, 2(32KB) LOS objects, 33% free, 9MB/14MB, paused 241us total 11.887ms
12-14 04:21:59.141  1928  2238 D CountryDetector: The first listener is added
12-14 04:21:59.146  2748  2748 V Mms     : mnc/mcc: 
12-14 04:21:59.146  2748  2748 V Mms     : tag: bool value: enabledMMS - true
12-14 04:21:59.146  2748  2748 V Mms     : tag: int value: maxMessageSize - 307200
12-14 04:21:59.146  2748  2748 V Mms     : tag: int value: maxImageHeight - 480
12-14 04:21:59.146  2748  2748 V Mms     : tag: int value: maxImageWidth - 640
12-14 04:21:59.146  2748  2748 V Mms     : tag: int value: defaultSMSMessagesPerThread - 10000
12-14 04:21:59.146  2748  2748 V Mms     : tag: int value: defaultMMSMessagesPerThread - 1000
12-14 04:21:59.146  2748  2748 V Mms     : tag: int value: minMessageCountPerThread - 10
12-14 04:21:59.146  2748  2748 V Mms     : tag: int value: maxMessageCountPerThread - 5000
12-14 04:21:59.146  2748  2748 V Mms     : tag: string value: uaProfUrl - http://www.google.com/oha/rdf/ua-profile-kila.xml
12-14 04:21:59.146  2748  2748 V Mms     : tag: int value: recipientLimit - -1
12-14 04:21:59.146  2748  2748 V Mms     : tag: bool value: enableMultipartSMS - true
12-14 04:21:59.146  2748  2748 V Mms     : tag: int value: smsToMmsTextThreshold - -1
12-14 04:21:59.146  2748  2748 V Mms     : tag: bool value: enableSlideDuration - true
12-14 04:21:59.146  2748  2748 V Mms     : tag: int value: maxMessageTextSize - -1
12-14 04:21:59.146  2595  2746 W MediaScanner: Error opening directory '/oem/media/', skipping: No such file or directory.
12-14 04:21:59.162  2748  2778 D ConnectivityManager: getMobileDataEnabled()+ subId=-1
12-14 04:21:59.162  2208  2232 D PhoneInterfaceManager: [PhoneIntfMgr] getDataEnabled: subId=-1 phoneId=-1
12-14 04:21:59.163  2208  2232 E PhoneInterfaceManager: [PhoneIntfMgr] getDataEnabled: no phone subId=-1 retVal=false
12-14 04:21:59.163  2748  2778 D ConnectivityManager: getMobileDataEnabled()- subId=-1 retVal=false
12-14 04:21:59.173  1928  2170 I ActivityManager: Start proc 2781:com.android.vending/u0a14 for broadcast com.android.vending/com.google.android.finsky.receivers.BootCompletedReceiver
12-14 04:21:59.176  2748  2778 D ConnectivityManager: getMobileDataEnabled()+ subId=-1
12-14 04:21:59.176  2208  2232 D PhoneInterfaceManager: [PhoneIntfMgr] getDataEnabled: subId=-1 phoneId=-1
12-14 04:21:59.176  2208  2232 E PhoneInterfaceManager: [PhoneIntfMgr] getDataEnabled: no phone subId=-1 retVal=false
12-14 04:21:59.176  2748  2778 D ConnectivityManager: getMobileDataEnabled()- subId=-1 retVal=false
12-14 04:21:59.177  2595  2746 W MediaScanner: Error opening directory '/storage/sdcard1/', skipping: Permission denied.
12-14 04:21:59.177  2595  2746 W MediaScanner: Error opening directory '/storage/usb0/', skipping: Permission denied.
12-14 04:21:59.177  2595  2746 W MediaScanner: Error opening directory '/storage/usb1/', skipping: Permission denied.
12-14 04:21:59.177  2595  2746 W MediaScanner: Error opening directory '/storage/usb2/', skipping: Permission denied.
12-14 04:21:59.177  2595  2746 W MediaScanner: Error opening directory '/storage/usb3/', skipping: Permission denied.
12-14 04:21:59.180  2748  2776 D Mms     : cancelNotification
12-14 04:21:59.181  2208  2232 D MmsSmsDatabaseHelper: [MmsSmsDb] tableName: threads hasAutoIncrement: CREATE TABLE threads (_id INTEGER PRIMARY KEY AUTOINCREMENT,date INTEGER DEFAULT 0,message_count INTEGER DEFAULT 0,recipient_ids TEXT,snippet TEXT,snippet_cs INTEGER DEFAULT 0,read INTEGER DEFAULT 1,archived INTEGER DEFAULT 0,type INTEGER DEFAULT 0,error INTEGER DEFAULT 0,has_attachment INTEGER DEFAULT 0) result: true
12-14 04:21:59.181  2208  2232 D MmsSmsDatabaseHelper: [MmsSmsDb] tableName: canonical_addresses hasAutoIncrement: CREATE TABLE canonical_addresses (_id INTEGER PRIMARY KEY AUTOINCREMENT,address TEXT) result: true
12-14 04:21:59.181  2208  2232 D MmsSmsDatabaseHelper: [MmsSmsDb] tableName: part hasAutoIncrement: CREATE TABLE part (_id INTEGER PRIMARY KEY AUTOINCREMENT,mid INTEGER,seq INTEGER DEFAULT 0,ct TEXT,name TEXT,chset INTEGER,cd TEXT,fn TEXT,cid TEXT,cl TEXT,ctt_s INTEGER,ctt_t TEXT,_data TEXT,text TEXT) result: true
12-14 04:21:59.182  2208  2232 D MmsSmsDatabaseHelper: [MmsSmsDb] tableName: pdu hasAutoIncrement: CREATE TABLE pdu (_id INTEGER PRIMARY KEY AUTOINCREMENT,thread_id INTEGER,date INTEGER,date_sent INTEGER DEFAULT 0,msg_box INTEGER,read INTEGER DEFAULT 0,m_id TEXT,sub TEXT,sub_cs INTEGER,ct_t TEXT,ct_l TEXT,exp INTEGER,m_cls TEXT,m_type INTEGER,v INTEGER,m_size INTEGER,pri INTEGER,rr INTEGER,rpt_a INTEGER,resp_st INTEGER,st INTEGER,tr_id TEXT,retr_st INTEGER,retr_txt TEXT,retr_txt_cs INTEGER,read_status INTEGER,ct_cls INTEGER,resp_txt TEXT,d_tm INTEGER,d_rpt INTEGER,locked INTEGER DEFAULT 0,sub_id INTEGER DEFAULT -1, seen INTEGER DEFAULT 0,creator TEXT,text_only INTEGER DEFAULT 0) result: true
12-14 04:21:59.182  2208  2232 D MmsSmsDatabaseHelper: [getWritableDatabase] hasAutoIncrementThreads: true hasAutoIncrementAddresses: true hasAutoIncrementPart: true hasAutoIncrementPdu: true
12-14 04:21:59.182  2595  2746 V MediaScanner: pruneDeadThumbnailFiles... android.database.sqlite.SQLiteCursor@2cb81278
12-14 04:21:59.183  2595  2746 V MediaScanner: /pruneDeadThumbnailFiles... android.database.sqlite.SQLiteCursor@2cb81278
12-14 04:21:59.186  2748  2780 D Mms     : cancelNotification
12-14 04:21:59.189  2432  2777 I iu.UploadsManager: #reloadSettings(); account: -1; IU: disabled; IS: disabled; IS account: -1; photoWiFi: true; videoWiFi: true; roam: false; battery: true; size: FULL; maxMobile: 157286400
12-14 04:21:59.199  2432  2777 I iu.UploadsManager: End new media; added: 0, uploading: 0, time: 10 ms
12-14 04:21:59.221  2781  2781 W Finsky  : [1] FinskyApp.getCurrentAccount: No account configured on this device.
12-14 04:21:59.226  2781  2781 W Finsky  : [1] FinskyApp.getCurrentAccount: No account configured on this device.
12-14 04:21:59.230  2781  2781 D Finsky  : [1] FinskyApp.onCreate: Initializing network with DFE https://android.clients.google.com/fdfe/
12-14 04:21:59.231  2781  2781 W Finsky  : [1] FinskyApp.getCurrentAccount: No account configured on this device.
12-14 04:21:59.243  2781  2781 W Finsky  : [1] FinskyApp.getCurrentAccount: No account configured on this device.
12-14 04:21:59.244  2781  2781 W Finsky  : [1] FinskyApp.getCurrentAccount: No account configured on this device.
12-14 04:21:59.246  2781  2781 W Finsky  : [1] FinskyApp.getCurrentAccount: No account configured on this device.
12-14 04:21:59.246  2781  2781 W Finsky  : [1] FinskyApp.getCurrentAccount: No account configured on this device.
12-14 04:21:59.248  2781  2781 W Finsky  : [1] FinskyApp.getCurrentAccount: No account configured on this device.
12-14 04:21:59.248  2781  2781 W Finsky  : [1] FinskyApp.getCurrentAccount: No account configured on this device.
12-14 04:21:59.249  2781  2781 W Finsky  : [1] FinskyApp.getCurrentAccount: No account configured on this device.
12-14 04:21:59.249  2781  2781 W Finsky  : [1] FinskyApp.getCurrentAccount: No account configured on this device.
12-14 04:21:59.249  2781  2781 W Finsky  : [1] FinskyApp.getCurrentAccount: No account configured on this device.
12-14 04:21:59.249  2781  2781 W Finsky  : [1] FinskyApp.getCurrentAccount: No account configured on this device.
12-14 04:21:59.249  2781  2781 W Finsky  : [1] FinskyApp.getCurrentAccount: No account configured on this device.
12-14 04:21:59.249  2781  2781 W Finsky  : [1] FinskyApp.getCurrentAccount: No account configured on this device.
12-14 04:21:59.250  2781  2781 W Finsky  : [1] FinskyApp.getCurrentAccount: No account configured on this device.
12-14 04:21:59.250  2781  2781 W Finsky  : [1] FinskyApp.getCurrentAccount: No account configured on this device.
12-14 04:21:59.250  2781  2781 W Finsky  : [1] FinskyApp.getCurrentAccount: No account configured on this device.
12-14 04:21:59.250  2781  2781 W Finsky  : [1] FinskyApp.getCurrentAccount: No account configured on this device.
12-14 04:21:59.251  2781  2781 D Finsky  : [1] DailyHygiene.goMakeHygieneIfDirty: No need to run daily hygiene.
12-14 04:21:59.255  2781  2781 W Settings: Setting download_manager_max_bytes_over_mobile has moved from android.provider.Settings.Secure to android.provider.Settings.Global.
12-14 04:21:59.255  2781  2781 W Settings: Setting download_manager_recommended_max_bytes_over_mobile has moved from android.provider.Settings.Secure to android.provider.Settings.Global.
12-14 04:21:59.259  2781  2781 W Finsky  : [1] FinskyApp.getCurrentAccount: No account configured on this device.
12-14 04:21:59.259  2781  2781 W Finsky  : [1] FinskyApp.getCurrentAccount: No account configured on this device.
12-14 04:21:59.259  2781  2781 W Finsky  : [1] FinskyApp.getDfeApi: No account configured on this device.
12-14 04:21:59.270  1928  2275 I ActivityManager: Start proc 2824:com.android.settings/1000 for broadcast com.android.settings/.sim.SimBootReceiver
12-14 04:21:59.273  2781  2843 D Ads     : Skipping gmscore version check
12-14 04:21:59.273  2781  2781 D Finsky  : [1] GmsCoreHelper.cleanupNlp: result=false type=4
12-14 04:21:59.276  2781  2781 D Finsky  : [1] RestoreTracker.stopServiceIfDone: Restore complete with 0 success and 0 failed.
12-14 04:21:59.280  2432  2518 E JavaBinder: *** Uncaught remote exception!  (Exceptions are not yet supported across processes.)
12-14 04:21:59.280  2432  2518 E JavaBinder: java.lang.RuntimeException: android.os.RemoteException
12-14 04:21:59.280  2432  2518 E JavaBinder: 	at android.os.Parcel.writeException(Parcel.java:1446)
12-14 04:21:59.280  2432  2518 E JavaBinder: 	at android.os.Binder.execTransact(Binder.java:452)
12-14 04:21:59.280  2432  2518 E JavaBinder: Caused by: android.os.RemoteException
12-14 04:21:59.280  2432  2518 E JavaBinder: 	at com.google.android.gms.ads.identifier.service.b.a(SourceFile:77)
12-14 04:21:59.280  2432  2518 E JavaBinder: 	at com.google.android.gms.ads.identifier.a.e.onTransact(SourceFile:63)
12-14 04:21:59.280  2432  2518 E JavaBinder: 	at android.os.Binder.execTransact(Binder.java:446)
12-14 04:21:59.281  2781  2781 W Finsky  : [1] FinskyApp.getCurrentAccount: No account configured on this device.
12-14 04:21:59.303  1928  2069 I ActivityManager: Start proc 2845:com.android.calendar/u0a27 for broadcast com.android.calendar/.alerts.AlertReceiver
12-14 04:21:59.318  2845  2845 D ExtensionsFactory: No custom extensions.
12-14 04:21:59.319  2845  2845 D AlertReceiver: onReceive: a=android.intent.action.BOOT_COMPLETED Intent { act=android.intent.action.BOOT_COMPLETED flg=0x8000010 cmp=com.android.calendar/.alerts.AlertReceiver (has extras) }
12-14 04:21:59.321  2845  2867 D AlertService: 0 Action = android.intent.action.BOOT_COMPLETED
12-14 04:21:59.336  1928  2275 I ActivityManager: Start proc 2869:com.google.android.configupdater/u0a31 for broadcast com.google.android.configupdater/.CertPin.CertPinUpdateRequestReceiver
12-14 04:21:59.336  2845  2867 D AlertService: Scheduling next alarm with AlarmScheduler. sEventReminderReceived: null
12-14 04:21:59.340  2845  2867 D AlarmScheduler: No events found starting within 1 week.
12-14 04:21:59.354  2869  2869 E UpdateRequestReceiver: ignoring update request
12-14 04:21:59.355  2869  2869 E UpdateRequestReceiver: ignoring update request
12-14 04:21:59.356  2869  2869 E UpdateRequestReceiver: ignoring update request
12-14 04:21:59.357  2869  2869 E UpdateRequestReceiver: ignoring update request
12-14 04:21:59.357  2869  2869 E UpdateRequestReceiver: ignoring update request
12-14 04:21:59.358  2869  2869 E UpdateRequestReceiver: ignoring update request
12-14 04:21:59.374  1928  2799 I ActivityManager: Start proc 2900:com.android.deskclock/u0a32 for broadcast com.android.deskclock/.AlarmInitReceiver
12-14 04:21:59.386  2900  2900 V AlarmClock: AlarmInitReceiver android.intent.action.BOOT_COMPLETED
12-14 04:21:59.392  2900  2919 V AlarmClock: AlarmInitReceiver - Reset timers and clear stopwatch data
12-14 04:21:59.397  2900  2919 V AlarmClock: AlarmInitReceiver finished
12-14 04:21:59.413  1928  2204 I ActivityManager: Start proc 2921:com.android.email/u0a35 for broadcast com.android.email/.service.EmailBroadcastReceiver
12-14 04:21:59.460  1928  2799 I ActivityManager: Start proc 2940:com.android.exchange/u0a36 for service com.android.exchange/.service.EasService
12-14 04:21:59.463  2921  2956 D ActivityThread: Loading provider com.android.email.provider;com.android.email.notifier: com.android.email.provider.EmailProvider
12-14 04:21:59.465  2921  2961 D ActivityThread: Loading provider com.android.email.provider;com.android.email.notifier: com.android.email.provider.EmailProvider
12-14 04:21:59.489  1928  2275 I ActivityManager: Start proc 2967:com.google.android.gm/u0a39 for broadcast com.google.android.gm/.GoogleMailDeviceStartupReceiver
12-14 04:21:59.489  1928  2170 W ActivityManager: Unable to start service Intent { cmp=com.android.email/.service.AttachmentService } U=0: not found
12-14 04:21:59.489  1928  1944 W ActivityManager: Unable to start service Intent { cmp=com.android.email/.service.AttachmentService } U=0: not found
12-14 04:21:59.489  1928  2800 W ActivityManager: Unable to start service Intent { cmp=com.android.email/.service.AttachmentService } U=0: not found
12-14 04:21:59.491  2921  2980 I Email   : Observing account changes for notifications
12-14 04:21:59.491  2940  2940 I Exchange: EasService.onCreate
12-14 04:21:59.495  2940  2987 I Exchange: RestartPingTask
12-14 04:21:59.495  2921  2921 E ActivityThread: Service com.android.email.service.EmailBroadcastProcessorService has leaked ServiceConnection com.android.emailcommon.service.ServiceProxy$ProxyConnection@2286b890 that was originally bound here
12-14 04:21:59.495  2921  2921 E ActivityThread: android.app.ServiceConnectionLeaked: Service com.android.email.service.EmailBroadcastProcessorService has leaked ServiceConnection com.android.emailcommon.service.ServiceProxy$ProxyConnection@2286b890 that was originally bound here
12-14 04:21:59.495  2921  2921 E ActivityThread: 	at android.app.LoadedApk$ServiceDispatcher.<init>(LoadedApk.java:1077)
12-14 04:21:59.495  2921  2921 E ActivityThread: 	at android.app.LoadedApk.getServiceDispatcher(LoadedApk.java:971)
12-14 04:21:59.495  2921  2921 E ActivityThread: 	at android.app.ContextImpl.bindServiceCommon(ContextImpl.java:1774)
12-14 04:21:59.495  2921  2921 E ActivityThread: 	at android.app.ContextImpl.bindService(ContextImpl.java:1757)
12-14 04:21:59.495  2921  2921 E ActivityThread: 	at android.content.ContextWrapper.bindService(ContextWrapper.java:539)
12-14 04:21:59.495  2921  2921 E ActivityThread: 	at com.android.emailcommon.service.ServiceProxy.setTask(ServiceProxy.java:181)
12-14 04:21:59.495  2921  2921 E ActivityThread: 	at com.android.emailcommon.service.ServiceProxy.test(ServiceProxy.java:224)
12-14 04:21:59.495  2921  2921 E ActivityThread: 	at com.android.email.service.EmailServiceUtils.isServiceAvailable(EmailServiceUtils.java:160)
12-14 04:21:59.495  2921  2921 E ActivityThread: 	at com.android.email.provider.AccountReconciler.reconcileAccountsInternal(AccountReconciler.java:171)
12-14 04:21:59.495  2921  2921 E ActivityThread: 	at com.android.email.provider.AccountReconciler.reconcileAccounts(AccountReconciler.java:115)
12-14 04:21:59.495  2921  2921 E ActivityThread: 	at com.android.email.service.EmailBroadcastProcessorService.reconcileAndStartServices(EmailBroadcastProcessorService.java:305)
12-14 04:21:59.495  2921  2921 E ActivityThread: 	at com.android.email.service.EmailBroadcastProcessorService.onBootCompleted(EmailBroadcastProcessorService.java:295)
12-14 04:21:59.495  2921  2921 E ActivityThread: 	at com.android.email.service.EmailBroadcastProcessorService.onHandleIntent(EmailBroadcastProcessorService.java:130)
12-14 04:21:59.495  2921  2921 E ActivityThread: 	at android.app.IntentService$ServiceHandler.handleMessage(IntentService.java:65)
12-14 04:21:59.495  2921  2921 E ActivityThread: 	at android.os.Handler.dispatchMessage(Handler.java:102)
12-14 04:21:59.495  2921  2921 E ActivityThread: 	at android.os.Looper.loop(Looper.java:135)
12-14 04:21:59.495  2921  2921 E ActivityThread: 	at android.os.HandlerThread.run(HandlerThread.java:61)
12-14 04:21:59.499  2940  2940 I Exchange: RestartPingsTask did not start any pings.
12-14 04:21:59.499  2940  2940 I Exchange: PSS stopIfIdle
12-14 04:21:59.499  2940  2940 I Exchange: PSS has no active accounts; stopping service.
12-14 04:21:59.499  2940  2940 I Exchange: onDestroy
12-14 04:21:59.529  2967  2993 D ActivityThread: Loading provider com.google.android.gmail.provider;com.android.mail.notifier;com.google.android.gm.email.provider;com.google.android.gm.email.notifier: com.android.email.provider.EmailProvider
12-14 04:21:59.533  2967  2992 I Gmail   : getAccountsCursor
12-14 04:21:59.535  2345  2345 V GLSActivity: AuthDelegateWrapperCreated with selected intent: Intent { cmp=com.google.android.gms/.auth.DefaultAuthDelegateService }
12-14 04:21:59.554  1928  2170 W ActivityManager: Unable to start service Intent { cmp=com.google.android.gm/com.android.email.service.AttachmentService } U=0: not found
12-14 04:21:59.555  2967  2998 I Gmail   : Observing account changes for notifications
12-14 04:21:59.569  1928  2069 I art     : Explicit concurrent mark sweep GC freed 5831(272KB) AllocSpace objects, 0(0B) LOS objects, 33% free, 9MB/14MB, paused 349us total 13.685ms
12-14 04:21:59.571  1928  2280 W ActivityManager: Unable to start service Intent { act=com.google.android.gm.email.EXCHANGE_INTENT pkg=com.google.android.gm.exchange } U=0: not found
12-14 04:21:59.575  2967  2967 W GAV2    : Thread[main,5,main]: Need to call initialize() and be in fallback mode to start dispatch.
12-14 04:21:59.581  1928  1945 W ActivityManager: Unable to start service Intent { act=com.google.android.gm.email.EXCHANGE_INTENT pkg=com.google.android.gm.exchange } U=0: not found
12-14 04:21:59.584  2967  3005 E Gmail   : Error finding the version of the Email provider.....
12-14 04:21:59.584  2967  3005 E Gmail   : android.content.pm.PackageManager$NameNotFoundException: com.google.android.email
12-14 04:21:59.584  2967  3005 E Gmail   : 	at android.app.ApplicationPackageManager.getPackageInfo(ApplicationPackageManager.java:114)
12-14 04:21:59.584  2967  3005 E Gmail   : 	at com.google.android.gm.EmailMigrationService.a(SourceFile:1280)
12-14 04:21:59.584  2967  3005 E Gmail   : 	at com.google.android.gm.EmailMigrationService.onHandleIntent(SourceFile:219)
12-14 04:21:59.584  2967  3005 E Gmail   : 	at android.app.IntentService$ServiceHandler.handleMessage(IntentService.java:65)
12-14 04:21:59.584  2967  3005 E Gmail   : 	at android.os.Handler.dispatchMessage(Handler.java:102)
12-14 04:21:59.584  2967  3005 E Gmail   : 	at android.os.Looper.loop(Looper.java:135)
12-14 04:21:59.584  2967  3005 E Gmail   : 	at android.os.HandlerThread.run(HandlerThread.java:61)
12-14 04:21:59.584  2967  3005 W EmailMigration: We do not support migrating this version of the Email provider.
12-14 04:21:59.584  2967  3007 I Gmail   : getAccountsCursor
12-14 04:21:59.585  2345  2345 V GLSActivity: AuthDelegateWrapperCreated with selected intent: Intent { cmp=com.google.android.gms/.auth.DefaultAuthDelegateService }
12-14 04:21:59.586  2345  2345 V GLSActivity: AuthDelegateWrapperCreated with selected intent: Intent { cmp=com.google.android.gms/.auth.DefaultAuthDelegateService }
12-14 04:21:59.588  2108  2108 I SystemBroadcastReceiver: Boot has been completed
12-14 04:21:59.589  2108  2108 I LauncherIconVisibilityManager: Activity has already been disabled: ComponentInfo{com.android.inputmethod.latin/com.android.inputmethod.latin.setup.SetupActivity}
12-14 04:21:59.590  1928  1944 W ActivityManager: Unable to start service Intent { act=com.google.android.gm.email.EXCHANGE_INTENT pkg=com.google.android.gm.exchange } U=0: not found
12-14 04:21:59.606  1928  2204 I ActivityManager: Start proc 3014:com.google.android.youtube/u0a59 for broadcast com.google.android.youtube/com.google.android.libraries.youtube.upload.service.UploadService$BootReceiver
12-14 04:21:59.606  1928  2799 W ActivityManager: Unable to start service Intent { act=com.google.android.gm.email.EXCHANGE_INTENT pkg=com.google.android.gm.exchange } U=0: not found
12-14 04:21:59.608  2345  2345 V GLSActivity: AuthDelegateWrapperCreated with selected intent: Intent { cmp=com.google.android.gms/.auth.DefaultAuthDelegateService }
12-14 04:21:59.608  2967  3030 I Gmail   : getAccountsCursor
12-14 04:21:59.610  2967  2967 E ActivityThread: Service com.android.email.service.EmailBroadcastProcessorService has leaked ServiceConnection com.android.emailcommon.service.am@244165c0 that was originally bound here
12-14 04:21:59.610  2967  2967 E ActivityThread: android.app.ServiceConnectionLeaked: Service com.android.email.service.EmailBroadcastProcessorService has leaked ServiceConnection com.android.emailcommon.service.am@244165c0 that was originally bound here
12-14 04:21:59.610  2967  2967 E ActivityThread: 	at android.app.LoadedApk$ServiceDispatcher.<init>(LoadedApk.java:1077)
12-14 04:21:59.610  2967  2967 E ActivityThread: 	at android.app.LoadedApk.getServiceDispatcher(LoadedApk.java:971)
12-14 04:21:59.610  2967  2967 E ActivityThread: 	at android.app.ContextImpl.bindServiceCommon(ContextImpl.java:1774)
12-14 04:21:59.610  2967  2967 E ActivityThread: 	at android.app.ContextImpl.bindService(ContextImpl.java:1757)
12-14 04:21:59.610  2967  2967 E ActivityThread: 	at android.content.ContextWrapper.bindService(ContextWrapper.java:539)
12-14 04:21:59.610  2967  2967 E ActivityThread: 	at com.android.emailcommon.service.ak.a(SourceFile:181)
12-14 04:21:59.610  2967  2967 E ActivityThread: 	at com.android.emailcommon.service.ak.e(SourceFile:222)
12-14 04:21:59.610  2967  2967 E ActivityThread: 	at com.android.email.service.m.c(SourceFile:158)
12-14 04:21:59.610  2967  2967 E ActivityThread: 	at com.android.email.provider.b.a(SourceFile:201)
12-14 04:21:59.610  2967  2967 E ActivityThread: 	at com.android.email.provider.b.a(SourceFile:145)
12-14 04:21:59.610  2967  2967 E ActivityThread: 	at com.android.email.service.EmailBroadcastProcessorService.c(SourceFile:349)
12-14 04:21:59.610  2967  2967 E ActivityThread: 	at com.android.email.service.EmailBroadcastProcessorService.onHandleIntent(SourceFile:1334)
12-14 04:21:59.610  2967  2967 E ActivityThread: 	at android.app.IntentService$ServiceHandler.handleMessage(IntentService.java:65)
12-14 04:21:59.610  2967  2967 E ActivityThread: 	at android.os.Handler.dispatchMessage(Handler.java:102)
12-14 04:21:59.610  2967  2967 E ActivityThread: 	at android.os.Looper.loop(Looper.java:135)
12-14 04:21:59.610  2967  2967 E ActivityThread: 	at android.os.HandlerThread.run(HandlerThread.java:61)
12-14 04:21:59.610  1928  2275 W ActivityManager: Unbind failed: could not find connection for android.os.BinderProxy@159f1438
12-14 04:21:59.611  2345  2345 V GLSActivity: AuthDelegateWrapperCreated with selected intent: Intent { cmp=com.google.android.gms/.auth.DefaultAuthDelegateService }
12-14 04:21:59.612  2967  2992 I Gmail   : getAccountsCursor
12-14 04:21:59.613  2345  2345 V GLSActivity: AuthDelegateWrapperCreated with selected intent: Intent { cmp=com.google.android.gms/.auth.DefaultAuthDelegateService }
12-14 04:21:59.640  1928  2280 W ActivityManager: getRunningAppProcesses: caller 10059 does not hold REAL_GET_TASKS; limiting output
12-14 04:21:59.646  3014  3033 W ResourcesManager: Asset path '/system/framework/com.android.media.remotedisplay.jar' does not exist or contains no resources.
12-14 04:21:59.646  3014  3033 W ResourcesManager: Asset path '/system/framework/com.android.location.provider.jar' does not exist or contains no resources.
12-14 04:21:59.654  3014  3033 V JNIHelp : Registering com/google/android/gms/org/conscrypt/NativeCrypto's 240 native methods...
12-14 04:21:59.655  2618  2618 I CalendarProvider2: Sending notification intent: Intent { act=android.intent.action.PROVIDER_CHANGED dat=content://com.android.calendar }
12-14 04:21:59.655  2618  2618 W ContentResolver: Failed to get type for: content://com.android.calendar (Unknown URL content://com.android.calendar)
12-14 04:21:59.662  3014  3033 I ProviderInstaller: Installed default security provider GmsCore_OpenSSL
12-14 04:21:59.689  3014  3014 E YouTube MDX: Bogus value in shared preferences for key MdxServerSelection value , returning default value.
12-14 04:21:59.708  3048  3048 I dex2oat : /system/bin/dex2oat --runtime-arg -classpath --runtime-arg  --instruction-set=x86_64 --instruction-set-features=default --runtime-arg -Xrelocate --boot-image=/system/framework/boot.art --dex-file=/data/data/com.google.android.youtube/cache/ads-679509140.jar --oat-fd=29 --oat-location=/data/data/com.google.android.youtube/cache/ads-679509140.dex --runtime-arg -Xms64m --runtime-arg -Xmx512m
12-14 04:21:59.718  1657  1689 E Vold    : Failed to find mounted volume for /storage/usb0/Android/data/com.google.android.youtube/cache/
12-14 04:21:59.718  3014  3014 W ContextImpl: Failed to ensure directory: /storage/usb0/Android/data/com.google.android.youtube/cache
12-14 04:21:59.718  1657  1689 E Vold    : Failed to find mounted volume for /storage/usb1/Android/data/com.google.android.youtube/cache/
12-14 04:21:59.718  3014  3014 W ContextImpl: Failed to ensure directory: /storage/usb1/Android/data/com.google.android.youtube/cache
12-14 04:21:59.719  1657  1689 E Vold    : Failed to find mounted volume for /storage/usb2/Android/data/com.google.android.youtube/cache/
12-14 04:21:59.719  3014  3014 W ContextImpl: Failed to ensure directory: /storage/usb2/Android/data/com.google.android.youtube/cache
12-14 04:21:59.719  1657  1689 E Vold    : Failed to find mounted volume for /storage/usb3/Android/data/com.google.android.youtube/cache/
12-14 04:21:59.719  3014  3014 W ContextImpl: Failed to ensure directory: /storage/usb3/Android/data/com.google.android.youtube/cache
12-14 04:21:59.719  1657  1689 E Vold    : Failed to find mounted volume for /storage/sdcard1/Android/data/com.google.android.youtube/cache/
12-14 04:21:59.719  3014  3014 W ContextImpl: Failed to ensure directory: /storage/sdcard1/Android/data/com.google.android.youtube/cache
12-14 04:21:59.731  3048  3048 I dex2oat : dex2oat took 23.545ms (threads: 4) arena alloc=148KB java alloc=12KB native alloc=1165KB free=6MB
12-14 04:21:59.762  1657  1689 E Vold    : Failed to find mounted volume for /storage/usb0/Android/data/com.google.android.youtube/cache/
12-14 04:21:59.763  3014  3014 W ContextImpl: Failed to ensure directory: /storage/usb0/Android/data/com.google.android.youtube/cache
12-14 04:21:59.764  1657  1689 E Vold    : Failed to find mounted volume for /storage/usb1/Android/data/com.google.android.youtube/cache/
12-14 04:21:59.764  3014  3014 W ContextImpl: Failed to ensure directory: /storage/usb1/Android/data/com.google.android.youtube/cache
12-14 04:21:59.765  1657  1689 E Vold    : Failed to find mounted volume for /storage/usb2/Android/data/com.google.android.youtube/cache/
12-14 04:21:59.765  3014  3014 W ContextImpl: Failed to ensure directory: /storage/usb2/Android/data/com.google.android.youtube/cache
12-14 04:21:59.765  1657  1689 E Vold    : Failed to find mounted volume for /storage/usb3/Android/data/com.google.android.youtube/cache/
12-14 04:21:59.766  3014  3014 W ContextImpl: Failed to ensure directory: /storage/usb3/Android/data/com.google.android.youtube/cache
12-14 04:21:59.766  1657  1689 E Vold    : Failed to find mounted volume for /storage/sdcard1/Android/data/com.google.android.youtube/cache/
12-14 04:21:59.766  3014  3014 W ContextImpl: Failed to ensure directory: /storage/sdcard1/Android/data/com.google.android.youtube/cache
12-14 04:21:59.766  1657  1689 E Vold    : Failed to find mounted volume for /storage/usb0/Android/data/com.google.android.youtube/files/
12-14 04:21:59.767  3014  3014 W ContextImpl: Failed to ensure directory: /storage/usb0/Android/data/com.google.android.youtube/files
12-14 04:21:59.767  1657  1689 E Vold    : Failed to find mounted volume for /storage/usb1/Android/data/com.google.android.youtube/files/
12-14 04:21:59.767  3014  3014 W ContextImpl: Failed to ensure directory: /storage/usb1/Android/data/com.google.android.youtube/files
12-14 04:21:59.767  1657  1689 E Vold    : Failed to find mounted volume for /storage/usb2/Android/data/com.google.android.youtube/files/
12-14 04:21:59.767  3014  3014 W ContextImpl: Failed to ensure directory: /storage/usb2/Android/data/com.google.android.youtube/files
12-14 04:21:59.767  1657  1689 E Vold    : Failed to find mounted volume for /storage/usb3/Android/data/com.google.android.youtube/files/
12-14 04:21:59.767  3014  3014 W ContextImpl: Failed to ensure directory: /storage/usb3/Android/data/com.google.android.youtube/files
12-14 04:21:59.768  1657  1689 E Vold    : Failed to find mounted volume for /storage/sdcard1/Android/data/com.google.android.youtube/files/
12-14 04:21:59.768  3014  3014 W ContextImpl: Failed to ensure directory: /storage/sdcard1/Android/data/com.google.android.youtube/files
12-14 04:21:59.768  1657  1689 E Vold    : Failed to find mounted volume for /storage/usb0/Android/data/com.google.android.youtube/files/
12-14 04:21:59.768  3014  3014 W ContextImpl: Failed to ensure directory: /storage/usb0/Android/data/com.google.android.youtube/files
12-14 04:21:59.768  1657  1689 E Vold    : Failed to find mounted volume for /storage/usb1/Android/data/com.google.android.youtube/files/
12-14 04:21:59.768  3014  3014 W ContextImpl: Failed to ensure directory: /storage/usb1/Android/data/com.google.android.youtube/files
12-14 04:21:59.768  1657  1689 E Vold    : Failed to find mounted volume for /storage/usb2/Android/data/com.google.android.youtube/files/
12-14 04:21:59.769  3014  3014 W ContextImpl: Failed to ensure directory: /storage/usb2/Android/data/com.google.android.youtube/files
12-14 04:21:59.769  1657  1689 E Vold    : Failed to find mounted volume for /storage/usb3/Android/data/com.google.android.youtube/files/
12-14 04:21:59.769  3014  3014 W ContextImpl: Failed to ensure directory: /storage/usb3/Android/data/com.google.android.youtube/files
12-14 04:21:59.769  1657  1689 E Vold    : Failed to find mounted volume for /storage/sdcard1/Android/data/com.google.android.youtube/files/
12-14 04:21:59.769  3014  3014 W ContextImpl: Failed to ensure directory: /storage/sdcard1/Android/data/com.google.android.youtube/files
12-14 04:21:59.770  3014  3014 W InstanceID/Rpc: Found 10007
12-14 04:21:59.776  1657  1689 E Vold    : Failed to find mounted volume for /storage/usb0/Android/data/com.google.android.youtube/cache/
12-14 04:21:59.776  3014  3014 W ContextImpl: Failed to ensure directory: /storage/usb0/Android/data/com.google.android.youtube/cache
12-14 04:21:59.776  1657  1689 E Vold    : Failed to find mounted volume for /storage/usb1/Android/data/com.google.android.youtube/cache/
12-14 04:21:59.777  3014  3014 W ContextImpl: Failed to ensure directory: /storage/usb1/Android/data/com.google.android.youtube/cache
12-14 04:21:59.777  1657  1689 E Vold    : Failed to find mounted volume for /storage/usb2/Android/data/com.google.android.youtube/cache/
12-14 04:21:59.777  3014  3014 W ContextImpl: Failed to ensure directory: /storage/usb2/Android/data/com.google.android.youtube/cache
12-14 04:21:59.777  1657  1689 E Vold    : Failed to find mounted volume for /storage/usb3/Android/data/com.google.android.youtube/cache/
12-14 04:21:59.777  3014  3014 W ContextImpl: Failed to ensure directory: /storage/usb3/Android/data/com.google.android.youtube/cache
12-14 04:21:59.777  1657  1689 E Vold    : Failed to find mounted volume for /storage/sdcard1/Android/data/com.google.android.youtube/cache/
12-14 04:21:59.777  3014  3014 W ContextImpl: Failed to ensure directory: /storage/sdcard1/Android/data/com.google.android.youtube/cache
12-14 04:21:59.785  2432  2520 E JavaBinder: *** Uncaught remote exception!  (Exceptions are not yet supported across processes.)
12-14 04:21:59.785  2432  2520 E JavaBinder: java.lang.RuntimeException: android.os.RemoteException
12-14 04:21:59.785  2432  2520 E JavaBinder: 	at android.os.Parcel.writeException(Parcel.java:1446)
12-14 04:21:59.785  2432  2520 E JavaBinder: 	at android.os.Binder.execTransact(Binder.java:452)
12-14 04:21:59.785  2432  2520 E JavaBinder: Caused by: android.os.RemoteException
12-14 04:21:59.785  2432  2520 E JavaBinder: 	at com.google.android.gms.ads.identifier.service.b.a(SourceFile:77)
12-14 04:21:59.785  2432  2520 E JavaBinder: 	at com.google.android.gms.ads.identifier.a.e.onTransact(SourceFile:63)
12-14 04:21:59.785  2432  2520 E JavaBinder: 	at android.os.Binder.execTransact(Binder.java:446)
12-14 04:21:59.788  2432  2526 E JavaBinder: *** Uncaught remote exception!  (Exceptions are not yet supported across processes.)
12-14 04:21:59.788  2432  2526 E JavaBinder: java.lang.RuntimeException: android.os.RemoteException
12-14 04:21:59.788  2432  2526 E JavaBinder: 	at android.os.Parcel.writeException(Parcel.java:1446)
12-14 04:21:59.788  2432  2526 E JavaBinder: 	at android.os.Binder.execTransact(Binder.java:452)
12-14 04:21:59.788  2432  2526 E JavaBinder: Caused by: android.os.RemoteException
12-14 04:21:59.788  2432  2526 E JavaBinder: 	at com.google.android.gms.ads.identifier.service.b.a(SourceFile:77)
12-14 04:21:59.788  2432  2526 E JavaBinder: 	at com.google.android.gms.ads.identifier.a.e.onTransact(SourceFile:63)
12-14 04:21:59.788  2432  2526 E JavaBinder: 	at android.os.Binder.execTransact(Binder.java:446)
12-14 04:21:59.815  2345  3094 D GCM     : GcmService start Intent { act=com.google.android.gms.INITIALIZE flg=0x10 pkg=com.google.android.gms cmp=com.google.android.gms/.gcm.GcmService } com.google.android.gms.INITIALIZE
12-14 04:21:59.816  2345  2345 D AuthorizationBluetoothService: Received GmsCore event: Intent { act=com.google.android.gms.INITIALIZE flg=0x10 pkg=com.google.android.gms cmp=com.google.android.gms/.auth.be.proximity.authorization.bt.AuthorizationBluetoothService$AutoStarter }.
12-14 04:21:59.816  2345  2345 E AuthorizationBluetoothService: Proximity feature is not enabled.
12-14 04:21:59.817  2345  2345 V GLSActivity: AuthDelegateWrapperCreated with selected intent: Intent { cmp=com.google.android.gms/.auth.DefaultAuthDelegateService }
12-14 04:21:59.817  2345  2345 V GLSActivity: AuthDelegateWrapperCreated with selected intent: Intent { cmp=com.google.android.gms/.auth.DefaultAuthDelegateService }
12-14 04:21:59.817  2432  2432 V GmsCoreStatsServiceLauncher: Received broadcast intent Intent { act=com.google.android.gms.INITIALIZE flg=0x10 pkg=com.google.android.gms cmp=com.google.android.gms/.common.stats.GmsCoreStatsServiceLauncher }
12-14 04:21:59.820  2171  3096 E MDM     : [76] b.run: Couldn't connect to Google API client: ConnectionResult{statusCode=API_UNAVAILABLE, resolution=null, message=null}
12-14 04:21:59.822  1928  2238 I ActivityManager: Killing 2546:com.android.keychain/1000 (adj 15): empty #17
12-14 04:21:59.835  2432  3097 D LocationInitializer: Restart initialization of location
12-14 04:21:59.837  2345  2345 D AuthorizationBluetoothService: Received GmsCore event: Intent { act=com.google.android.gms.INITIALIZE flg=0x10 pkg=com.google.android.gms cmp=com.google.android.gms/.auth.be.proximity.authorization.bt.AuthorizationBluetoothService$AutoStarter }.
12-14 04:21:59.837  2345  3099 D GCM     : GcmService start Intent { act=com.google.android.gms.INITIALIZE flg=0x10 pkg=com.google.android.gms cmp=com.google.android.gms/.gcm.GcmService } com.google.android.gms.INITIALIZE
12-14 04:21:59.837  2345  2345 E AuthorizationBluetoothService: Proximity feature is not enabled.
12-14 04:21:59.838  2345  2345 V GLSActivity: AuthDelegateWrapperCreated with selected intent: Intent { cmp=com.google.android.gms/.auth.DefaultAuthDelegateService }
12-14 04:21:59.839  2432  2432 V GmsCoreStatsServiceLauncher: Received broadcast intent Intent { act=com.google.android.gms.INITIALIZE flg=0x10 pkg=com.google.android.gms cmp=com.google.android.gms/.common.stats.GmsCoreStatsServiceLauncher }
12-14 04:21:59.841  2171  2450 W GCoreFlp: No location to return for getLastLocation()
12-14 04:21:59.841  2345  3098 W FusedLocationProvider: location=null
12-14 04:21:59.843  2171  3101 E MDM     : [77] b.run: Couldn't connect to Google API client: ConnectionResult{statusCode=API_UNAVAILABLE, resolution=null, message=null}
12-14 04:21:59.844  2432  3102 D LocationInitializer: Restart initialization of location
12-14 04:21:59.844  2345  3103 D GCM     : GcmService start Intent { act=com.google.android.gms.INITIALIZE flg=0x10 pkg=com.google.android.gms cmp=com.google.android.gms/.gcm.GcmService } com.google.android.gms.INITIALIZE
12-14 04:21:59.845  2345  2345 D AuthorizationBluetoothService: Received GmsCore event: Intent { act=com.google.android.gms.INITIALIZE flg=0x10 pkg=com.google.android.gms cmp=com.google.android.gms/.auth.be.proximity.authorization.bt.AuthorizationBluetoothService$AutoStarter }.
12-14 04:21:59.845  2345  2345 E AuthorizationBluetoothService: Proximity feature is not enabled.
12-14 04:21:59.846  2345  2345 V GLSActivity: AuthDelegateWrapperCreated with selected intent: Intent { cmp=com.google.android.gms/.auth.DefaultAuthDelegateService }
12-14 04:21:59.847  2432  2432 V GmsCoreStatsServiceLauncher: Received broadcast intent Intent { act=com.google.android.gms.INITIALIZE flg=0x10 pkg=com.google.android.gms cmp=com.google.android.gms/.common.stats.GmsCoreStatsServiceLauncher }
12-14 04:21:59.847  1928  2238 W ActivityManager: getRunningAppProcesses: caller 10059 does not hold REAL_GET_TASKS; limiting output
12-14 04:21:59.848  2432  2518 E JavaBinder: *** Uncaught remote exception!  (Exceptions are not yet supported across processes.)
12-14 04:21:59.848  2432  2518 E JavaBinder: java.lang.RuntimeException: android.os.RemoteException
12-14 04:21:59.848  2432  2518 E JavaBinder: 	at android.os.Parcel.writeException(Parcel.java:1446)
12-14 04:21:59.848  2432  2518 E JavaBinder: 	at android.os.Binder.execTransact(Binder.java:452)
12-14 04:21:59.848  2432  2518 E JavaBinder: Caused by: android.os.RemoteException
12-14 04:21:59.848  2432  2518 E JavaBinder: 	at com.google.android.gms.ads.identifier.service.b.a(SourceFile:77)
12-14 04:21:59.848  2432  2518 E JavaBinder: 	at com.google.android.gms.ads.identifier.a.e.onTransact(SourceFile:63)
12-14 04:21:59.848  2432  2518 E JavaBinder: 	at android.os.Binder.execTransact(Binder.java:446)
12-14 04:21:59.850  2171  3106 E MDM     : [78] b.run: Couldn't connect to Google API client: ConnectionResult{statusCode=API_UNAVAILABLE, resolution=null, message=null}
12-14 04:21:59.850  2171  2450 W GCoreFlp: No location to return for getLastLocation()
12-14 04:21:59.850  2345  3104 W FusedLocationProvider: location=null
12-14 04:21:59.851  2432  3108 D LocationInitializer: Restart initialization of location
12-14 04:21:59.852  1928  2800 W ActivityManager: getRunningAppProcesses: caller 10059 does not hold REAL_GET_TASKS; limiting output
12-14 04:21:59.853  2432  2449 E JavaBinder: *** Uncaught remote exception!  (Exceptions are not yet supported across processes.)
12-14 04:21:59.853  2432  2449 E JavaBinder: java.lang.RuntimeException: android.os.RemoteException
12-14 04:21:59.853  2432  2449 E JavaBinder: 	at android.os.Parcel.writeException(Parcel.java:1446)
12-14 04:21:59.853  2432  2449 E JavaBinder: 	at android.os.Binder.execTransact(Binder.java:452)
12-14 04:21:59.853  2432  2449 E JavaBinder: Caused by: android.os.RemoteException
12-14 04:21:59.853  2432  2449 E JavaBinder: 	at com.google.android.gms.ads.identifier.service.b.a(SourceFile:77)
12-14 04:21:59.853  2432  2449 E JavaBinder: 	at com.google.android.gms.ads.identifier.a.e.onTransact(SourceFile:63)
12-14 04:21:59.853  2432  2449 E JavaBinder: 	at android.os.Binder.execTransact(Binder.java:446)
12-14 04:21:59.855  2171  2450 W GCoreFlp: No location to return for getLastLocation()
12-14 04:21:59.855  2345  3109 W FusedLocationProvider: location=null
12-14 04:21:59.856  2171  2171 I GCoreUlr: Starting service, intent=Intent { act=com.google.android.location.reporting.ACTION_UPDATE_WORLD cmp=com.google.android.gms/com.google.android.location.reporting.service.DispatchingService (has extras) }, extras=Bundle[{receiverAction=com.google.android.location.internal.server.ACTION_RESTARTED}]
12-14 04:21:59.856  2171  2171 I GCoreUlr: DispatchingService.onCreate()
12-14 04:21:59.895  2171  2431 I art     : Explicit concurrent mark sweep GC freed 30701(1345KB) AllocSpace objects, 13(208KB) LOS objects, 39% free, 6MB/10MB, paused 427us total 10.440ms
12-14 04:21:59.900  2171  3111 I GCoreUlr: WorldUpdater received intent Intent { act=com.google.android.location.reporting.ACTION_UPDATE_WORLD cmp=com.google.android.gms/com.google.android.location.reporting.service.DispatchingService (has extras) } with receiverAction com.google.android.location.internal.server.ACTION_RESTARTED
12-14 04:21:59.904  2171  3111 I GCoreUlr: WorldUpdater:com.google.android.location.internal.server.ACTION_RESTARTED: Ensuring that reporting is stopped because of reasons: (no Google accounts)
12-14 04:21:59.904  2171  3111 I GCoreUlr: Unbound from all location providers
12-14 04:21:59.906  2171  2171 I GCoreUlr: DispatchingService.onDestroy()
12-14 04:21:59.906  2171  2171 I GCoreUlr: Stopping handler for UlrDispSvcFast
12-14 04:21:59.907  2171  2171 I GCoreUlr: Unbound from all location providers
12-14 04:21:59.923  2345  2527 D GCM     : GcmService start Intent { act=com.google.android.checkin.CHECKIN_COMPLETE flg=0x10 cmp=com.google.android.gms/.gcm.GcmService (has extras) } com.google.android.checkin.CHECKIN_COMPLETE
12-14 04:21:59.925  2432  2432 D ChimeraCfgMgr: Loading module com.google.android.gms.kids from APK com.google.android.gms
12-14 04:21:59.925  2432  2432 D ChimeraCfgMgr: Loading module com.google.android.gms.kids from APK com.google.android.gms
12-14 04:21:59.926  2432  3113 I Kids    : [KidAccountFixer] No network connection
12-14 04:21:59.931  2171  2450 W GCoreFlp: No location to return for getLastLocation()
12-14 04:21:59.931  2345  3114 W FusedLocationProvider: location=null
12-14 04:21:59.996  1928  2280 I ActivityManager: Start proc 3117:com.google.android.music:main/u0a47 for broadcast com.google.android.music/.store.MediaStoreImportService$Receiver
12-14 04:22:00.024  3117  3117 I MultiDex: VM with version 2.1.0 has multidex support
12-14 04:22:00.024  3117  3117 I MultiDex: install
12-14 04:22:00.024  3117  3117 I MultiDex: VM has multidex support, MultiDex support library is disabled.
12-14 04:22:00.049  1928  2238 W ActivityManager: getRunningAppProcesses: caller 10047 does not hold REAL_GET_TASKS; limiting output
12-14 04:22:00.049  3117  3117 I MusicStore: Database version: 121
12-14 04:22:00.074  1657  1689 E Vold    : Failed to find mounted volume for /storage/usb0/Android/data/com.google.android.music/files/
12-14 04:22:00.074  3117  3117 W ContextImpl: Failed to ensure directory: /storage/usb0/Android/data/com.google.android.music/files
12-14 04:22:00.074  1657  1689 E Vold    : Failed to find mounted volume for /storage/usb1/Android/data/com.google.android.music/files/
12-14 04:22:00.074  3117  3117 W ContextImpl: Failed to ensure directory: /storage/usb1/Android/data/com.google.android.music/files
12-14 04:22:00.075  1657  1689 E Vold    : Failed to find mounted volume for /storage/usb2/Android/data/com.google.android.music/files/
12-14 04:22:00.075  3117  3117 W ContextImpl: Failed to ensure directory: /storage/usb2/Android/data/com.google.android.music/files
12-14 04:22:00.075  1657  1689 E Vold    : Failed to find mounted volume for /storage/usb3/Android/data/com.google.android.music/files/
12-14 04:22:00.075  3117  3117 W ContextImpl: Failed to ensure directory: /storage/usb3/Android/data/com.google.android.music/files
12-14 04:22:00.076  1657  1689 E Vold    : Failed to find mounted volume for /storage/sdcard1/Android/data/com.google.android.music/files/
12-14 04:22:00.076  3117  3117 W ContextImpl: Failed to ensure directory: /storage/sdcard1/Android/data/com.google.android.music/files
12-14 04:22:00.086  1657  1689 E Vold    : Failed to find mounted volume for /storage/usb0/Android/data/com.google.android.music/files/
12-14 04:22:00.086  3117  3117 W ContextImpl: Failed to ensure directory: /storage/usb0/Android/data/com.google.android.music/files
12-14 04:22:00.086  1657  1689 E Vold    : Failed to find mounted volume for /storage/usb1/Android/data/com.google.android.music/files/
12-14 04:22:00.087  3117  3117 W ContextImpl: Failed to ensure directory: /storage/usb1/Android/data/com.google.android.music/files
12-14 04:22:00.087  1657  1689 E Vold    : Failed to find mounted volume for /storage/usb2/Android/data/com.google.android.music/files/
12-14 04:22:00.087  3117  3117 W ContextImpl: Failed to ensure directory: /storage/usb2/Android/data/com.google.android.music/files
12-14 04:22:00.087  1657  1689 E Vold    : Failed to find mounted volume for /storage/usb3/Android/data/com.google.android.music/files/
12-14 04:22:00.087  3117  3117 W ContextImpl: Failed to ensure directory: /storage/usb3/Android/data/com.google.android.music/files
12-14 04:22:00.088  1657  1689 E Vold    : Failed to find mounted volume for /storage/sdcard1/Android/data/com.google.android.music/files/
12-14 04:22:00.088  3117  3117 W ContextImpl: Failed to ensure directory: /storage/sdcard1/Android/data/com.google.android.music/files
12-14 04:22:00.088  1657  1689 E Vold    : Failed to find mounted volume for /storage/usb0/Android/data/com.google.android.music/files/
12-14 04:22:00.088  3117  3117 W ContextImpl: Failed to ensure directory: /storage/usb0/Android/data/com.google.android.music/files
12-14 04:22:00.089  1657  1689 E Vold    : Failed to find mounted volume for /storage/usb1/Android/data/com.google.android.music/files/
12-14 04:22:00.089  3117  3117 W ContextImpl: Failed to ensure directory: /storage/usb1/Android/data/com.google.android.music/files
12-14 04:22:00.089  1657  1689 E Vold    : Failed to find mounted volume for /storage/usb2/Android/data/com.google.android.music/files/
12-14 04:22:00.089  3117  3117 W ContextImpl: Failed to ensure directory: /storage/usb2/Android/data/com.google.android.music/files
12-14 04:22:00.089  1657  1689 E Vold    : Failed to find mounted volume for /storage/usb3/Android/data/com.google.android.music/files/
12-14 04:22:00.089  3117  3117 W ContextImpl: Failed to ensure directory: /storage/usb3/Android/data/com.google.android.music/files
12-14 04:22:00.090  1657  1689 E Vold    : Failed to find mounted volume for /storage/sdcard1/Android/data/com.google.android.music/files/
12-14 04:22:00.090  3117  3117 W ContextImpl: Failed to ensure directory: /storage/sdcard1/Android/data/com.google.android.music/files
12-14 04:22:00.093  3117  3117 D MusicLifecycle: com.google.android.music.MusicApplication generated event: Application created
12-14 04:22:00.099  3117  3117 W ResourcesManager: Asset path '/system/framework/com.android.media.remotedisplay.jar' does not exist or contains no resources.
12-14 04:22:00.099  3117  3117 W ResourcesManager: Asset path '/system/framework/com.android.location.provider.jar' does not exist or contains no resources.
12-14 04:22:00.108  3117  3117 V JNIHelp : Registering com/google/android/gms/org/conscrypt/NativeCrypto's 240 native methods...
12-14 04:22:00.120  3117  3117 I ProviderInstaller: Installed default security provider GmsCore_OpenSSL
12-14 04:22:00.120  3117  3117 D AndroidMusic: GMSCore installation verified
12-14 04:22:00.123  3117  3117 I ConfigStore: Config Database version: 1
12-14 04:22:00.139  3117  3117 I MediaRouter: Found default route: MediaRouter.RouteInfo{ uniqueId=android/.support.v7.media.SystemMediaRouteProvider:DEFAULT_ROUTE, name=Tablet, description=null, iconUri=null, enabled=true, connecting=false, connectionState=0, canDisconnect=false, playbackType=0, playbackStream=3, volumeHandling=1, volume=11, volumeMax=15, presentationDisplayId=-1, extras=null, settingsIntent=null, providerPackageName=android }
12-14 04:22:00.140  3117  3117 D MusicLifecycle: com.google.android.music.store.MediaStoreImportService$Receiver generated event: Broadcast received with context android.app.ReceiverRestrictedContext@526675a and intent Intent { act=android.intent.action.MEDIA_SCANNER_STARTED dat=file:///system/media flg=0x10 cmp=com.google.android.music/.store.MediaStoreImportService$Receiver }
12-14 04:22:00.141  3117  3117 D MusicLifecycle: com.google.android.music.net.NetworkMonitor generated event: Service created
12-14 04:22:00.146  3117  3117 D MusicLifecycle: com.google.android.music.preferences.MusicPreferenceService$MusicPreferenceServiceBinder generated event: Service created
12-14 04:22:00.147  3117  3117 D MusicLifecycle: com.google.android.music.download.cache.StorageMigrationService generated event: Service created
12-14 04:22:00.148  3117  3117 D MusicLifecycle: com.google.android.music.download.artwork.ArtDownloadService generated event: Service created
