12-14 04:22:11.954  1672  1962 D audio_hw_primary: found out /dev/snd/pcmC0D0p
12-14 04:22:11.992  3350  3368 D OpenGLRenderer: Use EGL_SWAP_BEHAVIOR_PRESERVED: true
12-14 04:22:11.992  3350  3350 I GRALLOC-DRM: create intel for driver i915
12-14 04:22:11.993  3350  3350 D Atlas   : Validating map...
12-14 04:22:11.994  1928  2069 V WindowManager: Adding window Window{2ce8c6ac u0 com.android.packageinstaller/com.android.packageinstaller.PackageInstallerActivity} at 3 of 8 (after Window{d765dc4 u0 com.cyanogenmod.filemanager/com.cyanogenmod.filemanager.activities.NavigationActivity})
12-14 04:22:11.995  1928  1945 V WindowManager: Adding window Window{17b10b0a u0 com.android.packageinstaller/com.android.packageinstaller.PackageInstallerActivity} at 3 of 9 (before Window{2ce8c6ac u0 com.android.packageinstaller/com.android.packageinstaller.PackageInstallerActivity})
12-14 04:22:12.023  3350  3368 I EGL-DRI2: DRI2: found extension DRI_Core version 1
12-14 04:22:12.023  3350  3368 I EGL-DRI2: DRI2: found extension DRI_DRI2 version 4
12-14 04:22:12.028  3350  3368 I EGL-DRI2: DRI2: found extension DRI_TexBuffer version 3
12-14 04:22:12.028  3350  3368 I EGL-DRI2: DRI2: found extension DRI2_Flush version 4
12-14 04:22:12.028  3350  3368 I EGL-DRI2: DRI2: found extension DRI_IMAGE version 11
12-14 04:22:12.028  3350  3368 I OpenGLRenderer: Initialized EGL, version 1.4
12-14 04:22:12.028  3350  3368 W OpenGLRenderer: Failed to choose config with EGL_SWAP_BEHAVIOR_PRESERVED, retrying without...
12-14 04:22:12.029  3350  3368 D OpenGLRenderer: Enabling debug mode 0
12-14 04:22:12.074  1928  1954 I ActivityManager: Displayed com.android.packageinstaller/.PackageInstallerActivity: +142ms
12-14 04:22:12.949  2051  2051 W ResourceType: No package identifier when getting value for resource number 0x00000000
12-14 04:22:12.950  2051  2051 W PackageManager: Failure retrieving resources for com.cyanogenmod.filemanager: Resource ID #0x0
12-14 04:22:14.081  1928  1999 W AudioTrack: AUDIO_OUTPUT_FLAG_FAST denied by client
12-14 04:22:14.089  3350  3350 I PackageInstaller: Launching settings
12-14 04:22:14.089  1928  1944 I ActivityManager: START u0 {act=android.settings.SECURITY_SETTINGS flg=0x10000000 cmp=com.android.settings/.Settings$SecuritySettingsActivity} from uid 10050 on display 0
12-14 04:22:14.091  1928  1944 V WindowManager: addAppToken: AppWindowToken{bdccdd6 token=Token{f2e4df1 ActivityRecord{1c71a198 u0 com.android.settings/.Settings$SecuritySettingsActivity t9}}} to stack=1 task=9 at 0
12-14 04:22:14.110  1928  1954 V WindowManager: Adding window Window{69cab4f u0 Starting com.android.settings} at 5 of 10 (after Window{2ce8c6ac u0 com.android.packageinstaller/com.android.packageinstaller.PackageInstallerActivity})
12-14 04:22:14.124  3350  3368 D OpenGLRenderer: endAllStagingAnimators on 0x7f2c834e5000 (RippleDrawable) with handle 0x7f2c872cc340
12-14 04:22:14.157  1928  2800 I ActivityManager: Start proc 3372:com.android.settings/1000 for activity com.android.settings/.Settings$SecuritySettingsActivity
12-14 04:22:14.191  3372  3372 W Settings: Setting install_non_market_apps has moved from android.provider.Settings.Global to android.provider.Settings.Secure, returning read-only value.
12-14 04:22:14.196  3372  3393 I IndexDatabaseHelper: Using schema version: 115
12-14 04:22:14.197  3372  3393 I IndexDatabaseHelper: Index is fine
12-14 04:22:14.199  3372  3393 D Index   : Deleting data for locale 'en_US' took 2 millis
12-14 04:22:14.207  3372  3393 D Index   : Indexing locale 'en_US' took 8 millis
12-14 04:22:14.224  3372  3394 D OpenGLRenderer: Use EGL_SWAP_BEHAVIOR_PRESERVED: true
12-14 04:22:14.225  3372  3372 I GRALLOC-DRM: create intel for driver i915
12-14 04:22:14.225  3372  3372 D Atlas   : Validating map...
12-14 04:22:14.241  1928  2170 V WindowManager: Adding window Window{4e598d1 u0 com.android.settings/com.android.settings.Settings$SecuritySettingsActivity} at 5 of 11 (before Window{69cab4f u0 Starting com.android.settings})
12-14 04:22:14.307  3372  3394 I EGL-DRI2: DRI2: found extension DRI_Core version 1
12-14 04:22:14.307  3372  3394 I EGL-DRI2: DRI2: found extension DRI_DRI2 version 4
12-14 04:22:14.310  3372  3394 I EGL-DRI2: DRI2: found extension DRI_TexBuffer version 3
12-14 04:22:14.310  3372  3394 I EGL-DRI2: DRI2: found extension DRI2_Flush version 4
12-14 04:22:14.310  3372  3394 I EGL-DRI2: DRI2: found extension DRI_IMAGE version 11
12-14 04:22:14.311  3372  3394 I OpenGLRenderer: Initialized EGL, version 1.4
12-14 04:22:14.311  3372  3394 W OpenGLRenderer: Failed to choose config with EGL_SWAP_BEHAVIOR_PRESERVED, retrying without...
12-14 04:22:14.312  3372  3394 D OpenGLRenderer: Enabling debug mode 0
12-14 04:22:14.336  1928  1949 I ActivityManager: Waited long enough for: ServiceRecord{15390df2 u0 com.android.calendar/.alerts.InitAlarmsService}
12-14 04:22:14.373  1928  1954 I ActivityManager: Displayed com.android.settings/.Settings$SecuritySettingsActivity: +232ms
12-14 04:22:14.907  1928  1949 I ActivityManager: Killing 2869:com.google.android.configupdater/u0a31 (adj 15): empty #17
12-14 04:22:16.064  1928  1928 I ValidateNoPeople: skipping global notification
12-14 04:22:17.759  1928  1999 W AudioTrack: AUDIO_OUTPUT_FLAG_FAST denied by client
12-14 04:22:17.763  1928  2170 V WindowManager: not Base app: Adding window Window{23b1fd2f u0 com.android.settings/com.android.settings.Settings$SecuritySettingsActivity} at 4 of 9
12-14 04:22:17.771  1672  1962 D audio_hw_primary: found out /dev/snd/pcmC0D0p
12-14 04:22:18.853  2432  2661 I CheckinService: Done disabling old GoogleServicesFramework version
12-14 04:22:19.462  1928  1999 W AudioTrack: AUDIO_OUTPUT_FLAG_FAST denied by client
12-14 04:22:19.473  3372  3372 W Settings: Setting install_non_market_apps has moved from android.provider.Settings.Global to android.provider.Settings.Secure, value is unchanged.
12-14 04:22:19.501  3372  3394 D OpenGLRenderer: endAllStagingAnimators on 0x7f2c79d43800 (RippleDrawable) with handle 0x7f2c79d6a0a0
12-14 04:22:19.506  1928  2799 W InputMethodManagerService: Window already focused, ignoring focus gain of: com.android.internal.view.IInputMethodClient$Stub$Proxy@22eb3d4b attribute=null, token = android.os.BinderProxy@2b5dcbf8
12-14 04:22:22.305  2051  2051 W ResourceType: No package identifier when getting value for resource number 0x00000000
12-14 04:22:22.305  2051  2051 W PackageManager: Failure retrieving resources for com.android.settings: Resource ID #0x0
12-14 04:22:22.308  1928  2799 I ActivityManager: START u0 {act=com.android.systemui.recents.SHOW_RECENTS flg=0x10804000 cmp=com.android.systemui/.recents.RecentsActivity} from uid 10018 on display 0
12-14 04:22:22.311  1928  2799 V WindowManager: addAppToken: AppWindowToken{5f891e6 token=Token{8ad5841 ActivityRecord{3dd82328 u0 com.android.systemui/.recents.RecentsActivity t10}}} to stack=0 task=10 at 0
12-14 04:22:22.321  2051  2051 D OpenGLRenderer: setting property ambientRatio to 1.5
12-14 04:22:22.321  2051  2051 D OpenGLRenderer: ambientRatio = 1.50
12-14 04:22:22.325  1928  2170 V WindowManager: Adding window Window{12ea0f3b u0 com.android.systemui/com.android.systemui.recents.RecentsActivity} at 4 of 9 (after Window{1774706b u0 com.android.launcher3/com.android.launcher3.Launcher})
12-14 04:22:22.367  1928  1954 I ActivityManager: Displayed com.android.systemui/.recents.RecentsActivity: +51ms
12-14 04:22:22.433  3226  3226 W ViewRootImpl: Cancelling event due to no window focus: KeyEvent { action=ACTION_UP, keyCode=KEYCODE_TAB, scanCode=15, metaState=0, flags=0x28, repeatCount=0, eventTime=38448, downTime=38330, deviceId=9, source=0x101 }
12-14 04:22:22.433  3226  3226 W ViewRootImpl: Cancelling event due to no window focus: KeyEvent { action=ACTION_UP, keyCode=KEYCODE_TAB, scanCode=15, metaState=0, flags=0x28, repeatCount=0, eventTime=38448, downTime=38330, deviceId=9, source=0x101 }
12-14 04:22:22.433  3226  3226 W ViewRootImpl: Cancelling event due to no window focus: KeyEvent { action=ACTION_UP, keyCode=KEYCODE_TAB, scanCode=15, metaState=0, flags=0x28, repeatCount=0, eventTime=38448, downTime=38330, deviceId=9, source=0x101 }
12-14 04:22:22.433  3226  3226 W ViewRootImpl: Cancelling event due to no window focus: KeyEvent { action=ACTION_UP, keyCode=KEYCODE_TAB, scanCode=15, metaState=0, flags=0x28, repeatCount=0, eventTime=38448, downTime=38330, deviceId=9, source=0x101 }
12-14 04:22:22.433  3226  3226 W ViewRootImpl: Cancelling event due to no window focus: KeyEvent { action=ACTION_UP, keyCode=KEYCODE_TAB, scanCode=15, metaState=0, flags=0x28, repeatCount=0, eventTime=38448, downTime=38330, deviceId=9, source=0x101 }
12-14 04:22:22.433  3226  3226 W ViewRootImpl: Cancelling event due to no window focus: KeyEvent { action=ACTION_UP, keyCode=KEYCODE_TAB, scanCode=15, metaState=0, flags=0x28, repeatCount=0, eventTime=38448, downTime=38330, deviceId=9, source=0x101 }
12-14 04:22:22.433  3226  3226 W ViewRootImpl: Cancelling event due to no window focus: KeyEvent { action=ACTION_UP, keyCode=KEYCODE_TAB, scanCode=15, metaState=0, flags=0x28, repeatCount=0, eventTime=38448, downTime=38330, deviceId=9, source=0x101 }
12-14 04:22:22.433  3226  3226 W ViewRootImpl: Cancelling event due to no window focus: KeyEvent { action=ACTION_UP, keyCode=KEYCODE_TAB, scanCode=15, metaState=0, flags=0x28, repeatCount=0, eventTime=38448, downTime=38330, deviceId=9, source=0x101 }
12-14 04:22:22.433  3226  3226 W ViewRootImpl: Cancelling event due to no window focus: KeyEvent { action=ACTION_UP, keyCode=KEYCODE_TAB, scanCode=15, metaState=0, flags=0x28, repeatCount=0, eventTime=38448, downTime=38330, deviceId=9, source=0x101 }
12-14 04:22:23.394  2051  2051 W ResourceType: No package identifier when getting value for resource number 0x00000000
12-14 04:22:23.394  2051  2051 W PackageManager: Failure retrieving resources for com.android.settings: Resource ID #0x0
12-14 04:22:24.381  1928  1999 W AudioTrack: AUDIO_OUTPUT_FLAG_FAST denied by client
12-14 04:22:24.383  1928  2069 I ActivityManager: START u0 {act=android.intent.action.VIEW dat=file:///storage/usb0/antutu-benchmark-v6.apk typ=application/vnd.android.package-archive flg=0x17000000 cmp=com.android.packageinstaller/.PackageInstallerActivity} from uid 10025 on display 0
12-14 04:22:24.383  1928  2069 V WindowManager: addAppToken: AppWindowToken{2ae06417 token=Token{197f4096 ActivityRecord{3c5bd3b1 u0 com.android.packageinstaller/.PackageInstallerActivity t11}}} to stack=1 task=11 at 0
12-14 04:22:24.392  1672  1962 D audio_hw_primary: found out /dev/snd/pcmC0D0p
12-14 04:22:24.417  1928  2799 V WindowManager: Adding window Window{2aa8f9ed u0 com.android.packageinstaller/com.android.packageinstaller.PackageInstallerActivity} at 5 of 10 (after Window{d765dc4 u0 com.cyanogenmod.filemanager/com.cyanogenmod.filemanager.activities.NavigationActivity})
12-14 04:22:24.452  1928  1954 I ActivityManager: Displayed com.android.packageinstaller/.PackageInstallerActivity: +62ms
12-14 04:22:25.393  2051  2051 W ResourceType: No package identifier when getting value for resource number 0x00000000
12-14 04:22:25.393  2051  2051 W PackageManager: Failure retrieving resources for com.cyanogenmod.filemanager: Resource ID #0x0
12-14 04:22:26.123  1928  1999 W AudioTrack: AUDIO_OUTPUT_FLAG_FAST denied by client
12-14 04:22:26.124  1928  1944 I ActivityManager: START u0 {dat=file:///storage/usb0/antutu-benchmark-v6.apk cmp=com.android.packageinstaller/.InstallAppProgress (has extras)} from uid 10050 on display 0
12-14 04:22:26.124  1928  1944 V WindowManager: addAppToken: AppWindowToken{312847e9 token=Token{30bfe870 ActivityRecord{3b7d2ab3 u0 com.android.packageinstaller/.InstallAppProgress t11}}} to stack=1 task=11 at 1
12-14 04:22:26.161  1928  1958 I ActivityManager: Start proc 3419:com.android.defcontainer/u0a3 for service com.android.defcontainer/.DefaultContainerService
12-14 04:22:26.162  1928  2799 V WindowManager: Adding window Window{19f93d2b u0 com.android.packageinstaller/com.android.packageinstaller.InstallAppProgress} at 6 of 11 (after Window{2aa8f9ed u0 com.android.packageinstaller/com.android.packageinstaller.PackageInstallerActivity})
12-14 04:22:26.178  1928  1954 I ActivityManager: Displayed com.android.packageinstaller/.InstallAppProgress: +38ms
12-14 04:22:26.211  3350  3368 D OpenGLRenderer: endAllStagingAnimators on 0x7f2c83608000 (RippleDrawable) with handle 0x7f2c834b2fa0
12-14 04:22:26.332  2781  2781 D Finsky  : [1] PackageVerificationReceiver.onReceive: Skipping verification because network inactive
12-14 04:22:26.333  2781  2781 D Finsky  : [1] PackageVerificationReceiver.onReceive: Skipping verification because network inactive
12-14 04:22:26.334  3419  3435 D DefContainer: Copying /storage/usb0/antutu-benchmark-v6.apk to base.apk
12-14 04:22:26.498  1928  1958 W PackageManager: Invalid verification token 0 received
12-14 04:22:26.611  1928  1958 D PackageManager: Renaming /data/app/vmdl649120480.tmp to /data/app/com.antutu.ABenchMark-1
12-14 04:22:26.622  1928  1958 I PackageManager: Running dexopt on: /data/app/com.antutu.ABenchMark-1/base.apk pkg=com.antutu.ABenchMark isa=x86_64 vmSafeMode=false
12-14 04:22:26.627  3438  3438 I dex2oat : /system/bin/dex2oat --zip-fd=5 --zip-location=/data/app/com.antutu.ABenchMark-1/base.apk --oat-fd=6 --oat-location=/data/dalvik-cache/x86_64/data@app@com.antutu.ABenchMark-1@base.apk@classes.dex --instruction-set=x86_64 --instruction-set-features=default --runtime-arg -Xms64m --runtime-arg -Xmx512m --swap-fd=13
12-14 04:22:26.661  3438  3438 I dex2oat : Decided to run without swap.
12-14 04:22:26.855  1928  2010 D TaskPersister: removeObsoleteFile: deleting file=8_task_thumbnail.png
12-14 04:22:27.409  3438  3438 I dex2oat : dex2oat took 782.708ms (threads: 4) arena alloc=219KB java alloc=4MB native alloc=9MB free=6MB
12-14 04:22:27.445  1928  1958 V BackupManagerService: restoreAtInstall pkg=com.antutu.ABenchMark token=1 restoreSet=0
12-14 04:22:27.445  1928  1958 V BackupManagerService: Finishing install immediately
12-14 04:22:27.445  1928  1958 W Settings: Setting install_non_market_apps has moved from android.provider.Settings.Global to android.provider.Settings.Secure, returning read-only value.
12-14 04:22:27.447  1928  1968 I InputReader: Reconfiguring input devices.  changes=0x00000010
12-14 04:22:27.452  2432  3443 D PackageBroadcastService: Received broadcast action=android.intent.action.PACKAGE_ADDED and uri=com.antutu.ABenchMark
12-14 04:22:27.452  2432  2432 D ChimeraCfgMgr: Loading module com.google.android.gms.games from APK com.google.android.gms
12-14 04:22:27.454  1928  1928 D BackupManagerService: Received broadcast Intent { act=android.intent.action.PACKAGE_ADDED dat=package:com.antutu.ABenchMark flg=0x4000010 (has extras) }
12-14 04:22:27.457  2432  2432 I ConfigFetchService: onStartCommand Intent { act=android.intent.action.PACKAGE_ADDED dat=package:com.antutu.ABenchMark cmp=com.google.android.gms/.config.ConfigFetchService (has extras) }
12-14 04:22:27.458  2432  2432 I ConfigFetchService: launchTask
12-14 04:22:27.459  2432  3445 W ConfigFetchTask: no android id
12-14 04:22:27.459  2432  3445 E ConfigFetchTask: failed to build request; aborting config fetch
12-14 04:22:27.460  1928  1948 W VoiceInteractionManagerService: no available voice recognition services found for user 0
12-14 04:22:27.469  1928  1958 I art     : Explicit concurrent mark sweep GC freed 68138(3MB) AllocSpace objects, 20(854KB) LOS objects, 33% free, 11MB/17MB, paused 258us total 23.012ms
12-14 04:22:27.471  2432  2432 D ChimeraCfgMgr: Loading module com.google.android.gms.vision from APK com.google.android.gms
12-14 04:22:27.472  2432  2432 I ConfigFetchService: fetch service done; releasing wakelock
12-14 04:22:27.473  2432  2432 I ConfigFetchService: stopping self
12-14 04:22:27.476  2246  2246 I Launcher: Deferring update until onResume
12-14 04:22:27.479  2246  2323 W ResourcesManager: Asset path '/system/framework/com.google.android.media.effects.jar' does not exist or contains no resources.
12-14 04:22:27.481  2246  2246 I Launcher: Deferring update until onResume
12-14 04:22:27.491  1928  2238 I ActivityManager: Start proc 3448:com.google.android.partnersetup/u0a10 for broadcast com.google.android.partnersetup/.RlzPingBroadcastReceiver
12-14 04:22:27.493  2432  3446 I PeopleContactsSync: CP2 sync disabled
12-14 04:22:27.495  1928  2799 I ActivityManager: Killing 2900:com.android.deskclock/u0a32 (adj 15): empty #17
12-14 04:22:27.526  1928  2275 I ActivityManager: Start proc 3469:com.android.musicfx/u0a13 for broadcast com.android.musicfx/.Compatibility$Receiver
12-14 04:22:27.527  1928  2275 I ActivityManager: Killing 2940:com.android.exchange/u0a36 (adj 15): empty #17
12-14 04:22:27.567  1928  2280 I ActivityManager: Start proc 3490:com.svox.pico/u0a52 for broadcast com.svox.pico/.VoiceDataInstallerReceiver
12-14 04:22:27.568  1928  2280 I ActivityManager: Killing 3014:com.google.android.youtube/u0a59 (adj 15): empty #17
12-14 04:22:27.585  1928  2204 I ActivityManager: Killing 2748:com.android.mms/u0a12 (adj 15): empty #17
12-14 04:22:27.598  1928  1945 D CountryDetector: No listener is left
12-14 04:22:29.337  2845  2880 D InitAlarmsService: Clearing and rescheduling alarms.
12-14 04:22:29.342  1928  1944 I ActivityManager: Killing 2921:com.android.email/u0a35 (adj 15): empty #17
12-14 04:22:29.725  1928  2170 I ActivityManager: START u0 {act=android.intent.action.MAIN cat=[android.intent.category.LAUNCHER] flg=0x10000000 pkg=com.antutu.ABenchMark cmp=com.antutu.ABenchMark/.ABenchMarkStart} from uid 10050 on display 0
12-14 04:22:29.726  1928  1999 W AudioTrack: AUDIO_OUTPUT_FLAG_FAST denied by client
12-14 04:22:29.726  1928  2170 V WindowManager: addAppToken: AppWindowToken{126e0cc7 token=Token{56c5e06 ActivityRecord{20de40e1 u0 com.antutu.ABenchMark/.ABenchMarkStart t12}}} to stack=1 task=12 at 0
12-14 04:22:29.737  1672  1962 D audio_hw_primary: found out /dev/snd/pcmC0D0p
12-14 04:22:29.743  1928  1954 V WindowManager: Adding window Window{1ba29a60 u0 Starting com.antutu.ABenchMark} at 6 of 11 (after Window{19f93d2b u0 com.android.packageinstaller/com.android.packageinstaller.InstallAppProgress})
12-14 04:22:29.790  1928  2204 I ActivityManager: Start proc 3510:com.antutu.ABenchMark/u0a61 for activity com.antutu.ABenchMark/.ABenchMarkStart
12-14 04:22:29.812  3510  3510 W Settings: Setting android_id has moved from android.provider.Settings.System to android.provider.Settings.Secure, returning read-only value.
12-14 04:22:29.825  3350  3368 D OpenGLRenderer: endAllStagingAnimators on 0x7f2c836f6800 (RippleDrawable) with handle 0x7f2c83482480
12-14 04:22:29.845  1928  2799 W BackupManagerService: dataChanged but no participant pkg='com.android.providers.settings' uid=10061
12-14 04:22:29.856  3510  3543 D OpenGLRenderer: Use EGL_SWAP_BEHAVIOR_PRESERVED: true
12-14 04:22:29.857  3510  3510 I GRALLOC-DRM: create intel for driver i915
12-14 04:22:29.857  3510  3510 D Atlas   : Validating map...
12-14 04:22:29.858  1928  1945 V WindowManager: Adding window Window{b5df653 u0 com.antutu.ABenchMark/com.antutu.ABenchMark.ABenchMarkStart} at 6 of 12 (before Window{1ba29a60 u0 Starting com.antutu.ABenchMark})
12-14 04:22:29.909  3510  3543 I EGL-DRI2: DRI2: found extension DRI_Core version 1
12-14 04:22:29.909  3510  3543 I EGL-DRI2: DRI2: found extension DRI_DRI2 version 4
12-14 04:22:29.913  3510  3543 I EGL-DRI2: DRI2: found extension DRI_TexBuffer version 3
12-14 04:22:29.913  3510  3543 I EGL-DRI2: DRI2: found extension DRI2_Flush version 4
12-14 04:22:29.913  3510  3543 I EGL-DRI2: DRI2: found extension DRI_IMAGE version 11
12-14 04:22:29.913  3510  3543 I OpenGLRenderer: Initialized EGL, version 1.4
12-14 04:22:29.913  3510  3543 W OpenGLRenderer: Failed to choose config with EGL_SWAP_BEHAVIOR_PRESERVED, retrying without...
12-14 04:22:29.914  3510  3543 D OpenGLRenderer: Enabling debug mode 0
12-14 04:22:29.941  1928  1944 V WindowManager: Adding window Window{178de845 u0 SurfaceView} at 6 of 14 (before Window{b5df653 u0 com.antutu.ABenchMark/com.antutu.ABenchMark.ABenchMarkStart})
12-14 04:22:30.057  3510  3537 W Settings: Setting android_id has moved from android.provider.Settings.System to android.provider.Settings.Secure, returning read-only value.
12-14 04:22:30.059  1672  1672 D Camera_Factory: CameraFactory::get_camera_info
12-14 04:22:30.059  1672  1672 D Camera_Factory: CameraFactory::getCameraInfo: id = 0, info = 0xffdb2ee0
12-14 04:22:30.059  1672  1672 D Camera_Factory: CameraFactory::getCameraNum: 1
12-14 04:22:30.059  1672  1672 D CameraHardware: CameraHardware::getCameraInfo
12-14 04:22:30.060  1672  1979 D Camera_Factory: CameraFactory::get_camera_info
12-14 04:22:30.060  1672  1979 D Camera_Factory: CameraFactory::getCameraInfo: id = 0, info = 0xf4e018f0
12-14 04:22:30.060  1672  1979 D Camera_Factory: CameraFactory::getCameraNum: 1
12-14 04:22:30.060  1672  1979 D CameraHardware: CameraHardware::getCameraInfo
12-14 04:22:30.060  1672  1979 W AudioFlinger: acquireAudioSessionId() unknown client 3510 for session 19
12-14 04:22:30.063  1672  1979 W AudioFlinger: acquireAudioSessionId() unknown client 3510 for session 20
12-14 04:22:30.068  1672  1979 I CameraClient: Opening camera 0
12-14 04:22:30.068  1672  1979 D Camera_Factory: CameraFactory::get_camera_info
12-14 04:22:30.068  1672  1979 D Camera_Factory: CameraFactory::getCameraInfo: id = 0, info = 0xf4e01880
12-14 04:22:30.068  1672  1979 D Camera_Factory: CameraFactory::getCameraNum: 1
12-14 04:22:30.068  1672  1979 D CameraHardware: CameraHardware::getCameraInfo
12-14 04:22:30.068  1672  1979 D Camera_Factory: CameraFactory::device_open: name = 0
12-14 04:22:30.068  1672  1979 D Camera_Factory: CameraFactory::cameraDeviceOpen: id = 0
12-14 04:22:30.068  1672  1979 D Camera_Factory: CameraFactory::getCameraNum: 1
12-14 04:22:30.068  1672  1979 D CameraHardware: CameraHardware::connectCamera
12-14 04:22:30.068  1672  1979 D CameraHardware: CameraHardware::setCallbacks
12-14 04:22:30.068  1672  1979 D CameraHardware: CameraHardware::enableMsgType: 3085
12-14 04:22:30.068  1672  2000 D CameraHardware: CameraHardware::cancelAutoFocus
12-14 04:22:30.068  1672  1672 D CameraHardware: CameraHardware::getParameters
12-14 04:22:30.068  1672  1672 D CameraHardware: CameraHardware::putParameters
12-14 04:22:30.068  1672  1979 D CameraHardware: CameraHardware::disableMsgType: 16
12-14 04:22:30.068  1672  2000 D CameraHardware: CameraHardware::disableMsgType: 65535
12-14 04:22:30.068  1672  2000 D CameraHardware: CameraHardware::stopPreview
12-14 04:22:30.068  1672  2000 D CameraHardware: CameraHardware::stopPreviewLocked
12-14 04:22:30.068  1672  2000 D CameraHardware: CameraHardware::stopPreviewLocked: OK
12-14 04:22:30.068  1672  2000 D CameraHardware: CameraHardware::cancelPicture
12-14 04:22:30.068  1672  2000 D CameraHardware: CameraHardware::releaseCamera
12-14 04:22:30.068  1672  2000 I CameraClient: Destroying camera 0
12-14 04:22:30.068  1672  2000 D CameraHardware: CameraHardware::closeCamera
12-14 04:22:30.068  1672  2000 D CameraHardware: CameraHardware::releaseCamera
12-14 04:22:30.075  1672  1672 D NuPlayerDriver: reset(0xf584ee20)
12-14 04:22:30.075  1672  3545 D NuPlayerDriver: notifyResetComplete(0xf584ee20)
12-14 04:22:30.076  1672  1672 D NuPlayerDriver: reset(0xf584edc0)
12-14 04:22:30.076  1672  3547 D NuPlayerDriver: notifyResetComplete(0xf584edc0)
12-14 04:22:30.174  1928  1954 I ActivityManager: Displayed com.antutu.ABenchMark/.ABenchMarkStart: +399ms
12-14 04:22:30.192  1928  2204 D KbdSensor: poll_setDelay: dev=0x7f2c8e066680 delay-ns=20000000
12-14 04:22:30.642  1928  1952 D Atlas   : Validating map...
12-14 04:22:30.691  1928  1975 I EGL-DRI2: DRI2: found extension DRI_Core version 1
12-14 04:22:30.691  1928  1975 I EGL-DRI2: DRI2: found extension DRI_DRI2 version 4
12-14 04:22:30.695  1928  1975 I EGL-DRI2: DRI2: found extension DRI_TexBuffer version 3
12-14 04:22:30.695  1928  1975 I EGL-DRI2: DRI2: found extension DRI2_Flush version 4
12-14 04:22:30.695  1928  1975 I EGL-DRI2: DRI2: found extension DRI_IMAGE version 11
12-14 04:22:30.695  1928  1975 I OpenGLRenderer: Initialized EGL, version 1.4
12-14 04:22:31.657  1928  2069 W ActivityManager: getRunningAppProcesses: caller 10061 does not hold REAL_GET_TASKS; limiting output
12-14 04:22:31.658  1928  2238 W ActivityManager: getRunningAppProcesses: caller 10061 does not hold REAL_GET_TASKS; limiting output
12-14 04:22:31.661  1928  1944 I ActivityManager: START u0 {cmp=com.antutu.ABenchMark/com.antutu.benchmark.activity.MainActivity} from uid 10061 on display 0
12-14 04:22:31.662  1928  1944 V WindowManager: addAppToken: AppWindowToken{13d2d17f token=Token{bbae29e ActivityRecord{136818d9 u0 com.antutu.ABenchMark/com.antutu.benchmark.activity.MainActivity t12}}} to stack=1 task=12 at 1
12-14 04:22:31.675  1928  1994 D WifiService: New client listening to asynchronous messages
12-14 04:22:31.693  1928  2069 D KbdSensor: poll_setDelay: dev=0x7f2c8e066680 delay-ns=66667000
12-14 04:22:31.703  1928  2069 I ActivityManager: START u0 {cmp=com.antutu.ABenchMark/com.antutu.benchmark.activity.WizardActivity} from uid 10061 on display 0
12-14 04:22:31.703  1928  2069 V WindowManager: addAppToken: AppWindowToken{17051850 token=Token{309bae13 ActivityRecord{869c502 u0 com.antutu.ABenchMark/com.antutu.benchmark.activity.WizardActivity t12}}} to stack=1 task=12 at 2
12-14 04:22:31.713  1928  2069 V WindowManager: Adding window Window{18332f4e u0 com.antutu.ABenchMark/com.antutu.benchmark.activity.MainActivity} at 7 of 14 (after Window{b5df653 u0 com.antutu.ABenchMark/com.antutu.ABenchMark.ABenchMarkStart})
12-14 04:22:31.747  1928  1953 D BluetoothManagerService: Message: 20
12-14 04:22:31.747  1928  1953 D BluetoothManagerService: Added callback: android.bluetooth.IBluetoothManagerCallback$Stub$Proxy@1138cc8b:true
12-14 04:22:31.747  1928  2799 D BluetoothManagerService: checkIfCallerIsForegroundUser: valid=true callingUser=0 parentUser=-10000 foregroundUser=0
12-14 04:22:31.750  1928  2204 W ActivityManager: getRunningAppProcesses: caller 10061 does not hold REAL_GET_TASKS; limiting output
12-14 04:22:31.751  3510  3510 I WebViewFactory: Loading com.android.webview version 39 (eng.cwhuang-x86_64) (code 399998)
12-14 04:22:31.762  1928  2069 W ActivityManager: getRunningAppProcesses: caller 10061 does not hold REAL_GET_TASKS; limiting output
12-14 04:22:31.967  3510  3510 I LibraryLoader: Time to load native libraries: 177 ms (timestamps 7818-7995)
12-14 04:22:31.967  3510  3510 I LibraryLoader: Expected native library version number "",actual native library version number ""
12-14 04:22:31.979  3510  3510 V WebViewChromiumFactoryProvider: Binding Chromium to main looper Looper (main, tid 1) {6169ce}
12-14 04:22:31.979  3510  3510 I LibraryLoader: Expected native library version number "",actual native library version number ""
12-14 04:22:31.989  3510  3510 I chromium: [INFO:library_loader_hooks.cc(104)] Chromium logging enabled: level = 0, default verbosity = 0
12-14 04:22:31.991  3510  3510 I BrowserStartupController: Initializing chromium process, singleProcess=true
12-14 04:22:31.996  3510  3510 W art     : Attempt to remove local handle scope entry from IRT, ignoring
12-14 04:22:32.004  3510  3588 W chromium: [WARNING:dns_config_service_posix.cc(293)] Failed to read DnsConfig.
12-14 04:22:32.007  3510  3592 D BluetoothAdapter: 990576879: getState() :  mService = null. Returning STATE_OFF
12-14 04:22:32.009  3510  3510 W chromium: [WARNING:resource_bundle.cc(304)] locale_file_path.empty()
12-14 04:22:32.009  3510  3510 I chromium: [INFO:aw_browser_main_parts.cc(65)] Load from apk succesful, fd=53 off=46184 len=3037
12-14 04:22:32.010  3510  3510 I chromium: [INFO:aw_browser_main_parts.cc(78)] Loading webviewchromium.pak from, fd:54 off:229484 len:1089587
12-14 04:22:32.056  3510  3510 W chromium: [WARNING:data_reduction_proxy_settings.cc(331)] SPDY proxy OFF at startup
12-14 04:22:32.062  3510  3510 W art     : Attempt to remove local handle scope entry from IRT, ignoring
12-14 04:22:32.064  3510  3510 W AwContents: onDetachedFromWindow called when already detached. Ignoring
12-14 04:22:32.067  3510  3510 W art     : Attempt to remove local handle scope entry from IRT, ignoring
12-14 04:22:32.067  3510  3510 W art     : Attempt to remove local handle scope entry from IRT, ignoring
12-14 04:22:32.089  1928  2280 D KbdSensor: poll_setDelay: dev=0x7f2c8e066680 delay-ns=66667000
12-14 04:22:32.089  3510  3510 E SensorManager: sensor or listener is null
12-14 04:22:32.089  3510  3510 E SensorManager: sensor or listener is null
12-14 04:22:32.089  3510  3510 E SensorManager: sensor or listener is null
12-14 04:22:32.089  3510  3510 E SensorManager: sensor or listener is null
12-14 04:22:32.089  3510  3510 E SensorManager: sensor or listener is null
12-14 04:22:32.089  3510  3510 E SensorManager: sensor or listener is null
12-14 04:22:32.089  3510  3510 E SensorManager: sensor or listener is null
12-14 04:22:32.089  3510  3510 E SensorManager: sensor or listener is null
12-14 04:22:32.089  3510  3510 E SensorManager: sensor or listener is null
12-14 04:22:32.089  3510  3510 E SensorManager: sensor or listener is null
12-14 04:22:32.089  3510  3510 E SensorManager: sensor or listener is null
12-14 04:22:32.089  3510  3510 E SensorManager: sensor or listener is null
12-14 04:22:32.089  3510  3510 E SensorManager: sensor or listener is null
12-14 04:22:32.089  3510  3510 E SensorManager: sensor or listener is null
12-14 04:22:32.089  3510  3510 E SensorManager: sensor or listener is null
12-14 04:22:32.089  3510  3510 E SensorManager: sensor or listener is null
12-14 04:22:32.089  3510  3510 E SensorManager: sensor or listener is null
12-14 04:22:32.089  3510  3510 E SensorManager: sensor or listener is null
12-14 04:22:32.224  3510  3510 D SectionedAdapter: totalCount:11
12-14 04:22:32.224  3510  3510 D SectionedAdapter: totalCount:11
12-14 04:22:32.442  3510  3670 W chromium: [WARNING:simple_index_file.cc(337)] Could not map Simple Index file.
12-14 04:22:32.494  2345  2345 I ConfigService: onDestroy
12-14 04:22:32.525  3510  3510 I chromium: [INFO:CONSOLE(12)] "Not allowed to load local resource: file:///android_asset/webkit/android-weberror.png", source: data:text/html,chromewebdata (12)
12-14 04:22:33.894  3510  3543 V RenderScript: 0x7f2c7a4da000 Launching thread(s), CPUs 4
12-14 04:22:34.948  2345  2345 E GCM     : Missing checkin config file
12-14 04:22:34.948  2345  2345 W GCM     : GCM FAILED TO INITIALIZE - missing checkin
12-14 04:22:37.040  3510  3510 W Settings: Setting always_finish_activities has moved from android.provider.Settings.System to android.provider.Settings.Global, returning read-only value.
12-14 04:22:37.041  1928  1999 W AudioTrack: AUDIO_OUTPUT_FLAG_FAST denied by client
12-14 04:22:37.045  1928  1944 V WindowManager: not Base app: Adding window Window{27339510 u0 com.antutu.ABenchMark/com.antutu.benchmark.activity.MainActivity} at 6 of 12
12-14 04:22:37.053  1672  1962 D audio_hw_primary: found out /dev/snd/pcmC0D0p
12-14 04:22:37.563  2432  3690 D PackageBroadcastService: Received broadcast action=android.intent.action.PACKAGE_CHANGED and uri=com.android.musicfx
12-14 04:22:37.563  1928  1968 I InputReader: Reconfiguring input devices.  changes=0x00000010
12-14 04:22:37.570  2432  3692 I PeopleContactsSync: CP2 sync disabled
12-14 04:22:37.574  1928  1928 D BackupManagerService: Received broadcast Intent { act=android.intent.action.PACKAGE_CHANGED dat=package:com.android.musicfx flg=0x4000010 (has extras) }
12-14 04:22:37.585  2246  2246 W Launcher: setApplicationContext called twice! old=com.android.launcher3.LauncherApplication@2ec04748 new=com.android.launcher3.LauncherApplication@2ec04748
12-14 04:22:37.592  2246  2246 I Launcher: Deferring update until onResume
12-14 04:22:40.518  1928  1999 W AudioTrack: AUDIO_OUTPUT_FLAG_FAST denied by client
12-14 04:22:40.518  1928  2280 I ActivityManager: START u0 {act=android.intent.action.VIEW dat=market://details?id=com.antutu.benchmark.full flg=0x10000000 cmp=com.android.vending/com.google.android.finsky.activities.LaunchUrlHandlerActivity} from uid 10061 on display 0
12-14 04:22:40.520  1928  2280 V WindowManager: addAppToken: AppWindowToken{1eac28f7 token=Token{1c7d8cf6 ActivityRecord{c2c1591 u0 com.android.vending/com.google.android.finsky.activities.LaunchUrlHandlerActivity t13}}} to stack=1 task=13 at 0
12-14 04:22:40.529  1672  1962 D audio_hw_primary: found out /dev/snd/pcmC0D0p
12-14 04:22:40.537  2781  3697 D OpenGLRenderer: Use EGL_SWAP_BEHAVIOR_PRESERVED: true
12-14 04:22:40.537  2781  2781 I GRALLOC-DRM: create intel for driver i915
12-14 04:22:40.538  2781  2781 D Atlas   : Validating map...
12-14 04:22:40.539  1928  2800 V WindowManager: Adding window Window{f393fef u0 com.android.vending/com.google.android.finsky.activities.LaunchUrlHandlerActivity} at 7 of 13 (after Window{27339510 u0 com.antutu.ABenchMark/com.antutu.benchmark.activity.MainActivity EXITING})
12-14 04:22:40.539  2781  2781 W Finsky  : [1] FinskyApp.getCurrentAccount: No account configured on this device.
12-14 04:22:40.539  2781  2781 E Finsky  : [1] LaunchUrlHandlerActivity.handleUrl: Launch URL without continue URL
12-14 04:22:40.540  1928  2280 I ActivityManager: START u0 {act=android.intent.action.VIEW dat=http://market.android.com/details?id=com.antutu.benchmark.full cmp=com.android.vending/com.google.android.finsky.activities.MainActivity (has extras)} from uid 10014 on display 0
12-14 04:22:40.541  1928  2280 V WindowManager: addAppToken: AppWindowToken{2d24dfda token=Token{160b1585 ActivityRecord{eb53afc u0 com.android.vending/com.google.android.finsky.activities.MainActivity t13}}} to stack=1 task=13 at 1
12-14 04:22:40.547  2781  3697 I EGL-DRI2: DRI2: found extension DRI_Core version 1
12-14 04:22:40.547  2781  3697 I EGL-DRI2: DRI2: found extension DRI_DRI2 version 4
12-14 04:22:40.551  2781  3697 I EGL-DRI2: DRI2: found extension DRI_TexBuffer version 3
12-14 04:22:40.551  2781  3697 I EGL-DRI2: DRI2: found extension DRI2_Flush version 4
12-14 04:22:40.551  2781  3697 I EGL-DRI2: DRI2: found extension DRI_IMAGE version 11
12-14 04:22:40.551  2781  3697 I OpenGLRenderer: Initialized EGL, version 1.4
12-14 04:22:40.551  2781  3697 W OpenGLRenderer: Failed to choose config with EGL_SWAP_BEHAVIOR_PRESERVED, retrying without...
12-14 04:22:40.552  2781  3697 D OpenGLRenderer: Enabling debug mode 0
12-14 04:22:40.577  2781  2809 D Volley  : [122] DiskBasedCache.clear: Cache cleared.
12-14 04:22:40.577  2781  2816 D Volley  : [129] DiskBasedCache.clear: Cache cleared.
12-14 04:22:40.595  2781  2781 W Finsky  : [1] FinskyApp.getCurrentAccount: No account configured on this device.
12-14 04:22:40.595  2781  2781 W Finsky  : [1] FinskyApp.getCurrentAccount: No account configured on this device.
12-14 04:22:40.603  2781  2781 W Finsky  : [1] FinskyApp.getCurrentAccount: No account configured on this device.
12-14 04:22:40.603  2781  2781 W Finsky  : [1] FinskyApp.getCurrentAccount: No account configured on this device.
12-14 04:22:40.609  2781  2781 W Finsky  : [1] FinskyApp.getCurrentAccount: No account configured on this device.
12-14 04:22:40.610  2781  2781 W Finsky  : [1] FinskyApp.getCurrentAccount: No account configured on this device.
12-14 04:22:40.610  2781  2781 W Finsky  : [1] FinskyApp.getCurrentAccount: No account configured on this device.
12-14 04:22:40.616  2781  2781 W Finsky  : [1] FinskyApp.getCurrentAccount: No account configured on this device.
12-14 04:22:40.617  2781  2781 W Finsky  : [1] FinskyApp.getCurrentAccount: No account configured on this device.
12-14 04:22:40.618  1928  1944 V WindowManager: Adding window Window{14833de7 u0 com.android.vending/com.google.android.finsky.activities.MainActivity} at 8 of 14 (after Window{f393fef u0 com.android.vending/com.google.android.finsky.activities.LaunchUrlHandlerActivity})
12-14 04:22:40.618  2781  2781 W Finsky  : [1] FinskyApp.getCurrentAccount: No account configured on this device.
12-14 04:22:40.620  2345  2345 V GLSActivity: AuthDelegateWrapperCreated with selected intent: Intent { cmp=com.google.android.gms/.auth.DefaultAuthDelegateService }
12-14 04:22:40.624  2345  2345 V GLSActivity: AuthDelegateWrapperCreated with selected intent: Intent { cmp=com.google.android.gms/.auth.DefaultAuthDelegateService }
12-14 04:22:40.656  1928  2799 I ActivityManager: START u0 {cat=[categoryhack:cc1f9c71-9626-41b0-9a83-65ffc06f516c] cmp=com.google.android.gms/.common.ui.UnpackingRedirectActivity (has extras)} from uid 10014 on display 0
12-14 04:22:40.658  1928  2799 V WindowManager: addAppToken: AppWindowToken{4ade2ad token=Token{192be3c4 ActivityRecord{5816ed7 u0 com.google.android.gms/.common.ui.UnpackingRedirectActivity t13}}} to stack=1 task=13 at 1
12-14 04:22:40.706  2781  2781 W Finsky  : [1] FinskyApp.getCurrentAccount: No account configured on this device.
12-14 04:22:40.739  1928  2238 I ActivityManager: Start proc 3701:com.google.android.gms.ui/u0a7 for activity com.google.android.gms/.common.ui.UnpackingRedirectActivity
12-14 04:22:40.757  2781  2781 W Finsky  : [1] FinskyApp.getCurrentAccount: No account configured on this device.
12-14 04:22:40.776  3701  3701 W ResourcesManager: Asset path '/system/framework/com.android.media.remotedisplay.jar' does not exist or contains no resources.
12-14 04:22:40.776  3701  3701 W ResourcesManager: Asset path '/system/framework/com.android.location.provider.jar' does not exist or contains no resources.
12-14 04:22:40.782  3701  3701 I art     : Rejecting re-init on previously-failed class java.lang.Class<com.google.android.gms.common.h.c>
12-14 04:22:40.782  3701  3701 I art     : Rejecting re-init on previously-failed class java.lang.Class<com.google.android.gms.common.h.c>
12-14 04:22:40.782  3701  3701 I MultiDex: VM with version 2.1.0 has multidex support
12-14 04:22:40.782  3701  3701 I MultiDex: install
12-14 04:22:40.782  3701  3701 I MultiDex: VM has multidex support, MultiDex support library is disabled.
12-14 04:22:40.786  3701  3701 V JNIHelp : Registering com/google/android/gms/org/conscrypt/NativeCrypto's 240 native methods...
12-14 04:22:40.794  3701  3701 I ProviderInstaller: Installed default security provider GmsCore_OpenSSL
12-14 04:22:40.795  2345  2663 D GCM     : GcmService start Intent { act=com.google.android.gms.INITIALIZE flg=0x10 pkg=com.google.android.gms cmp=com.google.android.gms/.gcm.GcmService } com.google.android.gms.INITIALIZE
12-14 04:22:40.796  2345  2345 D AuthorizationBluetoothService: Received GmsCore event: Intent { act=com.google.android.gms.INITIALIZE flg=0x10 pkg=com.google.android.gms cmp=com.google.android.gms/.auth.be.proximity.authorization.bt.AuthorizationBluetoothService$AutoStarter }.
12-14 04:22:40.796  2345  2345 E AuthorizationBluetoothService: Proximity feature is not enabled.
12-14 04:22:40.797  2345  2345 V GLSActivity: AuthDelegateWrapperCreated with selected intent: Intent { cmp=com.google.android.gms/.auth.DefaultAuthDelegateService }
12-14 04:22:40.798  2432  2432 V GmsCoreStatsServiceLauncher: Received broadcast intent Intent { act=com.google.android.gms.INITIALIZE flg=0x10 pkg=com.google.android.gms cmp=com.google.android.gms/.common.stats.GmsCoreStatsServiceLauncher }
12-14 04:22:40.799  1928  2275 I ActivityManager: START u0 {cat=[categoryhack:1cae5aef-639e-40c2-9a25-0e1580eb1942] flg=0x2000000 cmp=com.google.android.gms/.auth.uiflows.addaccount.AccountIntroActivity (has extras)} from uid 10007 on display 0
12-14 04:22:40.799  1928  2275 V WindowManager: addAppToken: AppWindowToken{30a7422e token=Token{f72fca9 ActivityRecord{16e57830 u0 com.google.android.gms/.auth.uiflows.addaccount.AccountIntroActivity t13}}} to stack=1 task=13 at 2
12-14 04:22:40.801  2473  2473 D WearableService: callingUid 10007, callindPid: 2473
12-14 04:22:40.804  2171  3723 E MDM     : [82] b.run: Couldn't connect to Google API client: ConnectionResult{statusCode=API_UNAVAILABLE, resolution=null, message=null}
12-14 04:22:40.804  2432  3724 D LocationInitializer: Restart initialization of location
12-14 04:22:40.808  3701  3721 D NativeLibraryUtils: Install completed successfully. count=0 extracted=0
12-14 04:22:40.812  1928  2170 I ActivityManager: START u0 {flg=0x2000000 cmp=com.google.android.gms/.auth.uiflows.addaccount.ErrorActivity (has extras)} from uid 10007 on display 0
12-14 04:22:40.824  1928  2170 V WindowManager: addAppToken: AppWindowToken{19096906 token=Token{39ec97e1 ActivityRecord{35d41d48 u0 com.google.android.gms/.auth.uiflows.addaccount.ErrorActivity t13}}} to stack=1 task=13 at 3
12-14 04:22:40.828  2171  2450 W GCoreFlp: No location to return for getLastLocation()
12-14 04:22:40.828  2345  3725 W FusedLocationProvider: location=null
12-14 04:22:40.856  1928  2275 I art     : Explicit concurrent mark sweep GC freed 47394(2MB) AllocSpace objects, 10(161KB) LOS objects, 33% free, 13MB/20MB, paused 311us total 14.561ms
12-14 04:22:40.859  3701  3726 D OpenGLRenderer: Use EGL_SWAP_BEHAVIOR_PRESERVED: true
12-14 04:22:40.859  3701  3701 I GRALLOC-DRM: create intel for driver i915
12-14 04:22:40.859  3701  3701 D Atlas   : Validating map...
12-14 04:22:40.860  1928  1944 V WindowManager: Adding window Window{3dfe92de u0 com.google.android.gms/com.google.android.gms.auth.uiflows.addaccount.ErrorActivity} at 7 of 13 (after Window{14833de7 u0 com.android.vending/com.google.android.finsky.activities.MainActivity EXITING})
12-14 04:22:40.891  3701  3726 I EGL-DRI2: DRI2: found extension DRI_Core version 1
12-14 04:22:40.891  3701  3726 I EGL-DRI2: DRI2: found extension DRI_DRI2 version 4
12-14 04:22:40.894  3701  3726 I EGL-DRI2: DRI2: found extension DRI_TexBuffer version 3
12-14 04:22:40.894  3701  3726 I EGL-DRI2: DRI2: found extension DRI2_Flush version 4
12-14 04:22:40.894  3701  3726 I EGL-DRI2: DRI2: found extension DRI_IMAGE version 11
12-14 04:22:40.894  3701  3726 I OpenGLRenderer: Initialized EGL, version 1.4
12-14 04:22:40.894  3701  3726 W OpenGLRenderer: Failed to choose config with EGL_SWAP_BEHAVIOR_PRESERVED, retrying without...
12-14 04:22:40.895  3701  3726 D OpenGLRenderer: Enabling debug mode 0
12-14 04:22:40.916  1928  1954 I ActivityManager: Displayed com.google.android.gms/.auth.uiflows.addaccount.ErrorActivity: +92ms (total +9s253ms)
12-14 04:22:41.828  2051  2051 W ResourceType: No package identifier when getting value for resource number 0x00000000
12-14 04:22:41.828  2051  2051 W PackageManager: Failure retrieving resources for com.antutu.ABenchMark: Resource ID #0x0
12-14 04:22:41.884  1928  2170 W ActivityManager: getRunningAppProcesses: caller 10061 does not hold REAL_GET_TASKS; limiting output
12-14 04:22:42.554  2781  2822 D Finsky  : [135] AppStatesReplicator.handleContentSyncResponse: Completed 0 account content syncs with 0 successful.
12-14 04:22:42.555  2781  2781 D Finsky  : [1] 5.onFinished: Installation state replication succeeded.
12-14 04:22:42.723  2781  2781 D Finsky  : [1] AuthenticatedActivity.onActivityResult: No new account added: Assume the user canceled and finish.
12-14 04:22:43.726  2051  2051 W ResourceType: No package identifier when getting value for resource number 0x00000000
12-14 04:22:43.726  2051  2051 W PackageManager: Failure retrieving resources for com.android.vending: Resource ID #0x0
12-14 04:22:45.809  1928  2204 I ActivityManager: Killing 2967:com.google.android.gm/u0a39 (adj 15): empty #17
12-14 04:22:51.885  1928  1945 W ActivityManager: getRunningAppProcesses: caller 10061 does not hold REAL_GET_TASKS; limiting output
12-14 04:23:01.886  1928  1944 W ActivityManager: getRunningAppProcesses: caller 10061 does not hold REAL_GET_TASKS; limiting output
12-14 04:23:06.454  3510  3510 W Settings: Setting always_finish_activities has moved from android.provider.Settings.System to android.provider.Settings.Global, returning read-only value.
12-14 04:23:06.455  1928  1999 W AudioTrack: AUDIO_OUTPUT_FLAG_FAST denied by client
12-14 04:23:06.459  1928  2800 V WindowManager: not Base app: Adding window Window{1f31e266 u0 com.antutu.ABenchMark/com.antutu.benchmark.activity.MainActivity} at 6 of 11
12-14 04:23:06.469  1672  1962 D audio_hw_primary: found out /dev/snd/pcmC0D0p
12-14 04:23:11.887  1928  2275 W ActivityManager: getRunningAppProcesses: caller 10061 does not hold REAL_GET_TASKS; limiting output
12-14 04:23:12.619  3510  3510 W InputEventReceiver: Attempted to finish an input event but the input event receiver has already been disposed.
12-14 04:23:14.651  2051  2051 W ResourceType: No package identifier when getting value for resource number 0x00000000
12-14 04:23:14.651  2051  2051 W PackageManager: Failure retrieving resources for com.antutu.ABenchMark: Resource ID #0x0
12-14 04:23:14.744  1928  1928 I ActivityManager: Killing 2286:com.android.printspooler/u0a53 (adj 15): empty #17
12-14 04:23:14.771  1928  1928 I ActivityManager: Killing 3169:com.android.externalstorage/u0a6 (adj 15): empty #18
12-14 04:23:16.965  1928  1999 W AudioTrack: AUDIO_OUTPUT_FLAG_FAST denied by client
12-14 04:23:16.976  1672  1962 D audio_hw_primary: found out /dev/snd/pcmC0D0p
12-14 04:23:18.223  1928  1999 W AudioTrack: AUDIO_OUTPUT_FLAG_FAST denied by client
12-14 04:23:21.889  1928  2238 W ActivityManager: getRunningAppProcesses: caller 10061 does not hold REAL_GET_TASKS; limiting output
12-14 04:23:23.591  2345  2345 E GCM     : Missing checkin config file
12-14 04:23:23.592  2345  2345 W GCM     : GCM FAILED TO INITIALIZE - missing checkin
12-14 04:23:31.890  1928  2280 W ActivityManager: getRunningAppProcesses: caller 10061 does not hold REAL_GET_TASKS; limiting output
12-14 04:23:41.891  1928  1944 W ActivityManager: getRunningAppProcesses: caller 10061 does not hold REAL_GET_TASKS; limiting output
12-14 04:23:48.901  1928  1967 I ActivityManager: START u0 {act=android.intent.action.MAIN cat=[android.intent.category.HOME] flg=0x10200000 cmp=com.android.launcher3/.Launcher} from uid 1000 on display 0
12-14 04:23:48.901  1928  1999 W AudioTrack: AUDIO_OUTPUT_FLAG_FAST denied by client
12-14 04:23:48.908  2246  2246 D Launcher.Workspace: 11683562 - removeExtraEmptyScreen()
12-14 04:23:48.908  2246  2246 D Launcher.Workspace: 11683562 - convertFinalScreenToEmptyScreenIfNecessary()
12-14 04:23:48.914  1672  1962 D audio_hw_primary: found out /dev/snd/pcmC0D0p
12-14 04:23:49.441  2246  2363 W OpenGLRenderer: Incorrectly called buildLayer on View: ShortcutAndWidgetContainer, destroying layer...
12-14 04:23:49.906  2051  2051 W ResourceType: No package identifier when getting value for resource number 0x00000000
12-14 04:23:49.906  2051  2051 W PackageManager: Failure retrieving resources for com.cyanogenmod.filemanager: Resource ID #0x0
12-14 04:23:50.929  1928  1999 W AudioTrack: AUDIO_OUTPUT_FLAG_FAST denied by client
12-14 04:23:51.892  1928  2204 W ActivityManager: getRunningAppProcesses: caller 10061 does not hold REAL_GET_TASKS; limiting output
12-14 04:24:01.894  1928  2280 W ActivityManager: getRunningAppProcesses: caller 10061 does not hold REAL_GET_TASKS; limiting output
12-14 04:24:05.495  1928  1999 W AudioTrack: AUDIO_OUTPUT_FLAG_FAST denied by client
12-14 04:24:05.507  1672  1962 D audio_hw_primary: found out /dev/snd/pcmC0D0p
12-14 04:24:08.497  1928  2204 I ActivityManager: START u0 {act=android.search.action.GLOBAL_SEARCH flg=0x10000000 cmp=com.android.quicksearchbox/.SearchActivity (has extras)} from uid 10044 on display 0
12-14 04:24:08.499  1928  2204 V WindowManager: addAppToken: AppWindowToken{1801ccee token=Token{3849fa69 ActivityRecord{2e66d4f0 u0 com.android.quicksearchbox/.SearchActivity t14}}} to stack=1 task=14 at 0
12-14 04:24:08.522  1928  1945 I ActivityManager: Start proc 3798:com.android.quicksearchbox/u0a55 for activity com.android.quicksearchbox/.SearchActivity
12-14 04:24:08.523  1678  1678 I art     : Explicit concurrent mark sweep GC freed 706(30KB) AllocSpace objects, 0(0B) LOS objects, 39% free, 1950KB/3MB, paused 43us total 3.080ms
12-14 04:24:08.526  1678  1678 I art     : Explicit concurrent mark sweep GC freed 5(160B) AllocSpace objects, 0(0B) LOS objects, 39% free, 1950KB/3MB, paused 39us total 3.209ms
12-14 04:24:08.531  1678  1678 I art     : Explicit concurrent mark sweep GC freed 5(160B) AllocSpace objects, 0(0B) LOS objects, 39% free, 1950KB/3MB, paused 83us total 4.169ms
12-14 04:24:08.549  3798  3819 D OpenGLRenderer: Use EGL_SWAP_BEHAVIOR_PRESERVED: true
12-14 04:24:08.550  3798  3798 I GRALLOC-DRM: create intel for driver i915
12-14 04:24:08.550  3798  3798 D Atlas   : Validating map...
12-14 04:24:08.551  1928  1945 V WindowManager: Adding window Window{23695bab u0 com.android.quicksearchbox/com.android.quicksearchbox.SearchActivity} at 5 of 10 (after Window{d765dc4 u0 com.cyanogenmod.filemanager/com.cyanogenmod.filemanager.activities.NavigationActivity})
12-14 04:24:08.575  3798  3819 I EGL-DRI2: DRI2: found extension DRI_Core version 1
12-14 04:24:08.575  3798  3819 I EGL-DRI2: DRI2: found extension DRI_DRI2 version 4
12-14 04:24:08.579  3798  3819 I EGL-DRI2: DRI2: found extension DRI_TexBuffer version 3
12-14 04:24:08.579  3798  3819 I EGL-DRI2: DRI2: found extension DRI2_Flush version 4
12-14 04:24:08.579  3798  3819 I EGL-DRI2: DRI2: found extension DRI_IMAGE version 11
12-14 04:24:08.580  3798  3819 I OpenGLRenderer: Initialized EGL, version 1.4
12-14 04:24:08.580  3798  3819 W OpenGLRenderer: Failed to choose config with EGL_SWAP_BEHAVIOR_PRESERVED, retrying without...
12-14 04:24:08.581  3798  3819 D OpenGLRenderer: Enabling debug mode 0
12-14 04:24:08.616  1928  1954 I ActivityManager: Displayed com.android.quicksearchbox/.SearchActivity: +105ms
12-14 04:24:08.642  2246  2363 D OpenGLRenderer: endAllStagingAnimators on 0x7f2c834a3400 (FrameLayout) with handle 0x7f2c77027620
