12-14 15:12:26.538  1879  1879 W linker  : [vdso]: unused DT entry: type 0x6ffffef5 arg 0x160
12-14 15:12:26.539  1685  1685 V NatController: runCmd(/system/bin/iptables -F natctrl_FORWARD) res=0
12-14 15:12:26.539  1880  1880 W linker  : [vdso]: unused DT entry: type 0x6ffffef5 arg 0x160
12-14 15:12:26.539  1685  1685 V NatController: runCmd(/system/bin/iptables -A natctrl_FORWARD -j DROP) res=0
12-14 15:12:26.540  1881  1881 W linker  : [vdso]: unused DT entry: type 0x6ffffef5 arg 0x160
12-14 15:12:26.540  1685  1685 V NatController: runCmd(/system/bin/iptables -t nat -F natctrl_nat_POSTROUTING) res=0
12-14 15:12:26.541  1882  1882 W linker  : [vdso]: unused DT entry: type 0x6ffffef5 arg 0x160
12-14 15:12:26.541  1685  1685 V NatController: runCmd(/system/bin/iptables -F natctrl_tether_counters) res=1
12-14 15:12:26.541  1883  1883 W linker  : [vdso]: unused DT entry: type 0x6ffffef5 arg 0x160
12-14 15:12:26.542  1685  1685 V NatController: runCmd(/system/bin/iptables -X natctrl_tether_counters) res=1
12-14 15:12:26.542  1884  1884 W linker  : [vdso]: unused DT entry: type 0x6ffffef5 arg 0x160
12-14 15:12:26.542  1685  1685 V NatController: runCmd(/system/bin/iptables -N natctrl_tether_counters) res=0
12-14 15:12:26.543  1885  1885 W linker  : [vdso]: unused DT entry: type 0x6ffffef5 arg 0x160
12-14 15:12:26.543  1685  1685 V NatController: runCmd(/system/bin/iptables -t mangle -A natctrl_mangle_FORWARD -p tcp --tcp-flags SYN SYN -j TCPMSS --clamp-mss-to-pmtu) res=0
12-14 15:12:26.543  1886  1886 W linker  : [vdso]: unused DT entry: type 0x6ffffef5 arg 0x160
12-14 15:12:26.544  1886  1886 W linker  : [vdso]: unused DT entry: type 0x6ffffef5 arg 0x160
12-14 15:12:26.545  1887  1887 W linker  : [vdso]: unused DT entry: type 0x6ffffef5 arg 0x160
12-14 15:12:26.545  1888  1888 W linker  : [vdso]: unused DT entry: type 0x6ffffef5 arg 0x160
12-14 15:12:26.546  1889  1889 W linker  : [vdso]: unused DT entry: type 0x6ffffef5 arg 0x160
12-14 15:12:26.547  1890  1890 W linker  : [vdso]: unused DT entry: type 0x6ffffef5 arg 0x160
12-14 15:12:26.548  1891  1891 W linker  : [vdso]: unused DT entry: type 0x6ffffef5 arg 0x160
12-14 15:12:26.548  1892  1892 W linker  : [vdso]: unused DT entry: type 0x6ffffef5 arg 0x160
12-14 15:12:26.549  1893  1893 W linker  : [vdso]: unused DT entry: type 0x6ffffef5 arg 0x160
12-14 15:12:26.550  1894  1894 W linker  : [vdso]: unused DT entry: type 0x6ffffef5 arg 0x160
12-14 15:12:26.551  1896  1896 W linker  : [vdso]: unused DT entry: type 0x6ffffef5 arg 0x160
12-14 15:12:26.551  1897  1897 W linker  : [vdso]: unused DT entry: type 0x6ffffef5 arg 0x160
12-14 15:12:26.552  1898  1898 W linker  : [vdso]: unused DT entry: type 0x6ffffef5 arg 0x160
12-14 15:12:26.553  1899  1899 W linker  : [vdso]: unused DT entry: type 0x6ffffef5 arg 0x160
12-14 15:12:26.554  1900  1900 W linker  : [vdso]: unused DT entry: type 0x6ffffef5 arg 0x160
12-14 15:12:26.554  1901  1901 W linker  : [vdso]: unused DT entry: type 0x6ffffef5 arg 0x160
12-14 15:12:26.555  1811  1821 D libEGL  : loaded /system/lib64/egl/libGLES_mesa.so
12-14 15:12:26.556  1902  1902 W linker  : [vdso]: unused DT entry: type 0x6ffffef5 arg 0x160
12-14 15:12:26.557  1903  1903 W linker  : [vdso]: unused DT entry: type 0x6ffffef5 arg 0x160
12-14 15:12:26.561  1904  1904 W linker  : [vdso]: unused DT entry: type 0x6ffffef5 arg 0x160
12-14 15:12:26.562  1905  1905 W linker  : [vdso]: unused DT entry: type 0x6ffffef5 arg 0x160
12-14 15:12:26.565  1811  1821 I GRALLOC-DRM: create intel for driver i915
12-14 15:12:26.565  1811  1821 I EGL-DRI2: DRI2: found extension DRI_Core version 1
12-14 15:12:26.565  1811  1821 I EGL-DRI2: DRI2: found extension DRI_DRI2 version 4
12-14 15:12:26.570  1906  1906 W linker  : [vdso]: unused DT entry: type 0x6ffffef5 arg 0x160
12-14 15:12:26.572  1811  1821 I EGL-DRI2: DRI2: found extension DRI_TexBuffer version 3
12-14 15:12:26.572  1811  1821 I EGL-DRI2: DRI2: found extension DRI2_Flush version 4
12-14 15:12:26.572  1811  1821 I EGL-DRI2: DRI2: found extension DRI_IMAGE version 11
12-14 15:12:26.573  1811  1821 E cutils-trace: Error opening trace file: Permission denied (13)
12-14 15:12:26.574  1907  1907 W linker  : [vdso]: unused DT entry: type 0x6ffffef5 arg 0x160
12-14 15:12:26.575  1908  1908 W linker  : [vdso]: unused DT entry: type 0x6ffffef5 arg 0x160
12-14 15:12:26.576  1909  1909 W linker  : [vdso]: unused DT entry: type 0x6ffffef5 arg 0x160
12-14 15:12:26.577  1910  1910 W linker  : [vdso]: unused DT entry: type 0x6ffffef5 arg 0x160
12-14 15:12:26.577  1685  1685 I iptables: WARNING: linker: [vdso]: unused DT entry: type 0x6ffffef5 arg 0x160
12-14 15:12:26.578  1911  1911 W linker  : [vdso]: unused DT entry: type 0x6ffffef5 arg 0x160
12-14 15:12:26.578  1685  1685 I ip6tables: WARNING: linker: [vdso]: unused DT entry: type 0x6ffffef5 arg 0x160
12-14 15:12:26.579  1912  1912 W linker  : [vdso]: unused DT entry: type 0x6ffffef5 arg 0x160
12-14 15:12:26.579  1685  1685 I iptables: WARNING: linker: [vdso]: unused DT entry: type 0x6ffffef5 arg 0x160
12-14 15:12:26.580  1913  1913 W linker  : [vdso]: unused DT entry: type 0x6ffffef5 arg 0x160
12-14 15:12:26.580  1685  1685 I ip6tables: WARNING: linker: [vdso]: unused DT entry: type 0x6ffffef5 arg 0x160
12-14 15:12:26.581  1914  1914 W linker  : [vdso]: unused DT entry: type 0x6ffffef5 arg 0x160
12-14 15:12:26.581  1685  1685 I iptables: WARNING: linker: [vdso]: unused DT entry: type 0x6ffffef5 arg 0x160
12-14 15:12:26.582  1915  1915 W linker  : [vdso]: unused DT entry: type 0x6ffffef5 arg 0x160
12-14 15:12:26.582  1685  1685 I ip6tables: WARNING: linker: [vdso]: unused DT entry: type 0x6ffffef5 arg 0x160
12-14 15:12:26.583  1916  1916 W linker  : [vdso]: unused DT entry: type 0x6ffffef5 arg 0x160
12-14 15:12:26.583  1916  1916 W linker  : [vdso]: unused DT entry: type 0x6ffffef5 arg 0x160
12-14 15:12:26.584  1917  1917 W linker  : [vdso]: unused DT entry: type 0x6ffffef5 arg 0x160
12-14 15:12:26.585  1918  1918 W linker  : [vdso]: unused DT entry: type 0x6ffffef5 arg 0x160
12-14 15:12:26.586  1919  1919 W linker  : [vdso]: unused DT entry: type 0x6ffffef5 arg 0x160
12-14 15:12:26.587  1920  1920 W linker  : [vdso]: unused DT entry: type 0x6ffffef5 arg 0x160
12-14 15:12:26.588  1921  1921 W linker  : [vdso]: unused DT entry: type 0x6ffffef5 arg 0x160
12-14 15:12:26.592  1922  1922 W linker  : [vdso]: unused DT entry: type 0x6ffffef5 arg 0x160
12-14 15:12:26.593  1923  1923 W linker  : [vdso]: unused DT entry: type 0x6ffffef5 arg 0x160
12-14 15:12:26.595  1924  1924 W linker  : [vdso]: unused DT entry: type 0x6ffffef5 arg 0x160
12-14 15:12:26.596  1925  1925 W linker  : [vdso]: unused DT entry: type 0x6ffffef5 arg 0x160
12-14 15:12:26.597  1926  1926 W linker  : [vdso]: unused DT entry: type 0x6ffffef5 arg 0x160
12-14 15:12:26.598  1927  1927 W linker  : [vdso]: unused DT entry: type 0x6ffffef5 arg 0x160
12-14 15:12:26.599  1928  1928 W linker  : [vdso]: unused DT entry: type 0x6ffffef5 arg 0x160
12-14 15:12:26.600  1929  1929 W linker  : [vdso]: unused DT entry: type 0x6ffffef5 arg 0x160
12-14 15:12:26.600  1930  1930 W linker  : [vdso]: unused DT entry: type 0x6ffffef5 arg 0x160
12-14 15:12:26.602  1931  1931 W linker  : [vdso]: unused DT entry: type 0x6ffffef5 arg 0x160
12-14 15:12:26.604  1932  1932 W linker  : [vdso]: unused DT entry: type 0x6ffffef5 arg 0x160
12-14 15:12:26.606  1933  1933 W linker  : [vdso]: unused DT entry: type 0x6ffffef5 arg 0x160
12-14 15:12:26.606  1685  1685 I iptables: WARNING: linker: [vdso]: unused DT entry: type 0x6ffffef5 arg 0x160
12-14 15:12:26.607  1685  1685 I iptables: iptables: Invalid argument. Run `dmesg' for more information.
12-14 15:12:26.607  1685  1685 I iptables: iptables terminated by exit(1)
12-14 15:12:26.607  1685  1685 E BandwidthController: runIptablesCmd(): res=1 status=256 failed /system/bin/iptables -A bw_INPUT -m owner --socket-exists
12-14 15:12:26.607  1934  1934 W linker  : [vdso]: unused DT entry: type 0x6ffffef5 arg 0x160
12-14 15:12:26.607  1685  1685 I ip6tables: WARNING: linker: [vdso]: unused DT entry: type 0x6ffffef5 arg 0x160
12-14 15:12:26.608  1685  1685 I ip6tables: ip6tables: Invalid argument. Run `dmesg' for more information.
12-14 15:12:26.608  1685  1685 I ip6tables: ip6tables terminated by exit(1)
12-14 15:12:26.608  1685  1685 E BandwidthController: runIptablesCmd(): res=1 status=256 failed /system/bin/ip6tables -A bw_INPUT -m owner --socket-exists
12-14 15:12:26.612  1935  1935 W linker  : [vdso]: unused DT entry: type 0x6ffffef5 arg 0x160
12-14 15:12:26.613  1936  1936 W linker  : [vdso]: unused DT entry: type 0x6ffffef5 arg 0x160
12-14 15:12:26.622  1939  1939 E ProbeModule: insmod_by_dep: cannot load module: [net-pf-16-proto-5]
12-14 15:12:26.622  1685  1685 E Netd    : Unable to create netlink socket: Protocol not supported
12-14 15:12:26.622  1685  1685 E Netd    : Unable to open quota2 logging socket
12-14 15:12:26.622  1685  1685 D MDnsDS  : MDnsSdListener::Hander starting up
12-14 15:12:26.622  1685  1941 D MDnsDS  : MDnsSdListener starting to monitor
12-14 15:12:26.622  1685  1941 D MDnsDS  : Going to poll with pollCount 1
12-14 15:12:26.701  1694  1694 E memtrack: Couldn't load memtrack module (No such file or directory)
12-14 15:12:26.701  1694  1694 E android.os.Debug: failed to load memtrack module: -2
12-14 15:12:26.704  1693  1693 E memtrack: Couldn't load memtrack module (No such file or directory)
12-14 15:12:26.704  1693  1693 E android.os.Debug: failed to load memtrack module: -2
12-14 15:12:26.708  1694  1694 I SamplingProfilerIntegration: Profiling disabled.
12-14 15:12:26.708  1694  1694 D Zygote  : begin preload
12-14 15:12:26.710  1694  1694 I Zygote  : Preloading classes...
12-14 15:12:26.711  1693  1693 I SamplingProfilerIntegration: Profiling disabled.
12-14 15:12:26.712  1693  1693 D Zygote  : begin preload
12-14 15:12:26.713  1693  1693 I Zygote  : Preloading classes...
12-14 15:12:26.714  1694  1694 I art     : Explicit concurrent mark sweep GC freed 797(36KB) AllocSpace objects, 0(0B) LOS objects, 95% free, 44KB/1068KB, paused 34us total 4.187ms
12-14 15:12:26.716  1694  1694 I art     : Counter: 1
12-14 15:12:26.717  1693  1693 I art     : Explicit concurrent mark sweep GC freed 797(36KB) AllocSpace objects, 0(0B) LOS objects, 95% free, 46KB/1070KB, paused 49us total 3.996ms
12-14 15:12:26.719  1693  1693 I art     : Counter: 1
12-14 15:12:26.723  1694  1694 I art     : Explicit concurrent mark sweep GC freed 559(34KB) AllocSpace objects, 0(0B) LOS objects, 94% free, 64KB/1088KB, paused 52us total 1.655ms
12-14 15:12:26.724  1693  1693 I art     : Explicit concurrent mark sweep GC freed 553(33KB) AllocSpace objects, 0(0B) LOS objects, 93% free, 67KB/1091KB, paused 26us total 1.331ms
12-14 15:12:26.733  1693  1693 I art     : Explicit concurrent mark sweep GC freed 645(41KB) AllocSpace objects, 0(0B) LOS objects, 93% free, 75KB/1099KB, paused 19us total 1.218ms
12-14 15:12:26.735  1694  1694 I art     : Explicit concurrent mark sweep GC freed 650(41KB) AllocSpace objects, 0(0B) LOS objects, 93% free, 72KB/1096KB, paused 32us total 1.491ms
12-14 15:12:26.767  1693  1693 I art     : Explicit concurrent mark sweep GC freed 392(23KB) AllocSpace objects, 0(0B) LOS objects, 90% free, 106KB/1130KB, paused 20us total 993us
12-14 15:12:26.768  1694  1694 I art     : Explicit concurrent mark sweep GC freed 381(22KB) AllocSpace objects, 0(0B) LOS objects, 90% free, 102KB/1126KB, paused 33us total 1.228ms
12-14 15:12:26.796  1693  1693 E Minikin : addFont failed to create font /system/fonts/NotoSansGujarati-Regular.ttf
12-14 15:12:26.796  1694  1694 E Minikin : addFont failed to create font /system/fonts/NotoSansGujarati-Regular.ttf
12-14 15:12:26.796  1693  1693 E Minikin : addFont failed to create font /system/fonts/NotoSansGujarati-Bold.ttf
12-14 15:12:26.796  1694  1694 E Minikin : addFont failed to create font /system/fonts/NotoSansGujarati-Bold.ttf
12-14 15:12:26.796  1693  1693 E Minikin : addFont failed to create font /system/fonts/NotoSansGujaratiUI-Regular.ttf
12-14 15:12:26.796  1693  1693 E Minikin : addFont failed to create font /system/fonts/NotoSansGujaratiUI-Bold.ttf
12-14 15:12:26.796  1694  1694 E Minikin : addFont failed to create font /system/fonts/NotoSansGujaratiUI-Regular.ttf
12-14 15:12:26.796  1693  1693 E Minikin : addFont failed to create font /system/fonts/NotoSansGurmukhi-Regular.ttf
12-14 15:12:26.796  1694  1694 E Minikin : addFont failed to create font /system/fonts/NotoSansGujaratiUI-Bold.ttf
12-14 15:12:26.796  1693  1693 E Minikin : addFont failed to create font /system/fonts/NotoSansGurmukhi-Bold.ttf
12-14 15:12:26.796  1693  1693 E Minikin : addFont failed to create font /system/fonts/NotoSansGurmukhiUI-Regular.ttf
12-14 15:12:26.796  1694  1694 E Minikin : addFont failed to create font /system/fonts/NotoSansGurmukhi-Regular.ttf
12-14 15:12:26.796  1693  1693 E Minikin : addFont failed to create font /system/fonts/NotoSansGurmukhiUI-Bold.ttf
12-14 15:12:26.796  1694  1694 E Minikin : addFont failed to create font /system/fonts/NotoSansGurmukhi-Bold.ttf
12-14 15:12:26.796  1694  1694 E Minikin : addFont failed to create font /system/fonts/NotoSansGurmukhiUI-Regular.ttf
12-14 15:12:26.796  1694  1694 E Minikin : addFont failed to create font /system/fonts/NotoSansGurmukhiUI-Bold.ttf
12-14 15:12:26.804  1694  1694 E Minikin : addFont failed to create font /system/fonts/NotoSansSinhala-Regular.ttf
12-14 15:12:26.804  1694  1694 E Minikin : addFont failed to create font /system/fonts/NotoSansSinhala-Bold.ttf
12-14 15:12:26.804  1693  1693 E Minikin : addFont failed to create font /system/fonts/NotoSansSinhala-Regular.ttf
12-14 15:12:26.804  1693  1693 E Minikin : addFont failed to create font /system/fonts/NotoSansSinhala-Bold.ttf
12-14 15:12:26.808  1693  1693 E Minikin : addFont failed to create font /system/fonts/NotoSansThaana-Regular.ttf
12-14 15:12:26.808  1693  1693 E Minikin : addFont failed to create font /system/fonts/NotoSansThaana-Bold.ttf
12-14 15:12:26.808  1694  1694 E Minikin : addFont failed to create font /system/fonts/NotoSansThaana-Regular.ttf
12-14 15:12:26.808  1693  1693 E Minikin : addFont failed to create font /system/fonts/NotoSansCham-Regular.ttf
12-14 15:12:26.808  1694  1694 E Minikin : addFont failed to create font /system/fonts/NotoSansThaana-Bold.ttf
12-14 15:12:26.808  1693  1693 E Minikin : addFont failed to create font /system/fonts/NotoSansCham-Bold.ttf
12-14 15:12:26.808  1693  1693 E Minikin : addFont failed to create font /system/fonts/NotoSansBalinese-Regular.ttf
12-14 15:12:26.808  1694  1694 E Minikin : addFont failed to create font /system/fonts/NotoSansCham-Regular.ttf
12-14 15:12:26.808  1693  1693 E Minikin : addFont failed to create font /system/fonts/NotoSansBatak-Regular.ttf
12-14 15:12:26.808  1693  1693 E Minikin : addFont failed to create font /system/fonts/NotoSansBuginese-Regular.ttf
12-14 15:12:26.808  1694  1694 E Minikin : addFont failed to create font /system/fonts/NotoSansCham-Bold.ttf
12-14 15:12:26.808  1693  1693 E Minikin : addFont failed to create font /system/fonts/NotoSansBuhid-Regular.ttf
12-14 15:12:26.808  1693  1693 E Minikin : addFont failed to create font /system/fonts/NotoSansCanadianAboriginal-Regular.ttf
12-14 15:12:26.808  1694  1694 E Minikin : addFont failed to create font /system/fonts/NotoSansBalinese-Regular.ttf
12-14 15:12:26.808  1693  1693 E Minikin : addFont failed to create font /system/fonts/NotoSansCherokee-Regular.ttf
12-14 15:12:26.808  1693  1693 E Minikin : addFont failed to create font /system/fonts/NotoSansCoptic-Regular.ttf
12-14 15:12:26.808  1694  1694 E Minikin : addFont failed to create font /system/fonts/NotoSansBatak-Regular.ttf
12-14 15:12:26.808  1693  1693 E Minikin : addFont failed to create font /system/fonts/NotoSansGlagolitic-Regular.ttf
12-14 15:12:26.808  1694  1694 E Minikin : addFont failed to create font /system/fonts/NotoSansBuginese-Regular.ttf
12-14 15:12:26.808  1693  1693 E Minikin : addFont failed to create font /system/fonts/NotoSansHanunoo-Regular.ttf
12-14 15:12:26.808  1694  1694 E Minikin : addFont failed to create font /system/fonts/NotoSansBuhid-Regular.ttf
12-14 15:12:26.808  1693  1693 E Minikin : addFont failed to create font /system/fonts/NotoSansJavanese-Regular.ttf
12-14 15:12:26.808  1693  1693 E Minikin : addFont failed to create font /system/fonts/NotoSansKayahLi-Regular.ttf
12-14 15:12:26.808  1694  1694 E Minikin : addFont failed to create font /system/fonts/NotoSansCanadianAboriginal-Regular.ttf
12-14 15:12:26.808  1693  1693 E Minikin : addFont failed to create font /system/fonts/NotoSansLepcha-Regular.ttf
12-14 15:12:26.808  1693  1693 E Minikin : addFont failed to create font /system/fonts/NotoSansLimbu-Regular.ttf
12-14 15:12:26.808  1694  1694 E Minikin : addFont failed to create font /system/fonts/NotoSansCherokee-Regular.ttf
12-14 15:12:26.808  1693  1693 E Minikin : addFont failed to create font /system/fonts/NotoSansMeeteiMayek-Regular.ttf
12-14 15:12:26.808  1693  1693 E Minikin : addFont failed to create font /system/fonts/NotoSansOlChiki-Regular.ttf
12-14 15:12:26.808  1694  1694 E Minikin : addFont failed to create font /system/fonts/NotoSansCoptic-Regular.ttf
12-14 15:12:26.808  1693  1693 E Minikin : addFont failed to create font /system/fonts/NotoSansRejang-Regular.ttf
12-14 15:12:26.808  1693  1693 E Minikin : addFont failed to create font /system/fonts/NotoSansSaurashtra-Regular.ttf
12-14 15:12:26.808  1693  1693 E Minikin : addFont failed to create font /system/fonts/NotoSansSundanese-Regular.ttf
12-14 15:12:26.808  1694  1694 E Minikin : addFont failed to create font /system/fonts/NotoSansGlagolitic-Regular.ttf
12-14 15:12:26.808  1693  1693 E Minikin : addFont failed to create font /system/fonts/NotoSansSylotiNagri-Regular.ttf
12-14 15:12:26.808  1694  1694 E Minikin : addFont failed to create font /system/fonts/NotoSansHanunoo-Regular.ttf
12-14 15:12:26.808  1693  1693 E Minikin : addFont failed to create font /system/fonts/NotoSansTagbanwa-Regular.ttf
12-14 15:12:26.808  1693  1693 E Minikin : addFont failed to create font /system/fonts/NotoSansTaiTham-Regular.ttf
12-14 15:12:26.808  1694  1694 E Minikin : addFont failed to create font /system/fonts/NotoSansJavanese-Regular.ttf
12-14 15:12:26.808  1693  1693 E Minikin : addFont failed to create font /system/fonts/NotoSansTaiViet-Regular.ttf
12-14 15:12:26.808  1693  1693 E Minikin : addFont failed to create font /system/fonts/NotoSansTifinagh-Regular.ttf
12-14 15:12:26.808  1694  1694 E Minikin : addFont failed to create font /system/fonts/NotoSansKayahLi-Regular.ttf
12-14 15:12:26.808  1693  1693 E Minikin : addFont failed to create font /system/fonts/NotoSansYi-Regular.ttf
12-14 15:12:26.808  1693  1693 E Minikin : addFont failed to create font /system/fonts/Lohit-Odia.ttf
12-14 15:12:26.808  1694  1694 E Minikin : addFont failed to create font /system/fonts/NotoSansLepcha-Regular.ttf
12-14 15:12:26.808  1693  1693 E Minikin : addFont failed to create font /system/fonts/NotoSansHans-Regular.otf
12-14 15:12:26.808  1693  1693 E Minikin : addFont failed to create font /system/fonts/NotoSansHant-Regular.otf
12-14 15:12:26.808  1694  1694 E Minikin : addFont failed to create font /system/fonts/NotoSansLimbu-Regular.ttf
12-14 15:12:26.808  1693  1693 E Minikin : addFont failed to create font /system/fonts/NotoSansJP-Regular.otf
12-14 15:12:26.808  1694  1694 E Minikin : addFont failed to create font /system/fonts/NotoSansMeeteiMayek-Regular.ttf
12-14 15:12:26.808  1693  1693 E Minikin : addFont failed to create font /system/fonts/NotoSansKR-Regular.otf
12-14 15:12:26.808  1694  1694 E Minikin : addFont failed to create font /system/fonts/NotoSansOlChiki-Regular.ttf
12-14 15:12:26.808  1694  1694 E Minikin : addFont failed to create font /system/fonts/NotoSansRejang-Regular.ttf
12-14 15:12:26.808  1694  1694 E Minikin : addFont failed to create font /system/fonts/NotoSansSaurashtra-Regular.ttf
12-14 15:12:26.808  1694  1694 E Minikin : addFont failed to create font /system/fonts/NotoSansSundanese-Regular.ttf
12-14 15:12:26.808  1694  1694 E Minikin : addFont failed to create font /system/fonts/NotoSansSylotiNagri-Regular.ttf
12-14 15:12:26.808  1694  1694 E Minikin : addFont failed to create font /system/fonts/NotoSansTagbanwa-Regular.ttf
12-14 15:12:26.808  1694  1694 E Minikin : addFont failed to create font /system/fonts/NotoSansTaiTham-Regular.ttf
12-14 15:12:26.808  1694  1694 E Minikin : addFont failed to create font /system/fonts/NotoSansTaiViet-Regular.ttf
12-14 15:12:26.808  1694  1694 E Minikin : addFont failed to create font /system/fonts/NotoSansTifinagh-Regular.ttf
12-14 15:12:26.808  1694  1694 E Minikin : addFont failed to create font /system/fonts/NotoSansYi-Regular.ttf
12-14 15:12:26.808  1694  1694 E Minikin : addFont failed to create font /system/fonts/Lohit-Odia.ttf
12-14 15:12:26.808  1694  1694 E Minikin : addFont failed to create font /system/fonts/NotoSansHans-Regular.otf
12-14 15:12:26.808  1694  1694 E Minikin : addFont failed to create font /system/fonts/NotoSansHant-Regular.otf
12-14 15:12:26.808  1694  1694 E Minikin : addFont failed to create font /system/fonts/NotoSansJP-Regular.otf
12-14 15:12:26.808  1694  1694 E Minikin : addFont failed to create font /system/fonts/NotoSansKR-Regular.otf
12-14 15:12:26.812  1693  1693 E Minikin : addFont failed to create font /system/fonts/NotoSansTaiLe-Regular.ttf
12-14 15:12:26.812  1694  1694 E Minikin : addFont failed to create font /system/fonts/NotoSansTaiLe-Regular.ttf
12-14 15:12:26.830  1693  1693 I art     : Explicit concurrent mark sweep GC freed 1798(129KB) AllocSpace objects, 0(0B) LOS objects, 89% free, 117KB/1141KB, paused 29us total 1.394ms
12-14 15:12:26.830  1694  1694 I art     : Explicit concurrent mark sweep GC freed 1798(129KB) AllocSpace objects, 0(0B) LOS objects, 89% free, 113KB/1137KB, paused 50us total 2.059ms
12-14 15:12:26.839  1693  1693 I art     : Explicit concurrent mark sweep GC freed 1933(92KB) AllocSpace objects, 0(0B) LOS objects, 86% free, 161KB/1185KB, paused 29us total 2.004ms
12-14 15:12:26.840  1694  1694 I art     : Explicit concurrent mark sweep GC freed 1933(92KB) AllocSpace objects, 0(0B) LOS objects, 86% free, 154KB/1178KB, paused 48us total 2.553ms
12-14 15:12:26.842  1693  1693 I art     : Explicit concurrent mark sweep GC freed 1977(87KB) AllocSpace objects, 0(0B) LOS objects, 83% free, 198KB/1222KB, paused 30us total 1.944ms
12-14 15:12:26.844  1694  1694 I art     : Explicit concurrent mark sweep GC freed 1977(87KB) AllocSpace objects, 0(0B) LOS objects, 84% free, 189KB/1213KB, paused 48us total 2.452ms
12-14 15:12:26.846  1693  1693 I art     : Explicit concurrent mark sweep GC freed 371(19KB) AllocSpace objects, 0(0B) LOS objects, 81% free, 234KB/1258KB, paused 27us total 1.961ms
12-14 15:12:26.849  1694  1694 I art     : Explicit concurrent mark sweep GC freed 371(19KB) AllocSpace objects, 0(0B) LOS objects, 82% free, 222KB/1246KB, paused 44us total 2.324ms
12-14 15:12:26.870  1694  1694 I art     : Thread[1,tid=1694,WaitingForJniOnLoad,Thread*=0xf3c25800,peer=0x12c31160,"main"] recursive attempt to load library "/system/lib/libmedia_jni.so"
12-14 15:12:26.870  1694  1694 D MtpDeviceJNI: register_android_mtp_MtpDevice
12-14 15:12:26.870  1694  1694 I art     : Thread[1,tid=1694,WaitingForJniOnLoad,Thread*=0xf3c25800,peer=0x12c31160,"main"] recursive attempt to load library "/system/lib/libmedia_jni.so"
12-14 15:12:26.870  1694  1694 I art     : Thread[1,tid=1694,WaitingForJniOnLoad,Thread*=0xf3c25800,peer=0x12c31160,"main"] recursive attempt to load library "/system/lib/libmedia_jni.so"
12-14 15:12:26.874  1693  1693 I art     : Thread[1,tid=1693,WaitingForJniOnLoad,Thread*=0x7f5a94095000,peer=0x12c31100,"main"] recursive attempt to load library "/system/lib64/libmedia_jni.so"
12-14 15:12:26.874  1693  1693 D MtpDeviceJNI: register_android_mtp_MtpDevice
12-14 15:12:26.875  1693  1693 I art     : Thread[1,tid=1693,WaitingForJniOnLoad,Thread*=0x7f5a94095000,peer=0x12c31100,"main"] recursive attempt to load library "/system/lib64/libmedia_jni.so"
12-14 15:12:26.875  1693  1693 I art     : Thread[1,tid=1693,WaitingForJniOnLoad,Thread*=0x7f5a94095000,peer=0x12c31100,"main"] recursive attempt to load library "/system/lib64/libmedia_jni.so"
12-14 15:12:26.878  1694  1694 I art     : Explicit concurrent mark sweep GC freed 661(37KB) AllocSpace objects, 0(0B) LOS objects, 80% free, 244KB/1268KB, paused 46us total 2.519ms
12-14 15:12:26.881  1693  1693 I art     : Explicit concurrent mark sweep GC freed 641(36KB) AllocSpace objects, 0(0B) LOS objects, 80% free, 246KB/1270KB, paused 27us total 1.974ms
12-14 15:12:26.891  1693  1693 I art     : Explicit concurrent mark sweep GC freed 429(20KB) AllocSpace objects, 0(0B) LOS objects, 78% free, 275KB/1299KB, paused 41us total 1.857ms
12-14 15:12:26.892  1694  1694 I art     : Explicit concurrent mark sweep GC freed 573(29KB) AllocSpace objects, 0(0B) LOS objects, 79% free, 264KB/1288KB, paused 46us total 2.383ms
12-14 15:12:26.897  1694  1694 I art     : Explicit concurrent mark sweep GC freed 459(27KB) AllocSpace objects, 0(0B) LOS objects, 77% free, 303KB/1327KB, paused 43us total 1.754ms
12-14 15:12:26.899  1693  1693 I art     : Explicit concurrent mark sweep GC freed 543(30KB) AllocSpace objects, 0(0B) LOS objects, 77% free, 302KB/1326KB, paused 26us total 1.736ms
12-14 15:12:26.909  1694  1694 I art     : Explicit concurrent mark sweep GC freed 1788(104KB) AllocSpace objects, 0(0B) LOS objects, 69% free, 453KB/1477KB, paused 59us total 2.095ms
12-14 15:12:26.910  1693  1693 I art     : Explicit concurrent mark sweep GC freed 1868(110KB) AllocSpace objects, 0(0B) LOS objects, 68% free, 467KB/1491KB, paused 25us total 1.740ms
12-14 15:12:26.912  1694  1694 E EmojiFactory_jni: Failed to load libemoji.so: dlopen failed: library "libemoji.so" not found
12-14 15:12:26.914  1693  1693 E EmojiFactory_jni: Failed to load libemoji.so: dlopen failed: library "libemoji.so" not found
12-14 15:12:26.920  1694  1694 I art     : Explicit concurrent mark sweep GC freed 350(45KB) AllocSpace objects, 0(0B) LOS objects, 57% free, 750KB/1774KB, paused 40us total 2.670ms
12-14 15:12:26.921  1693  1693 I art     : Explicit concurrent mark sweep GC freed 350(45KB) AllocSpace objects, 0(0B) LOS objects, 57% free, 766KB/1790KB, paused 26us total 2.308ms
12-14 15:12:26.926  1694  1694 I art     : Explicit concurrent mark sweep GC freed 438(30KB) AllocSpace objects, 0(0B) LOS objects, 57% free, 768KB/1792KB, paused 40us total 2.192ms
12-14 15:12:26.926  1693  1693 I art     : Explicit concurrent mark sweep GC freed 438(30KB) AllocSpace objects, 0(0B) LOS objects, 56% free, 785KB/1809KB, paused 24us total 1.847ms
12-14 15:12:26.935  1693  1693 I art     : Explicit concurrent mark sweep GC freed 789(49KB) AllocSpace objects, 0(0B) LOS objects, 56% free, 786KB/1810KB, paused 24us total 1.707ms
12-14 15:12:26.936  1694  1694 I art     : Explicit concurrent mark sweep GC freed 789(49KB) AllocSpace objects, 0(0B) LOS objects, 57% free, 770KB/1794KB, paused 38us total 2.018ms
12-14 15:12:26.949  1693  1693 I art     : Explicit concurrent mark sweep GC freed 956(105KB) AllocSpace objects, 0(0B) LOS objects, 55% free, 830KB/1854KB, paused 31us total 2.917ms
12-14 15:12:26.952  1694  1694 I art     : Explicit concurrent mark sweep GC freed 956(105KB) AllocSpace objects, 0(0B) LOS objects, 55% free, 813KB/1837KB, paused 39us total 2.978ms
12-14 15:12:26.959  1693  1693 I art     : Explicit concurrent mark sweep GC freed 597(42KB) AllocSpace objects, 0(0B) LOS objects, 55% free, 837KB/1861KB, paused 31us total 1.980ms
12-14 15:12:26.962  1694  1694 I art     : Explicit concurrent mark sweep GC freed 597(42KB) AllocSpace objects, 0(0B) LOS objects, 55% free, 820KB/1844KB, paused 44us total 2.208ms
12-14 15:12:26.969  1693  1693 I art     : Explicit concurrent mark sweep GC freed 265(20KB) AllocSpace objects, 0(0B) LOS objects, 54% free, 866KB/1890KB, paused 23us total 1.984ms
12-14 15:12:26.973  1694  1694 I art     : Explicit concurrent mark sweep GC freed 265(20KB) AllocSpace objects, 0(0B) LOS objects, 54% free, 848KB/1872KB, paused 37us total 2.287ms
12-14 15:12:26.985  1693  1693 I art     : Explicit concurrent mark sweep GC freed 20(832B) AllocSpace objects, 0(0B) LOS objects, 45% free, 1245KB/2MB, paused 25us total 1.959ms
12-14 15:12:26.989  1693  1693 I art     : Explicit concurrent mark sweep GC freed 567(32KB) AllocSpace objects, 0(0B) LOS objects, 44% free, 1261KB/2MB, paused 24us total 2.085ms
12-14 15:12:26.989  1694  1694 I art     : Explicit concurrent mark sweep GC freed 14(640B) AllocSpace objects, 0(0B) LOS objects, 45% free, 1227KB/2MB, paused 41us total 2.227ms
12-14 15:12:26.993  1693  1693 I art     : Explicit concurrent mark sweep GC freed 734(45KB) AllocSpace objects, 0(0B) LOS objects, 44% free, 1265KB/2MB, paused 51us total 1.978ms
12-14 15:12:26.993  1694  1694 I art     : Explicit concurrent mark sweep GC freed 572(33KB) AllocSpace objects, 0(0B) LOS objects, 45% free, 1243KB/2MB, paused 40us total 2.358ms
12-14 15:12:26.997  1694  1694 I art     : Explicit concurrent mark sweep GC freed 741(45KB) AllocSpace objects, 0(0B) LOS objects, 45% free, 1246KB/2MB, paused 37us total 2.189ms
12-14 15:12:27.005  1693  1693 I System  : Loaded time zone names for "" in 11ms (11ms in ICU)
12-14 15:12:27.010  1694  1694 I System  : Loaded time zone names for "" in 12ms (11ms in ICU)
12-14 15:12:27.012  1693  1693 I System  : Loaded time zone names for "en_US" in 7ms (7ms in ICU)
12-14 15:12:27.014  1693  1693 I art     : Explicit concurrent mark sweep GC freed 2359(179KB) AllocSpace objects, 0(0B) LOS objects, 41% free, 1423KB/2MB, paused 23us total 2.055ms
12-14 15:12:27.017  1693  1693 I art     : Explicit concurrent mark sweep GC freed 136(12KB) AllocSpace objects, 0(0B) LOS objects, 40% free, 1488KB/2MB, paused 23us total 1.891ms
12-14 15:12:27.017  1694  1694 I System  : Loaded time zone names for "en_US" in 7ms (7ms in ICU)
12-14 15:12:27.020  1694  1694 I art     : Explicit concurrent mark sweep GC freed 2345(178KB) AllocSpace objects, 0(0B) LOS objects, 42% free, 1405KB/2MB, paused 38us total 2.378ms
12-14 15:12:27.021  1693  1693 I art     : Explicit concurrent mark sweep GC freed 288(24KB) AllocSpace objects, 0(0B) LOS objects, 39% free, 1540KB/2MB, paused 22us total 2.124ms
12-14 15:12:27.023  1694  1694 I art     : Explicit concurrent mark sweep GC freed 136(12KB) AllocSpace objects, 0(0B) LOS objects, 41% free, 1470KB/2MB, paused 39us total 2.430ms
12-14 15:12:27.025  1693  1693 I art     : Explicit concurrent mark sweep GC freed 679(47KB) AllocSpace objects, 0(0B) LOS objects, 39% free, 1542KB/2MB, paused 23us total 2.072ms
12-14 15:12:27.026  1693  1693 I Zygote  : ...preloaded 3005 classes in 313ms.
12-14 15:12:27.026  1693  1693 I art     : VMRuntime.preloadDexCaches starting
12-14 15:12:27.029  1694  1694 I art     : Explicit concurrent mark sweep GC freed 288(24KB) AllocSpace objects, 0(0B) LOS objects, 40% free, 1515KB/2MB, paused 42us total 2.597ms
12-14 15:12:27.033  1694  1694 I art     : Explicit concurrent mark sweep GC freed 679(47KB) AllocSpace objects, 0(0B) LOS objects, 40% free, 1517KB/2MB, paused 38us total 2.398ms
12-14 15:12:27.033  1694  1694 I Zygote  : ...preloaded 3005 classes in 324ms.
12-14 15:12:27.033  1694  1694 I art     : VMRuntime.preloadDexCaches starting
12-14 15:12:27.039  1693  1693 I art     : VMRuntime.preloadDexCaches strings total=214670 before=39013 after=39013
12-14 15:12:27.039  1693  1693 I art     : VMRuntime.preloadDexCaches types total=18345 before=6389 after=6425
12-14 15:12:27.039  1693  1693 I art     : VMRuntime.preloadDexCaches fields total=85577 before=32264 after=32598
12-14 15:12:27.039  1693  1693 I art     : VMRuntime.preloadDexCaches methods total=151791 before=66839 after=67740
12-14 15:12:27.039  1693  1693 I art     : VMRuntime.preloadDexCaches finished
12-14 15:12:27.039  1693  1693 I art     : Counter: 0
12-14 15:12:27.039  1693  1693 I art     : Counter: 1
12-14 15:12:27.041  1693  1693 I art     : Explicit concurrent mark sweep GC freed 61(15KB) AllocSpace objects, 0(0B) LOS objects, 40% free, 1528KB/2MB, paused 22us total 2.569ms
12-14 15:12:27.046  1955  1955 W linker  : [vdso]: unused DT entry: type 0x6ffffef5 arg 0x160
12-14 15:12:27.046  1955  1955 D idmap   : error: no read access to /vendor/overlay: No such file or directory
12-14 15:12:27.048  1694  1694 I art     : VMRuntime.preloadDexCaches strings total=214670 before=39013 after=39013
12-14 15:12:27.048  1694  1694 I art     : VMRuntime.preloadDexCaches types total=18345 before=6389 after=6425
12-14 15:12:27.048  1694  1694 I art     : VMRuntime.preloadDexCaches fields total=85577 before=32264 after=32598
12-14 15:12:27.048  1694  1694 I art     : VMRuntime.preloadDexCaches methods total=151791 before=66839 after=67740
12-14 15:12:27.048  1694  1694 I art     : VMRuntime.preloadDexCaches finished
12-14 15:12:27.048  1694  1694 I art     : Counter: 0
12-14 15:12:27.048  1694  1694 I art     : Counter: 1
12-14 15:12:27.051  1694  1694 I art     : Explicit concurrent mark sweep GC freed 61(15KB) AllocSpace objects, 0(0B) LOS objects, 40% free, 1503KB/2MB, paused 46us total 2.927ms
12-14 15:12:27.054  1956  1956 W linker  : [vdso]: unused DT entry: type 0x6ffffef5 arg 0x160
12-14 15:12:27.054  1956  1956 D idmap   : error: no read access to /vendor/overlay: No such file or directory
12-14 15:12:27.060  1694  1694 I Zygote  : Preloading resources...
12-14 15:12:27.060  1693  1693 I Zygote  : Preloading resources...
12-14 15:12:27.067  1693  1693 I art     : Explicit concurrent mark sweep GC freed 86(3KB) AllocSpace objects, 0(0B) LOS objects, 39% free, 1577KB/2MB, paused 27us total 2.268ms
12-14 15:12:27.068  1694  1694 I art     : Explicit concurrent mark sweep GC freed 86(3KB) AllocSpace objects, 0(0B) LOS objects, 39% free, 1551KB/2MB, paused 43us total 2.629ms
12-14 15:12:27.071  1693  1693 I art     : Explicit concurrent mark sweep GC freed 89(4KB) AllocSpace objects, 0(0B) LOS objects, 39% free, 1623KB/2MB, paused 32us total 2.050ms
12-14 15:12:27.072  1694  1694 I art     : Explicit concurrent mark sweep GC freed 89(4KB) AllocSpace objects, 0(0B) LOS objects, 39% free, 1598KB/2MB, paused 57us total 2.321ms
12-14 15:12:27.075  1693  1693 I art     : Explicit concurrent mark sweep GC freed 115(5KB) AllocSpace objects, 0(0B) LOS objects, 40% free, 1667KB/2MB, paused 27us total 2.026ms
12-14 15:12:27.076  1694  1694 I art     : Explicit concurrent mark sweep GC freed 122(5KB) AllocSpace objects, 0(0B) LOS objects, 39% free, 1646KB/2MB, paused 41us total 2.323ms
12-14 15:12:27.079  1693  1693 I art     : Explicit concurrent mark sweep GC freed 99(4KB) AllocSpace objects, 0(0B) LOS objects, 40% free, 1713KB/2MB, paused 24us total 2.014ms
12-14 15:12:27.080  1694  1694 I art     : Explicit concurrent mark sweep GC freed 101(4KB) AllocSpace objects, 0(0B) LOS objects, 40% free, 1691KB/2MB, paused 41us total 2.311ms
12-14 15:12:27.082  1693  1693 I art     : Explicit concurrent mark sweep GC freed 94(4KB) AllocSpace objects, 0(0B) LOS objects, 39% free, 1757KB/2MB, paused 24us total 2.038ms
12-14 15:12:27.083  1694  1694 I art     : Explicit concurrent mark sweep GC freed 93(4KB) AllocSpace objects, 0(0B) LOS objects, 39% free, 1735KB/2MB, paused 42us total 2.310ms
12-14 15:12:27.086  1693  1693 I art     : Explicit concurrent mark sweep GC freed 102(4KB) AllocSpace objects, 0(0B) LOS objects, 39% free, 1804KB/2MB, paused 28us total 2.045ms
12-14 15:12:27.087  1694  1694 I art     : Explicit concurrent mark sweep GC freed 103(4KB) AllocSpace objects, 0(0B) LOS objects, 40% free, 1782KB/2MB, paused 39us total 2.356ms
12-14 15:12:27.090  1693  1693 I art     : Explicit concurrent mark sweep GC freed 112(5KB) AllocSpace objects, 0(0B) LOS objects, 39% free, 1849KB/3MB, paused 26us total 1.992ms
12-14 15:12:27.091  1694  1694 I art     : Explicit concurrent mark sweep GC freed 112(5KB) AllocSpace objects, 0(0B) LOS objects, 40% free, 1827KB/2MB, paused 39us total 2.357ms
12-14 15:12:27.093  1693  1693 I art     : Explicit concurrent mark sweep GC freed 118(5KB) AllocSpace objects, 0(0B) LOS objects, 39% free, 1896KB/3MB, paused 26us total 2.082ms
12-14 15:12:27.095  1694  1694 I art     : Explicit concurrent mark sweep GC freed 117(5KB) AllocSpace objects, 0(0B) LOS objects, 39% free, 1874KB/3MB, paused 54us total 2.398ms
12-14 15:12:27.097  1693  1693 I art     : Explicit concurrent mark sweep GC freed 108(5KB) AllocSpace objects, 0(0B) LOS objects, 40% free, 1944KB/3MB, paused 31us total 2.008ms
12-14 15:12:27.099  1694  1694 I art     : Explicit concurrent mark sweep GC freed 108(5KB) AllocSpace objects, 0(0B) LOS objects, 39% free, 1922KB/3MB, paused 39us total 2.313ms
12-14 15:12:27.101  1693  1693 I art     : Explicit concurrent mark sweep GC freed 153(6KB) AllocSpace objects, 0(0B) LOS objects, 39% free, 2020KB/3MB, paused 26us total 2.089ms
12-14 15:12:27.103  1694  1694 I art     : Explicit concurrent mark sweep GC freed 147(6KB) AllocSpace objects, 0(0B) LOS objects, 39% free, 1993KB/3MB, paused 39us total 2.350ms
12-14 15:12:27.105  1693  1693 I art     : Explicit concurrent mark sweep GC freed 138(6KB) AllocSpace objects, 0(0B) LOS objects, 39% free, 2MB/3MB, paused 27us total 2.048ms
12-14 15:12:27.107  1694  1694 I art     : Explicit concurrent mark sweep GC freed 136(5KB) AllocSpace objects, 0(0B) LOS objects, 39% free, 2036KB/3MB, paused 40us total 2.457ms
12-14 15:12:27.109  1693  1693 I art     : Explicit concurrent mark sweep GC freed 84(7KB) AllocSpace objects, 0(0B) LOS objects, 39% free, 2MB/3MB, paused 27us total 2.081ms
12-14 15:12:27.111  1694  1694 I art     : Explicit concurrent mark sweep GC freed 84(7KB) AllocSpace objects, 0(0B) LOS objects, 39% free, 2MB/3MB, paused 52us total 2.539ms
12-14 15:12:27.115  1693  1693 I art     : Explicit concurrent mark sweep GC freed 112(4KB) AllocSpace objects, 0(0B) LOS objects, 39% free, 2MB/3MB, paused 34us total 2.873ms
12-14 15:12:27.117  1694  1694 I art     : Explicit concurrent mark sweep GC freed 112(4KB) AllocSpace objects, 0(0B) LOS objects, 39% free, 2MB/3MB, paused 44us total 3.317ms
12-14 15:12:27.119  1693  1693 I art     : Explicit concurrent mark sweep GC freed 135(5KB) AllocSpace objects, 0(0B) LOS objects, 39% free, 2MB/3MB, paused 27us total 2.168ms
12-14 15:12:27.120  1694  1694 I art     : Explicit concurrent mark sweep GC freed 135(5KB) AllocSpace objects, 0(0B) LOS objects, 39% free, 2MB/3MB, paused 42us total 2.433ms
12-14 15:12:27.122  1693  1693 I art     : Explicit concurrent mark sweep GC freed 62(2752B) AllocSpace objects, 0(0B) LOS objects, 40% free, 2MB/3MB, paused 25us total 2.092ms
12-14 15:12:27.124  1694  1694 I art     : Explicit concurrent mark sweep GC freed 62(2752B) AllocSpace objects, 0(0B) LOS objects, 39% free, 2MB/3MB, paused 50us total 2.425ms
12-14 15:12:27.127  1693  1693 I art     : Explicit concurrent mark sweep GC freed 111(4KB) AllocSpace objects, 0(0B) LOS objects, 39% free, 2MB/4MB, paused 27us total 2.108ms
12-14 15:12:27.128  1694  1694 I art     : Explicit concurrent mark sweep GC freed 111(4KB) AllocSpace objects, 0(0B) LOS objects, 39% free, 2MB/4MB, paused 43us total 2.475ms
12-14 15:12:27.132  1693  1693 I art     : Explicit concurrent mark sweep GC freed 206(9KB) AllocSpace objects, 0(0B) LOS objects, 39% free, 2MB/4MB, paused 27us total 2.148ms
12-14 15:12:27.134  1694  1694 I art     : Explicit concurrent mark sweep GC freed 206(9KB) AllocSpace objects, 0(0B) LOS objects, 39% free, 2MB/4MB, paused 43us total 2.499ms
12-14 15:12:27.136  1693  1693 I art     : Explicit concurrent mark sweep GC freed 370(16KB) AllocSpace objects, 0(0B) LOS objects, 39% free, 2MB/4MB, paused 27us total 2.152ms
12-14 15:12:27.138  1694  1694 I art     : Explicit concurrent mark sweep GC freed 370(16KB) AllocSpace objects, 0(0B) LOS objects, 40% free, 2MB/4MB, paused 63us total 2.888ms
12-14 15:12:27.143  1693  1693 I art     : Explicit concurrent mark sweep GC freed 214(9KB) AllocSpace objects, 0(0B) LOS objects, 40% free, 2MB/4MB, paused 40us total 3.051ms
12-14 15:12:27.144  1694  1694 I art     : Explicit concurrent mark sweep GC freed 214(9KB) AllocSpace objects, 0(0B) LOS objects, 39% free, 2MB/4MB, paused 57us total 3.333ms
12-14 15:12:27.147  1693  1693 I art     : Explicit concurrent mark sweep GC freed 112(6KB) AllocSpace objects, 0(0B) LOS objects, 40% free, 2MB/4MB, paused 38us total 3.060ms
12-14 15:12:27.149  1694  1694 I art     : Explicit concurrent mark sweep GC freed 112(6KB) AllocSpace objects, 0(0B) LOS objects, 39% free, 2MB/4MB, paused 62us total 3.223ms
12-14 15:12:27.153  1693  1693 I art     : Explicit concurrent mark sweep GC freed 113(5KB) AllocSpace objects, 0(0B) LOS objects, 40% free, 2MB/4MB, paused 35us total 2.890ms
12-14 15:12:27.154  1694  1694 I art     : Explicit concurrent mark sweep GC freed 113(5KB) AllocSpace objects, 0(0B) LOS objects, 40% free, 2MB/4MB, paused 68us total 3.409ms
12-14 15:12:27.157  1693  1693 I art     : Explicit concurrent mark sweep GC freed 49(8KB) AllocSpace objects, 0(0B) LOS objects, 39% free, 2MB/4MB, paused 44us total 2.815ms
12-14 15:12:27.159  1694  1694 I art     : Explicit concurrent mark sweep GC freed 49(8KB) AllocSpace objects, 0(0B) LOS objects, 39% free, 2MB/4MB, paused 58us total 3.199ms
12-14 15:12:27.161  1693  1693 I art     : Explicit concurrent mark sweep GC freed 101(4KB) AllocSpace objects, 0(0B) LOS objects, 40% free, 2MB/4MB, paused 38us total 2.826ms
12-14 15:12:27.164  1694  1694 I art     : Explicit concurrent mark sweep GC freed 101(4KB) AllocSpace objects, 0(0B) LOS objects, 39% free, 2MB/4MB, paused 68us total 3.555ms
12-14 15:12:27.166  1693  1693 I art     : Explicit concurrent mark sweep GC freed 105(4KB) AllocSpace objects, 0(0B) LOS objects, 39% free, 2MB/4MB, paused 39us total 2.866ms
12-14 15:12:27.170  1694  1694 I art     : Explicit concurrent mark sweep GC freed 105(4KB) AllocSpace objects, 0(0B) LOS objects, 39% free, 2MB/4MB, paused 67us total 3.634ms
12-14 15:12:27.170  1693  1693 I art     : Explicit concurrent mark sweep GC freed 99(4KB) AllocSpace objects, 0(0B) LOS objects, 39% free, 2MB/4MB, paused 37us total 2.907ms
12-14 15:12:27.175  1694  1694 I art     : Explicit concurrent mark sweep GC freed 99(4KB) AllocSpace objects, 0(0B) LOS objects, 39% free, 2MB/4MB, paused 63us total 3.414ms
12-14 15:12:27.177  1693  1693 I art     : Explicit concurrent mark sweep GC freed 172(7KB) AllocSpace objects, 0(0B) LOS objects, 39% free, 2MB/4MB, paused 38us total 2.981ms
12-14 15:12:27.182  1694  1694 I art     : Explicit concurrent mark sweep GC freed 172(7KB) AllocSpace objects, 0(0B) LOS objects, 40% free, 2MB/4MB, paused 63us total 3.400ms
12-14 15:12:27.187  1693  1693 I art     : Explicit concurrent mark sweep GC freed 417(18KB) AllocSpace objects, 0(0B) LOS objects, 39% free, 3MB/5MB, paused 39us total 3.114ms
12-14 15:12:27.194  1694  1694 I art     : Explicit concurrent mark sweep GC freed 417(18KB) AllocSpace objects, 0(0B) LOS objects, 39% free, 3MB/5MB, paused 75us total 3.518ms
12-14 15:12:27.196  1693  1693 I art     : Explicit concurrent mark sweep GC freed 363(16KB) AllocSpace objects, 0(0B) LOS objects, 39% free, 3MB/5MB, paused 42us total 3.062ms
12-14 15:12:27.202  1693  1693 I art     : Explicit concurrent mark sweep GC freed 174(8KB) AllocSpace objects, 0(0B) LOS objects, 39% free, 3MB/5MB, paused 41us total 3.192ms
12-14 15:12:27.205  1694  1694 I art     : Explicit concurrent mark sweep GC freed 363(16KB) AllocSpace objects, 0(0B) LOS objects, 39% free, 3MB/5MB, paused 101us total 3.882ms
12-14 15:12:27.208  1693  1693 I art     : Explicit concurrent mark sweep GC freed 515(19KB) AllocSpace objects, 0(0B) LOS objects, 39% free, 3MB/5MB, paused 49us total 3.080ms
12-14 15:12:27.211  1694  1694 I art     : Explicit concurrent mark sweep GC freed 174(8KB) AllocSpace objects, 0(0B) LOS objects, 40% free, 3MB/5MB, paused 72us total 3.735ms
12-14 15:12:27.213  1693  1693 I art     : Explicit concurrent mark sweep GC freed 353(14KB) AllocSpace objects, 0(0B) LOS objects, 39% free, 3MB/5MB, paused 39us total 3.085ms
12-14 15:12:27.217  1693  1693 I art     : Explicit concurrent mark sweep GC freed 1153(40KB) AllocSpace objects, 0(0B) LOS objects, 40% free, 3MB/5MB, paused 41us total 3.213ms
12-14 15:12:27.218  1694  1694 I art     : Explicit concurrent mark sweep GC freed 515(19KB) AllocSpace objects, 0(0B) LOS objects, 39% free, 3MB/5MB, paused 60us total 3.778ms
12-14 15:12:27.222  1693  1693 I art     : Explicit concurrent mark sweep GC freed 1499(50KB) AllocSpace objects, 0(0B) LOS objects, 39% free, 3MB/5MB, paused 40us total 3.134ms
12-14 15:12:27.224  1694  1694 I art     : Explicit concurrent mark sweep GC freed 353(14KB) AllocSpace objects, 0(0B) LOS objects, 40% free, 3MB/5MB, paused 74us total 3.889ms
12-14 15:12:27.226  1693  1693 I art     : Explicit concurrent mark sweep GC freed 1381(49KB) AllocSpace objects, 0(0B) LOS objects, 40% free, 3MB/5MB, paused 40us total 3.118ms
12-14 15:12:27.229  1694  1694 I art     : Explicit concurrent mark sweep GC freed 1153(40KB) AllocSpace objects, 0(0B) LOS objects, 39% free, 3MB/5MB, paused 43us total 3.397ms
12-14 15:12:27.234  1694  1694 I art     : Explicit concurrent mark sweep GC freed 1499(50KB) AllocSpace objects, 0(0B) LOS objects, 39% free, 3MB/5MB, paused 77us total 3.715ms
12-14 15:12:27.234  1693  1693 I art     : Explicit concurrent mark sweep GC freed 1453(56KB) AllocSpace objects, 0(0B) LOS objects, 39% free, 3MB/5MB, paused 38us total 3.726ms
12-14 15:12:27.239  1694  1694 I art     : Explicit concurrent mark sweep GC freed 1381(49KB) AllocSpace objects, 0(0B) LOS objects, 40% free, 3MB/5MB, paused 69us total 3.642ms
12-14 15:12:27.240  1693  1693 I art     : Explicit concurrent mark sweep GC freed 603(27KB) AllocSpace objects, 0(0B) LOS objects, 40% free, 3MB/5MB, paused 46us total 3.294ms
12-14 15:12:27.246  1693  1693 I art     : Explicit concurrent mark sweep GC freed 344(20KB) AllocSpace objects, 0(0B) LOS objects, 39% free, 3MB/6MB, paused 41us total 3.261ms
12-14 15:12:27.248  1694  1694 I art     : Explicit concurrent mark sweep GC freed 1453(56KB) AllocSpace objects, 0(0B) LOS objects, 40% free, 3MB/5MB, paused 66us total 4.620ms
12-14 15:12:27.255  1694  1694 I art     : Explicit concurrent mark sweep GC freed 603(27KB) AllocSpace objects, 0(0B) LOS objects, 40% free, 3MB/5MB, paused 72us total 3.999ms
12-14 15:12:27.256  1693  1693 I art     : Explicit concurrent mark sweep GC freed 384(17KB) AllocSpace objects, 0(0B) LOS objects, 39% free, 3MB/6MB, paused 41us total 3.310ms
12-14 15:12:27.259  1693  1693 I Zygote  : ...preloaded 343 resources in 198ms.
12-14 15:12:27.262  1693  1693 I art     : Explicit concurrent mark sweep GC freed 639(39KB) AllocSpace objects, 0(0B) LOS objects, 39% free, 3MB/6MB, paused 40us total 3.407ms
12-14 15:12:27.263  1694  1694 I art     : Explicit concurrent mark sweep GC freed 344(20KB) AllocSpace objects, 0(0B) LOS objects, 40% free, 3MB/6MB, paused 58us total 3.974ms
12-14 15:12:27.265  1693  1693 I Zygote  : ...preloaded 41 resources in 7ms.
12-14 15:12:27.265  1693  1693 I art     : Counter: 0
12-14 15:12:27.266  1693  1693 D libEGL  : loaded /system/lib64/egl/libGLES_mesa.so
12-14 15:12:27.275  1694  1694 I art     : Explicit concurrent mark sweep GC freed 384(17KB) AllocSpace objects, 0(0B) LOS objects, 39% free, 3MB/6MB, paused 74us total 3.997ms
12-14 15:12:27.278  1694  1694 I Zygote  : ...preloaded 343 resources in 218ms.
12-14 15:12:27.278  1693  1693 I Zygote  : Preloading shared libraries...
12-14 15:12:27.282  1694  1694 I art     : Explicit concurrent mark sweep GC freed 639(39KB) AllocSpace objects, 0(0B) LOS objects, 39% free, 3MB/6MB, paused 59us total 3.373ms
12-14 15:12:27.282  1693  1693 D Zygote  : end preload
12-14 15:12:27.285  1694  1694 I Zygote  : ...preloaded 41 resources in 7ms.
12-14 15:12:27.285  1694  1694 I art     : Counter: 0
12-14 15:12:27.286  1693  1693 I art     : Explicit concurrent mark sweep GC freed 450(20KB) AllocSpace objects, 0(0B) LOS objects, 40% free, 3MB/6MB, paused 34us total 3.425ms
12-14 15:12:27.288  1693  1693 I art     : Explicit concurrent mark sweep GC freed 389(16KB) AllocSpace objects, 0(0B) LOS objects, 40% free, 3MB/6MB, paused 31us total 2.540ms
12-14 15:12:27.289  1694  1694 D libEGL  : loaded /system/lib/egl/libGLES_mesa.so
12-14 15:12:27.291  1693  1693 I art     : Explicit concurrent mark sweep GC freed 5(160B) AllocSpace objects, 0(0B) LOS objects, 40% free, 3MB/6MB, paused 32us total 2.430ms
12-14 15:12:27.301  1694  1694 I Zygote  : Preloading shared libraries...
12-14 15:12:27.304  1694  1694 D Zygote  : end preload
12-14 15:12:27.307  1694  1694 I art     : Explicit concurrent mark sweep GC freed 450(20KB) AllocSpace objects, 0(0B) LOS objects, 40% free, 3MB/6MB, paused 48us total 2.920ms
12-14 15:12:27.310  1694  1694 I art     : Explicit concurrent mark sweep GC freed 389(16KB) AllocSpace objects, 0(0B) LOS objects, 40% free, 3MB/6MB, paused 46us total 2.826ms
12-14 15:12:27.312  1693  1693 I Zygote  : System server process 1957 has been created
12-14 15:12:27.313  1693  1693 I Zygote  : Accepting command socket connections
12-14 15:12:27.313  1694  1694 I art     : Explicit concurrent mark sweep GC freed 5(160B) AllocSpace objects, 0(0B) LOS objects, 40% free, 3MB/6MB, paused 57us total 2.855ms
12-14 15:12:27.313  1694  1694 I Zygote  : Accepting command socket connections
12-14 15:12:27.326  1957  1957 I Zygote  : Process: zygote socket opened, supported ABIS: x86,armeabi-v7a,armeabi
12-14 15:12:27.329  1957  1957 I InstallerConnection: disconnecting...
12-14 15:12:27.341  1957  1957 I SystemServer: Entered the Android system server!
12-14 15:12:27.363  1957  1957 V Fingerprint-JNI: FingerprintManager JNI ready.
