12-14 04:24:08.649  3798  3798 I QSB.SuggestionsProviderImpl: chars:1,source:Source{name=com.android.quicksearchbox/.google.GoogleSearch}
12-14 04:24:08.650  3798  3823 I GoogleSearch: Not connected to network.
12-14 04:24:09.391  3798  3798 W IInputConnectionWrapper: showStatusIcon on inactive InputConnection
12-14 04:24:09.723  1928  1949 I ActivityManager: Killing 2845:com.android.calendar/u0a27 (adj 15): empty #17
12-14 04:24:10.358  2051  2051 W ResourceType: No package identifier when getting value for resource number 0x00000000
12-14 04:24:10.358  2051  2051 W PackageManager: Failure retrieving resources for com.android.quicksearchbox: Resource ID #0x0
12-14 04:24:11.765  1928  1999 W AudioTrack: AUDIO_OUTPUT_FLAG_FAST denied by client
12-14 04:24:11.776  1672  1962 D audio_hw_primary: found out /dev/snd/pcmC0D0p
12-14 04:24:11.895  1928  2170 W ActivityManager: getRunningAppProcesses: caller 10061 does not hold REAL_GET_TASKS; limiting output
12-14 04:24:13.917  1928  1945 I ActivityManager: START u0 {act=android.intent.action.MAIN cat=[android.intent.category.LAUNCHER] flg=0x10200000 cmp=com.cyanogenmod.filemanager/.activities.NavigationActivity (has extras)} from uid 10044 on display 0
12-14 04:24:13.917  1928  1999 W AudioTrack: AUDIO_OUTPUT_FLAG_FAST denied by client
12-14 04:24:15.591  1928  1999 W AudioTrack: AUDIO_OUTPUT_FLAG_FAST denied by client
12-14 04:24:15.593  1928  2280 I ActivityManager: START u0 {act=android.intent.action.VIEW dat=file:///storage/usb0/antutu-videobench.apk typ=application/vnd.android.package-archive flg=0x17000000 cmp=com.android.packageinstaller/.PackageInstallerActivity} from uid 10025 on display 0
12-14 04:24:15.593  1928  2280 V WindowManager: addAppToken: AppWindowToken{2b461095 token=Token{2201f84c ActivityRecord{d18607f u0 com.android.packageinstaller/.PackageInstallerActivity t15}}} to stack=1 task=15 at 0
12-14 04:24:15.648  1928  2275 V WindowManager: Adding window Window{21dc859b u0 com.android.packageinstaller/com.android.packageinstaller.PackageInstallerActivity} at 5 of 10 (after Window{d765dc4 u0 com.cyanogenmod.filemanager/com.cyanogenmod.filemanager.activities.NavigationActivity})
12-14 04:24:15.682  1928  1954 I ActivityManager: Displayed com.android.packageinstaller/.PackageInstallerActivity: +75ms
12-14 04:24:16.610  2051  2051 W ResourceType: No package identifier when getting value for resource number 0x00000000
12-14 04:24:16.610  2051  2051 W PackageManager: Failure retrieving resources for com.cyanogenmod.filemanager: Resource ID #0x0
12-14 04:24:17.007  1928  2238 I ActivityManager: START u0 {dat=file:///storage/usb0/antutu-videobench.apk cmp=com.android.packageinstaller/.InstallAppProgress (has extras)} from uid 10050 on display 0
12-14 04:24:17.007  1928  1999 W AudioTrack: AUDIO_OUTPUT_FLAG_FAST denied by client
12-14 04:24:17.007  1928  2238 V WindowManager: addAppToken: AppWindowToken{344504e4 token=Token{37f3e077 ActivityRecord{6bb7276 u0 com.android.packageinstaller/.InstallAppProgress t15}}} to stack=1 task=15 at 1
12-14 04:24:17.045  1928  1944 V WindowManager: Adding window Window{ae0e149 u0 com.android.packageinstaller/com.android.packageinstaller.InstallAppProgress} at 6 of 11 (after Window{21dc859b u0 com.android.packageinstaller/com.android.packageinstaller.PackageInstallerActivity})
12-14 04:24:17.078  1928  1954 I ActivityManager: Displayed com.android.packageinstaller/.InstallAppProgress: +54ms
12-14 04:24:17.098  2781  2781 D Finsky  : [1] PackageVerificationReceiver.onReceive: Skipping verification because network inactive
12-14 04:24:17.099  2781  2781 D Finsky  : [1] PackageVerificationReceiver.onReceive: Skipping verification because network inactive
12-14 04:24:17.099  3419  3555 D DefContainer: Copying /storage/usb0/antutu-videobench.apk to base.apk
12-14 04:24:17.115  3350  3368 D OpenGLRenderer: endAllStagingAnimators on 0x7f2c83604800 (RippleDrawable) with handle 0x7f2c83482d80
12-14 04:24:17.458  1928  1958 W PackageManager: Invalid verification token 1 received
12-14 04:24:17.649  1928  1958 W PackageManager: Package com.antutu.videobench attempting to redeclare system permission android.permission.WRITE_MEDIA_STORAGE; ignoring new declaration
12-14 04:24:17.649  1928  1958 D PackageManager: Renaming /data/app/vmdl2092864812.tmp to /data/app/com.antutu.videobench-1
12-14 04:24:17.673  1928  1958 I PackageManager: Running dexopt on: /data/app/com.antutu.videobench-1/base.apk pkg=com.antutu.videobench isa=x86 vmSafeMode=false
12-14 04:24:17.678  3845  3845 I dex2oat : /system/bin/dex2oat --zip-fd=5 --zip-location=/data/app/com.antutu.videobench-1/base.apk --oat-fd=6 --oat-location=/data/dalvik-cache/x86/data@app@com.antutu.videobench-1@base.apk@classes.dex --instruction-set=x86 --instruction-set-features=default --runtime-arg -Xms64m --runtime-arg -Xmx512m --swap-fd=13
12-14 04:24:17.699  3845  3845 I dex2oat : Decided to run without swap.
12-14 04:24:17.938  1928  2010 D TaskPersister: removeObsoleteFile: deleting file=11_task_thumbnail.png
12-14 04:24:18.079  3845  3845 I dex2oat : dex2oat took 401.488ms (threads: 4) arena alloc=636KB java alloc=2MB native alloc=6MB free=5MB
12-14 04:24:18.114  1928  1958 V BackupManagerService: restoreAtInstall pkg=com.antutu.videobench token=2 restoreSet=0
12-14 04:24:18.114  1928  1958 V BackupManagerService: Finishing install immediately
12-14 04:24:18.114  1928  1958 W Settings: Setting install_non_market_apps has moved from android.provider.Settings.Global to android.provider.Settings.Secure, returning read-only value.
12-14 04:24:18.117  1928  1968 I InputReader: Reconfiguring input devices.  changes=0x00000010
12-14 04:24:18.121  2432  3850 D PackageBroadcastService: Received broadcast action=android.intent.action.PACKAGE_ADDED and uri=com.antutu.videobench
12-14 04:24:18.121  2432  2432 D ChimeraCfgMgr: Loading module com.google.android.gms.games from APK com.google.android.gms
12-14 04:24:18.122  1928  1928 D BackupManagerService: Received broadcast Intent { act=android.intent.action.PACKAGE_ADDED dat=package:com.antutu.videobench flg=0x4000010 (has extras) }
12-14 04:24:18.123  2432  2432 D ChimeraCfgMgr: Loading module com.google.android.gms.vision from APK com.google.android.gms
12-14 04:24:18.126  1928  1948 W VoiceInteractionManagerService: no available voice recognition services found for user 0
12-14 04:24:18.128  2345  2345 I ConfigService: onCreate
12-14 04:24:18.128  2432  2432 I ConfigFetchService: onStartCommand Intent { act=android.intent.action.PACKAGE_ADDED dat=package:com.antutu.videobench cmp=com.google.android.gms/.config.ConfigFetchService (has extras) }
12-14 04:24:18.136  2432  2432 I ConfigFetchService: launchTask
12-14 04:24:18.136  2432  3854 W ConfigFetchTask: no android id
12-14 04:24:18.136  2432  3854 E ConfigFetchTask: failed to build request; aborting config fetch
12-14 04:24:18.137  2432  2432 I ConfigFetchService: service connected
12-14 04:24:18.137  2432  3855 I PeopleContactsSync: CP2 sync disabled
12-14 04:24:18.139  2432  2432 I ConfigFetchService: fetch service done; releasing wakelock
12-14 04:24:18.139  1928  1958 I art     : Explicit concurrent mark sweep GC freed 47848(2MB) AllocSpace objects, 9(835KB) LOS objects, 33% free, 15MB/23MB, paused 326us total 23.594ms
12-14 04:24:18.141  2432  2432 I ConfigFetchService: stopping self
12-14 04:24:18.142  2246  2246 I Launcher: Deferring update until onResume
12-14 04:24:18.153  2246  2323 W ResourcesManager: Asset path '/system/framework/com.google.android.media.effects.jar' does not exist or contains no resources.
12-14 04:24:18.158  2246  2246 I Launcher: Deferring update until onResume
12-14 04:24:19.534  3350  3350 I InstallAppProgress: Finished installing com.antutu.videobench
12-14 04:24:19.534  1928  1999 W AudioTrack: AUDIO_OUTPUT_FLAG_FAST denied by client
12-14 04:24:19.562  3350  3368 D OpenGLRenderer: endAllStagingAnimators on 0x7f2c836f4400 (RippleDrawable) with handle 0x7f2c83482520
12-14 04:24:20.533  1928  1999 W AudioTrack: AUDIO_OUTPUT_FLAG_FAST denied by client
12-14 04:24:20.535  1928  2238 I ActivityManager: START u0 {act=android.intent.action.VIEW dat=file:///storage/usb0/antutu_benchmark_v6_3d_f1.apk typ=application/vnd.android.package-archive flg=0x17000000 cmp=com.android.packageinstaller/.PackageInstallerActivity} from uid 10025 on display 0
12-14 04:24:20.535  1928  2238 V WindowManager: addAppToken: AppWindowToken{64ec57d token=Token{362a4fd4 ActivityRecord{3aa4c127 u0 com.android.packageinstaller/.PackageInstallerActivity t16}}} to stack=1 task=16 at 0
12-14 04:24:20.565  1928  1944 V WindowManager: Adding window Window{1248c3 u0 com.android.packageinstaller/com.android.packageinstaller.PackageInstallerActivity} at 5 of 10 (after Window{d765dc4 u0 com.cyanogenmod.filemanager/com.cyanogenmod.filemanager.activities.NavigationActivity})
12-14 04:24:20.595  1928  1954 I ActivityManager: Displayed com.android.packageinstaller/.PackageInstallerActivity: +56ms
12-14 04:24:21.543  2051  2051 W ResourceType: No package identifier when getting value for resource number 0x00000000
12-14 04:24:21.543  2051  2051 W PackageManager: Failure retrieving resources for com.cyanogenmod.filemanager: Resource ID #0x0
12-14 04:24:21.806  1928  2238 I ActivityManager: START u0 {dat=file:///storage/usb0/antutu_benchmark_v6_3d_f1.apk cmp=com.android.packageinstaller/.InstallAppProgress (has extras)} from uid 10050 on display 0
12-14 04:24:21.806  1928  1999 W AudioTrack: AUDIO_OUTPUT_FLAG_FAST denied by client
12-14 04:24:21.807  1928  2238 V WindowManager: addAppToken: AppWindowToken{3a1fc56c token=Token{2846ae1f ActivityRecord{2897cdbe u0 com.android.packageinstaller/.InstallAppProgress t16}}} to stack=1 task=16 at 1
12-14 04:24:21.844  1928  1945 V WindowManager: Adding window Window{23af01b1 u0 com.android.packageinstaller/com.android.packageinstaller.InstallAppProgress} at 6 of 11 (after Window{1248c3 u0 com.android.packageinstaller/com.android.packageinstaller.PackageInstallerActivity})
12-14 04:24:21.877  1928  1954 I ActivityManager: Displayed com.android.packageinstaller/.InstallAppProgress: +54ms
12-14 04:24:21.896  1928  2799 W ActivityManager: getRunningAppProcesses: caller 10061 does not hold REAL_GET_TASKS; limiting output
12-14 04:24:21.910  3350  3368 D OpenGLRenderer: endAllStagingAnimators on 0x7f2c8e017000 (RippleDrawable) with handle 0x7f2c834828e0
12-14 04:24:22.035  2781  2781 D Finsky  : [1] PackageVerificationReceiver.onReceive: Skipping verification because network inactive
12-14 04:24:22.035  2781  2781 D Finsky  : [1] PackageVerificationReceiver.onReceive: Skipping verification because network inactive
12-14 04:24:22.036  3419  3436 D DefContainer: Copying /storage/usb0/antutu_benchmark_v6_3d_f1.apk to base.apk
12-14 04:24:23.149  2345  2345 I ConfigService: onDestroy
12-14 04:24:23.709  1928  2010 D TaskPersister: removeObsoleteFile: deleting file=15_task_thumbnail.png
12-14 04:24:24.334  1928  1958 W PackageManager: Invalid verification token 2 received
12-14 04:24:25.409  1928  1958 D PackageManager: Renaming /data/app/vmdl761230576.tmp to /data/app/com.antutu.benchmark.full-1
12-14 04:24:25.534  1928  1958 I PackageManager: Running dexopt on: /data/app/com.antutu.benchmark.full-1/base.apk pkg=com.antutu.benchmark.full isa=x86 vmSafeMode=false
12-14 04:24:25.538  3867  3867 I dex2oat : /system/bin/dex2oat --zip-fd=5 --zip-location=/data/app/com.antutu.benchmark.full-1/base.apk --oat-fd=6 --oat-location=/data/dalvik-cache/x86/data@app@com.antutu.benchmark.full-1@base.apk@classes.dex --instruction-set=x86 --instruction-set-features=default --runtime-arg -Xms64m --runtime-arg -Xmx512m --swap-fd=13
12-14 04:24:25.548  3867  3867 I dex2oat : Decided to run without swap.
12-14 04:24:25.712  3867  3867 I dex2oat : dex2oat took 174.200ms (threads: 4) arena alloc=182KB java alloc=1293KB native alloc=3MB free=4MB
12-14 04:24:25.746  1928  1958 V BackupManagerService: restoreAtInstall pkg=com.antutu.benchmark.full token=3 restoreSet=0
12-14 04:24:25.746  1928  1958 V BackupManagerService: Finishing install immediately
12-14 04:24:25.746  1928  1958 W Settings: Setting install_non_market_apps has moved from android.provider.Settings.Global to android.provider.Settings.Secure, returning read-only value.
12-14 04:24:25.753  1928  1968 I InputReader: Reconfiguring input devices.  changes=0x00000010
12-14 04:24:25.754  1928  1928 D BackupManagerService: Received broadcast Intent { act=android.intent.action.PACKAGE_ADDED dat=package:com.antutu.benchmark.full flg=0x4000010 (has extras) }
12-14 04:24:25.757  2432  2432 D ChimeraCfgMgr: Loading module com.google.android.gms.games from APK com.google.android.gms
12-14 04:24:25.758  2432  3872 D PackageBroadcastService: Received broadcast action=android.intent.action.PACKAGE_ADDED and uri=com.antutu.benchmark.full
12-14 04:24:25.759  2432  2432 D ChimeraCfgMgr: Loading module com.google.android.gms.vision from APK com.google.android.gms
12-14 04:24:25.762  2345  2345 I ConfigService: onCreate
12-14 04:24:25.763  2432  2432 I ConfigFetchService: onStartCommand Intent { act=android.intent.action.PACKAGE_ADDED dat=package:com.antutu.benchmark.full cmp=com.google.android.gms/.config.ConfigFetchService (has extras) }
12-14 04:24:25.763  1928  1948 W VoiceInteractionManagerService: no available voice recognition services found for user 0
12-14 04:24:25.767  2432  2432 I ConfigFetchService: launchTask
12-14 04:24:25.767  2432  3876 W ConfigFetchTask: no android id
12-14 04:24:25.767  2432  3876 E ConfigFetchTask: failed to build request; aborting config fetch
12-14 04:24:25.768  2432  2432 I ConfigFetchService: service connected
12-14 04:24:25.768  2432  3877 I PeopleContactsSync: CP2 sync disabled
12-14 04:24:25.768  2432  2432 I ConfigFetchService: fetch service done; releasing wakelock
12-14 04:24:25.768  2432  2432 I ConfigFetchService: stopping self
12-14 04:24:25.770  1928  1958 I art     : Explicit concurrent mark sweep GC freed 81995(3MB) AllocSpace objects, 36(4MB) LOS objects, 33% free, 13MB/20MB, paused 360us total 22.874ms
12-14 04:24:25.776  2246  2246 I Launcher: Deferring update until onResume
12-14 04:24:25.782  2246  2323 W ResourcesManager: Asset path '/system/framework/com.google.android.media.effects.jar' does not exist or contains no resources.
12-14 04:24:25.785  2246  2246 I Launcher: Deferring update until onResume
12-14 04:24:26.923  1928  2275 I ActivityManager: START u0 {act=android.intent.action.MAIN cat=[android.intent.category.LAUNCHER] flg=0x10000000 pkg=com.antutu.benchmark.full cmp=com.antutu.benchmark.full/.MainActivity} from uid 10050 on display 0
12-14 04:24:26.923  1928  1999 W AudioTrack: AUDIO_OUTPUT_FLAG_FAST denied by client
12-14 04:24:26.924  1928  2275 V WindowManager: addAppToken: AppWindowToken{322b6b30 token=Token{38ae0073 ActivityRecord{10a264e2 u0 com.antutu.benchmark.full/.MainActivity t17}}} to stack=1 task=17 at 0
12-14 04:24:26.927  1928  1954 V WindowManager: Adding window Window{3158a165 u0 Starting com.antutu.benchmark.full} at 6 of 11 (after Window{23af01b1 u0 com.android.packageinstaller/com.android.packageinstaller.InstallAppProgress})
12-14 04:24:26.934  1672  1962 D audio_hw_primary: found out /dev/snd/pcmC0D0p
12-14 04:24:26.944  1928  1944 I ActivityManager: Start proc 3882:com.antutu.benchmark.full/u0a63 for activity com.antutu.benchmark.full/.MainActivity
12-14 04:24:26.985  1928  2280 I ActivityManager: START u0 {act=android.intent.action.MAIN cat=[android.intent.category.LAUNCHER] cmp=com.antutu.ABenchMark/.ABenchMarkStart} from uid 10063 on display 0
12-14 04:24:27.005  3350  3368 D OpenGLRenderer: endAllStagingAnimators on 0x7f2c837a0000 (RippleDrawable) with handle 0x7f2c834b2100
12-14 04:24:27.039  1928  2280 V WindowManager: addAppToken: AppWindowToken{9059919 token=Token{10480060 ActivityRecord{1d52981d u0 com.antutu.ABenchMark/.ABenchMarkStart t18}}} to stack=1 task=18 at 0
12-14 04:24:27.073  1928  1954 V WindowManager: Adding window Window{3912ebbf u0 Starting com.antutu.ABenchMark} at 7 of 12 (after Window{3158a165 u0 Starting com.antutu.benchmark.full})
12-14 04:24:27.107  1928  1949 W BroadcastQueue: Permission Denial: broadcasting Intent { act=com.android.launcher.action.UNINSTALL_SHORTCUT flg=0x10 (has extras) } from com.antutu.benchmark.full (pid=3882, uid=10063) requires com.android.launcher.permission.UNINSTALL_SHORTCUT due to receiver com.android.launcher3/.UninstallShortcutReceiver
12-14 04:24:27.148  3510  3902 W Settings: Setting android_id has moved from android.provider.Settings.System to android.provider.Settings.Secure, returning read-only value.
12-14 04:24:27.150  1672  2000 D Camera_Factory: CameraFactory::get_camera_info
12-14 04:24:27.150  1672  2000 D Camera_Factory: CameraFactory::getCameraInfo: id = 0, info = 0xf4d039d0
12-14 04:24:27.150  1672  2000 D Camera_Factory: CameraFactory::getCameraNum: 1
12-14 04:24:27.150  1672  2000 D CameraHardware: CameraHardware::getCameraInfo
12-14 04:24:27.150  1672  1672 D Camera_Factory: CameraFactory::get_camera_info
12-14 04:24:27.150  1672  1672 D Camera_Factory: CameraFactory::getCameraInfo: id = 0, info = 0xffdb2e00
12-14 04:24:27.150  1672  1672 D Camera_Factory: CameraFactory::getCameraNum: 1
12-14 04:24:27.150  1672  1672 D CameraHardware: CameraHardware::getCameraInfo
12-14 04:24:27.150  1672  1672 W AudioFlinger: acquireAudioSessionId() unknown client 3510 for session 38
12-14 04:24:27.153  1672  1672 W AudioFlinger: acquireAudioSessionId() unknown client 3510 for session 39
12-14 04:24:27.155  1928  1945 V WindowManager: Adding window Window{386ec28d u0 com.antutu.ABenchMark/com.antutu.ABenchMark.ABenchMarkStart} at 7 of 13 (before Window{3912ebbf u0 Starting com.antutu.ABenchMark})
12-14 04:24:27.159  1672  1672 I CameraClient: Opening camera 0
12-14 04:24:27.159  1672  1672 D Camera_Factory: CameraFactory::get_camera_info
12-14 04:24:27.159  1672  1672 D Camera_Factory: CameraFactory::getCameraInfo: id = 0, info = 0xffdb2d90
12-14 04:24:27.159  1672  1672 D Camera_Factory: CameraFactory::getCameraNum: 1
12-14 04:24:27.159  1672  1672 D CameraHardware: CameraHardware::getCameraInfo
12-14 04:24:27.159  1672  1672 D Camera_Factory: CameraFactory::device_open: name = 0
12-14 04:24:27.159  1672  1672 D Camera_Factory: CameraFactory::cameraDeviceOpen: id = 0
12-14 04:24:27.159  1672  1672 D Camera_Factory: CameraFactory::getCameraNum: 1
12-14 04:24:27.159  1672  1672 D CameraHardware: CameraHardware::connectCamera
12-14 04:24:27.159  1672  1672 D CameraHardware: CameraHardware::setCallbacks
12-14 04:24:27.159  1672  1672 D CameraHardware: CameraHardware::enableMsgType: 3085
12-14 04:24:27.159  1672  1979 D CameraHardware: CameraHardware::cancelAutoFocus
12-14 04:24:27.159  1672  2000 D CameraHardware: CameraHardware::getParameters
12-14 04:24:27.159  1672  2000 D CameraHardware: CameraHardware::putParameters
12-14 04:24:27.159  1672  1672 D CameraHardware: CameraHardware::disableMsgType: 16
12-14 04:24:27.159  1672  1979 D CameraHardware: CameraHardware::disableMsgType: 65535
12-14 04:24:27.159  1672  1979 D CameraHardware: CameraHardware::stopPreview
12-14 04:24:27.159  1672  1979 D CameraHardware: CameraHardware::stopPreviewLocked
12-14 04:24:27.159  1672  1979 D CameraHardware: CameraHardware::stopPreviewLocked: OK
12-14 04:24:27.159  1672  1979 D CameraHardware: CameraHardware::cancelPicture
12-14 04:24:27.159  1672  1979 D CameraHardware: CameraHardware::releaseCamera
12-14 04:24:27.159  1672  1979 I CameraClient: Destroying camera 0
12-14 04:24:27.159  1672  1979 D CameraHardware: CameraHardware::closeCamera
12-14 04:24:27.159  1672  1979 D CameraHardware: CameraHardware::releaseCamera
12-14 04:24:27.167  1672  2000 D NuPlayerDriver: reset(0xf584efa0)
12-14 04:24:27.167  1672  3908 D NuPlayerDriver: notifyResetComplete(0xf584efa0)
12-14 04:24:27.167  1672  2000 D NuPlayerDriver: reset(0xf584eca0)
12-14 04:24:27.167  1672  3910 D NuPlayerDriver: notifyResetComplete(0xf584eca0)
12-14 04:24:27.339  1928  2069 V WindowManager: Adding window Window{29fc5acb u0 SurfaceView} at 7 of 15 (before Window{386ec28d u0 com.antutu.ABenchMark/com.antutu.ABenchMark.ABenchMarkStart})
12-14 04:24:27.505  1928  1954 I ActivityManager: Displayed com.antutu.ABenchMark/.ABenchMarkStart: +383ms (total +577ms)
12-14 04:24:28.007  1928  1975 I EGL-DRI2: DRI2: found extension DRI_Core version 1
12-14 04:24:28.007  1928  1975 I EGL-DRI2: DRI2: found extension DRI_DRI2 version 4
12-14 04:24:28.011  1928  1975 I EGL-DRI2: DRI2: found extension DRI_TexBuffer version 3
12-14 04:24:28.011  1928  1975 I EGL-DRI2: DRI2: found extension DRI2_Flush version 4
12-14 04:24:28.011  1928  1975 I EGL-DRI2: DRI2: found extension DRI_IMAGE version 11
12-14 04:24:28.011  1928  1975 I OpenGLRenderer: Initialized EGL, version 1.4
12-14 04:24:28.950  1928  2069 I ActivityManager: START u0 {cmp=com.antutu.ABenchMark/com.antutu.benchmark.activity.MainActivity} from uid 10061 on display 0
12-14 04:24:28.951  1928  2069 V WindowManager: addAppToken: AppWindowToken{34ec29dd token=Token{1ec709b4 ActivityRecord{31fab687 u0 com.antutu.ABenchMark/com.antutu.benchmark.activity.MainActivity t18}}} to stack=1 task=18 at 1
12-14 04:24:29.345  1928  1944 V WindowManager: Adding window Window{8b3b89e u0 com.antutu.ABenchMark/com.antutu.benchmark.activity.MainActivity} at 7 of 14 (after Window{386ec28d u0 com.antutu.ABenchMark/com.antutu.ABenchMark.ABenchMarkStart})
12-14 04:24:29.368  3510  3510 W art     : Attempt to remove local handle scope entry from IRT, ignoring
12-14 04:24:29.368  3510  3510 W AwContents: onDetachedFromWindow called when already detached. Ignoring
12-14 04:24:29.370  3510  3510 W art     : Attempt to remove local handle scope entry from IRT, ignoring
12-14 04:24:29.370  3510  3510 W art     : Attempt to remove local handle scope entry from IRT, ignoring
12-14 04:24:29.371  1928  2800 D KbdSensor: poll_setDelay: dev=0x7f2c8e066680 delay-ns=66667000
12-14 04:24:29.371  3510  3510 E SensorManager: sensor or listener is null
12-14 04:24:29.371  3510  3510 E SensorManager: sensor or listener is null
12-14 04:24:29.371  3510  3510 E SensorManager: sensor or listener is null
12-14 04:24:29.371  3510  3510 E SensorManager: sensor or listener is null
12-14 04:24:29.371  3510  3510 E SensorManager: sensor or listener is null
12-14 04:24:29.371  3510  3510 E SensorManager: sensor or listener is null
12-14 04:24:29.371  3510  3510 E SensorManager: sensor or listener is null
12-14 04:24:29.371  3510  3510 E SensorManager: sensor or listener is null
12-14 04:24:29.371  3510  3510 E SensorManager: sensor or listener is null
12-14 04:24:29.371  3510  3510 E SensorManager: sensor or listener is null
12-14 04:24:29.371  3510  3510 E SensorManager: sensor or listener is null
12-14 04:24:29.371  3510  3510 E SensorManager: sensor or listener is null
12-14 04:24:29.371  3510  3510 E SensorManager: sensor or listener is null
12-14 04:24:29.371  3510  3510 E SensorManager: sensor or listener is null
12-14 04:24:29.371  3510  3510 E SensorManager: sensor or listener is null
12-14 04:24:29.371  3510  3510 E SensorManager: sensor or listener is null
12-14 04:24:29.371  3510  3510 E SensorManager: sensor or listener is null
12-14 04:24:29.371  3510  3510 E SensorManager: sensor or listener is null
12-14 04:24:29.373  1928  2238 W ActivityManager: getRunningAppProcesses: caller 10061 does not hold REAL_GET_TASKS; limiting output
12-14 04:24:29.449  1928  1954 I ActivityManager: Displayed com.antutu.ABenchMark/com.antutu.benchmark.activity.MainActivity: +497ms
12-14 04:24:29.454  3510  3510 I chromium: [INFO:CONSOLE(12)] "Not allowed to load local resource: file:///android_asset/webkit/android-weberror.png", source: data:text/html,chromewebdata (12)
12-14 04:24:29.623  3510  3510 D SectionedAdapter: totalCount:11
12-14 04:24:29.623  3510  3510 D SectionedAdapter: totalCount:11
12-14 04:24:30.775  2345  2345 I ConfigService: onDestroy
12-14 04:24:30.894  3510  3510 W Settings: Setting always_finish_activities has moved from android.provider.Settings.System to android.provider.Settings.Global, returning read-only value.
12-14 04:24:30.895  1928  1999 W AudioTrack: AUDIO_OUTPUT_FLAG_FAST denied by client
12-14 04:24:30.896  1928  2170 I ActivityManager: START u0 {flg=0x14000000 cmp=com.antutu.ABenchMark/com.antutu.benchmark.activity.ScoreBenchActivity (has extras)} from uid 10061 on display 0
12-14 04:24:30.897  1928  2170 V WindowManager: addAppToken: AppWindowToken{2d917214 token=Token{3060467 ActivityRecord{2450f026 u0 com.antutu.ABenchMark/com.antutu.benchmark.activity.ScoreBenchActivity t18}}} to stack=1 task=18 at 1
12-14 04:24:30.906  1672  1962 D audio_hw_primary: found out /dev/snd/pcmC0D0p
12-14 04:24:30.923  1928  2275 V WindowManager: Adding window Window{78bddfe u0 com.antutu.ABenchMark/com.antutu.benchmark.activity.ScoreBenchActivity} at 6 of 12 (after Window{8b3b89e u0 com.antutu.ABenchMark/com.antutu.benchmark.activity.MainActivity})
12-14 04:24:30.961  1928  1954 I ActivityManager: Displayed com.antutu.ABenchMark/com.antutu.benchmark.activity.ScoreBenchActivity: +62ms
12-14 04:24:31.706  1928  1975 I EGL-DRI2: DRI2: found extension DRI_Core version 1
12-14 04:24:31.706  1928  1975 I EGL-DRI2: DRI2: found extension DRI_DRI2 version 4
12-14 04:24:31.710  1928  1975 I EGL-DRI2: DRI2: found extension DRI_TexBuffer version 3
12-14 04:24:31.710  1928  1975 I EGL-DRI2: DRI2: found extension DRI2_Flush version 4
12-14 04:24:31.710  1928  1975 I EGL-DRI2: DRI2: found extension DRI_IMAGE version 11
12-14 04:24:31.710  1928  1975 I OpenGLRenderer: Initialized EGL, version 1.4
12-14 04:24:31.897  1928  2280 W ActivityManager: getRunningAppProcesses: caller 10061 does not hold REAL_GET_TASKS; limiting output
12-14 04:24:32.434  1928  2238 I ActivityManager: START u0 {act=com.antutu.benchmark.full.MAROONED_RUN flg=0x14000000 cmp=com.antutu.benchmark.full/.UnityPlayerActivity (has extras)} from uid 10061 on display 0
12-14 04:24:32.434  1928  2238 V WindowManager: addAppToken: AppWindowToken{32c5b40c token=Token{56ab33f ActivityRecord{2ca2335e u0 com.antutu.benchmark.full/.UnityPlayerActivity t19}}} to stack=1 task=19 at 0
12-14 04:24:32.436  1928  1954 V WindowManager: Adding window Window{1cda276a u0 Starting com.antutu.benchmark.full} at 7 of 14 (after Window{78bddfe u0 com.antutu.ABenchMark/com.antutu.benchmark.activity.ScoreBenchActivity})
12-14 04:24:32.446  3882  3882 W linker  : libunity.so: unused DT entry: type 0x6ffffffe arg 0x9770
12-14 04:24:32.446  3882  3882 W linker  : libunity.so: unused DT entry: type 0x6fffffff arg 0x1
12-14 04:24:32.461  3882  3975 D OpenGLRenderer: Use EGL_SWAP_BEHAVIOR_PRESERVED: true
12-14 04:24:32.473  1928  2800 V WindowManager: Adding window Window{dbcea2f u0 com.antutu.benchmark.full/com.antutu.benchmark.full.UnityPlayerActivity} at 7 of 15 (before Window{1cda276a u0 Starting com.antutu.benchmark.full})
12-14 04:24:32.507  3882  3975 I GRALLOC-DRM: create intel for driver i915
12-14 04:24:32.511  3882  3975 I EGL-DRI2: DRI2: found extension DRI_Core version 1
12-14 04:24:32.511  3882  3975 I EGL-DRI2: DRI2: found extension DRI_DRI2 version 4
12-14 04:24:32.519  3882  3975 I EGL-DRI2: DRI2: found extension DRI_TexBuffer version 3
12-14 04:24:32.519  3882  3975 I EGL-DRI2: DRI2: found extension DRI2_Flush version 4
12-14 04:24:32.519  3882  3975 I EGL-DRI2: DRI2: found extension DRI_IMAGE version 11
12-14 04:24:32.519  3882  3975 I OpenGLRenderer: Initialized EGL, version 1.4
12-14 04:24:32.519  3882  3975 W OpenGLRenderer: Failed to choose config with EGL_SWAP_BEHAVIOR_PRESERVED, retrying without...
12-14 04:24:32.529  3882  3975 D OpenGLRenderer: Enabling debug mode 0
12-14 04:24:32.572  1928  2275 V WindowManager: Adding window Window{fd8dd41 u0 SurfaceView} at 7 of 16 (before Window{dbcea2f u0 com.antutu.benchmark.full/com.antutu.benchmark.full.UnityPlayerActivity})
12-14 04:24:32.739  1928  1954 I ActivityManager: Displayed com.antutu.benchmark.full/.UnityPlayerActivity: +302ms
12-14 04:24:32.759  3882  3974 D Unity   :  GL_EXT_discard_framebuffer GL_EXT_blend_minmax GL_EXT_draw_buffers GL_EXT_map_buffer_range GL_EXT_multi_draw_arrays GL_EXT_separate_shader_objects GL_EXT_shader_integer_mix GL_EXT_texture_compression_dxt1 GL_ANGLE_texture_compression_dxt3 GL_ANGLE_texture_compression_dxt5 GL_EXT_texture_filter_anisotropic GL_EXT_texture_format_BGRA8888 GL_EXT_texture_rg GL_EXT_read_format_bgra GL_EXT_texture_type_2_10_10_10_REV GL_EXT_unpack_subimage GL_EXT_color_buffer_float GL_OES_compressed_ETC1_RGB8_texture GL_OES_depth24 GL_OES_depth_texture GL_OES_depth_texture_cube_map GL_OES_EGL_sync GL_OES_EGL_image GL_OES_EGL_image_external GL_OES_element_index_uint GL_OES_fbo_render_mipmap GL_OES_get_program_binary GL_OES_mapbuffer GL_OES_packed_depth_stencil GL_OES_rgb8_rgba8 GL_OES_standard_derivatives GL_OES_stencil8 GL_OES_surfaceless_context GL_OES_texture_3D GL_OES_texture_float GL_OES_texture_float_linear GL_OES_texture_half_float GL_OES_texture_half_float_linear GL_OES_texture_npot GL_OES_vertex_array_object GL_KHR_contex
12-14 04:24:32.759  3882  3974 D Unity   : t_flush_control GL_APPLE_texture_max_level GL_INTEL_performance_query GL_NV_draw_buffers GL_NV_fbo_color_attachments GL_NV_read_buffer GL_NV_read_depth GL_NV_read_depth_stencil GL_NV_read_stencil
12-14 04:24:32.796  3882  3974 W libc    : pthread_create sched_setscheduler call failed: Operation not permitted
12-14 04:24:32.797  3882  3974 W libc    : pthread_create sched_setscheduler call failed: Operation not permitted
12-14 04:24:32.832  1928  2280 D KbdSensor: poll_setDelay: dev=0x7f2c8e066680 delay-ns=1000000
12-14 04:24:32.832  1928  1944 D KbdSensor: poll_setDelay: dev=0x7f2c8e066680 delay-ns=20000000
12-14 04:24:33.273  1928  1975 I EGL-DRI2: DRI2: found extension DRI_Core version 1
12-14 04:24:33.273  1928  1975 I EGL-DRI2: DRI2: found extension DRI_DRI2 version 4
12-14 04:24:33.277  1928  1975 I EGL-DRI2: DRI2: found extension DRI_TexBuffer version 3
12-14 04:24:33.277  1928  1975 I EGL-DRI2: DRI2: found extension DRI2_Flush version 4
12-14 04:24:33.277  1928  1975 I EGL-DRI2: DRI2: found extension DRI_IMAGE version 11
12-14 04:24:33.277  1928  1975 I OpenGLRenderer: Initialized EGL, version 1.4
12-14 04:24:33.438  2051  2051 W ResourceType: No package identifier when getting value for resource number 0x00000000
12-14 04:24:33.438  2051  2051 W PackageManager: Failure retrieving resources for com.antutu.ABenchMark: Resource ID #0x0
12-14 04:24:33.771  1928  2069 W SensorService: sensor 00000000 already enabled in connection 0x7f2c7880fcc0 (ignoring)
12-14 04:24:33.771  1928  2069 D KbdSensor: poll_setDelay: dev=0x7f2c8e066680 delay-ns=1000000
12-14 04:24:33.771  1928  1945 D KbdSensor: poll_setDelay: dev=0x7f2c8e066680 delay-ns=20000000
12-14 04:24:33.772  3882  3974 W linker  : libabenchmark.so has text relocations. This is wasting memory and prevents security hardening. Please fix.
12-14 04:24:33.914  3882  3974 W Unity   : Hardware resolution scaling not supported, falling back to software scaling (blit).
12-14 04:24:33.914  3882  3974 W Unity   :  
12-14 04:24:33.914  3882  3974 W Unity   : (Filename:  Line: 467)
12-14 04:24:33.914  3882  3974 W Unity   : 
12-14 04:24:33.970  1928  2010 D TaskPersister: removeObsoleteFile: deleting file=12_task.xml
12-14 04:24:33.970  1928  2010 D TaskPersister: removeObsoleteFile: deleting file=12_task_thumbnail.png
12-14 04:24:36.988  1928  1968 I InputReader: Reconfiguring input devices.  changes=0x00000010
12-14 04:24:36.992  2432  3998 D PackageBroadcastService: Received broadcast action=android.intent.action.PACKAGE_CHANGED and uri=com.antutu.benchmark.full
12-14 04:24:36.993  1928  1928 D BackupManagerService: Received broadcast Intent { act=android.intent.action.PACKAGE_CHANGED dat=package:com.antutu.benchmark.full flg=0x4000010 (has extras) }
12-14 04:24:36.997  2432  4000 I PeopleContactsSync: CP2 sync disabled
12-14 04:24:37.000  2246  2246 W Launcher: setApplicationContext called twice! old=com.android.launcher3.LauncherApplication@2ec04748 new=com.android.launcher3.LauncherApplication@2ec04748
12-14 04:24:37.001  2246  2246 I Launcher: Deferring update until onResume
12-14 04:24:37.019  2246  2246 I Launcher: Deferring update until onResume
12-14 04:24:40.788  2781  2822 D Finsky  : [135] AppStatesReplicator.handleContentSyncResponse: Completed 0 account content syncs with 0 successful.
12-14 04:24:40.788  2781  2781 D Finsky  : [1] 5.onFinished: Installation state replication succeeded.
12-14 04:24:41.898  1928  2800 W ActivityManager: getRunningAppProcesses: caller 10061 does not hold REAL_GET_TASKS; limiting output
12-14 04:24:43.110  3701  3731 I ClearcutLoggerApiImpl: disconnect managed GoogleApiClient
12-14 04:24:51.900  1928  2069 W ActivityManager: getRunningAppProcesses: caller 10061 does not hold REAL_GET_TASKS; limiting output
12-14 04:25:01.901  1928  1945 W ActivityManager: getRunningAppProcesses: caller 10061 does not hold REAL_GET_TASKS; limiting output
12-14 04:25:11.903  1928  2069 W ActivityManager: getRunningAppProcesses: caller 10061 does not hold REAL_GET_TASKS; limiting output
12-14 04:25:20.632  2345  2345 E GCM     : Missing checkin config file
12-14 04:25:20.633  2345  2345 W GCM     : GCM FAILED TO INITIALIZE - missing checkin
12-14 04:25:21.905  1928  2280 W ActivityManager: getRunningAppProcesses: caller 10061 does not hold REAL_GET_TASKS; limiting output
12-14 04:25:31.906  1928  1945 W ActivityManager: getRunningAppProcesses: caller 10061 does not hold REAL_GET_TASKS; limiting output
12-14 04:25:41.908  1928  1944 W ActivityManager: getRunningAppProcesses: caller 10061 does not hold REAL_GET_TASKS; limiting output
12-14 04:25:43.547  1658  1658 D SurfaceFlinger: Set power mode=0, type=0 flinger=0x7f892b062000
12-14 04:25:51.909  1928  2238 W ActivityManager: getRunningAppProcesses: caller 10061 does not hold REAL_GET_TASKS; limiting output
12-14 04:26:01.911  1928  2799 W ActivityManager: getRunningAppProcesses: caller 10061 does not hold REAL_GET_TASKS; limiting output
12-14 04:26:09.827  1658  1658 D SurfaceFlinger: Set power mode=2, type=0 flinger=0x7f892b062000
12-14 04:26:09.827  1658  1785 D GRALLOC-DRM: set master
12-14 04:26:11.913  1928  2238 W ActivityManager: getRunningAppProcesses: caller 10061 does not hold REAL_GET_TASKS; limiting output
12-14 04:26:13.312  1658  1658 D SurfaceFlinger: Set power mode=0, type=0 flinger=0x7f892b062000
12-14 04:26:21.914  1928  2800 W ActivityManager: getRunningAppProcesses: caller 10061 does not hold REAL_GET_TASKS; limiting output
12-14 04:26:29.386  3882  4033 V RenderScript: 0xf3db4200 Launching thread(s), CPUs 4
12-14 04:26:29.493  4038  4038 V RenderScript: Invoking BCC with: /system/bin/bcc -o fisheye_relaxed -output_path /data/data/com.antutu.benchmark.full/cache/com.android.renderscript.cache -bclib /system/lib/libclcore_x86.bc -mtriple i686-unknown-linux /data/data/com.antutu.benchmark.full/cache/com.android.renderscript.cache/fisheye_relaxed.bc
12-14 04:26:31.915  1928  2069 W ActivityManager: getRunningAppProcesses: caller 10061 does not hold REAL_GET_TASKS; limiting output
12-14 04:26:35.267  3882  4040 V RenderScript: 0xf3da8c00 Launching thread(s), CPUs 4
12-14 04:26:41.916  1928  2799 W ActivityManager: getRunningAppProcesses: caller 10061 does not hold REAL_GET_TASKS; limiting output
12-14 04:26:49.389  1658  1658 E GRALLOC-KMS: failed to perform page flip for primary (Invalid argument) (crtc 20 fb 56))
12-14 04:26:49.389  1658  1658 E SurfaceFlinger: error posting framebuffer: -22
12-14 04:26:49.622  3882  3974 E Unity   : RenderTexture warning: Destroying active render texture. Switching to main context.
12-14 04:26:49.622  3882  3974 E Unity   :  
12-14 04:26:49.622  3882  3974 E Unity   : (Filename:  Line: 509)
12-14 04:26:49.622  3882  3974 E Unity   : 
12-14 04:26:49.623  3882  3974 E libEGL  : call to OpenGL ES API with no current context (logged once per thread)
12-14 04:26:49.633  1928  2799 W ActivityManager: Finishing task with all activities already finished
12-14 04:26:49.633  1928  2799 W ActivityManager: Duplicate finish request for ActivityRecord{2ca2335e u0 com.antutu.benchmark.full/.UnityPlayerActivity t19 f}
12-14 04:26:50.459  1928  2800 D KbdSensor: poll_setDelay: dev=0x7f2c8e066680 delay-ns=66667000
12-14 04:26:50.459  3882  3882 I Process : Sending signal. PID: 3882 SIG: 9
12-14 04:26:50.477  1928  1967 W InputDispatcher: channel 'dbcea2f com.antutu.benchmark.full/com.antutu.benchmark.full.UnityPlayerActivity (server)' ~ Consumer closed input channel or an error occurred.  events=0x9
12-14 04:26:50.477  1928  1967 E InputDispatcher: channel 'dbcea2f com.antutu.benchmark.full/com.antutu.benchmark.full.UnityPlayerActivity (server)' ~ Channel is unrecoverably broken and will be disposed!
12-14 04:26:50.478  1928  2280 I WindowState: WIN DEATH: Window{dbcea2f u0 com.antutu.benchmark.full/com.antutu.benchmark.full.UnityPlayerActivity}
12-14 04:26:50.478  1928  2280 W InputDispatcher: Attempted to unregister already unregistered input channel 'dbcea2f com.antutu.benchmark.full/com.antutu.benchmark.full.UnityPlayerActivity (server)'
12-14 04:26:50.504  1928  2238 I ActivityManager: Process com.antutu.benchmark.full (pid 3882) has died
12-14 04:26:50.637  2051  2051 W ResourceType: No package identifier when getting value for resource number 0x00000000
12-14 04:26:50.637  2051  2051 W PackageManager: Failure retrieving resources for com.antutu.benchmark.full: Resource ID #0x0
12-14 04:26:51.917  1928  2069 W ActivityManager: getRunningAppProcesses: caller 10061 does not hold REAL_GET_TASKS; limiting output
12-14 04:26:52.247  1658  1658 D SurfaceFlinger: Set power mode=2, type=0 flinger=0x7f892b062000
12-14 04:26:52.247  1658  1785 D GRALLOC-DRM: set master
12-14 04:27:01.918  1928  2275 W ActivityManager: getRunningAppProcesses: caller 10061 does not hold REAL_GET_TASKS; limiting output
12-14 04:27:11.919  1928  1944 W ActivityManager: getRunningAppProcesses: caller 10061 does not hold REAL_GET_TASKS; limiting output
12-14 04:27:21.920  1928  1944 W ActivityManager: getRunningAppProcesses: caller 10061 does not hold REAL_GET_TASKS; limiting output
12-14 04:27:31.921  1928  2170 W ActivityManager: getRunningAppProcesses: caller 10061 does not hold REAL_GET_TASKS; limiting output
12-14 04:27:41.922  1928  2069 W ActivityManager: getRunningAppProcesses: caller 10061 does not hold REAL_GET_TASKS; limiting output
12-14 04:27:51.923  1928  2280 W ActivityManager: getRunningAppProcesses: caller 10061 does not hold REAL_GET_TASKS; limiting output
12-14 04:28:01.924  1928  2280 W ActivityManager: getRunningAppProcesses: caller 10061 does not hold REAL_GET_TASKS; limiting output
12-14 04:28:11.925  1928  2170 W ActivityManager: getRunningAppProcesses: caller 10061 does not hold REAL_GET_TASKS; limiting output
12-14 04:28:21.926  1928  1944 W ActivityManager: getRunningAppProcesses: caller 10061 does not hold REAL_GET_TASKS; limiting output
12-14 04:28:31.927  1928  2800 W ActivityManager: getRunningAppProcesses: caller 10061 does not hold REAL_GET_TASKS; limiting output
12-14 04:28:35.195  2345  2345 E GCM     : Missing checkin config file
12-14 04:28:35.195  2345  2345 W GCM     : GCM FAILED TO INITIALIZE - missing checkin
12-14 04:28:41.928  1928  2170 W ActivityManager: getRunningAppProcesses: caller 10061 does not hold REAL_GET_TASKS; limiting output
12-14 04:28:42.441  3510  3524 I art     : WaitForGcToComplete blocked for 10.957ms for cause HeapTrim
12-14 04:28:51.929  1928  1945 W ActivityManager: getRunningAppProcesses: caller 10061 does not hold REAL_GET_TASKS; limiting output
12-14 04:29:01.931  1928  2275 W ActivityManager: getRunningAppProcesses: caller 10061 does not hold REAL_GET_TASKS; limiting output
12-14 04:29:11.932  1928  1944 W ActivityManager: getRunningAppProcesses: caller 10061 does not hold REAL_GET_TASKS; limiting output
12-14 04:29:21.933  1928  1944 W ActivityManager: getRunningAppProcesses: caller 10061 does not hold REAL_GET_TASKS; limiting output
12-14 04:29:25.509  3510  3971 I art     : Explicit concurrent mark sweep GC freed 92255(5MB) AllocSpace objects, 6(996KB) LOS objects, 39% free, 9MB/15MB, paused 361us total 22.335ms
12-14 04:29:30.612  1672  2000 D Camera_Factory: CameraFactory::get_camera_info
12-14 04:29:30.612  1672  2000 D Camera_Factory: CameraFactory::getCameraInfo: id = 0, info = 0xf4d039d0
12-14 04:29:30.612  1672  2000 D Camera_Factory: CameraFactory::getCameraNum: 1
12-14 04:29:30.612  1672  2000 D CameraHardware: CameraHardware::getCameraInfo
12-14 04:29:30.612  1672  1979 D Camera_Factory: CameraFactory::get_camera_info
12-14 04:29:30.612  1672  1979 D Camera_Factory: CameraFactory::getCameraInfo: id = 0, info = 0xf4e018f0
12-14 04:29:30.612  1672  1979 D Camera_Factory: CameraFactory::getCameraNum: 1
12-14 04:29:30.612  1672  1979 D CameraHardware: CameraHardware::getCameraInfo
12-14 04:29:30.612  1672  1979 W AudioFlinger: acquireAudioSessionId() unknown client 3510 for session 42
12-14 04:29:30.615  1672  1979 W AudioFlinger: acquireAudioSessionId() unknown client 3510 for session 43
12-14 04:29:30.620  1672  1979 I CameraClient: Opening camera 0
12-14 04:29:30.620  1672  1979 D Camera_Factory: CameraFactory::get_camera_info
12-14 04:29:30.620  1672  1979 D Camera_Factory: CameraFactory::getCameraInfo: id = 0, info = 0xf4e01880
12-14 04:29:30.620  1672  1979 D Camera_Factory: CameraFactory::getCameraNum: 1
12-14 04:29:30.620  1672  1979 D CameraHardware: CameraHardware::getCameraInfo
12-14 04:29:30.620  1672  1979 D Camera_Factory: CameraFactory::device_open: name = 0
12-14 04:29:30.620  1672  1979 D Camera_Factory: CameraFactory::cameraDeviceOpen: id = 0
12-14 04:29:30.620  1672  1979 D Camera_Factory: CameraFactory::getCameraNum: 1
12-14 04:29:30.620  1672  1979 D CameraHardware: CameraHardware::connectCamera
12-14 04:29:30.620  1672  1979 D CameraHardware: CameraHardware::setCallbacks
12-14 04:29:30.620  1672  1979 D CameraHardware: CameraHardware::enableMsgType: 3085
12-14 04:29:30.621  1672  1672 D CameraHardware: CameraHardware::cancelAutoFocus
12-14 04:29:30.621  1672  2000 D CameraHardware: CameraHardware::getParameters
12-14 04:29:30.621  1672  2000 D CameraHardware: CameraHardware::putParameters
12-14 04:29:30.621  1672  1979 D CameraHardware: CameraHardware::disableMsgType: 16
12-14 04:29:30.621  1672  1672 D CameraHardware: CameraHardware::disableMsgType: 65535
12-14 04:29:30.621  1672  1672 D CameraHardware: CameraHardware::stopPreview
12-14 04:29:30.621  1672  1672 D CameraHardware: CameraHardware::stopPreviewLocked
12-14 04:29:30.621  1672  1672 D CameraHardware: CameraHardware::stopPreviewLocked: OK
12-14 04:29:30.621  1672  1672 D CameraHardware: CameraHardware::cancelPicture
12-14 04:29:30.621  1672  1672 D CameraHardware: CameraHardware::releaseCamera
12-14 04:29:30.621  1672  1672 I CameraClient: Destroying camera 0
12-14 04:29:30.621  1672  1672 D CameraHardware: CameraHardware::closeCamera
12-14 04:29:30.621  1672  1672 D CameraHardware: CameraHardware::releaseCamera
12-14 04:29:30.622  1672  2000 D NuPlayerDriver: reset(0xf5973520)
12-14 04:29:30.623  1672  4139 D NuPlayerDriver: notifyResetComplete(0xf5973520)
12-14 04:29:30.623  1672  2000 D NuPlayerDriver: reset(0xf502f2e0)
12-14 04:29:30.624  1672  4141 D NuPlayerDriver: notifyResetComplete(0xf502f2e0)
12-14 04:29:31.934  1928  2799 W ActivityManager: getRunningAppProcesses: caller 10061 does not hold REAL_GET_TASKS; limiting output
12-14 04:29:41.935  1928  2799 W ActivityManager: getRunningAppProcesses: caller 10061 does not hold REAL_GET_TASKS; limiting output
12-14 04:29:51.937  1928  2799 W ActivityManager: getRunningAppProcesses: caller 10061 does not hold REAL_GET_TASKS; limiting output
12-14 04:30:01.940  1928  2799 W ActivityManager: getRunningAppProcesses: caller 10061 does not hold REAL_GET_TASKS; limiting output
12-14 04:30:11.941  1928  2275 W ActivityManager: getRunningAppProcesses: caller 10061 does not hold REAL_GET_TASKS; limiting output
12-14 04:30:21.942  1928  2800 W ActivityManager: getRunningAppProcesses: caller 10061 does not hold REAL_GET_TASKS; limiting output
12-14 04:30:31.943  1928  1945 W ActivityManager: getRunningAppProcesses: caller 10061 does not hold REAL_GET_TASKS; limiting output
12-14 04:30:41.945  1928  2799 W ActivityManager: getRunningAppProcesses: caller 10061 does not hold REAL_GET_TASKS; limiting output
12-14 04:30:51.947  1928  2275 W ActivityManager: getRunningAppProcesses: caller 10061 does not hold REAL_GET_TASKS; limiting output
12-14 04:31:01.948  1928  2238 W ActivityManager: getRunningAppProcesses: caller 10061 does not hold REAL_GET_TASKS; limiting output
12-14 04:31:11.949  1928  2170 W ActivityManager: getRunningAppProcesses: caller 10061 does not hold REAL_GET_TASKS; limiting output
12-14 04:31:17.736  1658  1658 D SurfaceFlinger: Set power mode=0, type=0 flinger=0x7f892b062000
12-14 04:31:21.951  1928  2800 W ActivityManager: getRunningAppProcesses: caller 10061 does not hold REAL_GET_TASKS; limiting output
12-14 04:31:31.952  1928  2799 W ActivityManager: getRunningAppProcesses: caller 10061 does not hold REAL_GET_TASKS; limiting output
12-14 04:31:36.652  1658  1658 D SurfaceFlinger: Set power mode=2, type=0 flinger=0x7f892b062000
12-14 04:31:36.652  1658  1785 D GRALLOC-DRM: set master
12-14 04:31:38.909  1658  1658 D SurfaceFlinger: Set power mode=0, type=0 flinger=0x7f892b062000
12-14 04:31:41.954  1928  2799 W ActivityManager: getRunningAppProcesses: caller 10061 does not hold REAL_GET_TASKS; limiting output
12-14 04:31:51.956  1928  2275 W ActivityManager: getRunningAppProcesses: caller 10061 does not hold REAL_GET_TASKS; limiting output
12-14 04:32:01.161  1658  1658 D SurfaceFlinger: Set power mode=2, type=0 flinger=0x7f892b062000
12-14 04:32:01.161  1658  1785 D GRALLOC-DRM: set master
12-14 04:32:01.958  1928  2799 W ActivityManager: getRunningAppProcesses: caller 10061 does not hold REAL_GET_TASKS; limiting output
12-14 04:32:03.444  1928  1999 W AudioTrack: AUDIO_OUTPUT_FLAG_FAST denied by client
12-14 04:32:03.444  1928  1967 I ActivityManager: START u0 {act=android.intent.action.MAIN cat=[android.intent.category.HOME] flg=0x10200000 cmp=com.android.launcher3/.Launcher} from uid 1000 on display 0
12-14 04:32:03.455  1672  1962 D audio_hw_primary: found out /dev/snd/pcmC0D0p
12-14 04:32:03.478  2246  2246 D Launcher.Workspace: 11683562 - removeExtraEmptyScreen()
12-14 04:32:03.478  2246  2246 D Launcher.Workspace: 11683562 - convertFinalScreenToEmptyScreenIfNecessary()
12-14 04:32:03.478  2246  2246 D Launcher.Workspace: 11683562 - removeExtraEmptyScreen()
12-14 04:32:03.478  2246  2246 D Launcher.Workspace: 11683562 - convertFinalScreenToEmptyScreenIfNecessary()
12-14 04:32:03.479  2246  2246 D Launcher.Workspace: 11683562 - stripEmptyScreens()
12-14 04:32:04.005  2246  2246 D Launcher.Workspace: 11683562 - stripEmptyScreens()
12-14 04:32:04.039  2246  2363 W OpenGLRenderer: Incorrectly called buildLayer on View: ShortcutAndWidgetContainer, destroying layer...
12-14 04:32:04.461  2051  2051 W ResourceType: No package identifier when getting value for resource number 0x00000000
12-14 04:32:04.461  2051  2051 W PackageManager: Failure retrieving resources for com.antutu.ABenchMark: Resource ID #0x0
12-14 04:32:11.959  1928  2238 W ActivityManager: getRunningAppProcesses: caller 10061 does not hold REAL_GET_TASKS; limiting output
12-14 04:32:21.961  1928  2170 W ActivityManager: getRunningAppProcesses: caller 10061 does not hold REAL_GET_TASKS; limiting output
12-14 04:32:31.962  1928  2204 W ActivityManager: getRunningAppProcesses: caller 10061 does not hold REAL_GET_TASKS; limiting output
12-14 04:32:41.964  1928  1944 W ActivityManager: getRunningAppProcesses: caller 10061 does not hold REAL_GET_TASKS; limiting output
12-14 04:32:47.140  1928  1999 W AudioTrack: AUDIO_OUTPUT_FLAG_FAST denied by client
12-14 04:32:47.151  1672  1962 D audio_hw_primary: found out /dev/snd/pcmC0D0p
12-14 04:32:50.356  1928  2280 I ActivityManager: START u0 {act=android.intent.action.MAIN cat=[android.intent.category.LAUNCHER] flg=0x10200000 cmp=com.cyanogenmod.filemanager/.activities.NavigationActivity (has extras)} from uid 10044 on display 0
12-14 04:32:50.356  1928  1999 W AudioTrack: AUDIO_OUTPUT_FLAG_FAST denied by client
12-14 04:32:50.368  1672  1962 D audio_hw_primary: found out /dev/snd/pcmC0D0p
12-14 04:32:51.965  1928  1945 W ActivityManager: getRunningAppProcesses: caller 10061 does not hold REAL_GET_TASKS; limiting output
12-14 04:33:01.966  1928  2170 W ActivityManager: getRunningAppProcesses: caller 10061 does not hold REAL_GET_TASKS; limiting output
12-14 04:33:11.967  1928  2238 W ActivityManager: getRunningAppProcesses: caller 10061 does not hold REAL_GET_TASKS; limiting output
12-14 04:33:21.968  1928  2799 W ActivityManager: getRunningAppProcesses: caller 10061 does not hold REAL_GET_TASKS; limiting output
12-14 04:33:31.970  1928  2275 W ActivityManager: getRunningAppProcesses: caller 10061 does not hold REAL_GET_TASKS; limiting output
12-14 04:33:41.970  1928  2800 W ActivityManager: getRunningAppProcesses: caller 10061 does not hold REAL_GET_TASKS; limiting output
12-14 04:33:51.972  1928  2238 W ActivityManager: getRunningAppProcesses: caller 10061 does not hold REAL_GET_TASKS; limiting output
12-14 04:34:01.973  1928  2238 W ActivityManager: getRunningAppProcesses: caller 10061 does not hold REAL_GET_TASKS; limiting output
12-14 04:34:11.974  1928  2204 W ActivityManager: getRunningAppProcesses: caller 10061 does not hold REAL_GET_TASKS; limiting output
12-14 04:34:21.975  1928  2275 W ActivityManager: getRunningAppProcesses: caller 10061 does not hold REAL_GET_TASKS; limiting output
12-14 04:34:31.975  1928  2800 W ActivityManager: getRunningAppProcesses: caller 10061 does not hold REAL_GET_TASKS; limiting output
