12-14 08:53:50.909  2869  2869 D ExternalStorage: After updating volumes, found 1 active roots
12-14 08:53:50.910  2869  2869 D ExternalStorage: After updating volumes, found 1 active roots
12-14 08:53:50.913  2355  2355 D MediaScannerReceiver: action: android.intent.action.MEDIA_UNMOUNTED path: /storage/usb0
12-14 08:53:50.993  2887  2887 W linker  : [vdso]: unused DT entry: type 0x6ffffef5 arg 0x160
12-14 08:53:50.996  2887  2887 W linker  : [vdso]: unused DT entry: type 0x6ffffef5 arg 0x160
12-14 08:53:51.003  1678  1708 D Vold    : blkid identified as /dev/block/vold/8:17: SEC_TYPE="msdos" LABEL="Android-x86" UUID="F982-F6C8" TYPE="vfat" 
12-14 08:53:51.094  1678  1708 D Vold    : Volume usb0 state changing 3 (Checking) -> 4 (Mounted)
12-14 08:53:51.094  1948  1971 D MountService: volume state changed for /storage/usb0 (checking -> mounted)
12-14 08:53:51.094  1948  1971 D MountService: sendStorageIntent Intent { act=android.intent.action.MEDIA_MOUNTED dat=file:///storage/usb0 flg=0x4000000 (has extras) } to UserHandle{-1}
12-14 08:53:51.095  2888  2888 W linker  : [vdso]: unused DT entry: type 0x6ffffef5 arg 0x160
12-14 08:53:51.096  2869  2869 D ExternalStorage: After updating volumes, found 2 active roots
12-14 08:53:51.097  2355  2355 D MediaScannerReceiver: action: android.intent.action.MEDIA_MOUNTED path: /storage/usb0
12-14 08:53:51.097  2889  2889 W linker  : [vdso]: unused DT entry: type 0x6ffffef5 arg 0x160
12-14 08:53:51.100  2894  2894 W linker  : [vdso]: unused DT entry: type 0x6ffffef5 arg 0x160
12-14 08:53:51.102  2895  2895 W linker  : [vdso]: unused DT entry: type 0x6ffffef5 arg 0x160
12-14 08:53:51.103  2776  2818 W NavigationActivity: Ignoring '/storage/sdcard1' with state of 'unmounted'
12-14 08:53:51.103  2776  2818 W NavigationActivity: Ignoring '/storage/usb1' with state of 'removed'
12-14 08:53:51.103  2776  2818 W NavigationActivity: Ignoring '/storage/usb2' with state of 'removed'
12-14 08:53:51.103  2776  2818 W NavigationActivity: Ignoring '/storage/usb3' with state of 'removed'
12-14 08:53:51.220  2355  2893 W MediaScanner: Error opening directory '/storage/sdcard1/', skipping: Permission denied.
12-14 08:53:51.229  2355  2893 W MediaScanner: Error opening directory '/storage/usb0/.android_secure/', skipping: Permission denied.
12-14 08:53:51.229  2355  2893 W MediaScanner: Error opening directory '/storage/usb1/', skipping: Permission denied.
12-14 08:53:51.229  2355  2893 W MediaScanner: Error opening directory '/storage/usb2/', skipping: Permission denied.
12-14 08:53:51.229  2355  2893 W MediaScanner: Error opening directory '/storage/usb3/', skipping: Permission denied.
12-14 08:53:51.260  2355  2893 V MediaScanner: pruneDeadThumbnailFiles... android.database.sqlite.SQLiteCursor@d61539a
12-14 08:53:51.260  2355  2893 V MediaScanner: /pruneDeadThumbnailFiles... android.database.sqlite.SQLiteCursor@d61539a
12-14 08:53:53.019  1948  2005 W AudioTrack: AUDIO_OUTPUT_FLAG_FAST denied by client
12-14 08:53:53.031  1687  1985 D audio_hw_primary: found out /dev/snd/pcmC0D0p
12-14 08:53:54.103  2897  2897 W linker  : [vdso]: unused DT entry: type 0x6ffffef5 arg 0x160
12-14 08:53:54.778  1948  2005 W AudioTrack: AUDIO_OUTPUT_FLAG_FAST denied by client
12-14 08:53:54.780  2899  2899 W linker  : [vdso]: unused DT entry: type 0x6ffffef5 arg 0x160
12-14 08:53:54.782  2900  2900 W linker  : [vdso]: unused DT entry: type 0x6ffffef5 arg 0x160
12-14 08:53:54.784  2901  2901 W linker  : [vdso]: unused DT entry: type 0x6ffffef5 arg 0x160
12-14 08:53:54.788  2902  2902 W linker  : [vdso]: unused DT entry: type 0x6ffffef5 arg 0x160
12-14 08:53:54.791  2903  2903 W linker  : [vdso]: unused DT entry: type 0x6ffffef5 arg 0x160
12-14 08:53:54.793  2904  2904 W linker  : [vdso]: unused DT entry: type 0x6ffffef5 arg 0x160
12-14 08:53:54.796  2905  2905 W linker  : [vdso]: unused DT entry: type 0x6ffffef5 arg 0x160
12-14 08:53:54.915  2906  2906 W linker  : [vdso]: unused DT entry: type 0x6ffffef5 arg 0x160
12-14 08:53:54.919  2907  2907 W linker  : [vdso]: unused DT entry: type 0x6ffffef5 arg 0x160
12-14 08:53:54.921  2908  2908 W linker  : [vdso]: unused DT entry: type 0x6ffffef5 arg 0x160
12-14 08:53:54.957  2909  2909 W linker  : [vdso]: unused DT entry: type 0x6ffffef5 arg 0x160
12-14 08:53:54.959  2910  2910 W linker  : [vdso]: unused DT entry: type 0x6ffffef5 arg 0x160
12-14 08:53:55.216  2911  2911 W linker  : [vdso]: unused DT entry: type 0x6ffffef5 arg 0x160
12-14 08:53:59.114  2912  2912 W linker  : [vdso]: unused DT entry: type 0x6ffffef5 arg 0x160
12-14 08:54:01.168  1679  1679 D SurfaceFlinger: Set power mode=0, type=0 flinger=0x7fb91f062000
12-14 08:54:04.126  2913  2913 W linker  : [vdso]: unused DT entry: type 0x6ffffef5 arg 0x160
12-14 08:54:04.595  2914  2914 W linker  : [vdso]: unused DT entry: type 0x6ffffef5 arg 0x160
12-14 08:54:09.138  2915  2915 W linker  : [vdso]: unused DT entry: type 0x6ffffef5 arg 0x160
12-14 08:54:12.570  2916  2916 W linker  : [vdso]: unused DT entry: type 0x6ffffef5 arg 0x160
12-14 08:54:14.150  2917  2917 W linker  : [vdso]: unused DT entry: type 0x6ffffef5 arg 0x160
12-14 08:54:19.161  2918  2918 W linker  : [vdso]: unused DT entry: type 0x6ffffef5 arg 0x160
12-14 08:54:24.173  2919  2919 W linker  : [vdso]: unused DT entry: type 0x6ffffef5 arg 0x160
12-14 08:54:29.181  2920  2920 W linker  : [vdso]: unused DT entry: type 0x6ffffef5 arg 0x160
12-14 08:54:34.192  2921  2921 W linker  : [vdso]: unused DT entry: type 0x6ffffef5 arg 0x160
12-14 08:54:36.467  1679  1679 D SurfaceFlinger: Set power mode=2, type=0 flinger=0x7fb91f062000
12-14 08:54:36.467  1679  1819 D GRALLOC-DRM: set master
12-14 08:54:36.545  1948  1991 I InputReader: Dropping key up from device AT Translated Set 2 keyboard because the key was not down.  keyCode=137, scanCode=65
12-14 08:54:37.505  1948  1990 I ActivityManager: START u0 {act=android.intent.action.MAIN cat=[android.intent.category.HOME] flg=0x10200000 cmp=com.android.launcher3/.Launcher} from uid 1000 on display 0
12-14 08:54:37.505  1948  2005 W AudioTrack: AUDIO_OUTPUT_FLAG_FAST denied by client
12-14 08:54:37.517  1687  1985 D audio_hw_primary: found out /dev/snd/pcmC0D0p
12-14 08:54:38.077  2215  2346 W OpenGLRenderer: Incorrectly called buildLayer on View: ShortcutAndWidgetContainer, destroying layer...
12-14 08:54:38.517  2056  2056 W ResourceType: No package identifier when getting value for resource number 0x00000000
12-14 08:54:38.517  2056  2056 W PackageManager: Failure retrieving resources for com.cyanogenmod.filemanager: Resource ID #0x0
12-14 08:54:39.200  2923  2923 W linker  : [vdso]: unused DT entry: type 0x6ffffef5 arg 0x160
12-14 08:54:39.395  1948  2005 W AudioTrack: AUDIO_OUTPUT_FLAG_FAST denied by client
12-14 08:54:44.210  2925  2925 W linker  : [vdso]: unused DT entry: type 0x6ffffef5 arg 0x160
12-14 08:54:49.222  2926  2926 W linker  : [vdso]: unused DT entry: type 0x6ffffef5 arg 0x160
12-14 08:54:54.234  2927  2927 W linker  : [vdso]: unused DT entry: type 0x6ffffef5 arg 0x160
12-14 08:54:59.246  2928  2928 W linker  : [vdso]: unused DT entry: type 0x6ffffef5 arg 0x160
12-14 08:55:04.258  2929  2929 W linker  : [vdso]: unused DT entry: type 0x6ffffef5 arg 0x160
12-14 08:55:09.139  1679  1679 D SurfaceFlinger: Set power mode=0, type=0 flinger=0x7fb91f062000
12-14 08:55:09.270  2930  2930 W linker  : [vdso]: unused DT entry: type 0x6ffffef5 arg 0x160
12-14 08:55:13.321  2931  2931 W linker  : [vdso]: unused DT entry: type 0x6ffffef5 arg 0x160
12-14 08:55:14.281  2932  2932 W linker  : [vdso]: unused DT entry: type 0x6ffffef5 arg 0x160
12-14 08:55:19.293  2933  2933 W linker  : [vdso]: unused DT entry: type 0x6ffffef5 arg 0x160
12-14 08:55:24.248  2934  2934 W linker  : [vdso]: unused DT entry: type 0x6ffffef5 arg 0x160
12-14 08:55:24.303  2936  2936 W linker  : [vdso]: unused DT entry: type 0x6ffffef5 arg 0x160
12-14 08:55:29.314  2937  2937 W linker  : [vdso]: unused DT entry: type 0x6ffffef5 arg 0x160
12-14 08:55:34.326  2938  2938 W linker  : [vdso]: unused DT entry: type 0x6ffffef5 arg 0x160
12-14 08:55:37.297  1679  1679 D SurfaceFlinger: Set power mode=2, type=0 flinger=0x7fb91f062000
12-14 08:55:37.297  1679  1819 D GRALLOC-DRM: set master
12-14 08:55:39.335  2939  2939 W linker  : [vdso]: unused DT entry: type 0x6ffffef5 arg 0x160
12-14 08:55:44.347  2940  2940 W linker  : [vdso]: unused DT entry: type 0x6ffffef5 arg 0x160
12-14 08:55:49.359  2941  2941 W linker  : [vdso]: unused DT entry: type 0x6ffffef5 arg 0x160
12-14 08:55:54.364  2942  2942 W linker  : [vdso]: unused DT entry: type 0x6ffffef5 arg 0x160
12-14 08:55:59.375  2943  2943 W linker  : [vdso]: unused DT entry: type 0x6ffffef5 arg 0x160
12-14 08:56:04.387  2944  2944 W linker  : [vdso]: unused DT entry: type 0x6ffffef5 arg 0x160
12-14 08:56:09.398  2945  2945 W linker  : [vdso]: unused DT entry: type 0x6ffffef5 arg 0x160
12-14 08:56:09.710  1948  2326 I ActivityManager: START u0 {act=android.intent.action.MAIN cat=[android.intent.category.LAUNCHER] flg=0x10200000 cmp=com.antutu.ABenchMark/.ABenchMarkStart (has extras)} from uid 10036 on display 0
12-14 08:56:09.710  1948  2005 W AudioTrack: AUDIO_OUTPUT_FLAG_FAST denied by client
12-14 08:56:09.718  1948  2326 V WindowManager: addAppToken: AppWindowToken{7779592 token=Token{774af1d ActivityRecord{c355bf4 u0 com.antutu.ABenchMark/.ABenchMarkStart t35}}} to stack=1 task=35 at 0
12-14 08:56:09.720  1948  1974 V WindowManager: Adding window Window{e0c4abf u0 Starting com.antutu.ABenchMark} at 6 of 11 (after Window{15c9398a u0 com.cyanogenmod.filemanager/com.cyanogenmod.filemanager.activities.NavigationActivity})
12-14 08:56:09.722  1687  1985 D audio_hw_primary: found out /dev/snd/pcmC0D0p
12-14 08:56:09.745  1948  2177 I ActivityManager: Start proc 2947:com.antutu.ABenchMark/u0a53 for activity com.antutu.ABenchMark/.ABenchMarkStart
12-14 08:56:09.784  2947  2947 W Settings: Setting android_id has moved from android.provider.Settings.System to android.provider.Settings.Secure, returning read-only value.
12-14 08:56:09.818  2947  2977 D OpenGLRenderer: Use EGL_SWAP_BEHAVIOR_PRESERVED: true
12-14 08:56:09.818  2947  2947 I GRALLOC-DRM: create intel for driver i915
12-14 08:56:09.819  2947  2947 D Atlas   : Validating map...
12-14 08:56:09.820  1948  1965 V WindowManager: Adding window Window{9b2d2b7 u0 com.antutu.ABenchMark/com.antutu.ABenchMark.ABenchMarkStart} at 6 of 12 (before Window{e0c4abf u0 Starting com.antutu.ABenchMark})
12-14 08:56:09.846  2947  2977 I EGL-DRI2: DRI2: found extension DRI_Core version 1
12-14 08:56:09.846  2947  2977 I EGL-DRI2: DRI2: found extension DRI_DRI2 version 4
12-14 08:56:09.850  2947  2977 I EGL-DRI2: DRI2: found extension DRI_TexBuffer version 3
12-14 08:56:09.850  2947  2977 I EGL-DRI2: DRI2: found extension DRI2_Flush version 4
12-14 08:56:09.850  2947  2977 I EGL-DRI2: DRI2: found extension DRI_IMAGE version 11
12-14 08:56:09.850  2947  2977 I OpenGLRenderer: Initialized EGL, version 1.4
12-14 08:56:09.850  2947  2977 W OpenGLRenderer: Failed to choose config with EGL_SWAP_BEHAVIOR_PRESERVED, retrying without...
12-14 08:56:09.851  2947  2977 D OpenGLRenderer: Enabling debug mode 0
12-14 08:56:09.853  1948  2325 V WindowManager: Adding window Window{2aa14490 u0 SurfaceView} at 6 of 14 (before Window{9b2d2b7 u0 com.antutu.ABenchMark/com.antutu.ABenchMark.ABenchMarkStart})
12-14 08:56:09.883  1948  1974 I ActivityManager: Displayed com.antutu.ABenchMark/.ABenchMarkStart: +162ms
12-14 08:56:09.921  1687  1687 D Camera_Factory: CameraFactory::get_camera_info
12-14 08:56:09.921  1687  1687 D Camera_Factory: CameraFactory::getCameraInfo: id = 0, info = 0xfff186d0
12-14 08:56:09.921  1687  1687 D Camera_Factory: CameraFactory::getCameraNum: 1
12-14 08:56:09.921  1687  1687 D CameraHardware: CameraHardware::getCameraInfo
12-14 08:56:09.921  1687  1989 D Camera_Factory: CameraFactory::get_camera_info
12-14 08:56:09.921  1687  1989 D Camera_Factory: CameraFactory::getCameraInfo: id = 0, info = 0xf4eff8f0
12-14 08:56:09.921  1687  1989 D Camera_Factory: CameraFactory::getCameraNum: 1
12-14 08:56:09.921  1687  1989 D CameraHardware: CameraHardware::getCameraInfo
12-14 08:56:09.921  1687  1989 W AudioFlinger: acquireAudioSessionId() unknown client 2947 for session 23
12-14 08:56:09.924  1687  1989 W AudioFlinger: acquireAudioSessionId() unknown client 2947 for session 24
12-14 08:56:09.930  1687  1989 I CameraClient: Opening camera 0
12-14 08:56:09.930  1687  1989 D Camera_Factory: CameraFactory::get_camera_info
12-14 08:56:09.930  1687  1989 D Camera_Factory: CameraFactory::getCameraInfo: id = 0, info = 0xf4eff880
12-14 08:56:09.930  1687  1989 D Camera_Factory: CameraFactory::getCameraNum: 1
12-14 08:56:09.930  1687  1989 D CameraHardware: CameraHardware::getCameraInfo
12-14 08:56:09.930  1687  1989 D Camera_Factory: CameraFactory::device_open: name = 0
12-14 08:56:09.930  1687  1989 D Camera_Factory: CameraFactory::cameraDeviceOpen: id = 0
12-14 08:56:09.930  1687  1989 D Camera_Factory: CameraFactory::getCameraNum: 1
12-14 08:56:09.930  1687  1989 D CameraHardware: CameraHardware::connectCamera
12-14 08:56:09.930  1687  1989 D CameraHardware: CameraHardware::setCallbacks
12-14 08:56:09.930  1687  1989 D CameraHardware: CameraHardware::enableMsgType: 3085
12-14 08:56:09.930  1687  2722 D CameraHardware: CameraHardware::cancelAutoFocus
12-14 08:56:09.930  1687  2006 D CameraHardware: CameraHardware::getParameters
12-14 08:56:09.930  1687  2006 D CameraHardware: CameraHardware::putParameters
12-14 08:56:09.930  1687  1687 D CameraHardware: CameraHardware::disableMsgType: 16
12-14 08:56:09.930  1687  1989 D CameraHardware: CameraHardware::disableMsgType: 65535
12-14 08:56:09.930  1687  1989 D CameraHardware: CameraHardware::stopPreview
12-14 08:56:09.930  1687  1989 D CameraHardware: CameraHardware::stopPreviewLocked
12-14 08:56:09.930  1687  1989 D CameraHardware: CameraHardware::stopPreviewLocked: OK
12-14 08:56:09.930  1687  1989 D CameraHardware: CameraHardware::cancelPicture
12-14 08:56:09.930  1687  1989 D CameraHardware: CameraHardware::releaseCamera
12-14 08:56:09.930  1687  1989 I CameraClient: Destroying camera 0
12-14 08:56:09.930  1687  1989 D CameraHardware: CameraHardware::closeCamera
12-14 08:56:09.930  1687  1989 D CameraHardware: CameraHardware::releaseCamera
12-14 08:56:09.933  2985  2985 W linker  : [vdso]: unused DT entry: type 0x6ffffef5 arg 0x160
12-14 08:56:09.935  2986  2986 W linker  : [vdso]: unused DT entry: type 0x6ffffef5 arg 0x160
12-14 08:56:09.938  1687  2722 D NuPlayerDriver: reset(0xf5c4efa0)
12-14 08:56:09.938  1687  2980 D NuPlayerDriver: notifyResetComplete(0xf5c4efa0)
12-14 08:56:09.938  1687  2722 D NuPlayerDriver: reset(0xf502f280)
12-14 08:56:09.938  1687  2982 D NuPlayerDriver: notifyResetComplete(0xf502f280)
12-14 08:56:09.966  1948  1978 I ActivityManager: Start proc 2988:com.android.defcontainer/u0a3 for service com.android.defcontainer/.DefaultContainerService
12-14 08:56:10.591  1948  3007 D OpenGLRenderer: Use EGL_SWAP_BEHAVIOR_PRESERVED: true
12-14 08:56:10.591  1948  1972 D Atlas   : Validating map...
12-14 08:56:10.613  1948  3007 I EGL-DRI2: DRI2: found extension DRI_Core version 1
12-14 08:56:10.613  1948  3007 I EGL-DRI2: DRI2: found extension DRI_DRI2 version 4
12-14 08:56:10.621  1948  3007 I EGL-DRI2: DRI2: found extension DRI_TexBuffer version 3
12-14 08:56:10.621  1948  3007 I EGL-DRI2: DRI2: found extension DRI2_Flush version 4
12-14 08:56:10.621  1948  3007 I EGL-DRI2: DRI2: found extension DRI_IMAGE version 11
12-14 08:56:10.621  1948  3007 I OpenGLRenderer: Initialized EGL, version 1.4
12-14 08:56:10.621  1948  3007 W OpenGLRenderer: Failed to choose config with EGL_SWAP_BEHAVIOR_PRESERVED, retrying without...
12-14 08:56:10.623  1948  3007 D OpenGLRenderer: Enabling debug mode 0
12-14 08:56:11.621  1948  2081 W ActivityManager: getRunningAppProcesses: caller 10053 does not hold REAL_GET_TASKS; limiting output
12-14 08:56:11.623  1948  1964 W ActivityManager: getRunningAppProcesses: caller 10053 does not hold REAL_GET_TASKS; limiting output
12-14 08:56:11.628  1948  2231 I ActivityManager: START u0 {cmp=com.antutu.ABenchMark/com.antutu.benchmark.activity.MainActivity} from uid 10053 on display 0
12-14 08:56:11.630  1948  2231 V WindowManager: addAppToken: AppWindowToken{221cb4 token=Token{305a3587 ActivityRecord{fc0b1c6 u0 com.antutu.ABenchMark/com.antutu.benchmark.activity.MainActivity t35}}} to stack=1 task=35 at 1
12-14 08:56:11.680  1948  2000 D WifiService: New client listening to asynchronous messages
12-14 08:56:11.681  1948  2321 W ActivityManager: Unable to start service Intent { act=com.google.android.gms.ads.identifier.service.START pkg=com.google.android.gms } U=0: not found
12-14 08:56:11.724  1948  2264 V WindowManager: Adding window Window{37120dd9 u0 com.antutu.ABenchMark/com.antutu.benchmark.activity.MainActivity} at 8 of 15 (after Window{9b2d2b7 u0 com.antutu.ABenchMark/com.antutu.ABenchMark.ABenchMarkStart})
12-14 08:56:11.775  1948  2231 W ActivityManager: getRunningAppProcesses: caller 10053 does not hold REAL_GET_TASKS; limiting output
12-14 08:56:11.778  2947  2947 I WebViewFactory: Loading com.android.webview version 39 (eng.-x86_64) (code 399998)
12-14 08:56:11.816  2947  2947 I LibraryLoader: Time to load native libraries: 17 ms (timestamps 2755-2772)
12-14 08:56:11.816  2947  2947 I LibraryLoader: Expected native library version number "",actual native library version number ""
12-14 08:56:11.819  2947  2947 V WebViewChromiumFactoryProvider: Binding Chromium to main looper Looper (main, tid 1) {32cd501e}
12-14 08:56:11.819  2947  2947 I LibraryLoader: Expected native library version number "",actual native library version number ""
12-14 08:56:11.820  2947  2947 I chromium: [INFO:library_loader_hooks.cc(104)] Chromium logging enabled: level = 0, default verbosity = 0
12-14 08:56:11.821  2947  2947 I BrowserStartupController: Initializing chromium process, singleProcess=true
12-14 08:56:11.822  2947  2947 W art     : Attempt to remove local handle scope entry from IRT, ignoring
12-14 08:56:11.828  2947  3039 W chromium: [WARNING:dns_config_service_posix.cc(293)] Failed to read DnsConfig.
12-14 08:56:11.831  1948  1973 D BluetoothManagerService: Message: 20
12-14 08:56:11.831  1948  1973 D BluetoothManagerService: Added callback: android.bluetooth.IBluetoothManagerCallback$Stub$Proxy@2955ebaa:true
12-14 08:56:11.831  2947  3043 D BluetoothAdapter: 84439295: getState() :  mService = null. Returning STATE_OFF
12-14 08:56:11.832  2947  2947 W chromium: [WARNING:resource_bundle.cc(304)] locale_file_path.empty()
12-14 08:56:11.833  2947  2947 I chromium: [INFO:aw_browser_main_parts.cc(65)] Load from apk succesful, fd=45 off=46184 len=3037
12-14 08:56:11.833  2947  2947 I chromium: [INFO:aw_browser_main_parts.cc(78)] Loading webviewchromium.pak from, fd:46 off:229484 len:1089587
12-14 08:56:11.864  2947  2947 W chromium: [WARNING:data_reduction_proxy_settings.cc(331)] SPDY proxy OFF at startup
12-14 08:56:11.868  2947  2947 W art     : Attempt to remove local handle scope entry from IRT, ignoring
12-14 08:56:11.870  2947  2947 W AwContents: onDetachedFromWindow called when already detached. Ignoring
12-14 08:56:11.873  2947  2947 W art     : Attempt to remove local handle scope entry from IRT, ignoring
12-14 08:56:11.873  2947  2947 W art     : Attempt to remove local handle scope entry from IRT, ignoring
12-14 08:56:11.897  3067  3067 W linker  : [vdso]: unused DT entry: type 0x6ffffef5 arg 0x160
12-14 08:56:11.902  3068  3068 W linker  : [vdso]: unused DT entry: type 0x6ffffef5 arg 0x160
12-14 08:56:11.909  3069  3069 W linker  : [vdso]: unused DT entry: type 0x6ffffef5 arg 0x160
12-14 08:56:11.917  3071  3071 W linker  : [vdso]: unused DT entry: type 0x6ffffef5 arg 0x160
12-14 08:56:11.922  3072  3072 W linker  : [vdso]: unused DT entry: type 0x6ffffef5 arg 0x160
12-14 08:56:11.927  3073  3073 W linker  : [vdso]: unused DT entry: type 0x6ffffef5 arg 0x160
12-14 08:56:11.934  3074  3074 W linker  : [vdso]: unused DT entry: type 0x6ffffef5 arg 0x160
12-14 08:56:11.938  3075  3075 W linker  : [vdso]: unused DT entry: type 0x6ffffef5 arg 0x160
12-14 08:56:11.948  3076  3076 W linker  : [vdso]: unused DT entry: type 0x6ffffef5 arg 0x160
12-14 08:56:11.953  3077  3077 W linker  : [vdso]: unused DT entry: type 0x6ffffef5 arg 0x160
12-14 08:56:11.962  3079  3079 W linker  : [vdso]: unused DT entry: type 0x6ffffef5 arg 0x160
12-14 08:56:11.965  1948  1974 I ActivityManager: Displayed com.antutu.ABenchMark/com.antutu.benchmark.activity.MainActivity: +329ms
12-14 08:56:11.966  3087  3087 W linker  : [vdso]: unused DT entry: type 0x6ffffef5 arg 0x160
12-14 08:56:11.968  3090  3090 W linker  : [vdso]: unused DT entry: type 0x6ffffef5 arg 0x160
12-14 08:56:11.969  3093  3093 W linker  : [vdso]: unused DT entry: type 0x6ffffef5 arg 0x160
12-14 08:56:11.971  3096  3096 W linker  : [vdso]: unused DT entry: type 0x6ffffef5 arg 0x160
12-14 08:56:11.973  3099  3099 W linker  : [vdso]: unused DT entry: type 0x6ffffef5 arg 0x160
12-14 08:56:11.974  3102  3102 W linker  : [vdso]: unused DT entry: type 0x6ffffef5 arg 0x160
12-14 08:56:11.976  3105  3105 W linker  : [vdso]: unused DT entry: type 0x6ffffef5 arg 0x160
12-14 08:56:11.979  3109  3109 W linker  : [vdso]: unused DT entry: type 0x6ffffef5 arg 0x160
12-14 08:56:11.980  2947  3066 I SensorManager: This application is using deprecated SensorManager API which will be removed someday.  Please consider switching to the new API.
12-14 08:56:12.011  1948  2177 D KbdSensor: poll_setDelay: dev=0x7f2d38c66680 delay-ns=66667000
12-14 08:56:12.012  1948  2325 D KbdSensor: poll_setDelay: dev=0x7f2d38c66680 delay-ns=66667000
12-14 08:56:12.012  1948  2081 D KbdSensor: poll_setDelay: dev=0x7f2d38c66680 delay-ns=66667000
12-14 08:56:12.012  1948  2177 D KbdSensor: poll_setDelay: dev=0x7f2d38c66680 delay-ns=66667000
12-14 08:56:12.228  2947  2947 D SectionedAdapter: totalCount:11
12-14 08:56:12.228  2947  2947 D SectionedAdapter: totalCount:11
12-14 08:56:12.307  2947  2947 I chromium: [INFO:CONSOLE(12)] "Not allowed to load local resource: file:///android_asset/webkit/android-weberror.png", source: data:text/html,chromewebdata (12)
12-14 08:56:13.185  1948  1965 D BluetoothManagerService: checkIfCallerIsForegroundUser: valid=true callingUser=0 parentUser=-10000 foregroundUser=0
12-14 08:56:13.190  1948  2326 W ActivityManager: getRunningAppProcesses: caller 10053 does not hold REAL_GET_TASKS; limiting output
12-14 08:56:13.738  1948  2016 D TaskPersister: removeObsoleteFile: deleting file=18_task.xml
12-14 08:56:13.738  1948  2016 D TaskPersister: removeObsoleteFile: deleting file=18_task_thumbnail.png
12-14 08:56:13.849  2947  2977 V RenderScript: 0x7f2d25af0000 Launching thread(s), CPUs 4
12-14 08:56:14.409  3126  3126 W linker  : [vdso]: unused DT entry: type 0x6ffffef5 arg 0x160
12-14 08:56:19.420  3127  3127 W linker  : [vdso]: unused DT entry: type 0x6ffffef5 arg 0x160
12-14 08:56:20.111  1948  2321 I ActivityManager: Killing 2323:com.android.music/u0a39 (adj 15): empty #17
12-14 08:56:23.193  1948  2321 W ActivityManager: getRunningAppProcesses: caller 10053 does not hold REAL_GET_TASKS; limiting output
12-14 08:56:24.431  3128  3128 W linker  : [vdso]: unused DT entry: type 0x6ffffef5 arg 0x160
12-14 08:56:27.231  1948  2005 W AudioTrack: AUDIO_OUTPUT_FLAG_FAST denied by client
12-14 08:56:27.244  1687  1985 D audio_hw_primary: found out /dev/snd/pcmC0D0p
12-14 08:56:29.443  3130  3130 W linker  : [vdso]: unused DT entry: type 0x6ffffef5 arg 0x160
12-14 08:56:33.195  1948  2325 W ActivityManager: getRunningAppProcesses: caller 10053 does not hold REAL_GET_TASKS; limiting output
12-14 08:56:33.973  2947  2947 W Settings: Setting always_finish_activities has moved from android.provider.Settings.System to android.provider.Settings.Global, returning read-only value.
12-14 08:56:33.974  1948  2005 W AudioTrack: AUDIO_OUTPUT_FLAG_FAST denied by client
12-14 08:56:33.975  1948  2177 I ActivityManager: START u0 {flg=0x14000000 cmp=com.antutu.ABenchMark/com.antutu.benchmark.activity.ScoreBenchActivity (has extras)} from uid 10053 on display 0
12-14 08:56:33.977  1948  2177 V WindowManager: addAppToken: AppWindowToken{f3f4161 token=Token{3e897cc8 ActivityRecord{3ac9796b u0 com.antutu.ABenchMark/com.antutu.benchmark.activity.ScoreBenchActivity t35}}} to stack=1 task=35 at 1
12-14 08:56:33.986  1687  1985 D audio_hw_primary: found out /dev/snd/pcmC0D0p
12-14 08:56:34.001  1948  1965 V WindowManager: Adding window Window{3839aae3 u0 com.antutu.ABenchMark/com.antutu.benchmark.activity.ScoreBenchActivity} at 7 of 12 (after Window{37120dd9 u0 com.antutu.ABenchMark/com.antutu.benchmark.activity.MainActivity})
12-14 08:56:34.052  1948  1974 I ActivityManager: Displayed com.antutu.ABenchMark/com.antutu.benchmark.activity.ScoreBenchActivity: +71ms
12-14 08:56:34.453  3134  3134 W linker  : [vdso]: unused DT entry: type 0x6ffffef5 arg 0x160
12-14 08:56:34.800  1948  3007 I EGL-DRI2: DRI2: found extension DRI_Core version 1
12-14 08:56:34.800  1948  3007 I EGL-DRI2: DRI2: found extension DRI_DRI2 version 4
12-14 08:56:34.807  1948  3007 I EGL-DRI2: DRI2: found extension DRI_TexBuffer version 3
12-14 08:56:34.807  1948  3007 I EGL-DRI2: DRI2: found extension DRI2_Flush version 4
12-14 08:56:34.807  1948  3007 I EGL-DRI2: DRI2: found extension DRI_IMAGE version 11
12-14 08:56:34.807  1948  3007 I OpenGLRenderer: Initialized EGL, version 1.4
12-14 08:56:35.554  1948  2326 I ActivityManager: START u0 {act=com.antutu.benchmark.full.MAROONED_RUN flg=0x14000000 cmp=com.antutu.benchmark.full/.UnityPlayerActivity (has extras)} from uid 10053 on display 0
12-14 08:56:35.556  1948  2326 V WindowManager: addAppToken: AppWindowToken{346c8b40 token=Token{305e56c3 ActivityRecord{283fe272 u0 com.antutu.benchmark.full/.UnityPlayerActivity t36}}} to stack=1 task=36 at 0
12-14 08:56:35.565  1948  1974 V WindowManager: Adding window Window{25f1c535 u0 Starting com.antutu.benchmark.full} at 8 of 14 (after Window{3839aae3 u0 com.antutu.ABenchMark/com.antutu.benchmark.activity.ScoreBenchActivity})
12-14 08:56:35.620  1948  2212 I ActivityManager: Start proc 3136:com.antutu.benchmark.full/u0a54 for activity com.antutu.benchmark.full/.UnityPlayerActivity
12-14 08:56:35.700  3136  3136 W linker  : libunity.so: unused DT entry: type 0x6ffffffe arg 0x9770
12-14 08:56:35.700  3136  3136 W linker  : libunity.so: unused DT entry: type 0x6fffffff arg 0x1
12-14 08:56:35.732  3136  3156 D OpenGLRenderer: Use EGL_SWAP_BEHAVIOR_PRESERVED: true
12-14 08:56:35.751  1948  2081 V WindowManager: Adding window Window{149f65a5 u0 com.antutu.benchmark.full/com.antutu.benchmark.full.UnityPlayerActivity} at 8 of 15 (before Window{25f1c535 u0 Starting com.antutu.benchmark.full})
12-14 08:56:35.801  3136  3156 I GRALLOC-DRM: create intel for driver i915
12-14 08:56:35.805  3136  3156 I EGL-DRI2: DRI2: found extension DRI_Core version 1
12-14 08:56:35.805  3136  3156 I EGL-DRI2: DRI2: found extension DRI_DRI2 version 4
12-14 08:56:35.817  3136  3156 I EGL-DRI2: DRI2: found extension DRI_TexBuffer version 3
12-14 08:56:35.817  3136  3156 I EGL-DRI2: DRI2: found extension DRI2_Flush version 4
12-14 08:56:35.817  3136  3156 I EGL-DRI2: DRI2: found extension DRI_IMAGE version 11
12-14 08:56:35.817  3136  3156 I OpenGLRenderer: Initialized EGL, version 1.4
12-14 08:56:35.817  3136  3156 W OpenGLRenderer: Failed to choose config with EGL_SWAP_BEHAVIOR_PRESERVED, retrying without...
12-14 08:56:35.827  3136  3156 D OpenGLRenderer: Enabling debug mode 0
12-14 08:56:35.844  1948  2326 V WindowManager: Adding window Window{1045b721 u0 SurfaceView} at 8 of 16 (before Window{149f65a5 u0 com.antutu.benchmark.full/com.antutu.benchmark.full.UnityPlayerActivity})
12-14 08:56:35.968  3136  3156 W GraphicBufferMapper: registerBuffer(0xe1163980) failed -22 (Invalid argument)
12-14 08:56:35.968  3136  3156 E GraphicBuffer: unflatten: registerBuffer failed: Invalid argument (-22)
12-14 08:56:35.968  3136  3156 E Surface : dequeueBuffer: IGraphicBufferProducer::requestBuffer failed: -22
--------- beginning of crash
12-14 08:56:35.968  3136  3156 F libc    : Fatal signal 11 (SIGSEGV), code 1, fault addr 0x1a8 in tid 3156 (RenderThread)
12-14 08:56:36.069  1683  1683 I DEBUG   : *** *** *** *** *** *** *** *** *** *** *** *** *** *** *** ***
12-14 08:56:36.069  1683  1683 I DEBUG   : Build fingerprint: 'Android-x86/android_x86_64/x86_64:5.1.1/LVY48I/12080844:eng/test-keys'
12-14 08:56:36.069  1683  1683 I DEBUG   : Revision: '0'
12-14 08:56:36.069  1683  1683 I DEBUG   : ABI: 'x86'
12-14 08:56:36.069  1683  1683 I DEBUG   : pid: 3136, tid: 3156, name: RenderThread  >>> com.antutu.benchmark.full <<<
12-14 08:56:36.069  1683  1683 I DEBUG   : signal 11 (SIGSEGV), code 1 (SEGV_MAPERR), fault addr 0x1a8
12-14 08:56:36.071  1683  1683 I DEBUG   :     eax 00000000  ebx e1a6ecec  ecx 00000001  edx f3d93f80
12-14 08:56:36.071  1683  1683 I DEBUG   :     esi e10a3014  edi f3f6e710
12-14 08:56:36.071  1683  1683 I DEBUG   :     xcs 00000023  xds 0000002b  xes 0000002b  xfs 00000077  xss 0000002b
12-14 08:56:36.071  1683  1683 I DEBUG   :     eip e150d52d  ebp f3f6e6a0  esp edbff700  flags 00210246
12-14 08:56:36.071  1683  1683 I DEBUG   : 
12-14 08:56:36.071  1683  1683 I DEBUG   : backtrace:
12-14 08:56:36.071  1683  1683 I DEBUG   :     #00 pc 000fc52d  /android/system/lib/dri/i965_dri.so
12-14 08:56:36.071  1683  1683 I DEBUG   :     #01 pc 12345677  <unknown>
12-14 08:56:36.104  1683  1683 I DEBUG   : 
12-14 08:56:36.104  1683  1683 I DEBUG   : Tombstone written to: /data/tombstones/tombstone_07
12-14 08:56:36.104  1948  1970 I BootReceiver: Copying /data/tombstones/tombstone_07 to DropBox (SYSTEM_TOMBSTONE)
12-14 08:56:36.110  1948  1990 W InputDispatcher: channel '149f65a5 com.antutu.benchmark.full/com.antutu.benchmark.full.UnityPlayerActivity (server)' ~ Consumer closed input channel or an error occurred.  events=0xd
12-14 08:56:36.110  1948  1990 E InputDispatcher: channel '149f65a5 com.antutu.benchmark.full/com.antutu.benchmark.full.UnityPlayerActivity (server)' ~ Channel is unrecoverably broken and will be disposed!
12-14 08:56:36.110  1691  1691 I Zygote  : Process 3136 exited due to signal (11)
12-14 08:56:36.111  1948  2081 I WindowState: WIN DEATH: Window{149f65a5 u0 com.antutu.benchmark.full/com.antutu.benchmark.full.UnityPlayerActivity}
12-14 08:56:36.111  1948  3161 W ActivityManager:   Force finishing activity 1 com.antutu.benchmark.full/.UnityPlayerActivity
12-14 08:56:36.111  1948  2081 W InputDispatcher: Attempted to unregister already unregistered input channel '149f65a5 com.antutu.benchmark.full/com.antutu.benchmark.full.UnityPlayerActivity (server)'
12-14 08:56:36.128  1948  1990 I InputDispatcher: Dropping event because there is no touchable window at (911, 162).
12-14 08:56:36.129  1948  2321 I WindowState: WIN DEATH: Window{1045b721 u0 SurfaceView}
12-14 08:56:36.135  1948  1990 I InputDispatcher: Dropping event because there is no touchable window at (911, 160).
12-14 08:56:36.159  1948  1990 I InputDispatcher: Dropping event because there is no touchable window at (912, 159).
12-14 08:56:36.166  1948  3161 W ActivityManager: Exception thrown during pause
12-14 08:56:36.166  1948  3161 W ActivityManager: android.os.DeadObjectException
12-14 08:56:36.166  1948  3161 W ActivityManager: 	at android.os.BinderProxy.transactNative(Native Method)
12-14 08:56:36.166  1948  3161 W ActivityManager: 	at android.os.BinderProxy.transact(Binder.java:496)
12-14 08:56:36.166  1948  3161 W ActivityManager: 	at android.app.ApplicationThreadProxy.schedulePauseActivity(ApplicationThreadNative.java:704)
12-14 08:56:36.166  1948  3161 W ActivityManager: 	at com.android.server.am.ActivityStack.startPausingLocked(ActivityStack.java:825)
12-14 08:56:36.166  1948  3161 W ActivityManager: 	at com.android.server.am.ActivityStack.finishActivityLocked(ActivityStack.java:2726)
12-14 08:56:36.166  1948  3161 W ActivityManager: 	at com.android.server.am.ActivityStack.finishTopRunningActivityLocked(ActivityStack.java:2583)
12-14 08:56:36.166  1948  3161 W ActivityManager: 	at com.android.server.am.ActivityStackSupervisor.finishTopRunningActivityLocked(ActivityStackSupervisor.java:2497)
12-14 08:56:36.166  1948  3161 W ActivityManager: 	at com.android.server.am.ActivityManagerService.handleAppCrashLocked(ActivityManagerService.java:11505)
12-14 08:56:36.166  1948  3161 W ActivityManager: 	at com.android.server.am.ActivityManagerService.makeAppCrashingLocked(ActivityManagerService.java:11402)
12-14 08:56:36.166  1948  3161 W ActivityManager: 	at com.android.server.am.ActivityManagerService.crashApplication(ActivityManagerService.java:12086)
12-14 08:56:36.166  1948  3161 W ActivityManager: 	at com.android.server.am.ActivityManagerService.handleApplicationCrashInner(ActivityManagerService.java:11597)
12-14 08:56:36.166  1948  3161 W ActivityManager: 	at com.android.server.am.NativeCrashListener$NativeCrashReporter.run(NativeCrashListener.java:86)
12-14 08:56:36.167  1676  1676 E lowmemorykiller: Error opening /proc/3136/oom_score_adj; errno=2
12-14 08:56:36.168  1948  3161 W ActivityManager:   Force finishing activity 2 com.antutu.ABenchMark/com.antutu.benchmark.activity.ScoreBenchActivity
12-14 08:56:36.169  1948  2326 I ActivityManager: Process com.antutu.benchmark.full (pid 3136) has died
12-14 08:56:36.183  1948  1990 I InputDispatcher: Dropping event because there is no touchable window at (912, 157).
12-14 08:56:36.196  1948  1990 I InputDispatcher: Dropping event because there is no touchable window at (912, 158).
12-14 08:56:36.208  1948  1990 I InputDispatcher: Dropping event because there is no touchable window at (911, 158).
12-14 08:56:36.230  1948  3007 I EGL-DRI2: DRI2: found extension DRI_Core version 1
12-14 08:56:36.230  1948  3007 I EGL-DRI2: DRI2: found extension DRI_DRI2 version 4
12-14 08:56:36.238  1948  3007 I EGL-DRI2: DRI2: found extension DRI_TexBuffer version 3
12-14 08:56:36.238  1948  3007 I EGL-DRI2: DRI2: found extension DRI2_Flush version 4
12-14 08:56:36.238  1948  3007 I EGL-DRI2: DRI2: found extension DRI_IMAGE version 11
12-14 08:56:36.238  1948  3007 I OpenGLRenderer: Initialized EGL, version 1.4
12-14 08:56:39.469  3169  3169 W linker  : [vdso]: unused DT entry: type 0x6ffffef5 arg 0x160
12-14 08:56:42.830  1948  2005 W AudioTrack: AUDIO_OUTPUT_FLAG_FAST denied by client
12-14 08:56:42.842  1687  1985 D audio_hw_primary: found out /dev/snd/pcmC0D0p
12-14 08:56:42.854  1948  3007 D OpenGLRenderer: endAllStagingAnimators on 0x7f2d2e2d7800 (RippleDrawable) with handle 0x7f2d1ec347e0
12-14 08:56:43.196  1948  2212 W ActivityManager: getRunningAppProcesses: caller 10053 does not hold REAL_GET_TASKS; limiting output
12-14 08:56:44.478  3172  3172 W linker  : [vdso]: unused DT entry: type 0x6ffffef5 arg 0x160
12-14 08:56:45.540  2947  2947 W ViewRootImpl: Cancelling event due to no window focus: KeyEvent { action=ACTION_UP, keyCode=KEYCODE_ESCAPE, scanCode=1, metaState=0, flags=0x28, repeatCount=0, eventTime=316488, downTime=316484, deviceId=9, source=0x101 }
12-14 08:56:45.540  2947  2947 W ViewRootImpl: Cancelling event due to no window focus: KeyEvent { action=ACTION_UP, keyCode=KEYCODE_ESCAPE, scanCode=1, metaState=0, flags=0x28, repeatCount=0, eventTime=316488, downTime=316484, deviceId=9, source=0x101 }
12-14 08:56:45.540  2947  2947 W ViewRootImpl: Cancelling event due to no window focus: KeyEvent { action=ACTION_UP, keyCode=KEYCODE_ESCAPE, scanCode=1, metaState=0, flags=0x28, repeatCount=0, eventTime=316488, downTime=316484, deviceId=9, source=0x101 }
12-14 08:56:45.546  2947  2947 W ViewRootImpl: Cancelling event due to no window focus: KeyEvent { action=ACTION_UP, keyCode=KEYCODE_ESCAPE, scanCode=1, metaState=0, flags=0x28, repeatCount=0, eventTime=316488, downTime=316484, deviceId=9, source=0x101 }
12-14 08:56:45.546  2947  2947 W ViewRootImpl: Cancelling event due to no window focus: KeyEvent { action=ACTION_UP, keyCode=KEYCODE_ESCAPE, scanCode=1, metaState=0, flags=0x28, repeatCount=0, eventTime=316488, downTime=316484, deviceId=9, source=0x101 }
12-14 08:56:45.546  2947  2947 W ViewRootImpl: Cancelling event due to no window focus: KeyEvent { action=ACTION_UP, keyCode=KEYCODE_ESCAPE, scanCode=1, metaState=0, flags=0x28, repeatCount=0, eventTime=316488, downTime=316484, deviceId=9, source=0x101 }
12-14 08:56:45.547  2947  2947 W ViewRootImpl: Cancelling event due to no window focus: KeyEvent { action=ACTION_UP, keyCode=KEYCODE_ESCAPE, scanCode=1, metaState=0, flags=0x28, repeatCount=0, eventTime=316488, downTime=316484, deviceId=9, source=0x101 }
12-14 08:56:45.547  2947  2947 W ViewRootImpl: Cancelling event due to no window focus: KeyEvent { action=ACTION_UP, keyCode=KEYCODE_ESCAPE, scanCode=1, metaState=0, flags=0x28, repeatCount=0, eventTime=316488, downTime=316484, deviceId=9, source=0x101 }
12-14 08:56:45.547  2947  2947 W ViewRootImpl: Cancelling event due to no window focus: KeyEvent { action=ACTION_UP, keyCode=KEYCODE_ESCAPE, scanCode=1, metaState=0, flags=0x28, repeatCount=0, eventTime=316488, downTime=316484, deviceId=9, source=0x101 }
12-14 08:56:45.623  2215  2215 D InputEventConsistencyVerifier: KeyEvent: ACTION_UP but key was not down.
12-14 08:56:45.623  2215  2215 D InputEventConsistencyVerifier:   in android.view.ViewRootImpl@19125adf
12-14 08:56:45.623  2215  2215 D InputEventConsistencyVerifier:   0: sent at 316579000000, KeyEvent { action=ACTION_UP, keyCode=KEYCODE_ESCAPE, scanCode=1, metaState=0, flags=0x8, repeatCount=0, eventTime=316579, downTime=316484, deviceId=9, source=0x101 }
12-14 08:56:45.623  2215  2215 D InputEventConsistencyVerifier:   -- recent events --
12-14 08:56:45.623  2215  2215 D InputEventConsistencyVerifier:   1: sent at 290678468000, MotionEvent { action=ACTION_HOVER_EXIT, id[0]=0, x[0]=447.53177, y[0]=116.904305, toolType[0]=TOOL_TYPE_FINGER, buttonState=0, metaState=0, flags=0x0, edgeFlags=0x0, pointerCount=1, historySize=0, eventTime=290678, downTime=280518, deviceId=8, source=0x2002 }
12-14 08:56:45.623  2215  2215 D InputEventConsistencyVerifier:   2: sent at 280665665000, MotionEvent { action=ACTION_HOVER_MOVE, id[0]=0, x[0]=447.53177, y[0]=116.904305, toolType[0]=TOOL_TYPE_FINGER, buttonState=0, metaState=0, flags=0x0, edgeFlags=0x0, pointerCount=1, historySize=0, eventTime=280665, downTime=280518, deviceId=8, source=0x2002 }
12-14 08:56:45.623  2215  2215 D InputEventConsistencyVerifier:   3: sent at 280674000000, KeyEvent { action=ACTION_UP, keyCode=KEYCODE_F1, scanCode=59, metaState=META_ALT_ON|META_ALT_LEFT_ON, flags=0x28, repeatCount=0, eventTime=280674, downTime=220095, deviceId=9, source=0x101 }
12-14 08:56:45.623  2215  2215 D InputEventConsistencyVerifier:   4: sent at 280665665000, MotionEvent { action=ACTION_HOVER_ENTER, id[0]=0, x[0]=447.53177, y[0]=116.904305, toolType[0]=TOOL_TYPE_FINGER, buttonState=0, metaState=0, flags=0x0, edgeFlags=0x0, pointerCount=1, historySize=0, eventTime=280665, downTime=280518, deviceId=8, source=0x2002 }
12-14 08:56:45.623  2215  2215 D InputEventConsistencyVerifier:   5: sent at 280665665000, MotionEvent { action=ACTION_UP, id[0]=0, x[0]=447.53177, y[0]=116.904305, toolType[0]=TOOL_TYPE_FINGER, buttonState=0, metaState=0, flags=0x0, edgeFlags=0x0, pointerCount=1, historySize=0, eventTime=280665, downTime=280518, deviceId=8, source=0x2002 }
12-14 08:56:46.546  2056  2056 W ResourceType: No package identifier when getting value for resource number 0x00000000
12-14 08:56:46.547  2056  2056 W PackageManager: Failure retrieving resources for com.antutu.ABenchMark: Resource ID #0x0
12-14 08:56:49.488  3173  3173 W linker  : [vdso]: unused DT entry: type 0x6ffffef5 arg 0x160
12-14 08:56:49.940  1679  1679 D SurfaceFlinger: Set power mode=0, type=0 flinger=0x7fb91f062000
12-14 08:56:53.198  1948  2081 W ActivityManager: getRunningAppProcesses: caller 10053 does not hold REAL_GET_TASKS; limiting output
12-14 08:56:54.496  3175  3175 W linker  : [vdso]: unused DT entry: type 0x6ffffef5 arg 0x160
12-14 08:56:59.504  3176  3176 W linker  : [vdso]: unused DT entry: type 0x6ffffef5 arg 0x160
12-14 08:57:03.200  1948  2264 W ActivityManager: getRunningAppProcesses: caller 10053 does not hold REAL_GET_TASKS; limiting output
12-14 08:57:04.512  3178  3178 W linker  : [vdso]: unused DT entry: type 0x6ffffef5 arg 0x160
12-14 08:57:04.779  3179  3179 W linker  : [vdso]: unused DT entry: type 0x6ffffef5 arg 0x160
12-14 08:57:09.520  3180  3180 W linker  : [vdso]: unused DT entry: type 0x6ffffef5 arg 0x160
12-14 08:57:13.201  1948  1964 W ActivityManager: getRunningAppProcesses: caller 10053 does not hold REAL_GET_TASKS; limiting output
12-14 08:57:14.527  3181  3181 W linker  : [vdso]: unused DT entry: type 0x6ffffef5 arg 0x160
12-14 08:57:19.534  3182  3182 W linker  : [vdso]: unused DT entry: type 0x6ffffef5 arg 0x160
12-14 08:57:23.095  1679  1679 D SurfaceFlinger: Set power mode=2, type=0 flinger=0x7fb91f062000
12-14 08:57:23.095  1679  1819 D GRALLOC-DRM: set master
12-14 08:57:23.203  1948  2231 W ActivityManager: getRunningAppProcesses: caller 10053 does not hold REAL_GET_TASKS; limiting output
12-14 08:57:24.544  3183  3183 W linker  : [vdso]: unused DT entry: type 0x6ffffef5 arg 0x160
12-14 08:57:25.770  1948  2005 W AudioTrack: AUDIO_OUTPUT_FLAG_FAST denied by client
12-14 08:57:25.781  1687  1985 D audio_hw_primary: found out /dev/snd/pcmC0D0p
12-14 08:57:27.615  1948  1964 I ActivityManager: START u0 {act=android.intent.action.MAIN cat=[android.intent.category.LAUNCHER] flg=0x10200000 cmp=com.cyanogenmod.filemanager/.activities.NavigationActivity (has extras)} from uid 10036 on display 0
12-14 08:57:27.615  1948  2005 W AudioTrack: AUDIO_OUTPUT_FLAG_FAST denied by client
12-14 08:57:27.631  3187  3187 W linker  : [vdso]: unused DT entry: type 0x6ffffef5 arg 0x160
12-14 08:57:27.634  3188  3188 W linker  : [vdso]: unused DT entry: type 0x6ffffef5 arg 0x160
12-14 08:57:27.637  3189  3189 W linker  : [vdso]: unused DT entry: type 0x6ffffef5 arg 0x160
12-14 08:57:27.639  3190  3190 W linker  : [vdso]: unused DT entry: type 0x6ffffef5 arg 0x160
12-14 08:57:27.741  3192  3192 W linker  : [vdso]: unused DT entry: type 0x6ffffef5 arg 0x160
12-14 08:57:27.745  3193  3193 W linker  : [vdso]: unused DT entry: type 0x6ffffef5 arg 0x160
12-14 08:57:27.748  3194  3194 W linker  : [vdso]: unused DT entry: type 0x6ffffef5 arg 0x160
12-14 08:57:27.768  3195  3195 W linker  : [vdso]: unused DT entry: type 0x6ffffef5 arg 0x160
12-14 08:57:27.771  3196  3196 W linker  : [vdso]: unused DT entry: type 0x6ffffef5 arg 0x160
12-14 08:57:27.772  3197  3197 W linker  : [vdso]: unused DT entry: type 0x6ffffef5 arg 0x160
12-14 08:57:29.580  3213  3213 W linker  : [vdso]: unused DT entry: type 0x6ffffef5 arg 0x160
12-14 08:57:33.203  1948  2325 W ActivityManager: getRunningAppProcesses: caller 10053 does not hold REAL_GET_TASKS; limiting output
12-14 08:57:34.603  3214  3214 W linker  : [vdso]: unused DT entry: type 0x6ffffef5 arg 0x160
12-14 08:57:34.690  1679  1679 D SurfaceFlinger: Set power mode=0, type=0 flinger=0x7fb91f062000
12-14 08:57:37.980  3230  3230 W linker  : [vdso]: unused DT entry: type 0x6ffffef5 arg 0x160
12-14 08:57:39.633  3231  3231 W linker  : [vdso]: unused DT entry: type 0x6ffffef5 arg 0x160
12-14 08:57:43.204  1948  2231 W ActivityManager: getRunningAppProcesses: caller 10053 does not hold REAL_GET_TASKS; limiting output
12-14 08:57:44.640  3243  3243 W linker  : [vdso]: unused DT entry: type 0x6ffffef5 arg 0x160
12-14 08:57:49.648  3244  3244 W linker  : [vdso]: unused DT entry: type 0x6ffffef5 arg 0x160
12-14 08:57:53.206  1948  2231 W ActivityManager: getRunningAppProcesses: caller 10053 does not hold REAL_GET_TASKS; limiting output
12-14 08:57:54.659  3245  3245 W linker  : [vdso]: unused DT entry: type 0x6ffffef5 arg 0x160
12-14 08:57:59.667  3246  3246 W linker  : [vdso]: unused DT entry: type 0x6ffffef5 arg 0x160
12-14 08:58:03.207  1948  2177 W ActivityManager: getRunningAppProcesses: caller 10053 does not hold REAL_GET_TASKS; limiting output
12-14 08:58:04.678  3247  3247 W linker  : [vdso]: unused DT entry: type 0x6ffffef5 arg 0x160
12-14 08:58:07.931  3248  3248 W linker  : [vdso]: unused DT entry: type 0x6ffffef5 arg 0x160
12-14 08:58:09.686  3249  3249 W linker  : [vdso]: unused DT entry: type 0x6ffffef5 arg 0x160
12-14 08:58:13.208  1948  2325 W ActivityManager: getRunningAppProcesses: caller 10053 does not hold REAL_GET_TASKS; limiting output
12-14 08:58:14.697  3250  3250 W linker  : [vdso]: unused DT entry: type 0x6ffffef5 arg 0x160
12-14 08:58:15.789  3252  3252 W linker  : [vdso]: unused DT entry: type 0x6ffffef5 arg 0x160
12-14 08:58:19.705  3255  3255 W linker  : [vdso]: unused DT entry: type 0x6ffffef5 arg 0x160
12-14 08:58:23.209  1948  2231 W ActivityManager: getRunningAppProcesses: caller 10053 does not hold REAL_GET_TASKS; limiting output
12-14 08:58:23.850  3257  3257 W linker  : [vdso]: unused DT entry: type 0x6ffffef5 arg 0x160
12-14 08:58:24.710  3258  3258 W linker  : [vdso]: unused DT entry: type 0x6ffffef5 arg 0x160
12-14 08:58:29.718  3259  3259 W linker  : [vdso]: unused DT entry: type 0x6ffffef5 arg 0x160
12-14 08:58:33.212  1948  2264 W ActivityManager: getRunningAppProcesses: caller 10053 does not hold REAL_GET_TASKS; limiting output
12-14 08:58:34.726  3260  3260 W linker  : [vdso]: unused DT entry: type 0x6ffffef5 arg 0x160
12-14 08:58:38.411  3261  3261 W linker  : [vdso]: unused DT entry: type 0x6ffffef5 arg 0x160
12-14 08:58:39.737  3262  3262 W linker  : [vdso]: unused DT entry: type 0x6ffffef5 arg 0x160
12-14 08:58:42.615  1678  1707 D DirectVolume: Volume usb0 /mnt/media_rw/usb0 partition 8:17 removed
12-14 08:58:42.615  1678  1707 D Vold    : Volume usb0 state changing 4 (Mounted) -> 5 (Unmounting)
12-14 08:58:42.616  1948  1971 D MountService: volume state changed for /storage/usb0 (mounted -> unmounted)
12-14 08:58:42.616  1948  1971 D MountService: sendStorageIntent Intent { act=android.intent.action.MEDIA_UNMOUNTED dat=file:///storage/usb0 flg=0x4000000 (has extras) } to UserHandle{-1}
12-14 08:58:42.617  1948  1971 D MountService: volume state changed for /storage/usb0 (unmounted -> bad_removal)
12-14 08:58:42.617  1948  1971 D MountService: sendStorageIntent Intent { act=android.intent.action.MEDIA_BAD_REMOVAL dat=file:///storage/usb0 flg=0x4000000 (has extras) } to UserHandle{-1}
12-14 08:58:42.618  1948  1971 D MountService: sendStorageIntent Intent { act=android.intent.action.MEDIA_EJECT dat=file:///storage/usb0 flg=0x4000000 (has extras) } to UserHandle{-1}
12-14 08:58:42.618  2869  2869 D ExternalStorage: After updating volumes, found 1 active roots
12-14 08:58:42.619  2355  2355 D MediaProvider: deleting all entries for storage StorageVolume:
12-14 08:58:42.619  2355  2355 D MediaProvider:     mStorageId=196609 mPath=/storage/usb0 mDescriptionId=17040807 
12-14 08:58:42.619  2355  2355 D MediaProvider:     mPrimary=false mRemovable=true mEmulated=false mMtpReserveSpace=0 
12-14 08:58:42.619  2355  2355 D MediaProvider:     mAllowMassStorage=false mMaxFileSize=4294967296 mOwner=null 
12-14 08:58:42.619  2355  2355 D MediaProvider:     mUuid=F982-F6C8 mUserLabel=Android-x86 mState=bad_removal 
12-14 08:58:42.620  1948  1948 I ValidateNoPeople: skipping global notification
12-14 08:58:42.620  3263  3263 W linker  : [vdso]: unused DT entry: type 0x6ffffef5 arg 0x160
12-14 08:58:42.625  3264  3264 W linker  : [vdso]: unused DT entry: type 0x6ffffef5 arg 0x160
12-14 08:58:42.627  3265  3265 W linker  : [vdso]: unused DT entry: type 0x6ffffef5 arg 0x160
12-14 08:58:42.630  2776  2818 W NavigationActivity: Ignoring '/storage/sdcard1' with state of 'unmounted'
12-14 08:58:42.630  2776  2818 W NavigationActivity: Ignoring '/storage/usb0' with state of 'bad_removal'
12-14 08:58:42.630  2776  2818 W NavigationActivity: Ignoring '/storage/usb1' with state of 'removed'
12-14 08:58:42.630  2776  2818 W NavigationActivity: Ignoring '/storage/usb2' with state of 'removed'
12-14 08:58:42.630  2776  2818 W NavigationActivity: Ignoring '/storage/usb3' with state of 'removed'
12-14 08:58:42.651  2355  2355 D MediaScannerReceiver: action: android.intent.action.MEDIA_UNMOUNTED path: /storage/usb0
12-14 08:58:43.214  1948  2231 W ActivityManager: getRunningAppProcesses: caller 10053 does not hold REAL_GET_TASKS; limiting output
12-14 08:58:44.620  1678  1707 I Vold    : /mnt/secure/asec sucessfully unmounted
12-14 08:58:44.623  3266  3266 W linker  : [vdso]: unused DT entry: type 0x6ffffef5 arg 0x160
12-14 08:58:44.626  1678  1707 I Vold    : /storage/usb0 sucessfully unmounted
12-14 08:58:44.634  1678  1707 I Vold    : /mnt/media_rw/usb0 sucessfully unmounted
12-14 08:58:44.634  1678  1707 I Vold    : /mnt/media_rw/usb0 unmounted successfully
12-14 08:58:44.634  1678  1707 D Vold    : Volume usb0 state changing 5 (Unmounting) -> 1 (Idle-Unmounted)
12-14 08:58:44.634  1678  1707 D DirectVolume: Crisis averted
12-14 08:58:44.634  1678  1707 D DirectVolume: Volume usb0 /mnt/media_rw/usb0 disk 8:16 removed
12-14 08:58:44.634  1678  1707 D Vold    : Volume usb0 state changing 1 (Idle-Unmounted) -> 0 (No-Media)
12-14 08:58:49.637  3267  3267 W linker  : [vdso]: unused DT entry: type 0x6ffffef5 arg 0x160
12-14 08:58:53.215  1948  2177 W ActivityManager: getRunningAppProcesses: caller 10053 does not hold REAL_GET_TASKS; limiting output
12-14 08:58:54.645  3268  3268 W linker  : [vdso]: unused DT entry: type 0x6ffffef5 arg 0x160
12-14 08:58:59.656  3269  3269 W linker  : [vdso]: unused DT entry: type 0x6ffffef5 arg 0x160
12-14 08:59:03.217  1948  2326 W ActivityManager: getRunningAppProcesses: caller 10053 does not hold REAL_GET_TASKS; limiting output
12-14 08:59:04.665  3270  3270 W linker  : [vdso]: unused DT entry: type 0x6ffffef5 arg 0x160
12-14 08:59:09.673  3271  3271 W linker  : [vdso]: unused DT entry: type 0x6ffffef5 arg 0x160
