--------- beginning of main
12-14 04:21:54.192  1655  1655 I lowmemorykiller: Using in-kernel low memory killer interface
12-14 04:21:54.198  1663  1663 E ProbeModule: insmod_by_dep: cannot load module: [net-pf-16-proto-9]
--------- beginning of system
12-14 04:21:54.206  1657  1657 I Vold    : Vold 2.1 (the revenge) firing up
12-14 04:21:54.206  1657  1657 E DirectVolume: Vold managed volumes must have auto mount point; ignoring /storage/usb0
12-14 04:21:54.206  1657  1657 D Vold    : Volume usb0 state changing -1 (Initializing) -> 0 (No-Media)
12-14 04:21:54.206  1657  1657 E DirectVolume: Vold managed volumes must have auto mount point; ignoring /storage/usb1
12-14 04:21:54.206  1657  1657 D Vold    : Volume usb1 state changing -1 (Initializing) -> 0 (No-Media)
12-14 04:21:54.206  1657  1657 E DirectVolume: Vold managed volumes must have auto mount point; ignoring /storage/usb2
12-14 04:21:54.206  1669  1669 I         : debuggerd: Oct  6 2015 23:16:39
12-14 04:21:54.206  1657  1657 D Vold    : Volume usb2 state changing -1 (Initializing) -> 0 (No-Media)
12-14 04:21:54.206  1657  1657 E DirectVolume: Vold managed volumes must have auto mount point; ignoring /storage/usb3
12-14 04:21:54.206  1657  1657 D Vold    : Volume usb3 state changing -1 (Initializing) -> 0 (No-Media)
12-14 04:21:54.208  1666  1666 I Netd    : Netd 1.0 starting
12-14 04:21:54.208  1673  1673 I installd: installd firing up
12-14 04:21:54.212  1666  1666 E Netd    : Failed to open /proc/sys/net/ipv6/conf/default/accept_ra_rt_table: No such file or directory
12-14 04:21:54.212  1666  1666 E Netd    : Failed to open /proc/sys/net/ipv6/conf/eth0/accept_ra_rt_table: No such file or directory
12-14 04:21:54.212  1666  1666 E Netd    : Failed to open /proc/sys/net/ipv6/conf/ip6tnl0/accept_ra_rt_table: No such file or directory
12-14 04:21:54.212  1666  1666 E Netd    : Failed to open /proc/sys/net/ipv6/conf/lo/accept_ra_rt_table: No such file or directory
12-14 04:21:54.212  1666  1666 E Netd    : Failed to open /proc/sys/net/ipv6/conf/sit0/accept_ra_rt_table: No such file or directory
12-14 04:21:54.212  1666  1666 E Netd    : Failed to open /proc/sys/net/ipv6/conf/wlan0/accept_ra_rt_table: No such file or directory
12-14 04:21:54.214  1681  1681 I powerbtn: open event2(Power Button) ok
12-14 04:21:54.215  1658  1658 I SurfaceFlinger: SurfaceFlinger is starting
12-14 04:21:54.215  1658  1658 I SurfaceFlinger: SurfaceFlinger's main thread ready to run. Initializing graphics H/W...
12-14 04:21:54.225  1674  1674 I keystore: SELinux: Keystore SELinux is disabled.
12-14 04:21:54.233  1658  1658 D libEGL  : loaded /system/lib64/egl/libGLES_mesa.so
12-14 04:21:54.247  1658  1658 I GRALLOC-DRM: create intel for driver i915
12-14 04:21:54.248  1667  1667 I         : debuggerd: Oct  6 2015 23:16:39
12-14 04:21:54.258  1658  1658 I EGL-DRI2: DRI2: found extension DRI_Core version 1
12-14 04:21:54.258  1658  1658 I EGL-DRI2: DRI2: found extension DRI_DRI2 version 4
12-14 04:21:54.272  1658  1658 I EGL-DRI2: DRI2: found extension DRI_TexBuffer version 3
12-14 04:21:54.272  1658  1658 I EGL-DRI2: DRI2: found extension DRI2_Flush version 4
12-14 04:21:54.272  1658  1658 I EGL-DRI2: DRI2: found extension DRI_IMAGE version 11
12-14 04:21:54.273  1658  1658 D GRALLOC-KMS: supported drm planes and formats
12-14 04:21:54.273  1658  1658 D GRALLOC-KMS: plane id 21
12-14 04:21:54.273  1658  1658 D GRALLOC-KMS:     format XB24
12-14 04:21:54.273  1658  1658 D GRALLOC-KMS:     format XR24
12-14 04:21:54.273  1658  1658 D GRALLOC-KMS:     format YUYV
12-14 04:21:54.273  1658  1658 D GRALLOC-KMS:     format YVYU
12-14 04:21:54.273  1658  1658 D GRALLOC-KMS:     format UYVY
12-14 04:21:54.273  1658  1658 D GRALLOC-KMS:     format VYUY
12-14 04:21:54.273  1658  1658 D GRALLOC-KMS: plane id 25
12-14 04:21:54.273  1658  1658 D GRALLOC-KMS:     format XB24
12-14 04:21:54.273  1658  1658 D GRALLOC-KMS:     format XR24
12-14 04:21:54.273  1658  1658 D GRALLOC-KMS:     format YUYV
12-14 04:21:54.273  1658  1658 D GRALLOC-KMS:     format YVYU
12-14 04:21:54.273  1658  1658 D GRALLOC-KMS:     format UYVY
12-14 04:21:54.273  1658  1658 D GRALLOC-KMS:     format VYUY
12-14 04:21:54.273  1658  1658 D GRALLOC-KMS: plane id 29
12-14 04:21:54.273  1658  1658 D GRALLOC-KMS:     format XB24
12-14 04:21:54.273  1658  1658 D GRALLOC-KMS:     format XR24
12-14 04:21:54.273  1658  1658 D GRALLOC-KMS:     format YUYV
12-14 04:21:54.273  1658  1658 D GRALLOC-KMS:     format YVYU
12-14 04:21:54.273  1658  1658 D GRALLOC-KMS:     format UYVY
12-14 04:21:54.273  1658  1658 D GRALLOC-KMS:     format VYUY
12-14 04:21:54.273  1658  1658 I GRALLOC-KMS: there are 2 modes on connector 0x1e, type 7
12-14 04:21:54.273  1658  1658 I GRALLOC-KMS:   1600x900
12-14 04:21:54.273  1658  1658 I GRALLOC-KMS:   1600x900
12-14 04:21:54.273  1658  1658 I GRALLOC-KMS: Established mode:
12-14 04:21:54.273  1658  1658 I GRALLOC-KMS: clock: 110000, hdisplay: 1600, hsync_start: 1664, hsync_end: 1706, htotal: 2010, hskew: 0
12-14 04:21:54.273  1658  1658 I GRALLOC-KMS: vdisplay: 900, vsync_start: 903, vsync_end: 906, vtotal: 912, vscan: 0, vrefresh: 60
12-14 04:21:54.273  1658  1658 I GRALLOC-KMS: flags: 10, type: 72, name 1600x900
12-14 04:21:54.273  1658  1658 I GRALLOC-KMS: the best mode is 1600x900
12-14 04:21:54.282  1658  1658 D GRALLOC-KMS: will use flip for fb posting
12-14 04:21:54.282  1658  1658 I GRALLOC-MOD: mode.hdisplay 1600
12-14 04:21:54.282  1658  1658 I GRALLOC-MOD: mode.vdisplay 900
12-14 04:21:54.282  1658  1658 I GRALLOC-MOD: mode.vrefresh 60.000000
12-14 04:21:54.282  1658  1658 I GRALLOC-MOD: format 0x5
12-14 04:21:54.282  1658  1658 I GRALLOC-MOD: xdpi 131.000000
12-14 04:21:54.282  1658  1658 I GRALLOC-MOD: ydpi 134.000000
12-14 04:21:54.282  1658  1658 I GRALLOC-MOD: mode.hdisplay 1600
12-14 04:21:54.282  1658  1658 I GRALLOC-MOD: mode.vdisplay 900
12-14 04:21:54.282  1658  1658 I GRALLOC-MOD: mode.vrefresh 60.000000
12-14 04:21:54.282  1658  1658 I GRALLOC-MOD: format 0x5
12-14 04:21:54.282  1658  1658 I GRALLOC-MOD: xdpi 131.000000
12-14 04:21:54.282  1658  1658 I GRALLOC-MOD: ydpi 134.000000
12-14 04:21:54.282  1658  1658 W hwcomposer: getting VSYNC period from fb HAL: 16666667
12-14 04:21:54.282  1658  1658 D hwcomposer: Intel hwcomposer module
12-14 04:21:54.282  1658  1658 I SurfaceFlinger: Using composer version 1.0
12-14 04:21:54.282  1658  1658 W SurfaceFlinger: no suitable EGLConfig found, trying a simpler query
12-14 04:21:54.282  1658  1658 I SurfaceFlinger: EGL information:
12-14 04:21:54.282  1658  1658 I SurfaceFlinger: vendor    : Android
12-14 04:21:54.282  1658  1658 I SurfaceFlinger: version   : 1.4 Android META-EGL
12-14 04:21:54.282  1658  1658 I SurfaceFlinger: extensions: EGL_KHR_get_all_proc_addresses EGL_ANDROID_presentation_time EGL_KHR_image_base EGL_KHR_gl_texture_2D_image EGL_KHR_gl_texture_cubemap_image EGL_KHR_gl_renderbuffer_image EGL_KHR_fence_sync EGL_KHR_create_context EGL_EXT_create_context_robustness EGL_ANDROID_image_native_buffer EGL_KHR_wait_sync 
12-14 04:21:54.282  1658  1658 I SurfaceFlinger: Client API: OpenGL_ES
12-14 04:21:54.282  1658  1658 I SurfaceFlinger: EGLSurface: 8-8-8-8, config=0x7f892b17a040
12-14 04:21:54.320  1658  1658 I SurfaceFlinger: OpenGL ES informations:
12-14 04:21:54.320  1658  1658 I SurfaceFlinger: vendor    : Intel Open Source Technology Center
12-14 04:21:54.320  1658  1658 I SurfaceFlinger: renderer  : Mesa DRI Intel(R) Ivybridge Mobile 
12-14 04:21:54.320  1658  1658 I SurfaceFlinger: version   : OpenGL ES 3.0 Mesa 11.0.2 (git-68868dc)
12-14 04:21:54.320  1658  1658 I SurfaceFlinger: extensions: GL_EXT_blend_minmax GL_EXT_multi_draw_arrays GL_EXT_texture_filter_anisotropic GL_EXT_texture_compression_dxt1 GL_EXT_texture_format_BGRA8888 GL_OES_compressed_ETC1_RGB8_texture GL_OES_depth24 GL_OES_element_index_uint GL_OES_fbo_render_mipmap GL_OES_mapbuffer GL_OES_rgb8_rgba8 GL_OES_standard_derivatives GL_OES_stencil8 GL_OES_texture_3D GL_OES_texture_float GL_OES_texture_float_linear GL_OES_texture_half_float GL_OES_texture_half_float_linear GL_OES_texture_npot GL_OES_EGL_image GL_OES_depth_texture GL_OES_packed_depth_stencil GL_EXT_texture_type_2_10_10_10_REV GL_OES_get_program_binary GL_APPLE_texture_max_level GL_EXT_discard_framebuffer GL_EXT_read_format_bgra GL_NV_fbo_color_attachments GL_OES_EGL_image_external GL_OES_EGL_sync GL_OES_vertex_array_object GL_ANGLE_texture_compression_dxt3 GL_ANGLE_texture_compression_dxt5 GL_EXT_texture_rg GL_EXT_unpack_subimage GL_NV_draw_buffers GL_NV_read_buffer GL_NV_read_depth GL_NV_read_depth_stencil GL_NV_read_stencil GL_EXT_draw_buffers GL_EXT_map_bu
12-14 04:21:54.320  1658  1658 I SurfaceFlinger: GL_MAX_TEXTURE_SIZE = 8192
12-14 04:21:54.320  1658  1658 I SurfaceFlinger: GL_MAX_VIEWPORT_DIMS = 16384
12-14 04:21:54.321  1658  1658 D SurfaceFlinger: Open /dev/tty0 OK
12-14 04:21:54.324  1672  1672 I mediaserver: ServiceManager: 0xf58356a0
12-14 04:21:54.324  1672  1672 I AudioFlinger: Using default 3000 mSec as standby time.
12-14 04:21:54.324  1672  1672 I ServiceManager: Waiting for service batterystats...
12-14 04:21:54.324  1658  1658 D SurfaceFlinger: Set power mode=2, type=0 flinger=0x7f892b062000
12-14 04:21:54.375  1658  1690 I SurfaceFlinger: auto set density to 160
12-14 04:21:54.390  1658  1658 D SurfaceFlinger: shader cache generated - 24 shaders in 51.140888 ms
12-14 04:21:54.392  1678  1678 D AndroidRuntime: >>>>>> START com.android.internal.os.ZygoteInit uid 0 <<<<<<
12-14 04:21:54.400  1680  1680 D AndroidRuntime: >>>>>> START com.android.internal.os.ZygoteInit uid 0 <<<<<<
12-14 04:21:54.401  1678  1678 D AndroidRuntime: CheckJNI is OFF
12-14 04:21:54.405  1678  1678 I art     : option[0]=-Xzygote
12-14 04:21:54.405  1678  1678 I art     : option[1]=-Xstacktracefile:/data/anr/traces.txt
12-14 04:21:54.405  1678  1678 I art     : option[2]=exit
12-14 04:21:54.405  1678  1678 I art     : option[3]=vfprintf
12-14 04:21:54.405  1678  1678 I art     : option[4]=sensitiveThread
12-14 04:21:54.405  1678  1678 I art     : option[5]=-verbose:gc
12-14 04:21:54.405  1678  1678 I art     : option[6]=-Xms16m
12-14 04:21:54.405  1678  1678 I art     : option[7]=-Xmx512m
12-14 04:21:54.405  1678  1678 I art     : option[8]=-XX:mainThreadStackSize=24K
12-14 04:21:54.405  1678  1678 I art     : option[9]=-XX:HeapGrowthLimit=192m
12-14 04:21:54.405  1678  1678 I art     : option[10]=-XX:HeapMinFree=512k
12-14 04:21:54.405  1678  1678 I art     : option[11]=-XX:HeapMaxFree=8m
12-14 04:21:54.405  1678  1678 I art     : option[12]=-XX:HeapTargetUtilization=0.75
12-14 04:21:54.405  1678  1678 I art     : option[13]=-Xgenregmap
12-14 04:21:54.405  1678  1678 I art     : option[14]=-Xgc:precise
12-14 04:21:54.405  1678  1678 I art     : option[15]=-agentlib:jdwp=transport=dt_android_adb,suspend=n,server=y
12-14 04:21:54.405  1678  1678 I art     : option[16]=-Xlockprofthreshold:500
12-14 04:21:54.405  1678  1678 I art     : option[17]=-Ximage-compiler-option
12-14 04:21:54.405  1678  1678 I art     : option[18]=--runtime-arg
12-14 04:21:54.405  1678  1678 I art     : option[19]=-Ximage-compiler-option
12-14 04:21:54.405  1678  1678 I art     : option[20]=-Xms64m
12-14 04:21:54.405  1678  1678 I art     : option[21]=-Ximage-compiler-option
12-14 04:21:54.405  1678  1678 I art     : option[22]=--runtime-arg
12-14 04:21:54.405  1678  1678 I art     : option[23]=-Ximage-compiler-option
12-14 04:21:54.405  1678  1678 I art     : option[24]=-Xmx64m
12-14 04:21:54.405  1678  1678 I art     : option[25]=-Ximage-compiler-option
12-14 04:21:54.405  1678  1678 I art     : option[26]=--image-classes=/system/etc/preloaded-classes
12-14 04:21:54.405  1678  1678 I art     : option[27]=-Xcompiler-option
12-14 04:21:54.405  1678  1678 I art     : option[28]=--runtime-arg
12-14 04:21:54.405  1678  1678 I art     : option[29]=-Xcompiler-option
12-14 04:21:54.405  1678  1678 I art     : option[30]=-Xms64m
12-14 04:21:54.405  1678  1678 I art     : option[31]=-Xcompiler-option
12-14 04:21:54.405  1678  1678 I art     : option[32]=--runtime-arg
12-14 04:21:54.405  1678  1678 I art     : option[33]=-Xcompiler-option
12-14 04:21:54.405  1678  1678 I art     : option[34]=-Xmx512m
12-14 04:21:54.405  1678  1678 I art     : option[35]=-Duser.language=en
12-14 04:21:54.405  1678  1678 I art     : option[36]=-Duser.region=US
12-14 04:21:54.405  1678  1678 I art     : option[37]=-XX:NativeBridge=libnb.so
12-14 04:21:54.411  1680  1680 D AndroidRuntime: CheckJNI is OFF
12-14 04:21:54.411  1791  1807 D libEGL  : loaded /system/lib64/egl/libGLES_mesa.so
12-14 04:21:54.416  1666  1666 V NatController: runCmd(/system/bin/iptables -F natctrl_FORWARD) res=0
12-14 04:21:54.417  1666  1666 V NatController: runCmd(/system/bin/iptables -A natctrl_FORWARD -j DROP) res=0
12-14 04:21:54.418  1666  1666 V NatController: runCmd(/system/bin/iptables -t nat -F natctrl_nat_POSTROUTING) res=0
12-14 04:21:54.418  1666  1666 V NatController: runCmd(/system/bin/iptables -F natctrl_tether_counters) res=1
12-14 04:21:54.419  1666  1666 V NatController: runCmd(/system/bin/iptables -X natctrl_tether_counters) res=1
12-14 04:21:54.420  1680  1680 I art     : option[0]=-Xzygote
12-14 04:21:54.420  1680  1680 I art     : option[1]=-Xstacktracefile:/data/anr/traces.txt
12-14 04:21:54.420  1680  1680 I art     : option[2]=exit
12-14 04:21:54.420  1680  1680 I art     : option[3]=vfprintf
12-14 04:21:54.420  1680  1680 I art     : option[4]=sensitiveThread
12-14 04:21:54.420  1680  1680 I art     : option[5]=-verbose:gc
12-14 04:21:54.420  1680  1680 I art     : option[6]=-Xms16m
12-14 04:21:54.420  1680  1680 I art     : option[7]=-Xmx512m
12-14 04:21:54.420  1680  1680 I art     : option[8]=-XX:mainThreadStackSize=24K
12-14 04:21:54.420  1680  1680 I art     : option[9]=-XX:HeapGrowthLimit=192m
12-14 04:21:54.420  1680  1680 I art     : option[10]=-XX:HeapMinFree=512k
12-14 04:21:54.420  1680  1680 I art     : option[11]=-XX:HeapMaxFree=8m
12-14 04:21:54.420  1680  1680 I art     : option[12]=-XX:HeapTargetUtilization=0.75
12-14 04:21:54.420  1680  1680 I art     : option[13]=-Xgenregmap
12-14 04:21:54.420  1680  1680 I art     : option[14]=-Xgc:precise
12-14 04:21:54.420  1680  1680 I art     : option[15]=-agentlib:jdwp=transport=dt_android_adb,suspend=n,server=y
12-14 04:21:54.420  1680  1680 I art     : option[16]=-Xlockprofthreshold:500
12-14 04:21:54.420  1680  1680 I art     : option[17]=-Ximage-compiler-option
12-14 04:21:54.420  1680  1680 I art     : option[18]=--runtime-arg
12-14 04:21:54.420  1680  1680 I art     : option[19]=-Ximage-compiler-option
12-14 04:21:54.420  1680  1680 I art     : option[20]=-Xms64m
12-14 04:21:54.420  1680  1680 I art     : option[21]=-Ximage-compiler-option
12-14 04:21:54.420  1680  1680 I art     : option[22]=--runtime-arg
12-14 04:21:54.420  1680  1680 I art     : option[23]=-Ximage-compiler-option
12-14 04:21:54.420  1680  1680 I art     : option[24]=-Xmx64m
12-14 04:21:54.420  1680  1680 I art     : option[25]=-Ximage-compiler-option
12-14 04:21:54.420  1680  1680 I art     : option[26]=--image-classes=/system/etc/preloaded-classes
12-14 04:21:54.420  1680  1680 I art     : option[27]=-Xcompiler-option
12-14 04:21:54.420  1680  1680 I art     : option[28]=--runtime-arg
12-14 04:21:54.420  1680  1680 I art     : option[29]=-Xcompiler-option
12-14 04:21:54.420  1680  1680 I art     : option[30]=-Xms64m
12-14 04:21:54.420  1680  1680 I art     : option[31]=-Xcompiler-option
12-14 04:21:54.420  1680  1680 I art     : option[32]=--runtime-arg
12-14 04:21:54.420  1680  1680 I art     : option[33]=-Xcompiler-option
12-14 04:21:54.420  1680  1680 I art     : option[34]=-Xmx512m
12-14 04:21:54.420  1680  1680 I art     : option[35]=-Duser.language=en
12-14 04:21:54.420  1680  1680 I art     : option[36]=-Duser.region=US
12-14 04:21:54.420  1680  1680 I art     : option[37]=-XX:NativeBridge=libnb.so
12-14 04:21:54.420  1666  1666 V NatController: runCmd(/system/bin/iptables -N natctrl_tether_counters) res=0
12-14 04:21:54.421  1666  1666 V NatController: runCmd(/system/bin/iptables -t mangle -A natctrl_mangle_FORWARD -p tcp --tcp-flags SYN SYN -j TCPMSS --clamp-mss-to-pmtu) res=0
12-14 04:21:54.422  1791  1807 I GRALLOC-DRM: create intel for driver i915
12-14 04:21:54.422  1791  1807 I EGL-DRI2: DRI2: found extension DRI_Core version 1
12-14 04:21:54.422  1791  1807 I EGL-DRI2: DRI2: found extension DRI_DRI2 version 4
12-14 04:21:54.429  1791  1807 I EGL-DRI2: DRI2: found extension DRI_TexBuffer version 3
12-14 04:21:54.429  1791  1807 I EGL-DRI2: DRI2: found extension DRI2_Flush version 4
12-14 04:21:54.429  1791  1807 I EGL-DRI2: DRI2: found extension DRI_IMAGE version 11
12-14 04:21:54.476  1666  1666 I iptables: iptables: Invalid argument. Run `dmesg' for more information.
12-14 04:21:54.476  1666  1666 I iptables: iptables terminated by exit(1)
12-14 04:21:54.476  1666  1666 E BandwidthController: runIptablesCmd(): res=1 status=256 failed /system/bin/iptables -A bw_INPUT -m owner --socket-exists
12-14 04:21:54.477  1666  1666 I ip6tables: ip6tables: Invalid argument. Run `dmesg' for more information.
12-14 04:21:54.477  1666  1666 I ip6tables: ip6tables terminated by exit(1)
12-14 04:21:54.477  1666  1666 E BandwidthController: runIptablesCmd(): res=1 status=256 failed /system/bin/ip6tables -A bw_INPUT -m owner --socket-exists
12-14 04:21:54.588  1919  1919 E ProbeModule: insmod_by_dep: cannot load module: [net-pf-16-proto-5]
12-14 04:21:54.588  1666  1666 E Netd    : Unable to create netlink socket: Protocol not supported
12-14 04:21:54.588  1666  1666 E Netd    : Unable to open quota2 logging socket
12-14 04:21:54.588  1666  1666 D MDnsDS  : MDnsSdListener::Hander starting up
12-14 04:21:54.588  1666  1921 D MDnsDS  : MDnsSdListener starting to monitor
12-14 04:21:54.588  1666  1921 D MDnsDS  : Going to poll with pollCount 1
12-14 04:21:54.624  1680  1680 E memtrack: Couldn't load memtrack module (No such file or directory)
12-14 04:21:54.624  1680  1680 E android.os.Debug: failed to load memtrack module: -2
12-14 04:21:54.625  1678  1678 E memtrack: Couldn't load memtrack module (No such file or directory)
12-14 04:21:54.625  1678  1678 E android.os.Debug: failed to load memtrack module: -2
12-14 04:21:54.632  1680  1680 I SamplingProfilerIntegration: Profiling disabled.
12-14 04:21:54.632  1678  1678 I SamplingProfilerIntegration: Profiling disabled.
12-14 04:21:54.632  1680  1680 D Zygote  : begin preload
12-14 04:21:54.633  1678  1678 D Zygote  : begin preload
12-14 04:21:54.634  1680  1680 I Zygote  : Preloading classes...
12-14 04:21:54.634  1678  1678 I Zygote  : Preloading classes...
12-14 04:21:54.639  1680  1680 I art     : Explicit concurrent mark sweep GC freed 797(36KB) AllocSpace objects, 0(0B) LOS objects, 95% free, 44KB/1068KB, paused 34us total 4.488ms
12-14 04:21:54.640  1678  1678 I art     : Explicit concurrent mark sweep GC freed 797(36KB) AllocSpace objects, 0(0B) LOS objects, 95% free, 47KB/1071KB, paused 34us total 5.035ms
12-14 04:21:54.642  1680  1680 I art     : Counter: 1
12-14 04:21:54.642  1678  1678 I art     : Counter: 1
12-14 04:21:54.647  1680  1680 I art     : Explicit concurrent mark sweep GC freed 559(34KB) AllocSpace objects, 0(0B) LOS objects, 94% free, 64KB/1088KB, paused 52us total 1.527ms
12-14 04:21:54.648  1678  1678 I art     : Explicit concurrent mark sweep GC freed 553(33KB) AllocSpace objects, 0(0B) LOS objects, 93% free, 67KB/1091KB, paused 19us total 1.263ms
12-14 04:21:54.660  1680  1680 I art     : Explicit concurrent mark sweep GC freed 650(41KB) AllocSpace objects, 0(0B) LOS objects, 93% free, 72KB/1096KB, paused 33us total 1.529ms
12-14 04:21:54.660  1678  1678 I art     : Explicit concurrent mark sweep GC freed 645(41KB) AllocSpace objects, 0(0B) LOS objects, 93% free, 75KB/1099KB, paused 20us total 1.209ms
12-14 04:21:54.692  1678  1678 I art     : Explicit concurrent mark sweep GC freed 392(23KB) AllocSpace objects, 0(0B) LOS objects, 90% free, 106KB/1130KB, paused 20us total 968us
12-14 04:21:54.693  1680  1680 I art     : Explicit concurrent mark sweep GC freed 381(22KB) AllocSpace objects, 0(0B) LOS objects, 90% free, 102KB/1126KB, paused 33us total 1.358ms
12-14 04:21:54.719  1678  1678 E Minikin : addFont failed to create font /system/fonts/NotoSansGujarati-Regular.ttf
12-14 04:21:54.719  1680  1680 E Minikin : addFont failed to create font /system/fonts/NotoSansGujarati-Regular.ttf
12-14 04:21:54.719  1678  1678 E Minikin : addFont failed to create font /system/fonts/NotoSansGujarati-Bold.ttf
12-14 04:21:54.719  1680  1680 E Minikin : addFont failed to create font /system/fonts/NotoSansGujarati-Bold.ttf
12-14 04:21:54.719  1680  1680 E Minikin : addFont failed to create font /system/fonts/NotoSansGujaratiUI-Regular.ttf
12-14 04:21:54.719  1678  1678 E Minikin : addFont failed to create font /system/fonts/NotoSansGujaratiUI-Regular.ttf
12-14 04:21:54.719  1678  1678 E Minikin : addFont failed to create font /system/fonts/NotoSansGujaratiUI-Bold.ttf
12-14 04:21:54.720  1680  1680 E Minikin : addFont failed to create font /system/fonts/NotoSansGujaratiUI-Bold.ttf
12-14 04:21:54.720  1678  1678 E Minikin : addFont failed to create font /system/fonts/NotoSansGurmukhi-Regular.ttf
12-14 04:21:54.720  1678  1678 E Minikin : addFont failed to create font /system/fonts/NotoSansGurmukhi-Bold.ttf
12-14 04:21:54.720  1680  1680 E Minikin : addFont failed to create font /system/fonts/NotoSansGurmukhi-Regular.ttf
12-14 04:21:54.720  1678  1678 E Minikin : addFont failed to create font /system/fonts/NotoSansGurmukhiUI-Regular.ttf
12-14 04:21:54.720  1680  1680 E Minikin : addFont failed to create font /system/fonts/NotoSansGurmukhi-Bold.ttf
12-14 04:21:54.720  1678  1678 E Minikin : addFont failed to create font /system/fonts/NotoSansGurmukhiUI-Bold.ttf
12-14 04:21:54.720  1680  1680 E Minikin : addFont failed to create font /system/fonts/NotoSansGurmukhiUI-Regular.ttf
12-14 04:21:54.720  1680  1680 E Minikin : addFont failed to create font /system/fonts/NotoSansGurmukhiUI-Bold.ttf
12-14 04:21:54.729  1678  1678 E Minikin : addFont failed to create font /system/fonts/NotoSansSinhala-Regular.ttf
12-14 04:21:54.729  1680  1680 E Minikin : addFont failed to create font /system/fonts/NotoSansSinhala-Regular.ttf
12-14 04:21:54.729  1678  1678 E Minikin : addFont failed to create font /system/fonts/NotoSansSinhala-Bold.ttf
12-14 04:21:54.729  1680  1680 E Minikin : addFont failed to create font /system/fonts/NotoSansSinhala-Bold.ttf
12-14 04:21:54.733  1678  1678 E Minikin : addFont failed to create font /system/fonts/NotoSansThaana-Regular.ttf
12-14 04:21:54.733  1680  1680 E Minikin : addFont failed to create font /system/fonts/NotoSansThaana-Regular.ttf
12-14 04:21:54.733  1680  1680 E Minikin : addFont failed to create font /system/fonts/NotoSansThaana-Bold.ttf
12-14 04:21:54.733  1678  1678 E Minikin : addFont failed to create font /system/fonts/NotoSansThaana-Bold.ttf
12-14 04:21:54.733  1678  1678 E Minikin : addFont failed to create font /system/fonts/NotoSansCham-Regular.ttf
12-14 04:21:54.733  1680  1680 E Minikin : addFont failed to create font /system/fonts/NotoSansCham-Regular.ttf
12-14 04:21:54.733  1678  1678 E Minikin : addFont failed to create font /system/fonts/NotoSansCham-Bold.ttf
12-14 04:21:54.733  1680  1680 E Minikin : addFont failed to create font /system/fonts/NotoSansCham-Bold.ttf
12-14 04:21:54.733  1678  1678 E Minikin : addFont failed to create font /system/fonts/NotoSansBalinese-Regular.ttf
12-14 04:21:54.733  1680  1680 E Minikin : addFont failed to create font /system/fonts/NotoSansBalinese-Regular.ttf
12-14 04:21:54.733  1678  1678 E Minikin : addFont failed to create font /system/fonts/NotoSansBatak-Regular.ttf
12-14 04:21:54.733  1680  1680 E Minikin : addFont failed to create font /system/fonts/NotoSansBatak-Regular.ttf
12-14 04:21:54.733  1678  1678 E Minikin : addFont failed to create font /system/fonts/NotoSansBuginese-Regular.ttf
12-14 04:21:54.733  1680  1680 E Minikin : addFont failed to create font /system/fonts/NotoSansBuginese-Regular.ttf
12-14 04:21:54.733  1678  1678 E Minikin : addFont failed to create font /system/fonts/NotoSansBuhid-Regular.ttf
12-14 04:21:54.733  1680  1680 E Minikin : addFont failed to create font /system/fonts/NotoSansBuhid-Regular.ttf
12-14 04:21:54.733  1678  1678 E Minikin : addFont failed to create font /system/fonts/NotoSansCanadianAboriginal-Regular.ttf
12-14 04:21:54.733  1680  1680 E Minikin : addFont failed to create font /system/fonts/NotoSansCanadianAboriginal-Regular.ttf
12-14 04:21:54.733  1678  1678 E Minikin : addFont failed to create font /system/fonts/NotoSansCherokee-Regular.ttf
12-14 04:21:54.733  1680  1680 E Minikin : addFont failed to create font /system/fonts/NotoSansCherokee-Regular.ttf
12-14 04:21:54.733  1678  1678 E Minikin : addFont failed to create font /system/fonts/NotoSansCoptic-Regular.ttf
12-14 04:21:54.733  1680  1680 E Minikin : addFont failed to create font /system/fonts/NotoSansCoptic-Regular.ttf
12-14 04:21:54.733  1678  1678 E Minikin : addFont failed to create font /system/fonts/NotoSansGlagolitic-Regular.ttf
12-14 04:21:54.733  1680  1680 E Minikin : addFont failed to create font /system/fonts/NotoSansGlagolitic-Regular.ttf
12-14 04:21:54.733  1678  1678 E Minikin : addFont failed to create font /system/fonts/NotoSansHanunoo-Regular.ttf
12-14 04:21:54.733  1680  1680 E Minikin : addFont failed to create font /system/fonts/NotoSansHanunoo-Regular.ttf
12-14 04:21:54.733  1678  1678 E Minikin : addFont failed to create font /system/fonts/NotoSansJavanese-Regular.ttf
12-14 04:21:54.733  1680  1680 E Minikin : addFont failed to create font /system/fonts/NotoSansJavanese-Regular.ttf
12-14 04:21:54.733  1678  1678 E Minikin : addFont failed to create font /system/fonts/NotoSansKayahLi-Regular.ttf
12-14 04:21:54.733  1680  1680 E Minikin : addFont failed to create font /system/fonts/NotoSansKayahLi-Regular.ttf
12-14 04:21:54.733  1678  1678 E Minikin : addFont failed to create font /system/fonts/NotoSansLepcha-Regular.ttf
12-14 04:21:54.733  1678  1678 E Minikin : addFont failed to create font /system/fonts/NotoSansLimbu-Regular.ttf
12-14 04:21:54.733  1680  1680 E Minikin : addFont failed to create font /system/fonts/NotoSansLepcha-Regular.ttf
12-14 04:21:54.733  1678  1678 E Minikin : addFont failed to create font /system/fonts/NotoSansMeeteiMayek-Regular.ttf
12-14 04:21:54.733  1678  1678 E Minikin : addFont failed to create font /system/fonts/NotoSansOlChiki-Regular.ttf
12-14 04:21:54.733  1680  1680 E Minikin : addFont failed to create font /system/fonts/NotoSansLimbu-Regular.ttf
12-14 04:21:54.733  1678  1678 E Minikin : addFont failed to create font /system/fonts/NotoSansRejang-Regular.ttf
12-14 04:21:54.733  1678  1678 E Minikin : addFont failed to create font /system/fonts/NotoSansSaurashtra-Regular.ttf
12-14 04:21:54.733  1680  1680 E Minikin : addFont failed to create font /system/fonts/NotoSansMeeteiMayek-Regular.ttf
12-14 04:21:54.733  1678  1678 E Minikin : addFont failed to create font /system/fonts/NotoSansSundanese-Regular.ttf
12-14 04:21:54.733  1678  1678 E Minikin : addFont failed to create font /system/fonts/NotoSansSylotiNagri-Regular.ttf
12-14 04:21:54.733  1680  1680 E Minikin : addFont failed to create font /system/fonts/NotoSansOlChiki-Regular.ttf
12-14 04:21:54.733  1678  1678 E Minikin : addFont failed to create font /system/fonts/NotoSansTagbanwa-Regular.ttf
12-14 04:21:54.733  1680  1680 E Minikin : addFont failed to create font /system/fonts/NotoSansRejang-Regular.ttf
12-14 04:21:54.733  1678  1678 E Minikin : addFont failed to create font /system/fonts/NotoSansTaiTham-Regular.ttf
12-14 04:21:54.733  1680  1680 E Minikin : addFont failed to create font /system/fonts/NotoSansSaurashtra-Regular.ttf
12-14 04:21:54.733  1678  1678 E Minikin : addFont failed to create font /system/fonts/NotoSansTaiViet-Regular.ttf
12-14 04:21:54.733  1680  1680 E Minikin : addFont failed to create font /system/fonts/NotoSansSundanese-Regular.ttf
12-14 04:21:54.733  1678  1678 E Minikin : addFont failed to create font /system/fonts/NotoSansTifinagh-Regular.ttf
12-14 04:21:54.733  1680  1680 E Minikin : addFont failed to create font /system/fonts/NotoSansSylotiNagri-Regular.ttf
12-14 04:21:54.733  1678  1678 E Minikin : addFont failed to create font /system/fonts/NotoSansYi-Regular.ttf
12-14 04:21:54.733  1680  1680 E Minikin : addFont failed to create font /system/fonts/NotoSansTagbanwa-Regular.ttf
12-14 04:21:54.733  1678  1678 E Minikin : addFont failed to create font /system/fonts/Lohit-Odia.ttf
12-14 04:21:54.733  1680  1680 E Minikin : addFont failed to create font /system/fonts/NotoSansTaiTham-Regular.ttf
12-14 04:21:54.733  1678  1678 E Minikin : addFont failed to create font /system/fonts/NotoSansHans-Regular.otf
12-14 04:21:54.733  1680  1680 E Minikin : addFont failed to create font /system/fonts/NotoSansTaiViet-Regular.ttf
12-14 04:21:54.733  1678  1678 E Minikin : addFont failed to create font /system/fonts/NotoSansHant-Regular.otf
12-14 04:21:54.733  1680  1680 E Minikin : addFont failed to create font /system/fonts/NotoSansTifinagh-Regular.ttf
12-14 04:21:54.733  1678  1678 E Minikin : addFont failed to create font /system/fonts/NotoSansJP-Regular.otf
12-14 04:21:54.733  1678  1678 E Minikin : addFont failed to create font /system/fonts/NotoSansKR-Regular.otf
12-14 04:21:54.733  1680  1680 E Minikin : addFont failed to create font /system/fonts/NotoSansYi-Regular.ttf
12-14 04:21:54.733  1680  1680 E Minikin : addFont failed to create font /system/fonts/Lohit-Odia.ttf
12-14 04:21:54.733  1680  1680 E Minikin : addFont failed to create font /system/fonts/NotoSansHans-Regular.otf
12-14 04:21:54.733  1680  1680 E Minikin : addFont failed to create font /system/fonts/NotoSansHant-Regular.otf
12-14 04:21:54.733  1680  1680 E Minikin : addFont failed to create font /system/fonts/NotoSansJP-Regular.otf
12-14 04:21:54.733  1680  1680 E Minikin : addFont failed to create font /system/fonts/NotoSansKR-Regular.otf
12-14 04:21:54.738  1678  1678 E Minikin : addFont failed to create font /system/fonts/NotoSansTaiLe-Regular.ttf
12-14 04:21:54.738  1680  1680 E Minikin : addFont failed to create font /system/fonts/NotoSansTaiLe-Regular.ttf
12-14 04:21:54.754  1680  1680 I art     : Explicit concurrent mark sweep GC freed 1798(129KB) AllocSpace objects, 0(0B) LOS objects, 89% free, 113KB/1137KB, paused 34us total 1.344ms
12-14 04:21:54.754  1678  1678 I art     : Explicit concurrent mark sweep GC freed 1798(129KB) AllocSpace objects, 0(0B) LOS objects, 89% free, 117KB/1141KB, paused 23us total 1.114ms
12-14 04:21:54.762  1678  1678 I art     : Explicit concurrent mark sweep GC freed 1933(92KB) AllocSpace objects, 0(0B) LOS objects, 86% free, 161KB/1185KB, paused 20us total 1.388ms
12-14 04:21:54.762  1680  1680 I art     : Explicit concurrent mark sweep GC freed 1933(92KB) AllocSpace objects, 0(0B) LOS objects, 86% free, 154KB/1178KB, paused 43us total 1.764ms
12-14 04:21:54.764  1678  1678 I art     : Explicit concurrent mark sweep GC freed 1977(87KB) AllocSpace objects, 0(0B) LOS objects, 83% free, 198KB/1222KB, paused 20us total 1.339ms
12-14 04:21:54.765  1680  1680 I art     : Explicit concurrent mark sweep GC freed 1977(87KB) AllocSpace objects, 0(0B) LOS objects, 84% free, 189KB/1213KB, paused 33us total 1.673ms
12-14 04:21:54.767  1678  1678 I art     : Explicit concurrent mark sweep GC freed 371(19KB) AllocSpace objects, 0(0B) LOS objects, 81% free, 234KB/1258KB, paused 21us total 1.330ms
12-14 04:21:54.768  1680  1680 I art     : Explicit concurrent mark sweep GC freed 371(19KB) AllocSpace objects, 0(0B) LOS objects, 82% free, 222KB/1246KB, paused 33us total 1.684ms
12-14 04:21:54.786  1680  1680 I art     : Thread[1,tid=1680,WaitingForJniOnLoad,Thread*=0xf3c25800,peer=0x12c31160,"main"] recursive attempt to load library "/system/lib/libmedia_jni.so"
12-14 04:21:54.787  1680  1680 D MtpDeviceJNI: register_android_mtp_MtpDevice
12-14 04:21:54.787  1680  1680 I art     : Thread[1,tid=1680,WaitingForJniOnLoad,Thread*=0xf3c25800,peer=0x12c31160,"main"] recursive attempt to load library "/system/lib/libmedia_jni.so"
12-14 04:21:54.787  1680  1680 I art     : Thread[1,tid=1680,WaitingForJniOnLoad,Thread*=0xf3c25800,peer=0x12c31160,"main"] recursive attempt to load library "/system/lib/libmedia_jni.so"
12-14 04:21:54.794  1680  1680 I art     : Explicit concurrent mark sweep GC freed 661(37KB) AllocSpace objects, 0(0B) LOS objects, 80% free, 244KB/1268KB, paused 36us total 1.898ms
12-14 04:21:54.795  1678  1678 I art     : Thread[1,tid=1678,WaitingForJniOnLoad,Thread*=0x7f2c8e095000,peer=0x12c31100,"main"] recursive attempt to load library "/system/lib64/libmedia_jni.so"
12-14 04:21:54.795  1678  1678 D MtpDeviceJNI: register_android_mtp_MtpDevice
12-14 04:21:54.795  1678  1678 I art     : Thread[1,tid=1678,WaitingForJniOnLoad,Thread*=0x7f2c8e095000,peer=0x12c31100,"main"] recursive attempt to load library "/system/lib64/libmedia_jni.so"
12-14 04:21:54.795  1678  1678 I art     : Thread[1,tid=1678,WaitingForJniOnLoad,Thread*=0x7f2c8e095000,peer=0x12c31100,"main"] recursive attempt to load library "/system/lib64/libmedia_jni.so"
12-14 04:21:54.801  1678  1678 I art     : Explicit concurrent mark sweep GC freed 641(36KB) AllocSpace objects, 0(0B) LOS objects, 80% free, 246KB/1270KB, paused 21us total 1.469ms
12-14 04:21:54.805  1680  1680 I art     : Explicit concurrent mark sweep GC freed 578(29KB) AllocSpace objects, 0(0B) LOS objects, 79% free, 264KB/1288KB, paused 34us total 1.720ms
12-14 04:21:54.809  1678  1678 I art     : Explicit concurrent mark sweep GC freed 429(20KB) AllocSpace objects, 0(0B) LOS objects, 78% free, 275KB/1299KB, paused 23us total 1.428ms
12-14 04:21:54.809  1680  1680 I art     : Explicit concurrent mark sweep GC freed 454(27KB) AllocSpace objects, 0(0B) LOS objects, 77% free, 303KB/1327KB, paused 34us total 1.426ms
12-14 04:21:54.815  1678  1678 I art     : Explicit concurrent mark sweep GC freed 543(30KB) AllocSpace objects, 0(0B) LOS objects, 77% free, 302KB/1326KB, paused 20us total 1.336ms
12-14 04:21:54.818  1680  1680 I art     : Explicit concurrent mark sweep GC freed 1788(104KB) AllocSpace objects, 0(0B) LOS objects, 69% free, 453KB/1477KB, paused 35us total 1.758ms
12-14 04:21:54.821  1680  1680 E EmojiFactory_jni: Failed to load libemoji.so: dlopen failed: library "libemoji.so" not found
12-14 04:21:54.824  1678  1678 I art     : Explicit concurrent mark sweep GC freed 1868(110KB) AllocSpace objects, 0(0B) LOS objects, 68% free, 467KB/1491KB, paused 21us total 1.447ms
12-14 04:21:54.827  1678  1678 E EmojiFactory_jni: Failed to load libemoji.so: dlopen failed: library "libemoji.so" not found
12-14 04:21:54.827  1680  1680 I art     : Explicit concurrent mark sweep GC freed 350(45KB) AllocSpace objects, 0(0B) LOS objects, 57% free, 750KB/1774KB, paused 33us total 2.268ms
12-14 04:21:54.832  1680  1680 I art     : Explicit concurrent mark sweep GC freed 438(30KB) AllocSpace objects, 0(0B) LOS objects, 57% free, 768KB/1792KB, paused 34us total 1.840ms
12-14 04:21:54.833  1678  1678 I art     : Explicit concurrent mark sweep GC freed 350(45KB) AllocSpace objects, 0(0B) LOS objects, 57% free, 766KB/1790KB, paused 22us total 1.973ms
12-14 04:21:54.839  1678  1678 I art     : Explicit concurrent mark sweep GC freed 438(30KB) AllocSpace objects, 0(0B) LOS objects, 56% free, 784KB/1808KB, paused 27us total 2.077ms
12-14 04:21:54.843  1680  1680 I art     : Explicit concurrent mark sweep GC freed 789(49KB) AllocSpace objects, 0(0B) LOS objects, 57% free, 770KB/1794KB, paused 49us total 2.268ms
12-14 04:21:54.848  1678  1678 I art     : Explicit concurrent mark sweep GC freed 789(49KB) AllocSpace objects, 0(0B) LOS objects, 56% free, 786KB/1810KB, paused 21us total 1.558ms
12-14 04:21:54.856  1680  1680 I art     : Explicit concurrent mark sweep GC freed 956(105KB) AllocSpace objects, 0(0B) LOS objects, 55% free, 812KB/1836KB, paused 69us total 2.853ms
12-14 04:21:54.860  1678  1678 I art     : Explicit concurrent mark sweep GC freed 956(105KB) AllocSpace objects, 0(0B) LOS objects, 55% free, 830KB/1854KB, paused 28us total 2.192ms
12-14 04:21:54.864  1680  1680 I art     : Explicit concurrent mark sweep GC freed 597(42KB) AllocSpace objects, 0(0B) LOS objects, 55% free, 819KB/1843KB, paused 39us total 1.947ms
12-14 04:21:54.869  1678  1678 I art     : Explicit concurrent mark sweep GC freed 597(42KB) AllocSpace objects, 0(0B) LOS objects, 55% free, 837KB/1861KB, paused 20us total 1.917ms
12-14 04:21:54.876  1680  1680 I art     : Explicit concurrent mark sweep GC freed 265(20KB) AllocSpace objects, 0(0B) LOS objects, 54% free, 848KB/1872KB, paused 47us total 2.081ms
12-14 04:21:54.877  1678  1678 I art     : Explicit concurrent mark sweep GC freed 265(20KB) AllocSpace objects, 0(0B) LOS objects, 54% free, 865KB/1889KB, paused 20us total 1.899ms
12-14 04:21:54.894  1680  1680 I art     : Explicit concurrent mark sweep GC freed 12(576B) AllocSpace objects, 0(0B) LOS objects, 45% free, 1227KB/2MB, paused 59us total 2.637ms
12-14 04:21:54.894  1678  1678 I art     : Explicit concurrent mark sweep GC freed 20(832B) AllocSpace objects, 0(0B) LOS objects, 45% free, 1244KB/2MB, paused 30us total 2.571ms
12-14 04:21:54.899  1680  1680 I art     : Explicit concurrent mark sweep GC freed 571(33KB) AllocSpace objects, 0(0B) LOS objects, 45% free, 1243KB/2MB, paused 57us total 2.969ms
12-14 04:21:54.899  1678  1678 I art     : Explicit concurrent mark sweep GC freed 564(32KB) AllocSpace objects, 0(0B) LOS objects, 44% free, 1261KB/2MB, paused 29us total 2.630ms
12-14 04:21:54.903  1680  1680 I art     : Explicit concurrent mark sweep GC freed 741(45KB) AllocSpace objects, 0(0B) LOS objects, 45% free, 1246KB/2MB, paused 38us total 2.109ms
12-14 04:21:54.903  1678  1678 I art     : Explicit concurrent mark sweep GC freed 734(45KB) AllocSpace objects, 0(0B) LOS objects, 44% free, 1265KB/2MB, paused 23us total 1.933ms
12-14 04:21:54.914  1678  1678 I System  : Loaded time zone names for "" in 10ms (10ms in ICU)
12-14 04:21:54.915  1680  1680 I System  : Loaded time zone names for "" in 11ms (11ms in ICU)
12-14 04:21:54.921  1678  1678 I System  : Loaded time zone names for "en_US" in 7ms (5ms in ICU)
12-14 04:21:54.922  1680  1680 I System  : Loaded time zone names for "en_US" in 7ms (6ms in ICU)
12-14 04:21:54.923  1678  1678 I art     : Explicit concurrent mark sweep GC freed 2359(179KB) AllocSpace objects, 0(0B) LOS objects, 41% free, 1423KB/2MB, paused 24us total 2.083ms
12-14 04:21:54.924  1680  1680 I art     : Explicit concurrent mark sweep GC freed 2345(178KB) AllocSpace objects, 0(0B) LOS objects, 42% free, 1405KB/2MB, paused 38us total 2.414ms
12-14 04:21:54.926  1678  1678 I art     : Explicit concurrent mark sweep GC freed 136(12KB) AllocSpace objects, 0(0B) LOS objects, 40% free, 1488KB/2MB, paused 25us total 1.949ms
12-14 04:21:54.928  1680  1680 I art     : Explicit concurrent mark sweep GC freed 136(12KB) AllocSpace objects, 0(0B) LOS objects, 41% free, 1470KB/2MB, paused 37us total 2.213ms
12-14 04:21:54.930  1678  1678 I art     : Explicit concurrent mark sweep GC freed 288(24KB) AllocSpace objects, 0(0B) LOS objects, 39% free, 1540KB/2MB, paused 24us total 2.134ms
12-14 04:21:54.932  1680  1680 I art     : Explicit concurrent mark sweep GC freed 288(24KB) AllocSpace objects, 0(0B) LOS objects, 40% free, 1515KB/2MB, paused 36us total 2.413ms
12-14 04:21:54.934  1678  1678 I art     : Explicit concurrent mark sweep GC freed 679(47KB) AllocSpace objects, 0(0B) LOS objects, 39% free, 1542KB/2MB, paused 23us total 2.187ms
12-14 04:21:54.934  1678  1678 I Zygote  : ...preloaded 3005 classes in 300ms.
12-14 04:21:54.934  1678  1678 I art     : VMRuntime.preloadDexCaches starting
12-14 04:21:54.937  1680  1680 I art     : Explicit concurrent mark sweep GC freed 679(47KB) AllocSpace objects, 0(0B) LOS objects, 40% free, 1517KB/2MB, paused 37us total 2.372ms
12-14 04:21:54.937  1680  1680 I Zygote  : ...preloaded 3005 classes in 303ms.
12-14 04:21:54.937  1680  1680 I art     : VMRuntime.preloadDexCaches starting
12-14 04:21:54.947  1678  1678 I art     : VMRuntime.preloadDexCaches strings total=214641 before=38996 after=38996
12-14 04:21:54.947  1678  1678 I art     : VMRuntime.preloadDexCaches types total=18345 before=6389 after=6425
12-14 04:21:54.947  1678  1678 I art     : VMRuntime.preloadDexCaches fields total=85569 before=32261 after=32595
12-14 04:21:54.947  1678  1678 I art     : VMRuntime.preloadDexCaches methods total=151780 before=66835 after=67736
12-14 04:21:54.947  1678  1678 I art     : VMRuntime.preloadDexCaches finished
12-14 04:21:54.947  1678  1678 I art     : Counter: 0
12-14 04:21:54.947  1678  1678 I art     : Counter: 1
12-14 04:21:54.950  1678  1678 I art     : Explicit concurrent mark sweep GC freed 61(15KB) AllocSpace objects, 0(0B) LOS objects, 40% free, 1528KB/2MB, paused 23us total 2.943ms
12-14 04:21:54.950  1680  1680 I art     : VMRuntime.preloadDexCaches strings total=214641 before=38996 after=38996
12-14 04:21:54.950  1680  1680 I art     : VMRuntime.preloadDexCaches types total=18345 before=6389 after=6425
12-14 04:21:54.950  1680  1680 I art     : VMRuntime.preloadDexCaches fields total=85569 before=32261 after=32595
12-14 04:21:54.950  1680  1680 I art     : VMRuntime.preloadDexCaches methods total=151780 before=66835 after=67736
12-14 04:21:54.951  1680  1680 I art     : VMRuntime.preloadDexCaches finished
12-14 04:21:54.951  1680  1680 I art     : Counter: 0
12-14 04:21:54.951  1680  1680 I art     : Counter: 1
12-14 04:21:54.954  1680  1680 I art     : Explicit concurrent mark sweep GC freed 61(15KB) AllocSpace objects, 0(0B) LOS objects, 40% free, 1503KB/2MB, paused 37us total 3.010ms
12-14 04:21:54.955  1926  1926 D idmap   : error: no read access to /vendor/overlay: No such file or directory
12-14 04:21:54.957  1927  1927 D idmap   : error: no read access to /vendor/overlay: No such file or directory
12-14 04:21:54.969  1678  1678 I Zygote  : Preloading resources...
12-14 04:21:54.969  1680  1680 I Zygote  : Preloading resources...
12-14 04:21:54.976  1678  1678 I art     : Explicit concurrent mark sweep GC freed 86(3KB) AllocSpace objects, 0(0B) LOS objects, 39% free, 1577KB/2MB, paused 25us total 2.353ms
12-14 04:21:54.976  1680  1680 I art     : Explicit concurrent mark sweep GC freed 86(3KB) AllocSpace objects, 0(0B) LOS objects, 40% free, 1551KB/2MB, paused 48us total 2.528ms
12-14 04:21:54.979  1678  1678 I art     : Explicit concurrent mark sweep GC freed 89(4KB) AllocSpace objects, 0(0B) LOS objects, 40% free, 1623KB/2MB, paused 24us total 2.077ms
12-14 04:21:54.980  1680  1680 I art     : Explicit concurrent mark sweep GC freed 89(4KB) AllocSpace objects, 0(0B) LOS objects, 39% free, 1597KB/2MB, paused 41us total 2.216ms
12-14 04:21:54.983  1678  1678 I art     : Explicit concurrent mark sweep GC freed 115(5KB) AllocSpace objects, 0(0B) LOS objects, 39% free, 1667KB/2MB, paused 27us total 2.095ms
12-14 04:21:54.984  1680  1680 I art     : Explicit concurrent mark sweep GC freed 122(5KB) AllocSpace objects, 0(0B) LOS objects, 40% free, 1646KB/2MB, paused 40us total 2.250ms
12-14 04:21:54.986  1678  1678 I art     : Explicit concurrent mark sweep GC freed 99(4KB) AllocSpace objects, 0(0B) LOS objects, 39% free, 1712KB/2MB, paused 28us total 2.120ms
12-14 04:21:54.987  1680  1680 I art     : Explicit concurrent mark sweep GC freed 101(4KB) AllocSpace objects, 0(0B) LOS objects, 39% free, 1691KB/2MB, paused 39us total 2.240ms
12-14 04:21:54.990  1678  1678 I art     : Explicit concurrent mark sweep GC freed 94(4KB) AllocSpace objects, 0(0B) LOS objects, 40% free, 1757KB/2MB, paused 25us total 2.113ms
12-14 04:21:54.990  1680  1680 I art     : Explicit concurrent mark sweep GC freed 93(4KB) AllocSpace objects, 0(0B) LOS objects, 39% free, 1735KB/2MB, paused 40us total 2.272ms
12-14 04:21:54.994  1678  1678 I art     : Explicit concurrent mark sweep GC freed 102(4KB) AllocSpace objects, 0(0B) LOS objects, 40% free, 1803KB/2MB, paused 25us total 2.115ms
12-14 04:21:54.994  1680  1680 I art     : Explicit concurrent mark sweep GC freed 103(4KB) AllocSpace objects, 0(0B) LOS objects, 39% free, 1782KB/2MB, paused 48us total 2.282ms
12-14 04:21:54.997  1678  1678 I art     : Explicit concurrent mark sweep GC freed 112(5KB) AllocSpace objects, 0(0B) LOS objects, 40% free, 1848KB/3MB, paused 30us total 2.021ms
12-14 04:21:54.998  1680  1680 I art     : Explicit concurrent mark sweep GC freed 112(5KB) AllocSpace objects, 0(0B) LOS objects, 39% free, 1827KB/2MB, paused 41us total 2.298ms
12-14 04:21:55.000  1678  1678 I art     : Explicit concurrent mark sweep GC freed 118(5KB) AllocSpace objects, 0(0B) LOS objects, 40% free, 1896KB/3MB, paused 25us total 2.007ms
12-14 04:21:55.001  1680  1680 I art     : Explicit concurrent mark sweep GC freed 117(5KB) AllocSpace objects, 0(0B) LOS objects, 40% free, 1874KB/3MB, paused 39us total 2.297ms
12-14 04:21:55.003  1678  1678 I art     : Explicit concurrent mark sweep GC freed 108(5KB) AllocSpace objects, 0(0B) LOS objects, 39% free, 1944KB/3MB, paused 27us total 2.023ms
12-14 04:21:55.004  1680  1680 I art     : Explicit concurrent mark sweep GC freed 108(5KB) AllocSpace objects, 0(0B) LOS objects, 40% free, 1922KB/3MB, paused 40us total 2.295ms
12-14 04:21:55.008  1678  1678 I art     : Explicit concurrent mark sweep GC freed 153(6KB) AllocSpace objects, 0(0B) LOS objects, 39% free, 2020KB/3MB, paused 25us total 2.049ms
12-14 04:21:55.009  1680  1680 I art     : Explicit concurrent mark sweep GC freed 147(6KB) AllocSpace objects, 0(0B) LOS objects, 39% free, 1993KB/3MB, paused 40us total 2.335ms
12-14 04:21:55.011  1678  1678 I art     : Explicit concurrent mark sweep GC freed 138(6KB) AllocSpace objects, 0(0B) LOS objects, 40% free, 2MB/3MB, paused 26us total 2.059ms
12-14 04:21:55.012  1680  1680 I art     : Explicit concurrent mark sweep GC freed 136(5KB) AllocSpace objects, 0(0B) LOS objects, 40% free, 2036KB/3MB, paused 39us total 2.336ms
12-14 04:21:55.015  1678  1678 I art     : Explicit concurrent mark sweep GC freed 84(7KB) AllocSpace objects, 0(0B) LOS objects, 40% free, 2MB/3MB, paused 26us total 2.058ms
12-14 04:21:55.015  1680  1680 I art     : Explicit concurrent mark sweep GC freed 84(7KB) AllocSpace objects, 0(0B) LOS objects, 39% free, 2MB/3MB, paused 40us total 2.339ms
12-14 04:21:55.019  1678  1678 I art     : Explicit concurrent mark sweep GC freed 112(4KB) AllocSpace objects, 0(0B) LOS objects, 39% free, 2MB/3MB, paused 25us total 2.085ms
12-14 04:21:55.019  1680  1680 I art     : Explicit concurrent mark sweep GC freed 112(4KB) AllocSpace objects, 0(0B) LOS objects, 40% free, 2MB/3MB, paused 42us total 2.403ms
12-14 04:21:55.023  1678  1678 I art     : Explicit concurrent mark sweep GC freed 135(5KB) AllocSpace objects, 0(0B) LOS objects, 40% free, 2MB/3MB, paused 26us total 2.080ms
12-14 04:21:55.023  1680  1680 I art     : Explicit concurrent mark sweep GC freed 135(5KB) AllocSpace objects, 0(0B) LOS objects, 39% free, 2MB/3MB, paused 42us total 2.387ms
12-14 04:21:55.025  1678  1678 I art     : Explicit concurrent mark sweep GC freed 62(2752B) AllocSpace objects, 0(0B) LOS objects, 39% free, 2MB/3MB, paused 26us total 2.081ms
12-14 04:21:55.026  1680  1680 I art     : Explicit concurrent mark sweep GC freed 62(2752B) AllocSpace objects, 0(0B) LOS objects, 40% free, 2MB/3MB, paused 41us total 2.396ms
12-14 04:21:55.030  1678  1678 I art     : Explicit concurrent mark sweep GC freed 111(4KB) AllocSpace objects, 0(0B) LOS objects, 39% free, 2MB/4MB, paused 27us total 2.111ms
12-14 04:21:55.031  1680  1680 I art     : Explicit concurrent mark sweep GC freed 111(4KB) AllocSpace objects, 0(0B) LOS objects, 40% free, 2MB/4MB, paused 42us total 2.420ms
12-14 04:21:55.035  1678  1678 I art     : Explicit concurrent mark sweep GC freed 206(9KB) AllocSpace objects, 0(0B) LOS objects, 39% free, 2MB/4MB, paused 26us total 2.363ms
12-14 04:21:55.036  1680  1680 I art     : Explicit concurrent mark sweep GC freed 206(9KB) AllocSpace objects, 0(0B) LOS objects, 39% free, 2MB/4MB, paused 42us total 2.533ms
12-14 04:21:55.039  1678  1678 I art     : Explicit concurrent mark sweep GC freed 370(16KB) AllocSpace objects, 0(0B) LOS objects, 39% free, 2MB/4MB, paused 28us total 2.153ms
12-14 04:21:55.041  1680  1680 I art     : Explicit concurrent mark sweep GC freed 370(16KB) AllocSpace objects, 0(0B) LOS objects, 39% free, 2MB/4MB, paused 43us total 3.025ms
12-14 04:21:55.044  1678  1678 I art     : Explicit concurrent mark sweep GC freed 214(9KB) AllocSpace objects, 0(0B) LOS objects, 39% free, 2MB/4MB, paused 27us total 2.178ms
12-14 04:21:55.045  1680  1680 I art     : Explicit concurrent mark sweep GC freed 214(9KB) AllocSpace objects, 0(0B) LOS objects, 39% free, 2MB/4MB, paused 43us total 2.459ms
12-14 04:21:55.047  1678  1678 I art     : Explicit concurrent mark sweep GC freed 112(6KB) AllocSpace objects, 0(0B) LOS objects, 39% free, 2MB/4MB, paused 30us total 2.160ms
12-14 04:21:55.048  1680  1680 I art     : Explicit concurrent mark sweep GC freed 112(6KB) AllocSpace objects, 0(0B) LOS objects, 39% free, 2MB/4MB, paused 43us total 2.453ms
12-14 04:21:55.051  1678  1678 I art     : Explicit concurrent mark sweep GC freed 113(5KB) AllocSpace objects, 0(0B) LOS objects, 39% free, 2MB/4MB, paused 26us total 2.163ms
12-14 04:21:55.052  1680  1680 I art     : Explicit concurrent mark sweep GC freed 113(5KB) AllocSpace objects, 0(0B) LOS objects, 39% free, 2MB/4MB, paused 41us total 2.443ms
12-14 04:21:55.054  1678  1678 I art     : Explicit concurrent mark sweep GC freed 49(8KB) AllocSpace objects, 0(0B) LOS objects, 39% free, 2MB/4MB, paused 26us total 2.152ms
12-14 04:21:55.055  1680  1680 I art     : Explicit concurrent mark sweep GC freed 49(8KB) AllocSpace objects, 0(0B) LOS objects, 40% free, 2MB/4MB, paused 41us total 2.488ms
