12-14 15:12:27.363  1957  1957 D SensorService: nuSensorService starting...
12-14 15:12:27.364  1957  1957 D KbdSensor: open_kbd_sensor: id=poll
12-14 15:12:27.364  1957  1957 D KbdSensor: SensorFd: module=0x7f5a92aea300 dev=0x7f5a94066680
12-14 15:12:27.404  1690  1690 I ServiceManager: Waiting for service batterystats...
12-14 15:12:27.467  1957  1957 I KbdSensor: Open AT Translated Set 2 keyboard ok, fd=19
12-14 15:12:27.467  1957  1957 D KbdSensor: SensorPollContext: dev=0x7f5a94066680 fd=19
12-14 15:12:27.467  1957  1957 D KbdSensor: poll_activate: dev=0x7f5a94066680 handle=0 enabled=0
12-14 15:12:27.468  1957  1976 D SensorService: nuSensorService thread starting...
12-14 15:12:27.468  1957  1975 D SensorService: new thread SensorEventAckReceiver
12-14 15:12:27.473  1957  1957 I SystemServiceManager: Starting com.android.server.pm.Installer
12-14 15:12:27.476  1957  1957 I Installer: Waiting for installd to be ready.
12-14 15:12:27.476  1957  1957 I InstallerConnection: connecting...
12-14 15:12:27.476  1691  1691 I installd: new connection
12-14 15:12:27.476  1957  1957 I SystemServiceManager: Starting com.android.server.am.ActivityManagerService$Lifecycle
12-14 15:12:27.489  1957  1957 I ActivityManager: Memory class: 192
12-14 15:12:27.528  1957  1957 I IntentFirewall: Read new rules (A:0 B:0 S:0)
12-14 15:12:27.533  1957  1957 D AppOps  : AppOpsService published
12-14 15:12:27.534  1957  1957 I SystemServiceManager: Starting com.android.server.power.PowerManagerService
12-14 15:12:27.536  1957  1957 I libsuspend: Selected early suspend
12-14 15:12:27.536  1957  1957 E libsuspend: Error accessing /sys/power/wait_for_fb_sleep: No such file or directory
12-14 15:12:27.539  1957  1957 I SystemServiceManager: Starting com.android.server.display.DisplayManagerService
12-14 15:12:27.539  1957  1986 E BatteryStatsService: Failed to open /sys/kernel/wakeup_reasons/last_resume_reason
12-14 15:12:27.541  1957  1957 I SystemServiceManager: Starting phase 100
12-14 15:12:27.547  1957  1983 I DisplayManagerService: Display device added: DisplayDeviceInfo{"Built-in Screen": uniqueId="local:0", 1600 x 900, 60.000004 fps, supportedRefreshRates [60.000004], density 160, 131.0 x 134.0 dpi, appVsyncOff 0, presDeadline 17666666, touch INTERNAL, rotation 0, type BUILT_IN, state UNKNOWN, FLAG_DEFAULT_DISPLAY, FLAG_ROTATES_WITH_CONTENT, FLAG_SECURE, FLAG_SUPPORTS_PROTECTED_BUFFERS}
12-14 15:12:27.547  1957  1957 I SystemServer: Package Manager
12-14 15:12:27.556  1957  1957 W SystemConfig: No directory /system/etc/sysconfig, skipping
12-14 15:12:27.578  1957  1957 D SELinuxMMAC: Using policy file /system/etc/security/mac_permissions.xml
12-14 15:12:27.617  1957  1957 D PackageManager: No files in app dir /vendor/overlay
12-14 15:12:27.649  1957  1957 W PackageManager: Failed to parse /system/framework/x86: Missing base APK in /system/framework/x86
12-14 15:12:27.649  1957  1957 W PackageManager: Failed to parse /system/framework/x86_64: Missing base APK in /system/framework/x86_64
12-14 15:12:27.669  1957  1957 W PackageParser: No actions in intent filter at /system/priv-app/Contacts/Contacts.apk Binary XML file line #356
12-14 15:12:27.701  1957  1957 W PackageParser: No actions in intent filter at /system/priv-app/Dialer/Dialer.apk Binary XML file line #166
12-14 15:12:27.901  1957  1957 W ResourceType: Failure getting entry for 0x7f08026f (t=7 e=623) (error -75)
12-14 15:12:27.908  1957  1957 W PackageParser: Unknown element under <intent-filter>: android at /system/priv-app/Telecom/Telecom.apk Binary XML file line #232
12-14 15:12:27.925  1957  1957 W PackageParser: No actions in intent filter at /system/app/AndroidTerm/AndroidTerm.apk Binary XML file line #149
12-14 15:12:27.937  1957  1957 W PackageParser: No actions in intent filter at /system/app/Bluetooth/Bluetooth.apk Binary XML file line #209
12-14 15:12:27.960  1957  1957 W PackageParser: No actions in intent filter at /system/app/CMFileManager/CMFileManager.apk Binary XML file line #166
12-14 15:12:28.057  1957  1957 W PackageParser: Unknown element under <application>: permission at /system/app/Gallery2/Gallery2.apk Binary XML file line #242
12-14 15:12:28.057  1957  1957 W PackageParser: Unknown element under <application>: permission at /system/app/Gallery2/Gallery2.apk Binary XML file line #245
12-14 15:12:28.162  1957  1957 D PackageManager: No files in app dir /system/vendor/app
12-14 15:12:28.162  1957  1957 D PackageManager: No files in app dir /oem/app
12-14 15:12:28.346  1957  1957 D PackageManager: No files in app dir /data/app-private
12-14 15:12:28.346  1957  1957 W PackageManager: Package com.android.gallery3d desires unavailable shared library com.google.android.media.effects; ignoring!
12-14 15:12:28.346  1957  1957 W PackageManager: Package com.android.gallery3d desires unavailable shared library com.google.android.media.effects; ignoring!
12-14 15:12:28.346  1957  1957 I PackageManager: Adjusting ABI for : com.android.settings to x86_64
12-14 15:12:28.346  1957  1957 I PackageManager: Adjusting ABI for : com.android.inputdevices to x86_64
12-14 15:12:28.347  1957  1957 I PackageManager: Adjusting ABI for : com.android.location.fused to x86_64
12-14 15:12:28.347  1957  1957 I PackageManager: Adjusting ABI for : com.android.providers.settings to x86_64
12-14 15:12:28.347  1957  1957 I PackageManager: Adjusting ABI for : org.zeroxlab.util.tscal to x86_64
12-14 15:12:28.347  1957  1957 I PackageManager: Adjusting ABI for : com.android.keychain to x86_64
12-14 15:12:28.347  1957  1957 I PackageManager: Adjusting ABI for : com.android.server.telecom to x86_64
12-14 15:12:28.348  1957  1957 I PackageManager: Time to scan packages: 0.759 seconds
12-14 15:12:28.348  1957  1957 W PackageManager: Unknown permission com.google.android.googleapps.permission.GOOGLE_AUTH in package com.android.providers.calendar
12-14 15:12:28.348  1957  1957 W PackageManager: Unknown permission com.google.android.googleapps.permission.GOOGLE_AUTH.cl in package com.android.providers.calendar
12-14 15:12:28.348  1957  1957 W PackageManager: Not granting permission android.permission.GLOBAL_SEARCH to package com.android.quicksearchbox (protectionLevel=18 flags=0x8be45)
12-14 15:12:28.348  1957  1957 W PackageManager: Not granting permission android.permission.ACCESS_DOWNLOAD_MANAGER to package com.android.browser (protectionLevel=18 flags=0x9be45)
12-14 15:12:28.348  1957  1957 W PackageManager: Not granting permission android.permission.SEND_DOWNLOAD_COMPLETED_INTENTS to package com.android.browser (protectionLevel=2 flags=0x9be45)
12-14 15:12:28.348  1957  1957 W PackageManager: Not granting permission android.permission.BIND_WALLPAPER to package com.android.camera2 (protectionLevel=18 flags=0x58bc45)
12-14 15:12:28.348  1957  1957 W PackageManager: Unknown permission android.permission.INSTALL_DRM in package com.android.mms
12-14 15:12:28.348  1957  1957 W PackageManager: Not granting permission android.permission.BIND_APPWIDGET to package com.android.launcher3 (protectionLevel=18 flags=0x483e45)
12-14 15:12:28.348  1957  1957 W PackageManager: Unknown permission com.android.launcher.permission.READ_SETTINGS in package com.android.launcher3
12-14 15:12:28.348  1957  1957 W PackageManager: Unknown permission com.android.launcher.permission.WRITE_SETTINGS in package com.android.launcher3
12-14 15:12:28.348  1957  1957 W PackageManager: Unknown permission com.google.android.googleapps.permission.GOOGLE_AUTH.mail in package com.android.calendar
12-14 15:12:28.348  1957  1957 W PackageManager: Unknown permission com.android.launcher.permission.READ_SETTINGS in package com.android.onetimeinitializer
12-14 15:12:28.348  1957  1957 W PackageManager: Unknown permission com.android.launcher.permission.WRITE_SETTINGS in package com.android.onetimeinitializer
12-14 15:12:28.348  1957  1957 W PackageManager: Not granting permission android.permission.DELETE_PACKAGES to package com.svox.pico (protectionLevel=18 flags=0x8be45)
12-14 15:12:28.348  1957  1957 W PackageManager: Unknown permission com.cyanogenmod.filemanager.permissions.READ_THEME in package com.cyanogenmod.filemanager
12-14 15:12:28.348  1957  1957 W PackageManager: Unknown permission com.google.android.googleapps.permission.GOOGLE_AUTH in package com.android.settings
12-14 15:12:28.348  1957  1957 W PackageManager: Unknown permission com.android.launcher.permission.READ_SETTINGS in package com.android.settings
12-14 15:12:28.348  1957  1957 W PackageManager: Unknown permission com.android.launcher.permission.WRITE_SETTINGS in package com.android.settings
12-14 15:12:28.348  1957  1957 W PackageManager: Unknown permission com.android.smspush.WAPPUSH_MANAGER_BIND in package com.android.phone
12-14 15:12:28.348  1957  1957 W PackageManager: Not granting permission android.permission.DEVICE_POWER to package com.android.deskclock (protectionLevel=2 flags=0x48be45)
12-14 15:12:28.349  1957  1957 W PackageManager: Unknown permission com.google.android.gallery3d.permission.GALLERY_PROVIDER in package com.android.bluetooth
12-14 15:12:28.349  1957  1957 W PackageManager: Unknown permission com.google.android.googleapps.permission.ACCESS_GOOGLE_PASSWORD in package com.android.development
12-14 15:12:28.349  1957  1957 W PackageManager: Unknown permission com.google.android.googleapps.permission.GOOGLE_AUTH in package com.android.development
12-14 15:12:28.349  1957  1957 W PackageManager: Unknown permission com.google.android.googleapps.permission.GOOGLE_AUTH.ALL_SERVICES in package com.android.development
12-14 15:12:28.349  1957  1957 W PackageManager: Unknown permission com.google.android.googleapps.permission.GOOGLE_AUTH.YouTubeUser in package com.android.development
12-14 15:12:28.392  1957  1957 I art     : Explicit concurrent mark sweep GC freed 15069(906KB) AllocSpace objects, 2(32KB) LOS objects, 33% free, 4MB/6MB, paused 167us total 8.223ms
12-14 15:12:28.392  1957  1957 I SystemServer: User Service
12-14 15:12:28.395  1679  1679 I lowmemorykiller: ActivityManager connected
12-14 15:12:28.397  1957  1957 I SystemServiceManager: Starting com.android.server.lights.LightsService
12-14 15:12:28.398  1957  1957 D lights  : Detect /sys/class/backlight/intel_backlight/max_brightness
12-14 15:12:28.398  1957  1957 D lights  : Detect /sys/class/backlight/intel_backlight/brightness
12-14 15:12:28.398  1957  1957 I SystemServiceManager: Starting com.android.server.BatteryService
12-14 15:12:28.405  1690  1690 I CameraService: CameraService started (pid=1690)
12-14 15:12:28.406  1957  1957 I SystemServiceManager: Starting com.android.server.usage.UsageStatsService
12-14 15:12:28.406  1690  1690 D Camera_Factory: CameraFactory::CameraFactory
12-14 15:12:28.406  1690  1690 D Camera_Factory: CameraFactory::parseConfig: configFile = /etc/camera.cfg
12-14 15:12:28.406  1690  1690 D Camera_Factory: /etc/camera.cfg not found, using camera configuration defaults
12-14 15:12:28.406  1690  1690 D Camera_Factory: Found device /dev/video0
12-14 15:12:28.406  1690  1690 D Camera_Factory: CameraFactory::newCameraConfig: 0 -> /dev/video0 (0)
12-14 15:12:28.406  1690  1690 I CameraService: Loaded "Camera Module" camera module
12-14 15:12:28.406  1690  1690 D Camera_Factory: CameraFactory::get_number_of_cameras
12-14 15:12:28.406  1690  1690 D Camera_Factory: CameraFactory::getCameraNum: 1
12-14 15:12:28.406  1690  1690 I AudioPolicyService: AudioPolicyService CSTOR in new mode
12-14 15:12:28.407  1690  1690 I AudioPolicyManager: loadAudioPolicyConfig() loaded /system/etc/audio_policy.conf
12-14 15:12:28.408  1690  1690 E audio_hw_primary: Unable to open the mixer, aborting.
12-14 15:12:28.408  1690  1690 I AudioFlinger: loadHwModule() Loaded primary audio interface from Grouper audio HW HAL (audio) handle 1
12-14 15:12:28.408  1690  1690 I AudioFlinger: HAL output buffer size 512 frames, normal sink buffer size 1024 frames
12-14 15:12:28.409  1957  1957 I SystemServiceManager: Starting com.android.server.webkit.WebViewUpdateService
12-14 15:12:28.410  1957  1957 I SystemServer: Reading configuration...
12-14 15:12:28.410  1957  1957 I SystemServer: Scheduling Policy
12-14 15:12:28.411  1957  1957 I SystemServiceManager: Starting com.android.server.telecom.TelecomLoaderService
12-14 15:12:28.411  1957  1957 I SystemServer: Telephony Registry
12-14 15:12:28.411  1690  1690 I AudioMixer: found effect "Multichannel Downmix To Stereo" from The Android Open Source Project
12-14 15:12:28.411  1690  1690 E MonoPipe: Failed to fetch local time frequency when constructing a MonoPipe (res = -32).  getNextWriteTimestamp calls will be non-functional
12-14 15:12:28.412  1690  1690 I AudioFlinger: Using module 1 has the primary audio interface
12-14 15:12:28.412  1690  1993 I AudioFlinger: AudioFlinger's thread 0xf58a4000 ready to run
12-14 15:12:28.412  1690  1994 I AudioFlinger: AudioFlinger's thread 0xf593a000 ready to run
12-14 15:12:28.413  1957  1957 I SystemServer: Entropy Mixer
12-14 15:12:28.413  1690  1690 D BlueZ   : external/bluetooth/bluez/android/hal-audio.c:audio_open() 
12-14 15:12:28.413  1690  1690 D BlueZ   : external/bluetooth/bluez/android/hal-audio.c:audio_ipc_init() 
12-14 15:12:28.413  1690  1995 D BlueZ   : external/bluetooth/bluez/android/hal-audio.c:ipc_handler() 
12-14 15:12:28.413  1690  1995 D BlueZ   : external/bluetooth/bluez/android/hal-audio.c:ipc_handler() Waiting for connection ...
12-14 15:12:28.413  1690  1690 E BlueZ   : APTX: failed to open library libbt-aptx.so (dlopen failed: library "libbt-aptx.so" not found)
12-14 15:12:28.413  1690  1690 D BlueZ   : external/bluetooth/bluez/android/hal-audio.c:audio_init_check() 
12-14 15:12:28.413  1690  1690 D BlueZ   : external/bluetooth/bluez/android/hal-audio.c:audio_set_master_volume() 
12-14 15:12:28.413  1690  1690 D BlueZ   : external/bluetooth/bluez/android/hal-audio.c:set_master_mute() 
12-14 15:12:28.413  1690  1690 I AudioFlinger: loadHwModule() Loaded a2dp audio interface from A2DP Bluez HW HAL (audio) handle 4
12-14 15:12:28.414  1690  1690 I AudioFlinger: loadHwModule() Loaded usb audio interface from USB audio HW HAL (audio) handle 5
12-14 15:12:28.414  1957  1957 I EntropyMixer: Writing entropy...
12-14 15:12:28.414  1690  1690 E SoundTriggerHwService: couldn't load sound trigger module sound_trigger.primary (No such file or directory)
12-14 15:12:28.436  1957  1957 I SystemServer: Account Manager
12-14 15:12:28.439  1957  1957 I SystemServer: Content Manager
12-14 15:12:28.441  1957  1957 I SystemServer: System Content Providers
12-14 15:12:28.454  1957  1957 I SystemServer: Vibrator Service
12-14 15:12:28.455  1957  1957 I SystemServer: Consumer IR Service
12-14 15:12:28.455  1957  1957 E ConsumerIrService: Can't open consumer IR HW Module, error: -2
12-14 15:12:28.455  1957  1957 I SystemServiceManager: Starting com.android.server.AlarmManagerService
12-14 15:12:28.462  1957  1957 I SystemServer: Init Watchdog
12-14 15:12:28.462  1957  1957 I SystemServer: Input Manager
12-14 15:12:28.463  1957  1957 I InputManager: Initializing input manager, mUseDevInputEventForAudioJack=true
12-14 15:12:28.464  1957  1957 I SystemServer: Window Manager
12-14 15:12:28.476  1957  1983 I WindowManager: No existing display settings /data/system/display_settings.xml; starting empty
12-14 15:12:28.477  1682  1728 D PermissionCache: checking android.permission.ACCESS_SURFACE_FLINGER for uid=1000 => granted (612 us)
12-14 15:12:28.492  1957  1957 I InputManager: Starting input manager
12-14 15:12:28.493  1957  1957 I SystemServer: Bluetooth Manager Service
12-14 15:12:28.493  1957  2000 D EventHub: No input device configuration file found for device 'Android Power Button'.
12-14 15:12:28.495  1957  1957 D BluetoothManagerService: Loading stored name and address
12-14 15:12:28.496  1957  1957 D BluetoothManagerService: Stored bluetooth Name=2356BP4,Address=08:3E:8E:E2:02:8B
12-14 15:12:28.496  1957  1957 I SystemServer: Input Method Service
12-14 15:12:28.496  1957  2000 W EventHub: Unable to disable kernel key repeat for /dev/input/event16: Function not implemented
12-14 15:12:28.496  1957  2000 I EventHub: New device: id=1, fd=76, path='/dev/input/event16', name='Android Power Button', classes=0x1, configuration='', keyLayout='/system/usr/keylayout/Generic.kl', keyCharacterMap='/system/usr/keychars/Generic.kcm', builtinKeyboard=false, wakeMechanism=EPOLLWAKEUP, usingClockIoctl=true
12-14 15:12:28.496  1957  2000 I EventHub: ignoring event id /dev/input/event2 driver Power Button
12-14 15:12:28.499  1957  1957 W InputMethodManagerService: Couldn't create dir.: /data/system/inputmethod
12-14 15:12:28.503  1957  2000 D EventHub: No input device configuration file found for device 'Sleep Button'.
12-14 15:12:28.505  1957  2000 W EventHub: Unable to disable kernel key repeat for /dev/input/event1: Function not implemented
12-14 15:12:28.505  1957  2000 I EventHub: New device: id=2, fd=78, path='/dev/input/event1', name='Sleep Button', classes=0x1, configuration='', keyLayout='/system/usr/keylayout/Generic.kl', keyCharacterMap='/system/usr/keychars/Generic.kcm', builtinKeyboard=false, wakeMechanism=EPOLLWAKEUP, usingClockIoctl=true
12-14 15:12:28.505  1957  2000 D EventHub: No input device configuration file found for device 'Lid Switch'.
12-14 15:12:28.505  1957  2000 I EventHub: New device: id=3, fd=79, path='/dev/input/event0', name='Lid Switch', classes=0x80, configuration='', keyLayout='', keyCharacterMap='', builtinKeyboard=false, wakeMechanism=EPOLLWAKEUP, usingClockIoctl=true
12-14 15:12:28.505  1957  2000 D EventHub: No input device configuration file found for device 'Video Bus'.
12-14 15:12:28.507  1957  2000 W EventHub: Unable to disable kernel key repeat for /dev/input/event5: Function not implemented
12-14 15:12:28.507  1957  2000 I EventHub: New device: id=4, fd=80, path='/dev/input/event5', name='Video Bus', classes=0x1, configuration='', keyLayout='/system/usr/keylayout/Generic.kl', keyCharacterMap='/system/usr/keychars/Generic.kcm', builtinKeyboard=false, wakeMechanism=EPOLLWAKEUP, usingClockIoctl=true
12-14 15:12:28.507  1957  2000 D EventHub: No input device configuration file found for device 'PC Speaker'.
12-14 15:12:28.507  1957  1957 I SystemServer: Accessibility Manager
12-14 15:12:28.510  1957  1957 I ActivityManager: Config changes=1df8 {1.0 ?mcc?mnc en_US ?layoutDir sw900dp w1600dp h900dp 160dpi xlrg long land ?uimode ?night -touch -keyb/v/h -nav/h s.2}
12-14 15:12:28.517  1957  1977 I UsageStatsService: User[0] Rollover scheduled @ 2015-12-15 00:00:00(1450137600000)
12-14 15:12:28.519  1957  2000 D EventHub: No input device configuration file found for device 'ThinkPad Extra Buttons'.
12-14 15:12:28.521  1957  2000 W EventHub: Unable to disable kernel key repeat for /dev/input/event4: Function not implemented
12-14 15:12:28.521  1957  2000 I EventHub: New device: id=6, fd=81, path='/dev/input/event4', name='ThinkPad Extra Buttons', classes=0x81, configuration='', keyLayout='/system/usr/keylayout/Generic.kl', keyCharacterMap='/system/usr/keychars/Generic.kcm', builtinKeyboard=false, wakeMechanism=EPOLLWAKEUP, usingClockIoctl=true
12-14 15:12:28.521  1957  2000 E EventHub: could not get driver version for /dev/input/mouse0, Not a typewriter
12-14 15:12:28.532  1957  2000 I EventHub: New device: id=7, fd=82, path='/dev/input/event15', name='SynPS/2 Synaptics TouchPad', classes=0x14, configuration='/system/usr/idc/SynPS_2_Synaptics_TouchPad.idc', keyLayout='', keyCharacterMap='', builtinKeyboard=false, wakeMechanism=EPOLLWAKEUP, usingClockIoctl=true
12-14 15:12:28.532  1957  2000 D EventHub: No input device configuration file found for device 'AT Translated Set 2 keyboard'.
12-14 15:12:28.532  1957  1957 I ActivityManager: Config changes=400 {1.0 ?mcc?mnc en_US ?layoutDir sw900dp w1600dp h827dp 160dpi xlrg long land ?uimode ?night -touch -keyb/v/h -nav/h s.3}
12-14 15:12:28.532  1957  1957 I SystemServer: Mount Service
12-14 15:12:28.533  1957  2000 I EventHub: New device: id=8, fd=83, path='/dev/input/event3', name='AT Translated Set 2 keyboard', classes=0x3, configuration='', keyLayout='/system/usr/keylayout/Generic.kl', keyCharacterMap='/system/usr/keychars/Generic.kcm', builtinKeyboard=false, wakeMechanism=EPOLLWAKEUP, usingClockIoctl=true
12-14 15:12:28.533  1957  2000 E EventHub: could not get driver version for /dev/input/mice, Not a typewriter
12-14 15:12:28.534  1957  1957 D MountService: got storage path: null description: Internal storage primary: true removable: false emulated: true mtpReserve: 100 allowMassStorage: false maxFileSize: 0
12-14 15:12:28.534  1957  1957 D MountService: addVolumeLocked() StorageVolume:
12-14 15:12:28.534  1957  1957 D MountService:     mStorageId=65537 mPath=/storage/emulated/0 mDescriptionId=17040805 
12-14 15:12:28.534  1957  1957 D MountService:     mPrimary=true mRemovable=false mEmulated=true mMtpReserveSpace=100 
12-14 15:12:28.534  1957  1957 D MountService:     mAllowMassStorage=false mMaxFileSize=0 mOwner=UserHandle{0} mUuid=null 
12-14 15:12:28.534  1957  1957 D MountService:     mUserLabel=null mState=null 
12-14 15:12:28.534  1957  1957 D MountService: got storage path: /storage/sdcard1 description: SD card primary: false removable: true emulated: false mtpReserve: 0 allowMassStorage: false maxFileSize: 4294967296
12-14 15:12:28.534  1957  1957 D MountService: addVolumeLocked() StorageVolume:
12-14 15:12:28.534  1957  1957 D MountService:     mStorageId=0 mPath=/storage/sdcard1 mDescriptionId=17040806 mPrimary=false 
12-14 15:12:28.534  1957  1957 D MountService:     mRemovable=true mEmulated=false mMtpReserveSpace=0 mAllowMassStorage=false 
12-14 15:12:28.534  1957  1957 D MountService:     mMaxFileSize=4294967296 mOwner=null mUuid=null mUserLabel=null mState=null 
12-14 15:12:28.534  1957  1957 D MountService: got storage path: /storage/usb0 description: USB storage primary: false removable: true emulated: false mtpReserve: 0 allowMassStorage: false maxFileSize: 4294967296
12-14 15:12:28.534  1957  1957 D MountService: addVolumeLocked() StorageVolume:
12-14 15:12:28.534  1957  1957 D MountService:     mStorageId=0 mPath=/storage/usb0 mDescriptionId=17040807 mPrimary=false 
12-14 15:12:28.534  1957  1957 D MountService:     mRemovable=true mEmulated=false mMtpReserveSpace=0 mAllowMassStorage=false 
12-14 15:12:28.534  1957  1957 D MountService:     mMaxFileSize=4294967296 mOwner=null mUuid=null mUserLabel=null mState=null 
12-14 15:12:28.534  1957  1957 D MountService: got storage path: /storage/usb1 description: USB storage primary: false removable: true emulated: false mtpReserve: 0 allowMassStorage: false maxFileSize: 4294967296
12-14 15:12:28.534  1957  1957 D MountService: addVolumeLocked() StorageVolume:
12-14 15:12:28.534  1957  1957 D MountService:     mStorageId=0 mPath=/storage/usb1 mDescriptionId=17040807 mPrimary=false 
12-14 15:12:28.534  1957  1957 D MountService:     mRemovable=true mEmulated=false mMtpReserveSpace=0 mAllowMassStorage=false 
12-14 15:12:28.534  1957  1957 D MountService:     mMaxFileSize=4294967296 mOwner=null mUuid=null mUserLabel=null mState=null 
12-14 15:12:28.534  1957  1957 D MountService: got storage path: /storage/usb2 description: USB storage primary: false removable: true emulated: false mtpReserve: 0 allowMassStorage: false maxFileSize: 4294967296
12-14 15:12:28.534  1957  1957 D MountService: addVolumeLocked() StorageVolume:
12-14 15:12:28.534  1957  1957 D MountService:     mStorageId=0 mPath=/storage/usb2 mDescriptionId=17040807 mPrimary=false 
12-14 15:12:28.534  1957  1957 D MountService:     mRemovable=true mEmulated=false mMtpReserveSpace=0 mAllowMassStorage=false 
12-14 15:12:28.534  1957  1957 D MountService:     mMaxFileSize=4294967296 mOwner=null mUuid=null mUserLabel=null mState=null 
12-14 15:12:28.534  1957  1957 D MountService: got storage path: /storage/usb3 description: USB storage primary: false removable: true emulated: false mtpReserve: 0 allowMassStorage: false maxFileSize: 4294967296
12-14 15:12:28.534  1957  1957 D MountService: addVolumeLocked() StorageVolume:
12-14 15:12:28.534  1957  1957 D MountService:     mStorageId=0 mPath=/storage/usb3 mDescriptionId=17040807 mPrimary=false 
12-14 15:12:28.534  1957  1957 D MountService:     mRemovable=true mEmulated=false mMtpReserveSpace=0 mAllowMassStorage=false 
12-14 15:12:28.534  1957  1957 D MountService:     mMaxFileSize=4294967296 mOwner=null mUuid=null mUserLabel=null mState=null 
12-14 15:12:28.537  1957  1957 I SystemServer: LockSettingsService
12-14 15:12:28.538  1957  2003 D MountService: volume state changed for /storage/usb0 (unmounted -> removed)
12-14 15:12:28.538  1957  2003 D MountService: volume state changed for /storage/usb1 (unmounted -> removed)
12-14 15:12:28.538  1957  2003 D MountService: volume state changed for /storage/usb2 (unmounted -> removed)
12-14 15:12:28.538  1957  2003 D MountService: volume state changed for /storage/usb3 (unmounted -> removed)
12-14 15:12:28.538  1957  1957 I SystemServiceManager: Starting com.android.server.devicepolicy.DevicePolicyManagerService$Lifecycle
12-14 15:12:28.539  1957  2003 I PackageManager: No secure containers found
12-14 15:12:28.539  1957  2003 W PackageManager: Unknown permission com.google.android.googleapps.permission.GOOGLE_AUTH in package com.android.providers.calendar
12-14 15:12:28.539  1957  2003 W PackageManager: Unknown permission com.google.android.googleapps.permission.GOOGLE_AUTH.cl in package com.android.providers.calendar
12-14 15:12:28.539  1957  2003 W PackageManager: Not granting permission android.permission.GLOBAL_SEARCH to package com.android.quicksearchbox (protectionLevel=18 flags=0x8be45)
12-14 15:12:28.539  1957  2003 W PackageManager: Not granting permission android.permission.ACCESS_DOWNLOAD_MANAGER to package com.android.browser (protectionLevel=18 flags=0x9be45)
12-14 15:12:28.539  1957  2003 W PackageManager: Not granting permission android.permission.SEND_DOWNLOAD_COMPLETED_INTENTS to package com.android.browser (protectionLevel=2 flags=0x9be45)
12-14 15:12:28.539  1957  2003 W PackageManager: Not granting permission android.permission.BIND_WALLPAPER to package com.android.camera2 (protectionLevel=18 flags=0x58bc45)
12-14 15:12:28.539  1957  2003 W PackageManager: Unknown permission android.permission.INSTALL_DRM in package com.android.mms
12-14 15:12:28.539  1957  2003 W PackageManager: Not granting permission android.permission.BIND_APPWIDGET to package com.android.launcher3 (protectionLevel=18 flags=0x483e45)
12-14 15:12:28.539  1957  2003 W PackageManager: Unknown permission com.android.launcher.permission.READ_SETTINGS in package com.android.launcher3
12-14 15:12:28.539  1957  2003 W PackageManager: Unknown permission com.android.launcher.permission.WRITE_SETTINGS in package com.android.launcher3
12-14 15:12:28.539  1957  2003 W PackageManager: Unknown permission com.google.android.googleapps.permission.GOOGLE_AUTH.mail in package com.android.calendar
12-14 15:12:28.539  1957  2003 W PackageManager: Unknown permission com.android.launcher.permission.READ_SETTINGS in package com.android.onetimeinitializer
12-14 15:12:28.539  1957  2003 W PackageManager: Unknown permission com.android.launcher.permission.WRITE_SETTINGS in package com.android.onetimeinitializer
12-14 15:12:28.539  1957  2003 W PackageManager: Not granting permission android.permission.DELETE_PACKAGES to package com.svox.pico (protectionLevel=18 flags=0x8be45)
12-14 15:12:28.539  1957  2003 W PackageManager: Unknown permission com.cyanogenmod.filemanager.permissions.READ_THEME in package com.cyanogenmod.filemanager
12-14 15:12:28.539  1957  2003 W PackageManager: Unknown permission com.google.android.googleapps.permission.GOOGLE_AUTH in package com.android.settings
12-14 15:12:28.539  1957  2003 W PackageManager: Unknown permission com.android.launcher.permission.READ_SETTINGS in package com.android.settings
12-14 15:12:28.539  1957  2003 W PackageManager: Unknown permission com.android.launcher.permission.WRITE_SETTINGS in package com.android.settings
12-14 15:12:28.539  1957  2003 W PackageManager: Unknown permission com.android.smspush.WAPPUSH_MANAGER_BIND in package com.android.phone
12-14 15:12:28.539  1957  2003 W PackageManager: Not granting permission android.permission.DEVICE_POWER to package com.android.deskclock (protectionLevel=2 flags=0x48be45)
12-14 15:12:28.540  1957  2003 W PackageManager: Unknown permission com.google.android.gallery3d.permission.GALLERY_PROVIDER in package com.android.bluetooth
12-14 15:12:28.540  1957  2003 W PackageManager: Unknown permission com.google.android.googleapps.permission.ACCESS_GOOGLE_PASSWORD in package com.android.development
12-14 15:12:28.540  1957  2003 W PackageManager: Unknown permission com.google.android.googleapps.permission.GOOGLE_AUTH in package com.android.development
12-14 15:12:28.540  1957  2003 W PackageManager: Unknown permission com.google.android.googleapps.permission.GOOGLE_AUTH.ALL_SERVICES in package com.android.development
12-14 15:12:28.540  1957  2003 W PackageManager: Unknown permission com.google.android.googleapps.permission.GOOGLE_AUTH.YouTubeUser in package com.android.development
12-14 15:12:28.549  1957  2000 D EventHub: No input device configuration file found for device 'HDA Intel PCH HDMI/DP,pcm=8'.
12-14 15:12:28.549  1957  2000 I EventHub: New device: id=9, fd=77, path='/dev/input/event12', name='HDA Intel PCH HDMI/DP,pcm=8', classes=0x80, configuration='', keyLayout='', keyCharacterMap='', builtinKeyboard=false, wakeMechanism=EPOLLWAKEUP, usingClockIoctl=true
12-14 15:12:28.550  1957  2000 D EventHub: No input device configuration file found for device 'HDA Intel PCH HDMI/DP,pcm=7'.
12-14 15:12:28.550  1957  2000 I EventHub: New device: id=10, fd=89, path='/dev/input/event11', name='HDA Intel PCH HDMI/DP,pcm=7', classes=0x80, configuration='', keyLayout='', keyCharacterMap='', builtinKeyboard=false, wakeMechanism=EPOLLWAKEUP, usingClockIoctl=true
12-14 15:12:28.550  1957  2000 D EventHub: No input device configuration file found for device 'HDA Intel PCH HDMI/DP,pcm=3'.
12-14 15:12:28.550  1957  2000 I EventHub: New device: id=11, fd=90, path='/dev/input/event10', name='HDA Intel PCH HDMI/DP,pcm=3', classes=0x80, configuration='', keyLayout='', keyCharacterMap='', builtinKeyboard=false, wakeMechanism=EPOLLWAKEUP, usingClockIoctl=true
12-14 15:12:28.550  1957  2000 D EventHub: No input device configuration file found for device 'HDA Intel PCH Dock Headphone'.
12-14 15:12:28.550  1957  2000 I EventHub: New device: id=12, fd=91, path='/dev/input/event9', name='HDA Intel PCH Dock Headphone', classes=0x80, configuration='', keyLayout='', keyCharacterMap='', builtinKeyboard=false, wakeMechanism=EPOLLWAKEUP, usingClockIoctl=true
12-14 15:12:28.550  1957  2000 D EventHub: No input device configuration file found for device 'HDA Intel PCH Headphone'.
12-14 15:12:28.550  1957  2000 I EventHub: New device: id=13, fd=92, path='/dev/input/event8', name='HDA Intel PCH Headphone', classes=0x80, configuration='', keyLayout='', keyCharacterMap='', builtinKeyboard=false, wakeMechanism=EPOLLWAKEUP, usingClockIoctl=true
12-14 15:12:28.550  1957  2000 D EventHub: No input device configuration file found for device 'HDA Intel PCH Dock Mic'.
12-14 15:12:28.550  1957  2000 I EventHub: New device: id=14, fd=93, path='/dev/input/event7', name='HDA Intel PCH Dock Mic', classes=0x80, configuration='', keyLayout='', keyCharacterMap='', builtinKeyboard=false, wakeMechanism=EPOLLWAKEUP, usingClockIoctl=true
12-14 15:12:28.550  1957  2000 D EventHub: No input device configuration file found for device 'HDA Intel PCH Mic'.
12-14 15:12:28.550  1957  2000 I EventHub: New device: id=15, fd=94, path='/dev/input/event6', name='HDA Intel PCH Mic', classes=0x80, configuration='', keyLayout='', keyCharacterMap='', builtinKeyboard=false, wakeMechanism=EPOLLWAKEUP, usingClockIoctl=true
12-14 15:12:28.550  1957  2000 D EventHub: No input device configuration file found for device 'Integrated Camera'.
12-14 15:12:28.551  1957  2000 W EventHub: Unable to disable kernel key repeat for /dev/input/event14: Function not implemented
12-14 15:12:28.551  1957  2000 I EventHub: New device: id=16, fd=95, path='/dev/input/event14', name='Integrated Camera', classes=0x80000001, configuration='', keyLayout='/system/usr/keylayout/Generic.kl', keyCharacterMap='/system/usr/keychars/Generic.kcm', builtinKeyboard=false, wakeMechanism=EPOLLWAKEUP, usingClockIoctl=true
12-14 15:12:28.553  1957  2000 I InputReader: Device added: id=-1, name='Virtual', sources=0x00000301
12-14 15:12:28.553  1957  2000 I InputReader: Device added: id=16, name='Integrated Camera', sources=0x00000101
12-14 15:12:28.553  1957  2000 I InputReader: Device added: id=15, name='HDA Intel PCH Mic', sources=0x80000000
12-14 15:12:28.553  1957  2000 I InputReader: Device added: id=14, name='HDA Intel PCH Dock Mic', sources=0x80000000
12-14 15:12:28.553  1957  2000 I InputReader: Device added: id=13, name='HDA Intel PCH Headphone', sources=0x80000000
12-14 15:12:28.553  1957  2000 I InputReader: Device added: id=12, name='HDA Intel PCH Dock Headphone', sources=0x80000000
12-14 15:12:28.553  1957  2000 I InputReader: Device added: id=11, name='HDA Intel PCH HDMI/DP,pcm=3', sources=0x80000000
12-14 15:12:28.553  1957  2000 I InputReader: Device added: id=10, name='HDA Intel PCH HDMI/DP,pcm=7', sources=0x80000000
12-14 15:12:28.553  1957  2000 I InputReader: Device added: id=9, name='HDA Intel PCH HDMI/DP,pcm=8', sources=0x80000000
12-14 15:12:28.553  1957  2000 I InputReader: Device added: id=8, name='AT Translated Set 2 keyboard', sources=0x00000101
12-14 15:12:28.554  1957  2000 I InputReader:   Touch device 'SynPS/2 Synaptics TouchPad' could not query the properties of its associated display.  The device will be inoperable until the display size becomes available.
12-14 15:12:28.554  1957  2000 I InputReader: Device added: id=7, name='SynPS/2 Synaptics TouchPad', sources=0x00002002
12-14 15:12:28.554  1957  2000 I InputReader: Device added: id=6, name='ThinkPad Extra Buttons', sources=0x80000101
12-14 15:12:28.554  1957  2000 I InputReader: Device added: id=4, name='Video Bus', sources=0x00000101
12-14 15:12:28.554  1957  2000 I InputReader: Device added: id=3, name='Lid Switch', sources=0x80000000
12-14 15:12:28.554  1957  2000 I InputReader: Device added: id=2, name='Sleep Button', sources=0x00000101
12-14 15:12:28.554  1957  2000 I InputReader: Device added: id=1, name='Android Power Button', sources=0x00000101
12-14 15:12:28.554  1957  2000 I InputReader: Reconfiguring input devices.  changes=0x00000004
12-14 15:12:28.556  1957  2000 I InputReader: Device reconfigured: id=7, name='SynPS/2 Synaptics TouchPad', size 1600x900, orientation 0, mode 4, display id 0
12-14 15:12:28.556  1957  1999 I ActivityManager: Config changes=30 {1.0 ?mcc?mnc en_US ?layoutDir sw900dp w1600dp h827dp 160dpi xlrg long land ?uimode ?night -touch qwerty/v/v -nav/h s.4}
12-14 15:12:28.573  1957  1957 I SystemServer: Status Bar
12-14 15:12:28.574  1957  1957 I SystemServer: Clipboard Service
12-14 15:12:28.575  1957  1957 I SystemServer: NetworkManagement Service
12-14 15:12:28.577  1957  1957 I SystemServer: Text Service Manager Service
12-14 15:12:28.580  1957  1957 I SystemServer: Network Score Service
12-14 15:12:28.581  1957  1957 I SystemServer: NetworkStats Service
12-14 15:12:28.585  1957  1957 I SystemServer: NetworkPolicy Service
12-14 15:12:28.590  1957  1957 I SystemServiceManager: Starting com.android.server.wifi.p2p.WifiP2pService
12-14 15:12:28.600  1957  1957 I WifiP2pService: Registering wifip2p
12-14 15:12:28.601  1957  1957 I SystemServiceManager: Starting com.android.server.wifi.WifiService
12-14 15:12:28.644  1957  1957 E WifiConfigStore: associatedPartialScanPeriodMilli set to 20000
12-14 15:12:28.650  1957  1957 D WifiController: isAirplaneModeOn = false, isWifiEnabled = false, isScanningAvailable = false
12-14 15:12:28.650  1957  1957 I WifiService: Registering wifi
12-14 15:12:28.651  1957  1957 I SystemServiceManager: Starting com.android.server.wifi.WifiScanningService
12-14 15:12:28.651  1957  1957 I WifiScanningService: Creating wifiscanner
12-14 15:12:28.651  1957  1957 I WifiScanningService: Starting wifiscanner
12-14 15:12:28.651  1957  1957 I SystemServiceManager: Starting com.android.server.wifi.RttService
12-14 15:12:28.651  1957  1957 I RttService: Creating rttmanager
12-14 15:12:28.651  1957  1957 I RttService: Starting rttmanager
12-14 15:12:28.652  1957  1957 I SystemServiceManager: Starting com.android.server.ethernet.EthernetService
12-14 15:12:28.653  1957  1957 I EthernetServiceImpl: Creating EthernetConfigStore
12-14 15:12:28.653  1957  1957 E IpConfigStore: Error parsing configuration: java.io.FileNotFoundException: /data/misc/ethernet/ipconfig.txt: open failed: ENOENT (No such file or directory)
12-14 15:12:28.653  1957  1957 W EthernetConfigStore: No Ethernet configuration found. Using default.
12-14 15:12:28.653  1957  1957 I EthernetServiceImpl: Read stored IP configuration: IP assignment: DHCP
12-14 15:12:28.653  1957  1957 I EthernetServiceImpl: Proxy settings: NONE
12-14 15:12:28.653  1957  1957 I EthernetService: Registering service ethernet
12-14 15:12:28.654  1957  1957 I SystemServer: Connectivity Service
12-14 15:12:28.655  1957  1957 D ConnectivityService: ConnectivityService starting up
12-14 15:12:28.656  1957  1957 D ConnectivityService: wifiOnly=false
12-14 15:12:28.656  1957  1957 E ConnectivityService: Ignoring protectedNetwork 14
12-14 15:12:28.656  1957  1957 E ConnectivityService: Ignoring protectedNetwork 15
12-14 15:12:28.660  1957  1957 I SystemServer: Network Service Discovery Service
12-14 15:12:28.661  1957  1957 D NsdService: Network service discovery enabled true
12-14 15:12:28.662  1957  1957 I SystemServer: UpdateLock Service
12-14 15:12:28.706  1957  1957 I SystemServiceManager: Starting com.android.server.notification.NotificationManagerService
12-14 15:12:28.716  1957  1957 D ZenLog  : set_zen_mode: off,setting
12-14 15:12:28.717  1957  1957 I SystemServiceManager: Starting com.android.server.storage.DeviceStorageMonitorService
12-14 15:12:28.718  1957  1957 I SystemServer: Location Manager
12-14 15:12:28.720  1957  1957 I SystemServer: Country Detector
12-14 15:12:28.720  1957  1957 I SystemServer: Search Service
12-14 15:12:28.721  1957  1957 I SystemServer: DropBox Service
12-14 15:12:28.722  1957  1957 I SystemServer: Wallpaper Service
12-14 15:12:28.723  1957  1957 I SystemServer: Audio Service
12-14 15:12:28.727  1957  1957 W TelecomManager: Telecom Service not found.
12-14 15:12:28.728  1690  1690 D BlueZ   : external/bluetooth/bluez/android/hal-audio.c:audio_set_mic_mute() 
12-14 15:12:28.733  1957  1957 I SystemServiceManager: Starting com.android.server.DockObserver
12-14 15:12:28.733  1957  1957 W DockObserver: This kernel does not have dock station support
12-14 15:12:28.734  1957  1957 I SystemServer: Wired Accessory Manager
12-14 15:12:28.734  1957  1957 W WiredAccessoryManager: This kernel does not have usb audio support
12-14 15:12:28.734  1957  1957 W WiredAccessoryManager: This kernel does not have HDMI audio support
12-14 15:12:28.735  1957  1957 I SystemServiceManager: Starting com.android.server.usb.UsbService$Lifecycle
12-14 15:12:28.736  1957  1957 I SystemServer: Serial Service
12-14 15:12:28.737  1957  1957 I SystemServiceManager: Starting com.android.server.twilight.TwilightService
12-14 15:12:28.738  1957  1957 I SystemServiceManager: Starting com.android.server.UiModeManagerService
12-14 15:12:28.739  1957  1957 I SystemServiceManager: Starting com.android.server.job.JobSchedulerService
12-14 15:12:28.741  1957  1957 I SystemServiceManager: Starting com.android.server.backup.BackupManagerService$Lifecycle
12-14 15:12:28.742  1957  1957 I SystemServiceManager: Starting com.android.server.appwidget.AppWidgetService
12-14 15:12:28.743  1957  1957 I SystemServiceManager: Starting com.android.server.voiceinteraction.VoiceInteractionManagerService
12-14 15:12:28.745  1957  1957 W SoundTriggerHelper: listModules status=0, # of modules=0
12-14 15:12:28.745  1957  1957 I SystemServer: DiskStats Service
12-14 15:12:28.745  1957  1957 I SystemServer: SamplingProfiler Service
12-14 15:12:28.755  1957  1957 I SystemServer: NetworkTimeUpdateService
12-14 15:12:28.755  1957  1957 I SystemServer: CommonTimeManagementService
12-14 15:12:28.756  1957  1957 I SystemServer: CertBlacklister
12-14 15:12:28.757  1957  1957 I SystemServiceManager: Starting com.android.server.dreams.DreamManagerService
12-14 15:12:28.758  1957  1957 I SystemServer: Assets Atlas Service
12-14 15:12:28.759  1957  1957 I SystemServiceManager: Starting com.android.server.print.PrintManagerService
12-14 15:12:28.760  1957  2017 D AssetAtlas: Loaded configuration: SliceMinArea (768x768) flags=0x2 count=446
12-14 15:12:28.760  1957  1957 I SystemServiceManager: Starting com.android.server.restrictions.RestrictionsManagerService
12-14 15:12:28.761  1957  1957 I SystemServiceManager: Starting com.android.server.media.MediaSessionService
12-14 15:12:28.763  1957  1957 I SystemServer: Media Router Service
12-14 15:12:28.763  1957  1957 I SystemServiceManager: Starting com.android.server.trust.TrustManagerService
12-14 15:12:28.764  1957  1957 I SystemServiceManager: Starting com.android.server.fingerprint.FingerprintService
12-14 15:12:28.764  1957  1957 V Fingerprint-JNI: nativeInit()
12-14 15:12:28.764  1957  1957 V Fingerprint-JNI: nativeOpenHal()
12-14 15:12:28.764  1957  1957 E Fingerprint-JNI: Can't open fingerprint HW Module, error: -2
12-14 15:12:28.764  1957  1957 I SystemServer: BackgroundDexOptService
12-14 15:12:28.765  1957  2017 I GRALLOC-DRM: create intel for driver i915
12-14 15:12:28.765  1957  1957 I SystemServiceManager: Starting com.android.server.pm.LauncherAppsService
12-14 15:12:28.766  1957  1957 I SystemServiceManager: Starting com.android.server.media.projection.MediaProjectionManagerService
12-14 15:12:28.772  1957  2017 I EGL-DRI2: DRI2: found extension DRI_Core version 1
12-14 15:12:28.772  1957  2017 I EGL-DRI2: DRI2: found extension DRI_DRI2 version 4
12-14 15:12:28.773  1957  1957 I WindowManager: SAFE MODE not enabled
12-14 15:12:28.773  1957  1957 I SystemServiceManager: Starting com.android.server.MmsServiceBroker
12-14 15:12:28.782  1957  2017 I EGL-DRI2: DRI2: found extension DRI_TexBuffer version 3
12-14 15:12:28.782  1957  2017 I EGL-DRI2: DRI2: found extension DRI2_Flush version 4
12-14 15:12:28.782  1957  2017 I EGL-DRI2: DRI2: found extension DRI_IMAGE version 11
12-14 15:12:28.784  1957  1957 E SQLiteLog: (283) recovered 16 frames from WAL file /data/system/locksettings.db-wal
12-14 15:12:28.785  1957  1957 E LockSettingsStorage: Cannot read file java.io.FileNotFoundException: /data/system/password.key: open failed: ENOENT (No such file or directory)
12-14 15:12:28.785  1957  1957 E LockSettingsStorage: Cannot read file java.io.FileNotFoundException: /data/system/gesture.key: open failed: ENOENT (No such file or directory)
12-14 15:12:28.785  1957  1957 I SystemServiceManager: Starting phase 480
12-14 15:12:28.787  1957  1957 I SystemServiceManager: Starting phase 500
12-14 15:12:28.788  1957  1957 I WifiService: WifiService starting up with Wi-Fi disabled
12-14 15:12:28.789  1957  2017 D AssetAtlas: Rendered atlas in 21.83ms (3.84+17.99ms)
12-14 15:12:28.790  1957  2009 D WifiService: New client listening to asynchronous messages
12-14 15:12:28.790  1957  1957 I WifiScanningService: Registering wifiscanner
12-14 15:12:28.791  1957  1957 D WifiScanningService: New client, channel: null messenger: null
12-14 15:12:28.792  1957  1957 I RttService: Registering rttmanager
12-14 15:12:28.792  1957  2020 D WifiChangeStateMachine: Entering IdleState
12-14 15:12:28.792  1957  2020 D WifiScanningService: DefaultState
12-14 15:12:28.792  1957  1957 I EthernetServiceImpl: Starting Ethernet service
12-14 15:12:28.793  1957  1957 D Ethernet: Registering NetworkFactory
12-14 15:12:28.793  1957  2010 D ConnectivityService: Got NetworkFactory Messenger for Ethernet
12-14 15:12:28.793  1957  2022 D Ethernet: got request NetworkRequest [ id=1, legacyType=-1, [ Capabilities: INTERNET&NOT_RESTRICTED&TRUSTED&NOT_VPN] ] with score 0
12-14 15:12:28.793  1957  1957 D EthernetNetworkFactory: Started tracking interface eth0
12-14 15:12:28.794  1685  1944 D CommandListener: Setting iface cfg
12-14 15:12:28.794  1685  1944 D CommandListener: Trying to bring up eth0
12-14 15:12:28.819  1957  2000 E EventHub: could not get driver version for /dev/input/mouse1, Not a typewriter
12-14 15:12:28.829  1957  2000 D EventHub: No input device configuration file found for device 'TPPS/2 IBM TrackPoint'.
12-14 15:12:28.829  1957  2000 I EventHub: New device: id=17, fd=139, path='/dev/input/event17', name='TPPS/2 IBM TrackPoint', classes=0x8, configuration='', keyLayout='', keyCharacterMap='', builtinKeyboard=false, wakeMechanism=EPOLLWAKEUP, usingClockIoctl=true
12-14 15:12:28.830  1957  2000 I InputReader: Device added: id=17, name='TPPS/2 IBM TrackPoint', sources=0x00002002
12-14 15:12:29.027  1957  1957 I ActivityManager: Config changes=200 {1.0 ?mcc?mnc en_US ?layoutDir sw900dp w1600dp h827dp 160dpi xlrg long land -touch qwerty/v/v -nav/h s.5}
12-14 15:12:29.031  1957  1957 V BackupManagerService: No ancestral data
12-14 15:12:29.032  1957  1957 D BackupManagerService: Now staging backup of com.android.browser
12-14 15:12:29.052  1957  1957 D BackupManagerService: Now staging backup of android
12-14 15:12:29.063  1957  1957 D BackupManagerService: Now staging backup of com.android.calendar
12-14 15:12:29.076  1957  1957 D BackupManagerService: Now staging backup of com.android.providers.settings
12-14 15:12:29.088  1957  1957 D BackupManagerService: Now staging backup of com.android.sharedstoragebackup
12-14 15:12:29.099  1957  1957 D BackupManagerService: Now staging backup of com.android.dialer
12-14 15:12:29.111  1957  1957 D BackupManagerService: Now staging backup of com.android.providers.userdictionary
12-14 15:12:29.124  1957  1957 V BackupManagerService: Starting with transport android/com.android.internal.backup.LocalTransport
12-14 15:12:29.124  1957  1957 V BackupManagerService: Found transports: 1
12-14 15:12:29.124  1957  1957 I BackupManagerService: Binding to transport host ComponentInfo{android/com.android.internal.backup.LocalTransportService}
12-14 15:12:29.126  1957  1957 I BackupManagerService: Found stale backup journal, scheduling
12-14 15:12:29.161  1957  1957 I AppOps  : Pruning old package media/1013: new uid=-1
12-14 15:12:29.162  1957  1957 I ActivityManager: System now ready
12-14 15:12:29.167  1957  1957 I SystemServer: Making services ready
12-14 15:12:29.167  1957  1957 I SystemServiceManager: Starting phase 550
12-14 15:12:29.168  1957  1957 I SystemServer: WebViewFactory preparation
12-14 15:12:29.179  1957  1957 I Zygote  : Process: zygote socket opened, supported ABIS: x86_64,arm64-v8a
12-14 15:12:29.189  1957  1957 I Zygote  : Process: zygote socket opened, supported ABIS: x86,armeabi-v7a,armeabi
12-14 15:12:29.225  1957  1957 I ActivityManager: Start proc 2029:WebViewLoader-x86/1037 [android.webkit.WebViewFactory$RelroFileCreator] for 
12-14 15:12:29.234  2029  2029 V WebViewFactory: RelroFileCreator (64bit = false),  32-bit lib: /system/app/webview/lib/x86/libwebviewchromium.so, 64-bit lib: /system/app/webview/lib/x86_64/libwebviewchromium.so
12-14 15:12:29.244  1957  1957 I ActivityManager: Start proc 2047:WebViewLoader-x86_64/1037 [android.webkit.WebViewFactory$RelroFileCreator] for 
12-14 15:12:29.250  2047  2047 V WebViewFactory: RelroFileCreator (64bit = true),  32-bit lib: /system/app/webview/lib/x86/libwebviewchromium.so, 64-bit lib: /system/app/webview/lib/x86_64/libwebviewchromium.so
12-14 15:12:29.252  2029  2029 I art     : System.exit called, status: 0
12-14 15:12:29.252  2029  2029 I AndroidRuntime: VM exiting with result code 0, cleanup skipped.
12-14 15:12:29.263  1957  1957 I ActivityManager: Start proc 2066:com.android.systemui/u0a13 for service com.android.systemui/.SystemUIService
12-14 15:12:29.263  1957  1957 D NetworkManagementService: not enabling bandwidth control
12-14 15:12:29.263  1957  2001 E MountService: Boot-time mount failed (-1)
12-14 15:12:29.263  1957  2001 W MountService: Duplicate state transition (mounted -> mounted) for /storage/emulated/0
12-14 15:12:29.265  2072  2072 W linker  : [vdso]: unused DT entry: type 0x6ffffef5 arg 0x160
12-14 15:12:29.266  1685  1944 I iptables: WARNING: linker: [vdso]: unused DT entry: type 0x6ffffef5 arg 0x160
12-14 15:12:29.267  2076  2076 W linker  : [vdso]: unused DT entry: type 0x6ffffef5 arg 0x160
12-14 15:12:29.267  1685  1944 I ip6tables: WARNING: linker: [vdso]: unused DT entry: type 0x6ffffef5 arg 0x160
12-14 15:12:29.268  2080  2080 W linker  : [vdso]: unused DT entry: type 0x6ffffef5 arg 0x160
12-14 15:12:29.268  1685  1944 I iptables: WARNING: linker: [vdso]: unused DT entry: type 0x6ffffef5 arg 0x160
12-14 15:12:29.276  2088  2088 W linker  : [vdso]: unused DT entry: type 0x6ffffef5 arg 0x160
12-14 15:12:29.276  1685  1944 I ip6tables: WARNING: linker: [vdso]: unused DT entry: type 0x6ffffef5 arg 0x160
12-14 15:12:29.279  2089  2089 W linker  : [vdso]: unused DT entry: type 0x6ffffef5 arg 0x160
12-14 15:12:29.279  1685  1944 I iptables: WARNING: linker: [vdso]: unused DT entry: type 0x6ffffef5 arg 0x160
12-14 15:12:29.279  2047  2047 I art     : System.exit called, status: 0
12-14 15:12:29.279  2047  2047 I AndroidRuntime: VM exiting with result code 0, cleanup skipped.
12-14 15:12:29.283  2091  2091 W linker  : [vdso]: unused DT entry: type 0x6ffffef5 arg 0x160
12-14 15:12:29.283  1685  1944 I ip6tables: WARNING: linker: [vdso]: unused DT entry: type 0x6ffffef5 arg 0x160
12-14 15:12:29.284  2066  2066 V SystemUIService: Starting SystemUI services.
