12-14 04:21:57.993  1928  1993 E WifiConfigStore: ctrl_interface=wlan0
12-14 04:21:57.993  1928  1993 E WifiConfigStore: update_config=1
12-14 04:21:57.993  1928  1993 E WifiConfigStore: eapol_version=1
12-14 04:21:57.993  1928  1993 E WifiConfigStore: ap_scan=1
12-14 04:21:57.993  1928  1993 E WifiConfigStore: fast_reauth=1
12-14 04:21:57.993  1928  1993 E WifiConfigStore: --- End wpa_supplicant.conf Contents ---
12-14 04:21:57.994  1928  1993 D WifiNative-HAL: Setting external_sim to 1
12-14 04:21:57.994  1928  1993 D WifiStateMachine: Setting OUI to DA-A1-19
12-14 04:21:57.994  1928  1993 I WifiNative-HAL: startHal
12-14 04:21:57.994  1928  1993 E wifi    : getStaticLongField sWifiHalHandle 0x7f2c791b1430
12-14 04:21:57.994  1928  1993 D wifi    : halHandle = 0x0, mVM = 0x7f2c8e07c300, mCls = 0x20106e
12-14 04:21:57.994  1928  1993 I WifiNative-HAL: Could not start hal
12-14 04:21:57.995  2208  2208 I Telephony: TtyManager: updateUiTtyMode -1 -> 0
12-14 04:21:57.995  1928  1993 I WifiNative-HAL: startHal
12-14 04:21:57.995  1928  1993 E WifiStateMachine: cancelDelayedScan -> 1
12-14 04:21:57.996  2171  2171 V JNIHelp : Registering com/google/android/gms/org/conscrypt/NativeCrypto's 240 native methods...
12-14 04:21:57.996  1928  1928 D WifiScanningService: SCAN_AVAILABLE : 3
12-14 04:21:57.996  1928  1928 D RttService: SCAN_AVAILABLE : 3
12-14 04:21:57.996  1928  2006 D RttService: DefaultState got{ when=0 what=160512 target=com.android.internal.util.StateMachine$SmHandler }
12-14 04:21:57.997  1928  1993 D WifiConfigStore: Loading config and enabling all networks 
12-14 04:21:57.997  1928  1993 E WifiConfigStore: Error parsing configuration: java.io.FileNotFoundException: /data/misc/wifi/ipconfig.txt: open failed: ENOENT (No such file or directory)
12-14 04:21:57.997  1928  1993 E WifiConfigStore: readNetworkHistory: No config file, revert to defaultjava.io.FileNotFoundException: /data/misc/wifi/networkHistory.txt: open failed: ENOENT (No such file or directory)
12-14 04:21:57.997  1928  1993 E WifiConfigStore: --- Begin wpa_supplicant.conf Contents ---
12-14 04:21:57.997  1928  1993 E WifiConfigStore: ctrl_interface=wlan0
12-14 04:21:57.997  1928  1993 E WifiConfigStore: update_config=1
12-14 04:21:57.997  1928  1993 E WifiConfigStore: eapol_version=1
12-14 04:21:57.997  1928  1993 E WifiConfigStore: ap_scan=1
12-14 04:21:57.997  1928  1993 E WifiConfigStore: fast_reauth=1
12-14 04:21:57.997  1928  1993 E WifiConfigStore: --- End wpa_supplicant.conf Contents ---
12-14 04:21:57.999  1928  1993 E native  : do suspend false
12-14 04:21:58.000  1928  2005 D WifiScanningService: DefaultState got{ when=-4ms what=160006 target=com.android.internal.util.StateMachine$SmHandler }
12-14 04:21:58.000  1928  2005 I WifiNative-HAL: startHal
12-14 04:21:58.000  1928  2005 E WifiScanningService: could not start HAL
12-14 04:21:58.004  1928  1928 D GpsLocationProvider: received SIM realted action: 
12-14 04:21:58.005  1928  1928 D GpsLocationProvider: SIM MCC/MNC is still not available
12-14 04:21:58.012  1928  1954 I ActivityManager: Displayed com.android.launcher3/.Launcher: +246ms
12-14 04:21:58.014  2171  2171 I ProviderInstaller: Installed default security provider GmsCore_OpenSSL
12-14 04:21:58.017  1928  1994 D WifiService: New client listening to asynchronous messages
12-14 04:21:58.020  1928  1953 D BluetoothManagerService: Message: 20
12-14 04:21:58.020  1928  1953 D BluetoothManagerService: Added callback: android.bluetooth.IBluetoothManagerCallback$Stub$Proxy@22b0123b:true
12-14 04:21:58.020  2051  2051 D BluetoothAdapter: 594111229: getState() :  mService = null. Returning STATE_OFF
12-14 04:21:58.020  2051  2380 D BluetoothAdapter: 594111229: getState() :  mService = null. Returning STATE_OFF
12-14 04:21:58.020  1928  1953 D BluetoothManagerService: Message: 30
12-14 04:21:58.021  1928  1953 D BluetoothManagerService: Message: 30
12-14 04:21:58.021  2051  2051 E BluetoothA2dpSink: Could not bind to Bluetooth A2DP Service with Intent { act=android.bluetooth.IBluetoothA2dpSink }
12-14 04:21:58.021  1928  1953 D BluetoothManagerService: Message: 30
12-14 04:21:58.022  2051  2051 E BluetoothAvrcpController: Could not bind to Bluetooth AVRCP Controller Service with Intent { act=android.bluetooth.IBluetoothAvrcpController }
12-14 04:21:58.023  1928  1953 D BluetoothManagerService: Message: 30
12-14 04:21:58.023  2246  2246 D Launcher: 11683562 - bindAddScreens()
12-14 04:21:58.023  2246  2246 D Launcher: 11683562 -   orderedScreenIds: 3
12-14 04:21:58.023  2246  2246 D Launcher.Workspace: 11683562 - insertNewWorkspaceScreen(): 3 at index: 0
12-14 04:21:58.029  1928  2275 D BluetoothManagerService: Trying to bind to profile: 1, while Bluetooth was disabled
12-14 04:21:58.029  1928  1953 D BluetoothManagerService: Message: 30
12-14 04:21:58.030  2051  2051 E BluetoothHeadsetClient: Could not bind to Bluetooth Headset Client Service with Intent { act=android.bluetooth.IBluetoothHeadsetClient }
12-14 04:21:58.030  1928  1953 D BluetoothManagerService: Message: 30
12-14 04:21:58.035  2171  2382 D NativeLibraryUtils: Install completed successfully. count=0 extracted=0
12-14 04:21:58.038  2208  2208 D TelephonyDebugService: TelephonyDebugService()
12-14 04:21:58.048  1928  2280 I art     : Explicit concurrent mark sweep GC freed 21890(1130KB) AllocSpace objects, 7(112KB) LOS objects, 33% free, 9MB/13MB, paused 233us total 17.710ms
12-14 04:21:58.048  1928  1994 D WifiService: New client listening to asynchronous messages
12-14 04:21:58.049  2051  2051 D BluetoothMap: Create BluetoothMap proxy object
12-14 04:21:58.049  1928  1953 D BluetoothManagerService: Message: 30
12-14 04:21:58.050  1928  1953 D BluetoothManagerService: Message: 30
12-14 04:21:58.052  1928  2238 D ConnectivityService: listenForNetwork for NetworkRequest [ id=2, legacyType=-1, [] ]
12-14 04:21:58.055  2051  2051 I CameraManagerGlobal: getCameraService: Reconnecting to camera service
12-14 04:21:58.056  1672  1672 I CameraService: getCameraCharacteristics: Switching to HAL1 shim implementation...
12-14 04:21:58.056  1672  1672 D Camera_Factory: CameraFactory::get_camera_info
12-14 04:21:58.056  1672  1672 D Camera_Factory: CameraFactory::getCameraInfo: id = 0, info = 0xffdb2e68
12-14 04:21:58.056  1672  1672 D Camera_Factory: CameraFactory::getCameraNum: 1
12-14 04:21:58.056  1672  1672 D CameraHardware: CameraHardware::getCameraInfo
12-14 04:21:58.056  1672  1672 D Camera_Factory: CameraFactory::get_camera_info
12-14 04:21:58.056  1672  1672 D Camera_Factory: CameraFactory::getCameraInfo: id = 0, info = 0xffdb2c00
12-14 04:21:58.056  1672  1672 D Camera_Factory: CameraFactory::getCameraNum: 1
12-14 04:21:58.056  1672  1672 D CameraHardware: CameraHardware::getCameraInfo
12-14 04:21:58.058  1673  1673 E installd: Unable to unlink boot marker at /data/dalvik-cache/arm64/.booting, error=No such file or directory
12-14 04:21:58.058  1928  1949 E ActivityManager: Unable to mark boot complete for abi: arm64-v8a
12-14 04:21:58.058  1673  1673 E installd: Unable to unlink boot marker at /data/dalvik-cache/arm/.booting, error=No such file or directory
12-14 04:21:58.058  1928  1949 E ActivityManager: Unable to mark boot complete for abi: armeabi-v7a
12-14 04:21:58.059  1928  1949 I SystemServiceManager: Starting phase 1000
12-14 04:21:58.060  2208  2208 I Telephony: PstnIncomingCallNotifier: Registering: Handler (com.android.internal.telephony.gsm.GSMPhone) {305edab}
12-14 04:21:58.065  2392  2392 I sh      : + hw_sh=/vendor/etc/init.sh 
12-14 04:21:58.065  2392  2392 I sh      : + '[' -e /vendor/etc/init.sh ']'
12-14 04:21:58.065  2392  2392 I sh      : + do_bootcomplete
12-14 04:21:58.065  2392  2392 I sh      : + init_cpu_governor
12-14 04:21:58.065  2392  2392 I sh      : + getprop cpu.governor
12-14 04:21:58.067  2392  2392 I sh      : + governor= 
12-14 04:21:58.067  2392  2392 I sh      : + '[' ']'
12-14 04:21:58.069  2392  2392 I sh      : + getprop persist.sys.root_access
12-14 04:21:58.069  1672  1672 I CameraClient: Opening camera 0
12-14 04:21:58.069  1672  1672 D Camera_Factory: CameraFactory::get_camera_info
12-14 04:21:58.069  1672  1672 D Camera_Factory: CameraFactory::getCameraInfo: id = 0, info = 0xffdb2b90
12-14 04:21:58.069  1672  1672 D Camera_Factory: CameraFactory::getCameraNum: 1
12-14 04:21:58.069  1672  1672 D CameraHardware: CameraHardware::getCameraInfo
12-14 04:21:58.069  1672  1672 D Camera_Factory: CameraFactory::device_open: name = 0
12-14 04:21:58.069  1672  1672 D Camera_Factory: CameraFactory::cameraDeviceOpen: id = 0
12-14 04:21:58.069  1672  1672 D Camera_Factory: CameraFactory::getCameraNum: 1
12-14 04:21:58.069  1672  1672 D CameraHardware: CameraHardware::PowerOn: Power ON camera.
12-14 04:21:58.069  1672  1672 D CameraHardware: CameraHardware::PowerOn: no power_file set
12-14 04:21:58.069  1672  1672 D CameraHardware: CameraHardware::initDefaultParameters
12-14 04:21:58.069  1672  1672 D V4L2Camera: V4L2Camera::EnumFrameFormats
12-14 04:21:58.069  1672  1672 D V4L2Camera: { pixelformat = 'YUYV', description = 'YUV 4:2:2 (YUYV)' }
12-14 04:21:58.069  1672  1672 D V4L2Camera: V4L2Camera::EnumFrameSizes: pixfmt: 0x56595559
12-14 04:21:58.069  1672  1672 D V4L2Camera: { discrete: width = 640, height = 480 }
12-14 04:21:58.069  1672  1672 D V4L2Camera: V4L2Camera::EnumFrameIntervals: pixfmt: 0x56595559, w:640, h:480
12-14 04:21:58.069  1672  1672 D V4L2Camera: 	Time interval between frame: 
12-14 04:21:58.069  1672  1672 D V4L2Camera: 1/30
12-14 04:21:58.069  1672  1672 D V4L2Camera: 1/15
12-14 04:21:58.069  1672  1672 D V4L2Camera: { discrete: width = 640, height = 360 }
12-14 04:21:58.069  1672  1672 D V4L2Camera: V4L2Camera::EnumFrameIntervals: pixfmt: 0x56595559, w:640, h:360
12-14 04:21:58.069  1672  1672 D V4L2Camera: 	Time interval between frame: 
12-14 04:21:58.069  1672  1672 D V4L2Camera: 1/30
12-14 04:21:58.069  1672  1672 D V4L2Camera: 1/15
12-14 04:21:58.069  1672  1672 D V4L2Camera: { discrete: width = 352, height = 288 }
12-14 04:21:58.069  1672  1672 D V4L2Camera: V4L2Camera::EnumFrameIntervals: pixfmt: 0x56595559, w:352, h:288
12-14 04:21:58.069  1672  1672 D V4L2Camera: 	Time interval between frame: 
12-14 04:21:58.069  1672  1672 D V4L2Camera: 1/30
12-14 04:21:58.069  1672  1672 D V4L2Camera: 1/15
12-14 04:21:58.069  1672  1672 D V4L2Camera: { discrete: width = 320, height = 240 }
12-14 04:21:58.069  1672  1672 D V4L2Camera: V4L2Camera::EnumFrameIntervals: pixfmt: 0x56595559, w:320, h:240
12-14 04:21:58.069  1672  1672 D V4L2Camera: 	Time interval between frame: 
12-14 04:21:58.069  1672  1672 D V4L2Camera: 1/30
12-14 04:21:58.069  1672  1672 D V4L2Camera: 1/15
12-14 04:21:58.069  1672  1672 D V4L2Camera: { discrete: width = 800, height = 448 }
12-14 04:21:58.069  1672  1672 D V4L2Camera: V4L2Camera::EnumFrameIntervals: pixfmt: 0x56595559, w:800, h:448
12-14 04:21:58.069  1672  1672 D V4L2Camera: 	Time interval between frame: 
12-14 04:21:58.069  1672  1672 D V4L2Camera: 1/15
12-14 04:21:58.069  1672  1672 D V4L2Camera: { discrete: width = 960, height = 540 }
12-14 04:21:58.069  1672  1672 D V4L2Camera: V4L2Camera::EnumFrameIntervals: pixfmt: 0x56595559, w:960, h:540
12-14 04:21:58.069  1672  1672 D V4L2Camera: 	Time interval between frame: 
12-14 04:21:58.069  1672  1672 D V4L2Camera: 1/10
12-14 04:21:58.069  1672  1672 D V4L2Camera: { discrete: width = 1280, height = 720 }
12-14 04:21:58.069  1672  1672 D V4L2Camera: V4L2Camera::EnumFrameIntervals: pixfmt: 0x56595559, w:1280, h:720
12-14 04:21:58.069  1672  1672 D V4L2Camera: 	Time interval between frame: 
12-14 04:21:58.069  1672  1672 D V4L2Camera: 1/10
12-14 04:21:58.069  1672  1672 D V4L2Camera: { discrete: width = 424, height = 240 }
12-14 04:21:58.069  1672  1672 D V4L2Camera: V4L2Camera::EnumFrameIntervals: pixfmt: 0x56595559, w:424, h:240
12-14 04:21:58.069  1672  1672 D V4L2Camera: 	Time interval between frame: 
12-14 04:21:58.069  1672  1672 D V4L2Camera: 1/30
12-14 04:21:58.069  1672  1672 D V4L2Camera: 1/15
12-14 04:21:58.069  1672  1672 D V4L2Camera: { pixelformat = 'MJPG', description = 'MJPEG' }
12-14 04:21:58.069  1672  1672 D V4L2Camera: V4L2Camera::EnumFrameSizes: pixfmt: 0x47504a4d
12-14 04:21:58.069  1672  1672 D V4L2Camera: { discrete: width = 640, height = 480 }
12-14 04:21:58.069  1672  1672 D V4L2Camera: V4L2Camera::EnumFrameIntervals: pixfmt: 0x47504a4d, w:640, h:480
12-14 04:21:58.069  1672  1672 D V4L2Camera: 	Time interval between frame: 
12-14 04:21:58.069  1672  1672 D V4L2Camera: 1/30
12-14 04:21:58.069  1672  1672 D V4L2Camera: 1/15
12-14 04:21:58.069  1672  1672 D V4L2Camera: { discrete: width = 640, height = 360 }
12-14 04:21:58.069  1672  1672 D V4L2Camera: V4L2Camera::EnumFrameIntervals: pixfmt: 0x47504a4d, w:640, h:360
12-14 04:21:58.069  1672  1672 D V4L2Camera: 	Time interval between frame: 
12-14 04:21:58.069  1672  1672 D V4L2Camera: 1/30
12-14 04:21:58.069  1672  1672 D V4L2Camera: 1/15
12-14 04:21:58.069  1672  1672 D V4L2Camera: { discrete: width = 352, height = 288 }
12-14 04:21:58.069  1672  1672 D V4L2Camera: V4L2Camera::EnumFrameIntervals: pixfmt: 0x47504a4d, w:352, h:288
12-14 04:21:58.069  1672  1672 D V4L2Camera: 	Time interval between frame: 
12-14 04:21:58.069  1672  1672 D V4L2Camera: 1/30
12-14 04:21:58.069  1672  1672 D V4L2Camera: 1/15
12-14 04:21:58.069  1672  1672 D V4L2Camera: { discrete: width = 320, height = 240 }
12-14 04:21:58.069  1672  1672 D V4L2Camera: V4L2Camera::EnumFrameIntervals: pixfmt: 0x47504a4d, w:320, h:240
12-14 04:21:58.069  1672  1672 D V4L2Camera: 	Time interval between frame: 
12-14 04:21:58.069  1672  1672 D V4L2Camera: 1/30
12-14 04:21:58.069  1672  1672 D V4L2Camera: 1/15
12-14 04:21:58.069  1672  1672 D V4L2Camera: { discrete: width = 800, height = 448 }
12-14 04:21:58.069  1672  1672 D V4L2Camera: V4L2Camera::EnumFrameIntervals: pixfmt: 0x47504a4d, w:800, h:448
12-14 04:21:58.069  1672  1672 D V4L2Camera: 	Time interval between frame: 
12-14 04:21:58.069  1672  1672 D V4L2Camera: 1/30
12-14 04:21:58.069  1672  1672 D V4L2Camera: 1/15
12-14 04:21:58.069  1672  1672 D V4L2Camera: { discrete: width = 960, height = 540 }
12-14 04:21:58.069  1672  1672 D V4L2Camera: V4L2Camera::EnumFrameIntervals: pixfmt: 0x47504a4d, w:960, h:540
12-14 04:21:58.069  1672  1672 D V4L2Camera: 	Time interval between frame: 
12-14 04:21:58.069  1672  1672 D V4L2Camera: 1/30
12-14 04:21:58.069  1672  1672 D V4L2Camera: 1/15
12-14 04:21:58.069  1672  1672 D V4L2Camera: { discrete: width = 1280, height = 720 }
12-14 04:21:58.069  1672  1672 D V4L2Camera: V4L2Camera::EnumFrameIntervals: pixfmt: 0x47504a4d, w:1280, h:720
12-14 04:21:58.069  1672  1672 D V4L2Camera: 	Time interval between frame: 
12-14 04:21:58.069  1672  1672 D V4L2Camera: 1/30
12-14 04:21:58.069  1672  1672 D V4L2Camera: 1/15
12-14 04:21:58.069  1672  1672 D V4L2Camera: V4L2Camera::getAvailableSizes
12-14 04:21:58.069  1672  1672 D V4L2Camera: V4L2Camera::getAvailableFps
12-14 04:21:58.069  1672  1672 I CameraHardware: Default preview size: (1280 x 720), fps:30
12-14 04:21:58.069  1672  1672 I CameraHardware: All available formats: 176x144,240x160,320x200,320x240,352x288,424x240,432x320,480x320,640x360,640x480,800x448,960x540,1280x720
12-14 04:21:58.069  1672  1672 I CameraHardware: All available fps: (10,10),(15,15),(30,30)
12-14 04:21:58.069  1672  1672 I CameraHardware: Default picture size: (1280 x 720)
12-14 04:21:58.069  1672  1672 D CameraHardware: CameraHardware::setParameters
12-14 04:21:58.069  1672  1672 D CameraHardware: CameraHardware::setParameters: PREVIEW: Size 1280x720, 30 fps, format: yuv422sp
12-14 04:21:58.069  1672  1672 D CameraHardware: CameraHardware::setParameters: PICTURE: Size 1280x720, format: jpeg
12-14 04:21:58.069  1672  1672 D CameraHardware: CameraHardware::setParameters: VIDEO: Size 1280x720, format: yuv420p
12-14 04:21:58.069  1672  1672 D CameraHardware: CameraHardware::initHeapLocked
12-14 04:21:58.069  1672  1672 E CameraHardware: No memory allocator available
12-14 04:21:58.069  1672  1672 D CameraHardware: CameraHardware::setParameters: OK
12-14 04:21:58.069  1672  1672 D CameraHardware: CameraHardware::connectCamera
12-14 04:21:58.069  1672  1672 D CameraHardware: CameraHardware::setCallbacks
12-14 04:21:58.069  1672  1672 D CameraHardware: CameraHardware::enableMsgType: 3085
12-14 04:21:58.069  1672  1672 D CameraHardware: CameraHardware::getParameters
12-14 04:21:58.069  1672  1672 D CameraHardware: CameraHardware::putParameters
12-14 04:21:58.069  1672  1672 D CameraHardware: CameraHardware::disableMsgType: 65535
12-14 04:21:58.069  1672  1672 D CameraHardware: CameraHardware::stopPreview
12-14 04:21:58.069  1672  1672 D CameraHardware: CameraHardware::stopPreviewLocked
12-14 04:21:58.069  1672  1672 D CameraHardware: CameraHardware::stopPreviewLocked: OK
12-14 04:21:58.069  1672  1672 D CameraHardware: CameraHardware::cancelPicture
12-14 04:21:58.069  1672  1672 D CameraHardware: CameraHardware::releaseCamera
12-14 04:21:58.069  1672  1672 I CameraClient: Destroying camera 0
12-14 04:21:58.069  1672  1672 D CameraHardware: CameraHardware::closeCamera
12-14 04:21:58.069  1672  1672 D CameraHardware: CameraHardware::releaseCamera
12-14 04:21:58.070  1672  1672 D NuPlayerDriver: reset(0xf584eca0)
12-14 04:21:58.070  1672  2390 D NuPlayerDriver: notifyResetComplete(0xf584eca0)
12-14 04:21:58.070  1672  1672 D NuPlayerDriver: reset(0xf584ef40)
12-14 04:21:58.070  1672  2395 D NuPlayerDriver: notifyResetComplete(0xf584ef40)
12-14 04:21:58.071  1672  1979 D Camera_Factory: CameraFactory::get_camera_info
12-14 04:21:58.071  1672  1979 D Camera_Factory: CameraFactory::getCameraInfo: id = 0, info = 0xf4e01990
12-14 04:21:58.071  1672  1979 D Camera_Factory: CameraFactory::getCameraNum: 1
12-14 04:21:58.071  1672  1979 D CameraHardware: CameraHardware::getCameraInfo
12-14 04:21:58.071  2392  2392 I sh      : + '[' -z 3 ']'
12-14 04:21:58.071  1672  1672 D Camera_Factory: CameraFactory::get_camera_info
12-14 04:21:58.071  1672  1672 D Camera_Factory: CameraFactory::getCameraInfo: id = 0, info = 0xffdb2ee0
12-14 04:21:58.071  1672  1672 D Camera_Factory: CameraFactory::getCameraNum: 1
12-14 04:21:58.071  1672  1672 D CameraHardware: CameraHardware::getCameraInfo
12-14 04:21:58.071  2392  2392 I sh      : + getprop debug.mesa.driver
12-14 04:21:58.074  2392  2392 I sh      : + '['  '=' i965 ']'
12-14 04:21:58.075  2392  2392 I sh      : + grep -e brcmfmac
12-14 04:21:58.079  2392  2392 I sh      : + lsmod
12-14 04:21:58.080  2392  2392 I sh      : + grep '\[.*\]' /proc/asound/cards
12-14 04:21:58.080  2392  2392 I sh      : + awk '{print $1}'
12-14 04:21:58.082  2392  2392 I sh      : + cat /proc/asound/card0/id
12-14 04:21:58.083  2392  2392 I sh      : + f=/system/etc/alsa/PCH.state 
12-14 04:21:58.083  2392  2392 I sh      : + '[' -e /system/etc/alsa/PCH.state ']'
12-14 04:21:58.083  2392  2392 I sh      : + alsa_ctl init 0
12-14 04:21:58.089  2392  2392 I sh      : Found hardware: "HDA-Intel" "Intel PantherPoint HDMI" "HDA:10ec0269,17aa21fb,00100203 HDA:80862806,80860101,00100000" "0x17aa" "0x21fb"
12-14 04:21:58.089  2392  2392 I sh      : Hardware is initialized using a generic method
12-14 04:21:58.093  2392  2392 I sh      : + alsa_amixer -c 0 set Master on
12-14 04:21:58.093  2246  2323 W ResourceType: No package identifier when getting value for resource number 0x00000000
12-14 04:21:58.093  2246  2323 W ResourceType: No package identifier when getting value for resource number 0x00000000
12-14 04:21:58.093  2246  2323 W PackageManager: Failure retrieving resources for com.example.android.rssreader: Resource ID #0x0
12-14 04:21:58.093  2246  2323 W ResourceType: No package identifier when getting value for resource number 0x00000000
12-14 04:21:58.093  2246  2323 W PackageManager: Failure retrieving resources for com.example.android.rssreader: Resource ID #0x0
12-14 04:21:58.096  2392  2392 I sh      : Simple mixer control 'Master',0
12-14 04:21:58.096  2392  2392 I sh      :   Capabilities: pvolume pvolume-joined pswitch pswitch-joined penum
12-14 04:21:58.096  2392  2392 I sh      :   Playback channels: Mono
12-14 04:21:58.096  2392  2392 I sh      :   Limits: Playback 0 - 87
12-14 04:21:58.096  2392  2392 I sh      :   Mono: Playback 60 [69%] [-20.25dB] [on]
12-14 04:21:58.096  2392  2392 I sh      : + alsa_amixer -c 0 set Master 100%
12-14 04:21:58.098  2392  2392 I sh      : Simple mixer control 'Master',0
12-14 04:21:58.098  2392  2392 I sh      :   Capabilities: pvolume pvolume-joined pswitch pswitch-joined penum
12-14 04:21:58.098  2392  2392 I sh      :   Playback channels: Mono
12-14 04:21:58.098  2392  2392 I sh      :   Limits: Playback 0 - 87
12-14 04:21:58.098  2392  2392 I sh      :   Mono: Playback 87 [100%] [0.00dB] [on]
12-14 04:21:58.098  2392  2392 I sh      : + alsa_amixer -c 0 set Headphone on
12-14 04:21:58.101  2392  2392 I sh      : Simple mixer control 'Headphone',0
12-14 04:21:58.101  2392  2392 I sh      :   Capabilities: pvolume pswitch penum
12-14 04:21:58.101  2392  2392 I sh      :   Playback channels: Front Left - Front Right
12-14 04:21:58.101  2392  2392 I sh      :   Limits: Playback 0 - 87
12-14 04:21:58.101  2392  2392 I sh      :   Mono:
12-14 04:21:58.101  2392  2392 I sh      :   Front Left: Playback 87 [100%] [0.00dB] [on]
12-14 04:21:58.101  2392  2392 I sh      :   Front Right: Playback 87 [100%] [0.00dB] [on]
12-14 04:21:58.101  2392  2392 I sh      : + alsa_amixer -c 0 set Headphone 100%
12-14 04:21:58.103  2392  2392 I sh      : Simple mixer control 'Headphone',0
12-14 04:21:58.103  2392  2392 I sh      :   Capabilities: pvolume pswitch penum
12-14 04:21:58.103  2392  2392 I sh      :   Playback channels: Front Left - Front Right
12-14 04:21:58.103  2392  2392 I sh      :   Limits: Playback 0 - 87
12-14 04:21:58.103  2392  2392 I sh      :   Mono:
12-14 04:21:58.103  2392  2392 I sh      :   Front Left: Playback 87 [100%] [0.00dB] [on]
12-14 04:21:58.103  2392  2392 I sh      :   Front Right: Playback 87 [100%] [0.00dB] [on]
12-14 04:21:58.103  2392  2392 I sh      : + alsa_amixer -c 0 set Speaker 100%
12-14 04:21:58.105  2392  2392 I sh      : Simple mixer control 'Speaker',0
12-14 04:21:58.105  2392  2392 I sh      :   Capabilities: pvolume pswitch penum
12-14 04:21:58.105  2392  2392 I sh      :   Playback channels: Front Left - Front Right
12-14 04:21:58.105  2392  2392 I sh      :   Limits: Playback 0 - 87
12-14 04:21:58.105  2392  2392 I sh      :   Mono:
12-14 04:21:58.105  2392  2392 I sh      :   Front Left: Playback 87 [100%] [0.00dB] [on]
12-14 04:21:58.106  2392  2392 I sh      :   Front Right: Playback 87 [100%] [0.00dB] [on]
12-14 04:21:58.106  2392  2392 I sh      : + alsa_amixer -c 0 set Capture 100%
12-14 04:21:58.110  2392  2392 I sh      : Simple mixer control 'Capture',0
12-14 04:21:58.110  2392  2392 I sh      :   Capabilities: cvolume cswitch penum
12-14 04:21:58.110  2392  2392 I sh      :   Capture channels: Front Left - Front Right
12-14 04:21:58.110  2392  2392 I sh      :   Limits: Capture 0 - 63
12-14 04:21:58.110  2392  2392 I sh      :   Front Left: Capture 63 [100%] [30.00dB] [on]
12-14 04:21:58.110  2392  2392 I sh      :   Front Right: Capture 63 [100%] [30.00dB] [on]
12-14 04:21:58.110  2392  2392 I sh      : + alsa_amixer -c 0 set Capture cap
12-14 04:21:58.113  2392  2392 I sh      : Simple mixer control 'Capture',0
12-14 04:21:58.113  2392  2392 I sh      :   Capabilities: cvolume cswitch penum
12-14 04:21:58.113  2392  2392 I sh      :   Capture channels: Front Left - Front Right
12-14 04:21:58.113  2392  2392 I sh      :   Limits: Capture 0 - 63
12-14 04:21:58.113  2392  2392 I sh      :   Front Left: Capture 63 [100%] [30.00dB] [on]
12-14 04:21:58.113  2392  2392 I sh      :   Front Right: Capture 63 [100%] [30.00dB] [on]
12-14 04:21:58.113  2392  2392 I sh      : + alsa_amixer -c 0 set PCM 100 unmute
12-14 04:21:58.115  2392  2392 I sh      : amixer: Unable to find simple control 'PCM',0
12-14 04:21:58.116  2392  2392 I sh      : + alsa_amixer -c 0 set 'Mic Boost' 3
12-14 04:21:58.118  2392  2392 I sh      : Simple mixer control 'Mic Boost',0
12-14 04:21:58.118  2392  2392 I sh      :   Capabilities: volume penum
12-14 04:21:58.118  2392  2392 I sh      :   Playback channels: Front Left - Front Right
12-14 04:21:58.118  2392  2392 I sh      :   Capture channels: Front Left - Front Right
12-14 04:21:58.118  2392  2392 I sh      :   Limits: 0 - 3
12-14 04:21:58.118  2392  2392 I sh      :   Front Left: 3 [100%] [30.00dB]
12-14 04:21:58.118  2392  2392 I sh      :   Front Right: 3 [100%] [30.00dB]
12-14 04:21:58.118  2392  2392 I sh      : + alsa_amixer -c 0 set 'Internal Mic Boost' 3
12-14 04:21:58.120  2392  2392 I sh      : Simple mixer control 'Internal Mic Boost',0
12-14 04:21:58.120  2392  2392 I sh      :   Capabilities: volume penum
12-14 04:21:58.120  2392  2392 I sh      :   Playback channels: Front Left - Front Right
12-14 04:21:58.120  2392  2392 I sh      :   Capture channels: Front Left - Front Right
12-14 04:21:58.120  2392  2392 I sh      :   Limits: 0 - 3
12-14 04:21:58.120  2392  2392 I sh      :   Front Left: 3 [100%] [30.00dB]
12-14 04:21:58.120  2392  2392 I sh      :   Front Right: 3 [100%] [30.00dB]
12-14 04:21:58.120  2392  2392 I sh      : + return 0
12-14 04:21:58.121  1928  1949 V KeyguardServiceDelegate: *** Keyguard started
12-14 04:21:58.121  1928  1949 W KeyguardServiceDelegate: onScreenTurnedOn(): no keyguard service!
12-14 04:21:58.122  1928  1949 D KbdSensor: poll_activate: dev=0x7f2c8e066680 handle=0 enabled=1
12-14 04:21:58.122  1928  1949 D KbdSensor: poll_setDelay: dev=0x7f2c8e066680 delay-ns=66667000
12-14 04:21:58.131  2345  2345 W ResourcesManager: Asset path '/system/framework/com.android.media.remotedisplay.jar' does not exist or contains no resources.
12-14 04:21:58.131  2345  2345 W ResourcesManager: Asset path '/system/framework/com.android.location.provider.jar' does not exist or contains no resources.
12-14 04:21:58.134  2345  2345 I art     : Rejecting re-init on previously-failed class java.lang.Class<com.google.android.gms.common.h.c>
12-14 04:21:58.134  2345  2345 I art     : Rejecting re-init on previously-failed class java.lang.Class<com.google.android.gms.common.h.c>
12-14 04:21:58.137  2051  2419 D BluetoothAdapter: 594111229: getState() :  mService = null. Returning STATE_OFF
12-14 04:21:58.137  2051  2419 D BluetoothAdapter: 594111229: getState() :  mService = null. Returning STATE_OFF
12-14 04:21:58.137  2051  2419 D BluetoothAdapter: 594111229: getState() :  mService = null. Returning STATE_OFF
12-14 04:21:58.137  2051  2419 D BluetoothAdapter: 594111229: getState() :  mService = null. Returning STATE_OFF
12-14 04:21:58.137  2345  2345 I MultiDex: VM with version 2.1.0 has multidex support
12-14 04:21:58.137  2345  2345 I MultiDex: install
12-14 04:21:58.137  2345  2345 I MultiDex: VM has multidex support, MultiDex support library is disabled.
12-14 04:21:58.139  1928  1928 V BackupManagerService: Connected to transport ComponentInfo{com.google.android.gms/com.google.android.gms.backup.BackupTransportService}
12-14 04:21:58.140  1928  1928 V BackupManagerService: Registering transport com.google.android.gms/.backup.BackupTransportService::com.google.android.gms/.backup.BackupTransportService = com.android.internal.backup.IBackupTransport$Stub$Proxy@c61c6ad
12-14 04:21:58.144  2345  2345 V JNIHelp : Registering com/google/android/gms/org/conscrypt/NativeCrypto's 240 native methods...
12-14 04:21:58.145  2051  2427 D OpenGLRenderer: Use EGL_SWAP_BEHAVIOR_PRESERVED: true
12-14 04:21:58.146  2051  2051 I GRALLOC-DRM: create intel for driver i915
12-14 04:21:58.146  2051  2051 D Atlas   : Validating map...
12-14 04:21:58.147  2051  2051 D PhoneStatusBar: disable: < expand icons alerts system_info back home recent clock search >
12-14 04:21:58.153  2345  2345 I ProviderInstaller: Installed default security provider GmsCore_OpenSSL
12-14 04:21:58.154  2051  2051 D BluetoothAdapter: 594111229: getState() :  mService = null. Returning STATE_OFF
12-14 04:21:58.154  2051  2051 D BluetoothAdapter: 594111229: getState() :  mService = null. Returning STATE_OFF
12-14 04:21:58.159  2345  2429 I Backup  : [BackupTransportMigratorService] Starting migration...
12-14 04:21:58.160  2051  2051 D PhoneStatusBar: heads up is enabled
12-14 04:21:58.160  2345  2429 W Backup  : [LegacyBackupAccountManager] No google accounts found!
12-14 04:21:58.163  2345  2428 D NativeLibraryUtils: Install completed successfully. count=0 extracted=0
12-14 04:21:58.178  1928  2170 I ActivityManager: Start proc 2432:com.google.android.gms/u0a7 for service com.google.android.gms/.usagereporting.service.UsageReportingService
12-14 04:21:58.187  2432  2432 W ResourcesManager: Asset path '/system/framework/com.android.media.remotedisplay.jar' does not exist or contains no resources.
12-14 04:21:58.187  2432  2432 W ResourcesManager: Asset path '/system/framework/com.android.location.provider.jar' does not exist or contains no resources.
12-14 04:21:58.194  2432  2432 I art     : Rejecting re-init on previously-failed class java.lang.Class<com.google.android.gms.common.h.c>
12-14 04:21:58.194  2432  2432 I art     : Rejecting re-init on previously-failed class java.lang.Class<com.google.android.gms.common.h.c>
12-14 04:21:58.195  2432  2432 I MultiDex: VM with version 2.1.0 has multidex support
12-14 04:21:58.195  2432  2432 I MultiDex: install
12-14 04:21:58.195  2432  2432 I MultiDex: VM has multidex support, MultiDex support library is disabled.
12-14 04:21:58.202  2171  2192 V GmsNetworkLocationProvi: onSetRequest: ProviderRequestUnbundled, reportLocation is true and interval is 86400000
12-14 04:21:58.207  2171  2171 W GmsBackupAccountManager: Backup account not found in gmscore.
12-14 04:21:58.212  2171  2201 W GmsBackupAccountManager: Backup account not found in gmscore.
12-14 04:21:58.212  2345  2429 I Backup  : [BackupTransportMigratorService] Successfully migrated to use GMS BackupTransportService!
12-14 04:21:58.232  2171  2171 V GmsNetworkLocationProvi: DISABLE
12-14 04:21:58.234  1928  1953 D BluetoothManagerService: Message: 20
12-14 04:21:58.234  1928  1953 D BluetoothManagerService: Added callback: android.bluetooth.IBluetoothManagerCallback$Stub$Proxy@33c0d2f2:true
12-14 04:21:58.234  2171  2171 V GmsNetworkLocationProvi: ENABLE
12-14 04:21:58.235  2171  2171 V GmsNetworkLocationProvi: SET-REQUEST
12-14 04:21:58.235  2171  2171 V GmsNetworkLocationProvi: in Handler: ProviderRequestUnbundled, reportLocation is true and interval is 86400000
12-14 04:21:58.236  2171  2171 D GeofencerStateMachine: Creating GeofencerStateMachine
12-14 04:21:58.238  1928  1994 D WifiService: New client listening to asynchronous messages
12-14 04:21:58.244  2432  2432 V JNIHelp : Registering com/google/android/gms/org/conscrypt/NativeCrypto's 240 native methods...
12-14 04:21:58.248  2171  2171 I art     : Rejecting re-init on previously-failed class java.lang.Class<com.google.android.gms.common.util.bl>
12-14 04:21:58.248  2171  2171 I art     : Rejecting re-init on previously-failed class java.lang.Class<com.google.android.gms.common.util.bl>
12-14 04:21:58.253  2432  2432 I ProviderInstaller: Installed default security provider GmsCore_OpenSSL
12-14 04:21:58.280  2432  2470 D NativeLibraryUtils: Install completed successfully. count=0 extracted=0
12-14 04:21:58.300  1928  2280 I ActivityManager: Start proc 2473:com.google.android.gms.wearable/u0a7 for service com.google.android.gms/.wearable.service.WearableService
12-14 04:21:58.304  2051  2051 I EGL-DRI2: DRI2: found extension DRI_Core version 1
12-14 04:21:58.304  2051  2051 I EGL-DRI2: DRI2: found extension DRI_DRI2 version 4
12-14 04:21:58.308  2051  2051 I EGL-DRI2: DRI2: found extension DRI_TexBuffer version 3
12-14 04:21:58.308  2051  2051 I EGL-DRI2: DRI2: found extension DRI2_Flush version 4
12-14 04:21:58.308  2051  2051 I EGL-DRI2: DRI2: found extension DRI_IMAGE version 11
12-14 04:21:58.314  1928  2280 I art     : Explicit concurrent mark sweep GC freed 6579(324KB) AllocSpace objects, 1(16KB) LOS objects, 33% free, 9MB/14MB, paused 256us total 13.235ms
12-14 04:21:58.318  2473  2473 W ResourcesManager: Asset path '/system/framework/com.android.media.remotedisplay.jar' does not exist or contains no resources.
12-14 04:21:58.318  2473  2473 W ResourcesManager: Asset path '/system/framework/com.android.location.provider.jar' does not exist or contains no resources.
12-14 04:21:58.321  2171  2171 I GCoreUlr: Starting service, intent=Intent { act=com.google.android.location.reporting.ACTION_UPDATE_WORLD cmp=com.google.android.gms/com.google.android.location.reporting.service.DispatchingService (has extras) }, extras=Bundle[{receiverAction=android.location.PROVIDERS_CHANGED}]
12-14 04:21:58.329  2171  2171 V GeofencerHelper: Initializing geofence's system cache.
12-14 04:21:58.333  2473  2473 I art     : Rejecting re-init on previously-failed class java.lang.Class<com.google.android.gms.common.h.c>
12-14 04:21:58.333  2473  2473 I art     : Rejecting re-init on previously-failed class java.lang.Class<com.google.android.gms.common.h.c>
12-14 04:21:58.334  2473  2473 I MultiDex: VM with version 2.1.0 has multidex support
12-14 04:21:58.334  2473  2473 I MultiDex: install
12-14 04:21:58.334  2473  2473 I MultiDex: VM has multidex support, MultiDex support library is disabled.
12-14 04:21:58.341  1928  1928 I ActivityManager: Start proc 2493:com.google.android.partnersetup/u0a10 for broadcast com.google.android.partnersetup/.PhoneStateReceiver
12-14 04:21:58.342  2051  2051 D ViewRootImpl: changeCanvasOpacity: opaque=true
12-14 04:21:58.344  2171  2461 D GeofenceStateCache: Recovered 0 geofences.
12-14 04:21:58.348  2473  2473 V JNIHelp : Registering com/google/android/gms/org/conscrypt/NativeCrypto's 240 native methods...
12-14 04:21:58.351  2171  2469 W Settings: Setting airplane_mode_on has moved from android.provider.Settings.System to android.provider.Settings.Global, returning read-only value.
12-14 04:21:58.354  2171  2171 I GCoreUlr: DispatchingService.onCreate()
12-14 04:21:58.356  2473  2473 I ProviderInstaller: Installed default security provider GmsCore_OpenSSL
12-14 04:21:58.370  2345  2345 D GCM     : COMPAT: Multi user ser=0 current=0
12-14 04:21:58.372  2473  2473 D WearableService: callingUid 10007, callindPid: 2473
12-14 04:21:58.372  2473  2515 D NativeLibraryUtils: Install completed successfully. count=0 extracted=0
12-14 04:21:58.393  2051  2427 I EGL-DRI2: DRI2: found extension DRI_Core version 1
12-14 04:21:58.393  2051  2427 I EGL-DRI2: DRI2: found extension DRI_DRI2 version 4
12-14 04:21:58.397  2051  2427 I EGL-DRI2: DRI2: found extension DRI_TexBuffer version 3
12-14 04:21:58.397  2051  2427 I EGL-DRI2: DRI2: found extension DRI2_Flush version 4
12-14 04:21:58.397  2051  2427 I EGL-DRI2: DRI2: found extension DRI_IMAGE version 11
12-14 04:21:58.398  2051  2427 I OpenGLRenderer: Initialized EGL, version 1.4
12-14 04:21:58.398  2051  2427 W OpenGLRenderer: Failed to choose config with EGL_SWAP_BEHAVIOR_PRESERVED, retrying without...
12-14 04:21:58.399  2051  2427 D OpenGLRenderer: Enabling debug mode 0
12-14 04:21:58.411  2171  2517 I GCoreUlr: WorldUpdater received intent Intent { act=com.google.android.location.reporting.ACTION_UPDATE_WORLD cmp=com.google.android.gms/com.google.android.location.reporting.service.DispatchingService (has extras) } with receiverAction android.location.PROVIDERS_CHANGED
12-14 04:21:58.412  2051  2051 V KeyguardUpdateMonitor: action android.intent.action.SIM_STATE_CHANGED state: NOT_READY slotId: 0 subid: -2
12-14 04:21:58.413  1928  1994 D WifiService: New client listening to asynchronous messages
12-14 04:21:58.414  1928  1928 V KeyguardServiceDelegate: *** Keyguard connected (yay!)
12-14 04:21:58.444  2171  2452 I art     : Explicit concurrent mark sweep GC freed 23246(1582KB) AllocSpace objects, 0(0B) LOS objects, 39% free, 6MB/10MB, paused 287us total 13.058ms
12-14 04:21:58.447  2345  2345 E GCM     : Missing checkin config file
12-14 04:21:58.447  2345  2345 W GCM     : GCM FAILED TO INITIALIZE - missing checkin
12-14 04:21:58.452  2345  2527 D GCM     : GcmService start Intent { act=com.google.android.gms.INITIALIZE flg=0x10 pkg=com.google.android.gms cmp=com.google.android.gms/.gcm.GcmService } com.google.android.gms.INITIALIZE
12-14 04:21:58.453  2345  2345 D AuthorizationBluetoothService: Received GmsCore event: Intent { act=com.google.android.gms.INITIALIZE flg=0x10 pkg=com.google.android.gms cmp=com.google.android.gms/.auth.be.proximity.authorization.bt.AuthorizationBluetoothService$AutoStarter }.
12-14 04:21:58.454  2345  2345 E AuthorizationBluetoothService: Proximity feature is not enabled.
12-14 04:21:58.466  2345  2345 V GLSActivity: AuthDelegateWrapperCreated with selected intent: Intent { cmp=com.google.android.gms/.auth.DefaultAuthDelegateService }
12-14 04:21:58.467  2345  2345 V GLSActivity: AuthDelegateWrapperCreated with selected intent: Intent { cmp=com.google.android.gms/.auth.DefaultAuthDelegateService }
12-14 04:21:58.469  2432  2432 V GmsCoreStatsServiceLauncher: Received broadcast intent Intent { act=com.google.android.gms.INITIALIZE flg=0x10 pkg=com.google.android.gms cmp=com.google.android.gms/.common.stats.GmsCoreStatsServiceLauncher }
12-14 04:21:58.470  2171  2171 E GmsWearableLS: GoogleApiClient connection failed: ConnectionResult{statusCode=API_UNAVAILABLE, resolution=null, message=null}
12-14 04:21:58.475  2051  2051 D OpenGLRenderer: setting property extraRasterBucket to 0.95
12-14 04:21:58.475  2051  2051 D OpenGLRenderer:     failed
12-14 04:21:58.475  2051  2051 D OpenGLRenderer: setting property extraRasterBucket to 0.0
12-14 04:21:58.475  2051  2051 D OpenGLRenderer:     failed
12-14 04:21:58.480  2171  2469 W Settings: Setting airplane_mode_on has moved from android.provider.Settings.System to android.provider.Settings.Global, returning read-only value.
12-14 04:21:58.482  2171  2517 I GCoreUlr: WorldUpdater:android.location.PROVIDERS_CHANGED: Ensuring that reporting is stopped because of reasons: (no Google accounts)
12-14 04:21:58.484  2171  2517 I GCoreUlr: Unbound from all location providers
12-14 04:21:58.494  1928  2238 D WifiService: acquireWifiLockLocked: WifiLock{NlpWifiLock type=2 binder=android.os.BinderProxy@12a4a037}
12-14 04:21:58.495  2171  2171 I GCoreUlr: DispatchingService.onDestroy()
12-14 04:21:58.495  2171  2171 I GCoreUlr: Stopping handler for UlrDispSvcFast
12-14 04:21:58.496  2171  2171 I GCoreUlr: Unbound from all location providers
12-14 04:21:58.499  2051  2051 D KeyguardUpdateMonitor: handleSimStateChange(subId=-2, slotId=0, state=UNKNOWN)
12-14 04:21:58.499  2051  2051 W KeyguardUpdateMonitor: invalid subId in handleSimStateChange()
12-14 04:21:58.499  2051  2051 V KeyguardUpdateMonitor: onSubscriptionInfoChanged()
12-14 04:21:58.500  2051  2051 V KeyguardUpdateMonitor: onSubscriptionInfoChanged: list is null
12-14 04:21:58.500  2171  2171 E GmsWearableLS: GoogleApiClient connection failed: ConnectionResult{statusCode=API_UNAVAILABLE, resolution=null, message=null}
12-14 04:21:58.503  2171  2536 E MDM     : [71] b.run: Couldn't connect to Google API client: ConnectionResult{statusCode=API_UNAVAILABLE, resolution=null, message=null}
12-14 04:21:58.503  1928  2238 V KeyguardServiceDelegate: **** SHOWN CALLED ****
12-14 04:21:58.518  2432  2540 D LocationInitializer: Restart initialization of location
12-14 04:21:58.521  2208  2542 D SIP     : [SipSharedPreferences] isReceivingCallsEnabled, option not set; use default value, exception: android.provider.Settings$SettingNotFoundException: sip_receive_calls
12-14 04:21:58.532  1928  2544 I ActivityManager: Start proc 2546:com.android.keychain/1000 for service com.android.keychain/.KeyChainService
12-14 04:21:58.552  1928  2571 I RecoverySystem: No recovery log file
12-14 04:21:58.554  1928  1994 D WifiService: New client listening to asynchronous messages
12-14 04:21:58.559  1928  2571 I BootReceiver: Copying audit failures to DropBox
12-14 04:21:58.559  1928  2571 I BootReceiver: Checking for fsck errors
12-14 04:21:58.576  1928  2069 I ActivityManager: Start proc 2577:com.android.dialer/u0a4 for broadcast com.android.dialer/.calllog.CallLogReceiver
12-14 04:21:58.586  1928  2571 I ActivityManager: Start proc 2595:android.process.media/u0a5 for content provider com.android.providers.downloads/.DownloadProvider
12-14 04:21:58.594  1928  1953 D BluetoothManagerService: Message: 20
12-14 04:21:58.594  1928  1953 D BluetoothManagerService: Added callback: android.bluetooth.IBluetoothManagerCallback$Stub$Proxy@194d59e9:true
12-14 04:21:58.594  2171  2450 W GCoreFlp: No location to return for getLastLocation()
12-14 04:21:58.594  2345  2566 W FusedLocationProvider: location=null
12-14 04:21:58.605  2577  2577 D ExtensionsFactory: No custom extensions.
12-14 04:21:58.611  1928  1944 I art     : Explicit concurrent mark sweep GC freed 7261(383KB) AllocSpace objects, 0(0B) LOS objects, 33% free, 9MB/14MB, paused 616us total 15.577ms
12-14 04:21:58.612  2345  2541 E copresGcore: ObfuscatedGaiaIdLookup: Could not load ObfuscatedGaiaIds: /data/data/com.google.android.gms/files/copresence_gaia_id: open failed: ENOENT (No such file or directory)
12-14 04:21:58.613  1928  1993 D WIFI    : Registering NetworkFactory
12-14 04:21:58.613  1928  1993 D WIFI_UT : Registering NetworkFactory
12-14 04:21:58.613  1928  1995 D ConnectivityService: Got NetworkFactory Messenger for WIFI
12-14 04:21:58.613  1928  1995 D ConnectivityService: Got NetworkFactory Messenger for WIFI_UT
12-14 04:21:58.613  1928  1993 D WIFI    : got request NetworkRequest [ id=1, legacyType=-1, [ Capabilities: INTERNET&NOT_RESTRICTED&TRUSTED&NOT_VPN] ] with score 0
12-14 04:21:58.613  1928  1993 D WIFI_UT : got request NetworkRequest [ id=1, legacyType=-1, [ Capabilities: INTERNET&NOT_RESTRICTED&TRUSTED&NOT_VPN] ] with score 0
12-14 04:21:58.629  1928  1928 I ActivityManager: Start proc 2618:com.android.providers.calendar/u0a1 for broadcast com.android.providers.calendar/.CalendarReceiver
12-14 04:21:58.634  2595  2595 E SQLiteLog: (283) recovered 80 frames from WAL file /data/data/com.android.providers.media/databases/external.db-wal
12-14 04:21:58.634  2618  2618 W ResourcesManager: Asset path '/system/framework/android.test.runner.jar' does not exist or contains no resources.
12-14 04:21:58.650  2618  2618 I CalendarProvider2: Created com.android.providers.calendar.CalendarAlarmManager@22caddeb(com.android.providers.calendar.CalendarProvider2@2ec04748)
12-14 04:21:58.651  2345  2639 E SQLiteLog: (283) recovered 47 frames from WAL file /data/data/com.google.android.gms/databases/playlog.db-wal
12-14 04:21:58.662  2345  2345 V GLSActivity: AuthDelegateWrapperCreated with selected intent: Intent { cmp=com.google.android.gms/.auth.DefaultAuthDelegateService }
12-14 04:21:58.663  2432  2432 V GmsCoreStatsServiceLauncher: Received broadcast intent Intent { act=android.intent.action.BOOT_COMPLETED flg=0x8000010 cmp=com.google.android.gms/.common.stats.GmsCoreStatsServiceLauncher (has extras) }
12-14 04:21:58.667  2345  2639 I Scheduler: Use legacy PeriodicScheduler
12-14 04:21:58.669  2345  2639 W InstanceID/Rpc: Found 10007
12-14 04:21:58.670  2345  2345 D PersistentNotificationBroadcastReceiver: Received intent: Intent { act=android.intent.action.BOOT_COMPLETED flg=0x8000010 cmp=com.google.android.gms/.common.notification.PersistentNotificationBroadcastReceiver (has extras) }
12-14 04:21:58.839  2432  2432 W InstanceID/Rpc: Found 10007
12-14 04:21:58.844  2432  2653 D FileApkUtils: Spent 8ms computing apk sha1.
12-14 04:21:58.845  2432  2653 D FileApkUtils: Module already staged or being staged:chimera-modules/MapsModule.apk
12-14 04:21:58.847  2432  2653 D DexOptUtils: Module /data/data/com.google.android.gms/app_chimera/chimera-module-root/module-13de3980f029dc34d7f6bdadf7b693ead0480f20/MapsModule.apk is already optimized. Bailing.
12-14 04:21:58.847  2432  2653 D FileApkUtils: Keeping up-to-date module: module-13de3980f029dc34d7f6bdadf7b693ead0480f20
12-14 04:21:58.850  2432  2653 D GmsModuleFndr: Beginning GMS chimera module scan
12-14 04:21:58.852  2432  2661 I CheckinService: Disabling old GoogleServicesFramework version
12-14 04:21:58.852  2432  2657 D GCM     : COMPAT: Multi user ser=0 current=0
12-14 04:21:58.852  2432  2653 D GmsModuleFndr: Module pkg com.google.android.play.games not installed, skipping
12-14 04:21:58.852  2432  2653 D ChimeraCfgMgr: Beginning module configuration check
12-14 04:21:58.853  2432  2653 D ChimeraCfgMgr: Module APKs unchanged, check complete
12-14 04:21:58.853  2345  2663 D GCM     : GcmService start Intent { act=android.intent.action.BOOT_COMPLETED flg=0x8000010 cmp=com.google.android.gms/.gcm.GcmService (has extras) } android.intent.action.BOOT_COMPLETED
12-14 04:21:58.855  2432  2662 I CheckinService: Checking schedule, now: 1450084918855 next: 30000
12-14 04:21:58.855  2432  2662 I CheckinService: active receiver: enabled
12-14 04:21:58.857  2432  2432 D SystemUpdateService: onCreate
12-14 04:21:58.857  2432  2657 W BaseAppContext: Using Auth Proxy for data requests.
12-14 04:21:58.859  2432  2657 I GLSUser : [ChannelManager] Attempting to channel bind connection HttpClient.
12-14 04:21:58.860  2432  2657 I GLSUser : [ChannelManager] Checking whether channelId is enabled. isEnabledGmsCore? false, isEnabledSdk? true, isAtLeastKitKat? true
12-14 04:21:58.862  2432  2432 D SystemUpdateService: onStartCommand: intent: Intent { cmp=com.google.android.gms/.update.SystemUpdateService (has extras) }
12-14 04:21:58.863  2345  2345 I ConfigService: onCreate
12-14 04:21:58.864  2432  2432 I ConfigFetchService: onStartCommand Intent { cmp=com.google.android.gms/.config.ConfigFetchService (has extras) }
12-14 04:21:58.865  2432  2682 V AuthZen : Handling intent: android.intent.action.BOOT_COMPLETED
12-14 04:21:58.865  2432  2682 D AuthZenEventHandler: Handling event: android.intent.action.BOOT_COMPLETED
12-14 04:21:58.868  2432  2657 I GCoreUlr: Starting service, intent=Intent { act=com.google.android.location.reporting.ACTION_UPDATE_WORLD cmp=com.google.android.gms/com.google.android.location.reporting.service.DispatchingService (has extras) }, extras=Bundle[{receiverAction=android.intent.action.BOOT_COMPLETED}]
12-14 04:21:58.868  2171  2171 I GCoreUlr: DispatchingService.onCreate()
12-14 04:21:58.871  2432  2682 W BaseAppContext: Using Auth Proxy for data requests.
12-14 04:21:58.871  2432  2674 I SystemUpdateService: cancelUpdate (empty URL)
12-14 04:21:58.871  2432  2674 I SystemUpdateService: active receiver: disabled
12-14 04:21:58.881  2432  2682 D AuthZenTransactionCache: Initialized cache in: /data/data/com.google.android.gms/files
12-14 04:21:58.881  2432  2682 D AuthZenTransactionCache: Clearing transaction cache
12-14 04:21:58.881  2432  2432 D ChimeraCfgMgr: Loading module com.google.android.gms.kids from APK com.google.android.gms
12-14 04:21:58.911  2432  2432 I ConfigFetchService: service connected
12-14 04:21:58.912  2171  2688 I GCoreUlr: WorldUpdater received intent Intent { act=com.google.android.location.reporting.ACTION_UPDATE_WORLD cmp=com.google.android.gms/com.google.android.location.reporting.service.DispatchingService (has extras) } with receiverAction android.intent.action.BOOT_COMPLETED
12-14 04:21:58.923  2171  2688 I GCoreUlr: WorldUpdater:android.intent.action.BOOT_COMPLETED: Ensuring that reporting is stopped because of reasons: (no Google accounts)
12-14 04:21:58.925  2432  2432 I art     : Explicit concurrent mark sweep GC freed 36258(2MB) AllocSpace objects, 28(448KB) LOS objects, 40% free, 5MB/9MB, paused 700us total 13.512ms
12-14 04:21:58.926  2171  2688 I GCoreUlr: Unbound from all location providers
12-14 04:21:58.930  2432  2432 D ChimeraCfgMgr: Loading module com.google.android.gms.kids from APK com.google.android.gms
12-14 04:21:58.930  2171  2171 I GCoreUlr: DispatchingService.onDestroy()
12-14 04:21:58.930  2171  2171 I GCoreUlr: Stopping handler for UlrDispSvcFast
12-14 04:21:58.931  2171  2171 I GCoreUlr: Unbound from all location providers
12-14 04:21:58.935  2432  2432 D SystemUpdateService: onDestroy
12-14 04:21:58.950  1928  2238 I ActivityManager: Start proc 2696:com.google.android.onetimeinitializer/u0a9 for broadcast com.google.android.onetimeinitializer/.OneTimeInitializerReceiver
12-14 04:21:58.951  2345  2345 V GLSActivity: AuthDelegateWrapperCreated with selected intent: Intent { cmp=com.google.android.gms/.auth.DefaultAuthDelegateService }
12-14 04:21:58.952  2432  2432 D ConfigFetchService: ConfigApi connection successful.
12-14 04:21:58.953  2432  2695 W Kids    : [AbstractKidsOperation] Invalid device state 3
12-14 04:21:58.953  2432  2695 I Kids    : [KidAccountFixer] No network connection
12-14 04:21:58.958  2696  2696 V OneTimeInitializerReceiver: OneTimeInitializerReceiver.onReceive
12-14 04:21:58.959  2696  2715 V OneTimeService: OneTimeService.onHandleIntent
12-14 04:21:58.963  1928  2069 I ActivityManager: Delay finish: com.google.android.partnersetup/.RlzPingBroadcastReceiver
12-14 04:21:58.964  1928  2238 I ActivityManager: Resuming delayed broadcast
12-14 04:21:58.980  1928  2238 I ActivityManager: Start proc 2724:com.android.managedprovisioning/u0a11 for broadcast com.android.managedprovisioning/.BootReminder
12-14 04:21:58.984  2493  2723 I RlzPingService: Setting next ping for 1450688868273
12-14 04:21:59.036  2345  2455 I art     : Explicit concurrent mark sweep GC freed 29491(1813KB) AllocSpace objects, 3(48KB) LOS objects, 39% free, 5MB/9MB, paused 146us total 8.223ms
12-14 04:21:59.117  1678  1678 I art     : Explicit concurrent mark sweep GC freed 706(30KB) AllocSpace objects, 0(0B) LOS objects, 39% free, 1950KB/3MB, paused 34us total 3.238ms
12-14 04:21:59.119  1928  1945 I ActivityManager: Start proc 2748:com.android.mms/u0a12 for broadcast com.android.mms/.transaction.MmsSystemEventReceiver
