12-14 08:59:13.219  1948  1965 W ActivityManager: getRunningAppProcesses: caller 10053 does not hold REAL_GET_TASKS; limiting output
12-14 08:59:14.684  3272  3272 W linker  : [vdso]: unused DT entry: type 0x6ffffef5 arg 0x160
12-14 08:59:16.062  2947  3133 I art     : WaitForGcToComplete blocked for 11.644ms for cause Explicit
12-14 08:59:16.076  2947  3133 I art     : Explicit concurrent mark sweep GC freed 686(35KB) AllocSpace objects, 0(0B) LOS objects, 40% free, 8MB/13MB, paused 322us total 13.886ms
12-14 08:59:19.692  3273  3273 W linker  : [vdso]: unused DT entry: type 0x6ffffef5 arg 0x160
12-14 08:59:23.220  1948  2321 W ActivityManager: getRunningAppProcesses: caller 10053 does not hold REAL_GET_TASKS; limiting output
12-14 08:59:24.700  3274  3274 W linker  : [vdso]: unused DT entry: type 0x6ffffef5 arg 0x160
12-14 08:59:29.711  3275  3275 W linker  : [vdso]: unused DT entry: type 0x6ffffef5 arg 0x160
12-14 08:59:33.221  1948  2081 W ActivityManager: getRunningAppProcesses: caller 10053 does not hold REAL_GET_TASKS; limiting output
12-14 08:59:34.719  3276  3276 W linker  : [vdso]: unused DT entry: type 0x6ffffef5 arg 0x160
12-14 08:59:36.174  1687  1989 D Camera_Factory: CameraFactory::get_camera_info
12-14 08:59:36.174  1687  1989 D Camera_Factory: CameraFactory::getCameraInfo: id = 0, info = 0xf4eff9d0
12-14 08:59:36.174  1687  1989 D Camera_Factory: CameraFactory::getCameraNum: 1
12-14 08:59:36.174  1687  1989 D CameraHardware: CameraHardware::getCameraInfo
12-14 08:59:36.174  1687  1687 D Camera_Factory: CameraFactory::get_camera_info
12-14 08:59:36.174  1687  1687 D Camera_Factory: CameraFactory::getCameraInfo: id = 0, info = 0xfff185f0
12-14 08:59:36.174  1687  1687 D Camera_Factory: CameraFactory::getCameraNum: 1
12-14 08:59:36.174  1687  1687 D CameraHardware: CameraHardware::getCameraInfo
12-14 08:59:36.174  1687  1687 W AudioFlinger: acquireAudioSessionId() unknown client 2947 for session 30
12-14 08:59:36.177  1687  1687 W AudioFlinger: acquireAudioSessionId() unknown client 2947 for session 31
12-14 08:59:36.183  1687  1687 I CameraClient: Opening camera 0
12-14 08:59:36.183  1687  1687 D Camera_Factory: CameraFactory::get_camera_info
12-14 08:59:36.183  1687  1687 D Camera_Factory: CameraFactory::getCameraInfo: id = 0, info = 0xfff18580
12-14 08:59:36.183  1687  1687 D Camera_Factory: CameraFactory::getCameraNum: 1
12-14 08:59:36.183  1687  1687 D CameraHardware: CameraHardware::getCameraInfo
12-14 08:59:36.183  1687  1687 D Camera_Factory: CameraFactory::device_open: name = 0
12-14 08:59:36.183  1687  1687 D Camera_Factory: CameraFactory::cameraDeviceOpen: id = 0
12-14 08:59:36.183  1687  1687 D Camera_Factory: CameraFactory::getCameraNum: 1
12-14 08:59:36.183  1687  1687 D CameraHardware: CameraHardware::connectCamera
12-14 08:59:36.183  1687  1687 D CameraHardware: CameraHardware::setCallbacks
12-14 08:59:36.183  1687  1687 D CameraHardware: CameraHardware::enableMsgType: 3085
12-14 08:59:36.183  1687  2006 D CameraHardware: CameraHardware::cancelAutoFocus
12-14 08:59:36.183  1687  2722 D CameraHardware: CameraHardware::getParameters
12-14 08:59:36.183  1687  2722 D CameraHardware: CameraHardware::putParameters
12-14 08:59:36.183  1687  1989 D CameraHardware: CameraHardware::disableMsgType: 16
12-14 08:59:36.183  1687  1687 D CameraHardware: CameraHardware::disableMsgType: 65535
12-14 08:59:36.183  1687  1687 D CameraHardware: CameraHardware::stopPreview
12-14 08:59:36.183  1687  1687 D CameraHardware: CameraHardware::stopPreviewLocked
12-14 08:59:36.183  1687  1687 D CameraHardware: CameraHardware::stopPreviewLocked: OK
12-14 08:59:36.183  1687  1687 D CameraHardware: CameraHardware::cancelPicture
12-14 08:59:36.183  1687  1687 D CameraHardware: CameraHardware::releaseCamera
12-14 08:59:36.183  1687  1687 I CameraClient: Destroying camera 0
12-14 08:59:36.183  1687  1687 D CameraHardware: CameraHardware::closeCamera
12-14 08:59:36.183  1687  1687 D CameraHardware: CameraHardware::releaseCamera
12-14 08:59:36.185  1687  2006 D NuPlayerDriver: reset(0xf5c4eee0)
12-14 08:59:36.185  1687  3277 D NuPlayerDriver: notifyResetComplete(0xf5c4eee0)
12-14 08:59:36.185  1687  2006 D NuPlayerDriver: reset(0xf5d75220)
12-14 08:59:36.185  1687  3279 D NuPlayerDriver: notifyResetComplete(0xf5d75220)
12-14 08:59:36.199  1948  1964 I ActivityManager: Killing 2281:android.process.acore/u0a2 (adj 15): empty #17
12-14 08:59:39.730  3283  3283 W linker  : [vdso]: unused DT entry: type 0x6ffffef5 arg 0x160
12-14 08:59:43.223  1948  1964 W ActivityManager: getRunningAppProcesses: caller 10053 does not hold REAL_GET_TASKS; limiting output
12-14 08:59:44.742  3284  3284 W linker  : [vdso]: unused DT entry: type 0x6ffffef5 arg 0x160
12-14 08:59:49.754  3285  3285 W linker  : [vdso]: unused DT entry: type 0x6ffffef5 arg 0x160
12-14 08:59:53.224  1948  2177 W ActivityManager: getRunningAppProcesses: caller 10053 does not hold REAL_GET_TASKS; limiting output
12-14 08:59:54.765  3286  3286 W linker  : [vdso]: unused DT entry: type 0x6ffffef5 arg 0x160
12-14 08:59:59.777  3287  3287 W linker  : [vdso]: unused DT entry: type 0x6ffffef5 arg 0x160
12-14 09:00:03.226  1948  2231 W ActivityManager: getRunningAppProcesses: caller 10053 does not hold REAL_GET_TASKS; limiting output
12-14 09:00:04.789  3288  3288 W linker  : [vdso]: unused DT entry: type 0x6ffffef5 arg 0x160
12-14 09:00:09.801  3289  3289 W linker  : [vdso]: unused DT entry: type 0x6ffffef5 arg 0x160
12-14 09:00:13.227  1948  1964 W ActivityManager: getRunningAppProcesses: caller 10053 does not hold REAL_GET_TASKS; limiting output
12-14 09:00:14.813  3290  3290 W linker  : [vdso]: unused DT entry: type 0x6ffffef5 arg 0x160
12-14 09:00:19.825  3291  3291 W linker  : [vdso]: unused DT entry: type 0x6ffffef5 arg 0x160
12-14 09:00:23.228  1948  1965 W ActivityManager: getRunningAppProcesses: caller 10053 does not hold REAL_GET_TASKS; limiting output
12-14 09:00:24.836  3292  3292 W linker  : [vdso]: unused DT entry: type 0x6ffffef5 arg 0x160
12-14 09:00:29.849  3293  3293 W linker  : [vdso]: unused DT entry: type 0x6ffffef5 arg 0x160
12-14 09:00:33.229  1948  2081 W ActivityManager: getRunningAppProcesses: caller 10053 does not hold REAL_GET_TASKS; limiting output
12-14 09:00:34.860  3294  3294 W linker  : [vdso]: unused DT entry: type 0x6ffffef5 arg 0x160
12-14 09:00:39.873  3295  3295 W linker  : [vdso]: unused DT entry: type 0x6ffffef5 arg 0x160
12-14 09:00:43.231  1948  2325 W ActivityManager: getRunningAppProcesses: caller 10053 does not hold REAL_GET_TASKS; limiting output
12-14 09:00:44.885  3296  3296 W linker  : [vdso]: unused DT entry: type 0x6ffffef5 arg 0x160
12-14 09:00:49.896  3297  3297 W linker  : [vdso]: unused DT entry: type 0x6ffffef5 arg 0x160
12-14 09:00:53.234  1948  1965 W ActivityManager: getRunningAppProcesses: caller 10053 does not hold REAL_GET_TASKS; limiting output
12-14 09:00:54.908  3298  3298 W linker  : [vdso]: unused DT entry: type 0x6ffffef5 arg 0x160
12-14 09:00:59.920  3299  3299 W linker  : [vdso]: unused DT entry: type 0x6ffffef5 arg 0x160
12-14 09:01:03.235  1948  2081 W ActivityManager: getRunningAppProcesses: caller 10053 does not hold REAL_GET_TASKS; limiting output
12-14 09:01:04.932  3300  3300 W linker  : [vdso]: unused DT entry: type 0x6ffffef5 arg 0x160
12-14 09:01:09.944  3301  3301 W linker  : [vdso]: unused DT entry: type 0x6ffffef5 arg 0x160
12-14 09:01:13.238  1948  2325 W ActivityManager: getRunningAppProcesses: caller 10053 does not hold REAL_GET_TASKS; limiting output
12-14 09:01:14.956  3302  3302 W linker  : [vdso]: unused DT entry: type 0x6ffffef5 arg 0x160
12-14 09:01:19.968  3303  3303 W linker  : [vdso]: unused DT entry: type 0x6ffffef5 arg 0x160
12-14 09:01:23.240  1948  2212 W ActivityManager: getRunningAppProcesses: caller 10053 does not hold REAL_GET_TASKS; limiting output
12-14 09:01:24.980  3304  3304 W linker  : [vdso]: unused DT entry: type 0x6ffffef5 arg 0x160
12-14 09:01:29.991  3305  3305 W linker  : [vdso]: unused DT entry: type 0x6ffffef5 arg 0x160
12-14 09:01:33.242  1948  2326 W ActivityManager: getRunningAppProcesses: caller 10053 does not hold REAL_GET_TASKS; limiting output
12-14 09:01:35.003  3306  3306 W linker  : [vdso]: unused DT entry: type 0x6ffffef5 arg 0x160
12-14 09:01:40.015  3307  3307 W linker  : [vdso]: unused DT entry: type 0x6ffffef5 arg 0x160
12-14 09:01:43.243  1948  2264 W ActivityManager: getRunningAppProcesses: caller 10053 does not hold REAL_GET_TASKS; limiting output
12-14 09:01:45.027  3308  3308 W linker  : [vdso]: unused DT entry: type 0x6ffffef5 arg 0x160
12-14 09:01:50.039  3309  3309 W linker  : [vdso]: unused DT entry: type 0x6ffffef5 arg 0x160
12-14 09:01:53.244  1948  2321 W ActivityManager: getRunningAppProcesses: caller 10053 does not hold REAL_GET_TASKS; limiting output
12-14 09:01:55.051  3310  3310 W linker  : [vdso]: unused DT entry: type 0x6ffffef5 arg 0x160
12-14 09:02:00.062  3311  3311 W linker  : [vdso]: unused DT entry: type 0x6ffffef5 arg 0x160
12-14 09:02:03.246  1948  2231 W ActivityManager: getRunningAppProcesses: caller 10053 does not hold REAL_GET_TASKS; limiting output
12-14 09:02:05.074  3312  3312 W linker  : [vdso]: unused DT entry: type 0x6ffffef5 arg 0x160
12-14 09:02:10.085  3313  3313 W linker  : [vdso]: unused DT entry: type 0x6ffffef5 arg 0x160
12-14 09:02:13.248  1948  1964 W ActivityManager: getRunningAppProcesses: caller 10053 does not hold REAL_GET_TASKS; limiting output
12-14 09:02:15.097  3314  3314 W linker  : [vdso]: unused DT entry: type 0x6ffffef5 arg 0x160
12-14 09:02:20.109  3315  3315 W linker  : [vdso]: unused DT entry: type 0x6ffffef5 arg 0x160
12-14 09:02:23.250  1948  1965 W ActivityManager: getRunningAppProcesses: caller 10053 does not hold REAL_GET_TASKS; limiting output
12-14 09:02:25.121  3316  3316 W linker  : [vdso]: unused DT entry: type 0x6ffffef5 arg 0x160
12-14 09:02:30.133  3317  3317 W linker  : [vdso]: unused DT entry: type 0x6ffffef5 arg 0x160
12-14 09:02:33.252  1948  2081 W ActivityManager: getRunningAppProcesses: caller 10053 does not hold REAL_GET_TASKS; limiting output
12-14 09:02:35.145  3318  3318 W linker  : [vdso]: unused DT entry: type 0x6ffffef5 arg 0x160
12-14 09:02:40.157  3320  3320 W linker  : [vdso]: unused DT entry: type 0x6ffffef5 arg 0x160
12-14 09:02:43.254  1948  2177 W ActivityManager: getRunningAppProcesses: caller 10053 does not hold REAL_GET_TASKS; limiting output
12-14 09:02:45.168  3322  3322 W linker  : [vdso]: unused DT entry: type 0x6ffffef5 arg 0x160
12-14 09:02:50.180  3323  3323 W linker  : [vdso]: unused DT entry: type 0x6ffffef5 arg 0x160
12-14 09:02:53.255  1948  2231 W ActivityManager: getRunningAppProcesses: caller 10053 does not hold REAL_GET_TASKS; limiting output
12-14 09:02:55.192  3324  3324 W linker  : [vdso]: unused DT entry: type 0x6ffffef5 arg 0x160
12-14 09:03:00.203  3327  3327 W linker  : [vdso]: unused DT entry: type 0x6ffffef5 arg 0x160
                                                                                                                                                                                                                                   --------- beginning of main
12-14 15:12:26.291     0  1680 W linker  : [vdso]: unused DT entry: type 0x6ffffef5 arg 0x160
12-14 15:12:26.301     0  1683 W linker  : [vdso]: unused DT entry: type 0x6ffffef5 arg 0x160
12-14 15:12:26.302     0  1684 W linker  : [vdso]: unused DT entry: type 0x6ffffef5 arg 0x160
12-14 15:12:26.303     0  1698 W linker  : [vdso]: unused DT entry: type 0x6ffffef5 arg 0x160
12-14 15:12:26.304     0  1696 W linker  : [vdso]: unused DT entry: type 0x6ffffef5 arg 0x160
12-14 15:12:26.304     0  1695 W linker  : [vdso]: unused DT entry: type 0x6ffffef5 arg 0x160
12-14 15:12:26.304     0  1695 I powerbtn: open event2(Power Button) ok
12-14 15:12:26.306     0  1701 W linker  : [vdso]: unused DT entry: type 0x6ffffef5 arg 0x160
12-14 15:12:26.306     0  1691 W linker  : [vdso]: unused DT entry: type 0x6ffffef5 arg 0x160
12-14 15:12:26.306     0  1691 I installd: installd firing up
12-14 15:12:26.307     0  1702 W linker  : [vdso]: unused DT entry: type 0x6ffffef5 arg 0x160
12-14 15:12:26.309     0  1707 W linker  : [vdso]: unused DT entry: type 0x6ffffef5 arg 0x160
12-14 15:12:26.311     0  1687 W linker  : [vdso]: unused DT entry: type 0x6ffffef5 arg 0x160
12-14 15:12:26.311     0  1677 W linker  : [vdso]: unused DT entry: type 0x6ffffef5 arg 0x160
12-14 15:12:26.313     0  1679 W linker  : [vdso]: unused DT entry: type 0x6ffffef5 arg 0x160
12-14 15:12:26.314     0  1692 W linker  : [vdso]: unused DT entry: type 0x6ffffef5 arg 0x160
12-14 15:12:26.314  1687  1687 I         : debuggerd: Dec  8 2015 07:48:15
12-14 15:12:26.318  1685  1685 W linker  : [vdso]: unused DT entry: type 0x6ffffef5 arg 0x160
12-14 15:12:26.318  1685  1685 I Netd    : Netd 1.0 starting
12-14 15:12:26.319  1685  1685 E Netd    : Failed to open /proc/sys/net/ipv6/conf/default/accept_ra_rt_table: No such file or directory
12-14 15:12:26.319  1685  1685 E Netd    : Failed to open /proc/sys/net/ipv6/conf/eth0/accept_ra_rt_table: No such file or directory
12-14 15:12:26.319  1685  1685 E Netd    : Failed to open /proc/sys/net/ipv6/conf/ip6tnl0/accept_ra_rt_table: No such file or directory
12-14 15:12:26.319  1685  1685 E Netd    : Failed to open /proc/sys/net/ipv6/conf/lo/accept_ra_rt_table: No such file or directory
12-14 15:12:26.319  1685  1685 E Netd    : Failed to open /proc/sys/net/ipv6/conf/sit0/accept_ra_rt_table: No such file or directory
12-14 15:12:26.320  1688  1688 W linker  : [vdso]: unused DT entry: type 0x6ffffef5 arg 0x160
12-14 15:12:26.321  1681  1681 W linker  : [vdso]: unused DT entry: type 0x6ffffef5 arg 0x160
--------- beginning of system
12-14 15:12:26.321  1681  1681 I Vold    : Vold 2.1 (the revenge) firing up
12-14 15:12:26.321  1681  1681 E DirectVolume: Vold managed volumes must have auto mount point; ignoring /storage/usb0
12-14 15:12:26.321  1681  1681 D Vold    : Volume usb0 state changing -1 (Initializing) -> 0 (No-Media)
12-14 15:12:26.321  1681  1681 E DirectVolume: Vold managed volumes must have auto mount point; ignoring /storage/usb1
12-14 15:12:26.321  1681  1681 D Vold    : Volume usb1 state changing -1 (Initializing) -> 0 (No-Media)
12-14 15:12:26.321  1681  1681 E DirectVolume: Vold managed volumes must have auto mount point; ignoring /storage/usb2
12-14 15:12:26.321  1681  1681 D Vold    : Volume usb2 state changing -1 (Initializing) -> 0 (No-Media)
12-14 15:12:26.321  1681  1681 E DirectVolume: Vold managed volumes must have auto mount point; ignoring /storage/usb3
12-14 15:12:26.321  1681  1681 D Vold    : Volume usb3 state changing -1 (Initializing) -> 0 (No-Media)
12-14 15:12:26.322  1679  1679 I lowmemorykiller: Using in-kernel low memory killer interface
12-14 15:12:26.322  1711  1711 E ProbeModule: insmod_by_dep: cannot load module: [net-pf-16-proto-9]
12-14 15:12:26.324  1712  1712 W linker  : [vdso]: unused DT entry: type 0x6ffffef5 arg 0x160
12-14 15:12:26.324  1712  1712 I houdini : houdini enabled 
12-14 15:12:26.326  1715  1715 W linker  : [vdso]: unused DT entry: type 0x6ffffef5 arg 0x160
12-14 15:12:26.327  1713  1713 W linker  : [vdso]: unused DT entry: type 0x6ffffef5 arg 0x160
12-14 15:12:26.327  1698  1698 W linker  : [vdso]: unused DT entry: type 0x6ffffef5 arg 0x160
12-14 15:12:26.330  1692  1692 I keystore: SELinux: Keystore SELinux is disabled.
12-14 15:12:26.330  1717  1717 W linker  : [vdso]: unused DT entry: type 0x6ffffef5 arg 0x160
12-14 15:12:26.331  1717  1717 I houdini : houdini64 enabled 
12-14 15:12:26.331  1682  1682 W linker  : [vdso]: unused DT entry: type 0x6ffffef5 arg 0x160
12-14 15:12:26.332  1719  1719 W linker  : [vdso]: unused DT entry: type 0x6ffffef5 arg 0x160
12-14 15:12:26.333  1718  1718 W linker  : [vdso]: unused DT entry: type 0x6ffffef5 arg 0x160
12-14 15:12:26.334  1686  1686 W linker  : [vdso]: unused DT entry: type 0x6ffffef5 arg 0xec
12-14 15:12:26.335  1682  1682 I SurfaceFlinger: SurfaceFlinger is starting
12-14 15:12:26.336  1722  1722 W linker  : [vdso]: unused DT entry: type 0x6ffffef5 arg 0x160
12-14 15:12:26.337  1723  1723 W linker  : [vdso]: unused DT entry: type 0x6ffffef5 arg 0x160
12-14 15:12:26.337  1724  1724 W linker  : [vdso]: unused DT entry: type 0x6ffffef5 arg 0x160
12-14 15:12:26.338  1725  1725 W linker  : [vdso]: unused DT entry: type 0x6ffffef5 arg 0x160
12-14 15:12:26.339  1726  1726 W linker  : [vdso]: unused DT entry: type 0x6ffffef5 arg 0x160
12-14 15:12:26.339  1685  1685 I iptables: WARNING: linker: [vdso]: unused DT entry: type 0x6ffffef5 arg 0x160
12-14 15:12:26.340  1682  1682 I SurfaceFlinger: SurfaceFlinger's main thread ready to run. Initializing graphics H/W...
12-14 15:12:26.340  1727  1727 W linker  : [vdso]: unused DT entry: type 0x6ffffef5 arg 0x160
12-14 15:12:26.340  1685  1685 I ip6tables: WARNING: linker: [vdso]: unused DT entry: type 0x6ffffef5 arg 0x160
12-14 15:12:26.341  1729  1729 W linker  : [vdso]: unused DT entry: type 0x6ffffef5 arg 0x160
12-14 15:12:26.341  1685  1685 I iptables: WARNING: linker: [vdso]: unused DT entry: type 0x6ffffef5 arg 0x160
12-14 15:12:26.341  1730  1730 W linker  : [vdso]: unused DT entry: type 0x6ffffef5 arg 0x160
12-14 15:12:26.341  1685  1685 I ip6tables: WARNING: linker: [vdso]: unused DT entry: type 0x6ffffef5 arg 0x160
12-14 15:12:26.342  1731  1731 W linker  : [vdso]: unused DT entry: type 0x6ffffef5 arg 0x160
12-14 15:12:26.342  1686  1686 I         : debuggerd: Dec  8 2015 07:48:15
12-14 15:12:26.343  1732  1732 W linker  : [vdso]: unused DT entry: type 0x6ffffef5 arg 0x160
12-14 15:12:26.344  1733  1733 W linker  : [vdso]: unused DT entry: type 0x6ffffef5 arg 0x160
12-14 15:12:26.344  1734  1734 W linker  : [vdso]: unused DT entry: type 0x6ffffef5 arg 0x160
12-14 15:12:26.345  1735  1735 W linker  : [vdso]: unused DT entry: type 0x6ffffef5 arg 0x160
12-14 15:12:26.346  1736  1736 W linker  : [vdso]: unused DT entry: type 0x6ffffef5 arg 0x160
12-14 15:12:26.346  1737  1737 W linker  : [vdso]: unused DT entry: type 0x6ffffef5 arg 0x160
12-14 15:12:26.346  1685  1685 I iptables: WARNING: linker: [vdso]: unused DT entry: type 0x6ffffef5 arg 0x160
12-14 15:12:26.347  1738  1738 W linker  : [vdso]: unused DT entry: type 0x6ffffef5 arg 0x160
12-14 15:12:26.347  1685  1685 I ip6tables: WARNING: linker: [vdso]: unused DT entry: type 0x6ffffef5 arg 0x160
12-14 15:12:26.348  1739  1739 W linker  : [vdso]: unused DT entry: type 0x6ffffef5 arg 0x160
12-14 15:12:26.348  1685  1685 I iptables: WARNING: linker: [vdso]: unused DT entry: type 0x6ffffef5 arg 0x160
12-14 15:12:26.349  1682  1682 D libEGL  : loaded /system/lib64/egl/libGLES_mesa.so
12-14 15:12:26.349  1740  1740 W linker  : [vdso]: unused DT entry: type 0x6ffffef5 arg 0x160
12-14 15:12:26.349  1685  1685 I ip6tables: WARNING: linker: [vdso]: unused DT entry: type 0x6ffffef5 arg 0x160
12-14 15:12:26.350  1741  1741 W linker  : [vdso]: unused DT entry: type 0x6ffffef5 arg 0x160
12-14 15:12:26.350  1742  1742 W linker  : [vdso]: unused DT entry: type 0x6ffffef5 arg 0x160
12-14 15:12:26.351  1743  1743 W linker  : [vdso]: unused DT entry: type 0x6ffffef5 arg 0x160
12-14 15:12:26.358  1744  1744 W linker  : [vdso]: unused DT entry: type 0x6ffffef5 arg 0x160
12-14 15:12:26.359  1745  1745 W linker  : [vdso]: unused DT entry: type 0x6ffffef5 arg 0x160
12-14 15:12:26.360  1746  1746 W linker  : [vdso]: unused DT entry: type 0x6ffffef5 arg 0x160
12-14 15:12:26.361  1747  1747 W linker  : [vdso]: unused DT entry: type 0x6ffffef5 arg 0x160
12-14 15:12:26.361  1685  1685 I iptables: WARNING: linker: [vdso]: unused DT entry: type 0x6ffffef5 arg 0x160
12-14 15:12:26.363  1682  1682 I GRALLOC-DRM: create intel for driver i915
12-14 15:12:26.363  1748  1748 W linker  : [vdso]: unused DT entry: type 0x6ffffef5 arg 0x160
12-14 15:12:26.363  1685  1685 I ip6tables: WARNING: linker: [vdso]: unused DT entry: type 0x6ffffef5 arg 0x160
12-14 15:12:26.364  1749  1749 W linker  : [vdso]: unused DT entry: type 0x6ffffef5 arg 0x160
12-14 15:12:26.364  1685  1685 I iptables: WARNING: linker: [vdso]: unused DT entry: type 0x6ffffef5 arg 0x160
12-14 15:12:26.364  1750  1750 W linker  : [vdso]: unused DT entry: type 0x6ffffef5 arg 0x160
12-14 15:12:26.367  1685  1685 I ip6tables: WARNING: linker: [vdso]: unused DT entry: type 0x6ffffef5 arg 0x160
12-14 15:12:26.367  1751  1751 W linker  : [vdso]: unused DT entry: type 0x6ffffef5 arg 0x160
12-14 15:12:26.368  1752  1752 W linker  : [vdso]: unused DT entry: type 0x6ffffef5 arg 0x160
12-14 15:12:26.369  1753  1753 W linker  : [vdso]: unused DT entry: type 0x6ffffef5 arg 0x160
12-14 15:12:26.370  1754  1754 W linker  : [vdso]: unused DT entry: type 0x6ffffef5 arg 0x160
12-14 15:12:26.370  1689  1689 W linker  : [vdso]: unused DT entry: type 0x6ffffef5 arg 0xec
12-14 15:12:26.371  1682  1682 I EGL-DRI2: DRI2: found extension DRI_Core version 1
12-14 15:12:26.371  1682  1682 I EGL-DRI2: DRI2: found extension DRI_DRI2 version 4
12-14 15:12:26.371  1755  1755 W linker  : [vdso]: unused DT entry: type 0x6ffffef5 arg 0x160
12-14 15:12:26.372  1756  1756 W linker  : [vdso]: unused DT entry: type 0x6ffffef5 arg 0x160
12-14 15:12:26.373  1757  1757 W linker  : [vdso]: unused DT entry: type 0x6ffffef5 arg 0x160
12-14 15:12:26.373  1685  1685 I iptables: WARNING: linker: [vdso]: unused DT entry: type 0x6ffffef5 arg 0x160
12-14 15:12:26.374  1758  1758 W linker  : [vdso]: unused DT entry: type 0x6ffffef5 arg 0x160
12-14 15:12:26.374  1685  1685 I ip6tables: WARNING: linker: [vdso]: unused DT entry: type 0x6ffffef5 arg 0x160
12-14 15:12:26.375  1759  1759 W linker  : [vdso]: unused DT entry: type 0x6ffffef5 arg 0x160
12-14 15:12:26.375  1685  1685 I iptables: WARNING: linker: [vdso]: unused DT entry: type 0x6ffffef5 arg 0x160
12-14 15:12:26.376  1761  1761 W linker  : [vdso]: unused DT entry: type 0x6ffffef5 arg 0x160
12-14 15:12:26.379  1685  1685 I ip6tables: WARNING: linker: [vdso]: unused DT entry: type 0x6ffffef5 arg 0x160
12-14 15:12:26.379  1762  1762 W linker  : [vdso]: unused DT entry: type 0x6ffffef5 arg 0x160
12-14 15:12:26.382  1763  1763 W linker  : [vdso]: unused DT entry: type 0x6ffffef5 arg 0x160
12-14 15:12:26.383  1764  1764 W linker  : [vdso]: unused DT entry: type 0x6ffffef5 arg 0x160
12-14 15:12:26.383  1682  1682 I EGL-DRI2: DRI2: found extension DRI_TexBuffer version 3
12-14 15:12:26.383  1682  1682 I EGL-DRI2: DRI2: found extension DRI2_Flush version 4
12-14 15:12:26.383  1682  1682 I EGL-DRI2: DRI2: found extension DRI_IMAGE version 11
12-14 15:12:26.383  1682  1682 D GRALLOC-KMS: supported drm planes and formats
12-14 15:12:26.383  1682  1682 D GRALLOC-KMS: plane id 22
12-14 15:12:26.383  1682  1682 D GRALLOC-KMS:     format XB24
12-14 15:12:26.383  1682  1682 D GRALLOC-KMS:     format XR24
12-14 15:12:26.383  1682  1682 D GRALLOC-KMS:     format YUYV
12-14 15:12:26.383  1682  1682 D GRALLOC-KMS:     format YVYU
12-14 15:12:26.383  1682  1682 D GRALLOC-KMS:     format UYVY
12-14 15:12:26.383  1682  1682 D GRALLOC-KMS:     format VYUY
12-14 15:12:26.383  1682  1682 D GRALLOC-KMS: plane id 26
12-14 15:12:26.383  1682  1682 D GRALLOC-KMS:     format XB24
12-14 15:12:26.383  1682  1682 D GRALLOC-KMS:     format XR24
12-14 15:12:26.383  1682  1682 D GRALLOC-KMS:     format YUYV
12-14 15:12:26.383  1682  1682 D GRALLOC-KMS:     format YVYU
12-14 15:12:26.383  1682  1682 D GRALLOC-KMS:     format UYVY
12-14 15:12:26.383  1682  1682 D GRALLOC-KMS:     format VYUY
12-14 15:12:26.383  1682  1682 D GRALLOC-KMS: plane id 30
12-14 15:12:26.383  1682  1682 D GRALLOC-KMS:     format XB24
12-14 15:12:26.383  1682  1682 D GRALLOC-KMS:     format XR24
12-14 15:12:26.383  1682  1682 D GRALLOC-KMS:     format YUYV
12-14 15:12:26.383  1682  1682 D GRALLOC-KMS:     format YVYU
12-14 15:12:26.383  1682  1682 D GRALLOC-KMS:     format UYVY
12-14 15:12:26.383  1682  1682 D GRALLOC-KMS:     format VYUY
12-14 15:12:26.383  1682  1682 I GRALLOC-KMS: there are 2 modes on connector 0x1f, type 7
12-14 15:12:26.383  1682  1682 I GRALLOC-KMS:   1600x900
12-14 15:12:26.383  1682  1682 I GRALLOC-KMS:   1600x900
12-14 15:12:26.383  1682  1682 I GRALLOC-KMS: Established mode:
12-14 15:12:26.383  1682  1682 I GRALLOC-KMS: clock: 110000, hdisplay: 1600, hsync_start: 1664, hsync_end: 1706, htotal: 2010, hskew: 0
12-14 15:12:26.383  1682  1682 I GRALLOC-KMS: vdisplay: 900, vsync_start: 903, vsync_end: 906, vtotal: 912, vscan: 0, vrefresh: 60
12-14 15:12:26.383  1682  1682 I GRALLOC-KMS: flags: 10, type: 72, name 1600x900
12-14 15:12:26.383  1682  1682 I GRALLOC-KMS: the best mode is 1600x900
12-14 15:12:26.384  1765  1765 W linker  : [vdso]: unused DT entry: type 0x6ffffef5 arg 0x160
12-14 15:12:26.385  1766  1766 W linker  : [vdso]: unused DT entry: type 0x6ffffef5 arg 0x160
12-14 15:12:26.387  1767  1767 W linker  : [vdso]: unused DT entry: type 0x6ffffef5 arg 0x160
12-14 15:12:26.388  1768  1768 W linker  : [vdso]: unused DT entry: type 0x6ffffef5 arg 0x160
12-14 15:12:26.388  1685  1685 I iptables: WARNING: linker: [vdso]: unused DT entry: type 0x6ffffef5 arg 0x160
12-14 15:12:26.389  1769  1769 W linker  : [vdso]: unused DT entry: type 0x6ffffef5 arg 0x160
12-14 15:12:26.389  1685  1685 I ip6tables: WARNING: linker: [vdso]: unused DT entry: type 0x6ffffef5 arg 0x160
12-14 15:12:26.390  1770  1770 W linker  : [vdso]: unused DT entry: type 0x6ffffef5 arg 0x160
12-14 15:12:26.390  1685  1685 I iptables: WARNING: linker: [vdso]: unused DT entry: type 0x6ffffef5 arg 0x160
12-14 15:12:26.391  1771  1771 W linker  : [vdso]: unused DT entry: type 0x6ffffef5 arg 0x160
12-14 15:12:26.391  1685  1685 I ip6tables: WARNING: linker: [vdso]: unused DT entry: type 0x6ffffef5 arg 0x160
12-14 15:12:26.392  1772  1772 W linker  : [vdso]: unused DT entry: type 0x6ffffef5 arg 0x160
12-14 15:12:26.393  1773  1773 W linker  : [vdso]: unused DT entry: type 0x6ffffef5 arg 0x160
12-14 15:12:26.399  1690  1690 W linker  : [vdso]: unused DT entry: type 0x6ffffef5 arg 0xec
12-14 15:12:26.401  1774  1774 W linker  : [vdso]: unused DT entry: type 0x6ffffef5 arg 0x160
12-14 15:12:26.403  1775  1775 W linker  : [vdso]: unused DT entry: type 0x6ffffef5 arg 0x160
12-14 15:12:26.404  1690  1690 I mediaserver: ServiceManager: 0xf58356a0
12-14 15:12:26.404  1690  1690 I AudioFlinger: Using default 3000 mSec as standby time.
12-14 15:12:26.404  1690  1690 I ServiceManager: Waiting for service batterystats...
12-14 15:12:26.404  1776  1776 W linker  : [vdso]: unused DT entry: type 0x6ffffef5 arg 0x160
12-14 15:12:26.405  1777  1777 W linker  : [vdso]: unused DT entry: type 0x6ffffef5 arg 0x160
12-14 15:12:26.409  1778  1778 W linker  : [vdso]: unused DT entry: type 0x6ffffef5 arg 0x160
12-14 15:12:26.409  1685  1685 I iptables: WARNING: linker: [vdso]: unused DT entry: type 0x6ffffef5 arg 0x160
12-14 15:12:26.416  1779  1779 W linker  : [vdso]: unused DT entry: type 0x6ffffef5 arg 0x160
12-14 15:12:26.416  1685  1685 I ip6tables: WARNING: linker: [vdso]: unused DT entry: type 0x6ffffef5 arg 0x160
12-14 15:12:26.419  1780  1780 W linker  : [vdso]: unused DT entry: type 0x6ffffef5 arg 0x160
12-14 15:12:26.419  1685  1685 I iptables: WARNING: linker: [vdso]: unused DT entry: type 0x6ffffef5 arg 0x160
12-14 15:12:26.420  1781  1781 W linker  : [vdso]: unused DT entry: type 0x6ffffef5 arg 0x160
12-14 15:12:26.420  1685  1685 I ip6tables: WARNING: linker: [vdso]: unused DT entry: type 0x6ffffef5 arg 0x160
12-14 15:12:26.427  1782  1782 W linker  : [vdso]: unused DT entry: type 0x6ffffef5 arg 0x160
12-14 15:12:26.428  1783  1783 W linker  : [vdso]: unused DT entry: type 0x6ffffef5 arg 0x160
12-14 15:12:26.429  1784  1784 W linker  : [vdso]: unused DT entry: type 0x6ffffef5 arg 0x160
12-14 15:12:26.429  1785  1785 W linker  : [vdso]: unused DT entry: type 0x6ffffef5 arg 0x160
12-14 15:12:26.437  1786  1786 W linker  : [vdso]: unused DT entry: type 0x6ffffef5 arg 0x160
12-14 15:12:26.440  1787  1787 W linker  : [vdso]: unused DT entry: type 0x6ffffef5 arg 0x160
12-14 15:12:26.442  1788  1788 W linker  : [vdso]: unused DT entry: type 0x6ffffef5 arg 0x160
12-14 15:12:26.442  1685  1685 I iptables: WARNING: linker: [vdso]: unused DT entry: type 0x6ffffef5 arg 0x160
12-14 15:12:26.443  1789  1789 W linker  : [vdso]: unused DT entry: type 0x6ffffef5 arg 0x160
12-14 15:12:26.443  1685  1685 I ip6tables: WARNING: linker: [vdso]: unused DT entry: type 0x6ffffef5 arg 0x160
12-14 15:12:26.444  1682  1682 D GRALLOC-KMS: will use flip for fb posting
12-14 15:12:26.444  1682  1682 I GRALLOC-MOD: mode.hdisplay 1600
12-14 15:12:26.444  1682  1682 I GRALLOC-MOD: mode.vdisplay 900
12-14 15:12:26.444  1682  1682 I GRALLOC-MOD: mode.vrefresh 60.000000
12-14 15:12:26.444  1682  1682 I GRALLOC-MOD: format 0x5
12-14 15:12:26.444  1682  1682 I GRALLOC-MOD: xdpi 131.000000
12-14 15:12:26.444  1682  1682 I GRALLOC-MOD: ydpi 134.000000
12-14 15:12:26.444  1682  1682 I GRALLOC-MOD: mode.hdisplay 1600
12-14 15:12:26.444  1682  1682 I GRALLOC-MOD: mode.vdisplay 900
12-14 15:12:26.444  1682  1682 I GRALLOC-MOD: mode.vrefresh 60.000000
12-14 15:12:26.444  1682  1682 I GRALLOC-MOD: format 0x5
12-14 15:12:26.444  1682  1682 I GRALLOC-MOD: xdpi 131.000000
12-14 15:12:26.444  1682  1682 I GRALLOC-MOD: ydpi 134.000000
12-14 15:12:26.444  1682  1682 W hwcomposer: getting VSYNC period from fb HAL: 16666667
12-14 15:12:26.444  1682  1682 D hwcomposer: Intel hwcomposer module
12-14 15:12:26.444  1682  1682 I SurfaceFlinger: Using composer version 1.0
12-14 15:12:26.444  1682  1682 W SurfaceFlinger: no suitable EGLConfig found, trying a simpler query
12-14 15:12:26.444  1682  1682 I SurfaceFlinger: EGL information:
12-14 15:12:26.444  1682  1682 I SurfaceFlinger: vendor    : Android
12-14 15:12:26.444  1682  1682 I SurfaceFlinger: version   : 1.4 Android META-EGL
12-14 15:12:26.444  1682  1682 I SurfaceFlinger: extensions: EGL_KHR_get_all_proc_addresses EGL_ANDROID_presentation_time EGL_KHR_image_base EGL_KHR_gl_texture_2D_image EGL_KHR_gl_texture_cubemap_image EGL_KHR_gl_renderbuffer_image EGL_KHR_fence_sync EGL_KHR_create_context EGL_EXT_create_context_robustness EGL_ANDROID_image_native_buffer EGL_KHR_wait_sync 
12-14 15:12:26.444  1682  1682 I SurfaceFlinger: Client API: OpenGL_ES
12-14 15:12:26.444  1682  1682 I SurfaceFlinger: EGLSurface: 8-8-8-8, config=0x7f836217a040
12-14 15:12:26.445  1790  1790 W linker  : [vdso]: unused DT entry: type 0x6ffffef5 arg 0x160
12-14 15:12:26.445  1685  1685 I iptables: WARNING: linker: [vdso]: unused DT entry: type 0x6ffffef5 arg 0x160
12-14 15:12:26.446  1792  1792 W linker  : [vdso]: unused DT entry: type 0x6ffffef5 arg 0x160
12-14 15:12:26.446  1685  1685 I ip6tables: WARNING: linker: [vdso]: unused DT entry: type 0x6ffffef5 arg 0x160
12-14 15:12:26.447  1793  1793 W linker  : [vdso]: unused DT entry: type 0x6ffffef5 arg 0x160
12-14 15:12:26.449  1694  1694 W linker  : [vdso]: unused DT entry: type 0x6ffffef5 arg 0xec
12-14 15:12:26.452  1794  1794 W linker  : [vdso]: unused DT entry: type 0x6ffffef5 arg 0x160
12-14 15:12:26.455  1795  1795 W linker  : [vdso]: unused DT entry: type 0x6ffffef5 arg 0x160
12-14 15:12:26.456  1796  1796 W linker  : [vdso]: unused DT entry: type 0x6ffffef5 arg 0x160
12-14 15:12:26.457  1797  1797 W linker  : [vdso]: unused DT entry: type 0x6ffffef5 arg 0x160
12-14 15:12:26.457  1798  1798 W linker  : [vdso]: unused DT entry: type 0x6ffffef5 arg 0x160
12-14 15:12:26.458  1799  1799 W linker  : [vdso]: unused DT entry: type 0x6ffffef5 arg 0x160
12-14 15:12:26.458  1685  1685 I iptables: WARNING: linker: [vdso]: unused DT entry: type 0x6ffffef5 arg 0x160
12-14 15:12:26.459  1800  1800 W linker  : [vdso]: unused DT entry: type 0x6ffffef5 arg 0x160
12-14 15:12:26.459  1685  1685 I ip6tables: WARNING: linker: [vdso]: unused DT entry: type 0x6ffffef5 arg 0x160
12-14 15:12:26.460  1801  1801 W linker  : [vdso]: unused DT entry: type 0x6ffffef5 arg 0x160
12-14 15:12:26.460  1685  1685 I iptables: WARNING: linker: [vdso]: unused DT entry: type 0x6ffffef5 arg 0x160
12-14 15:12:26.461  1802  1802 W linker  : [vdso]: unused DT entry: type 0x6ffffef5 arg 0x160
12-14 15:12:26.461  1685  1685 I ip6tables: WARNING: linker: [vdso]: unused DT entry: type 0x6ffffef5 arg 0x160
12-14 15:12:26.462  1682  1682 I SurfaceFlinger: OpenGL ES informations:
12-14 15:12:26.462  1682  1682 I SurfaceFlinger: vendor    : Intel Open Source Technology Center
12-14 15:12:26.462  1682  1682 I SurfaceFlinger: renderer  : Mesa DRI Intel(R) Ivybridge Mobile 
12-14 15:12:26.462  1682  1682 I SurfaceFlinger: version   : OpenGL ES 3.0 Mesa 11.0.6 (git-2dcbc6e)
12-14 15:12:26.462  1682  1682 I SurfaceFlinger: extensions: GL_EXT_blend_minmax GL_EXT_multi_draw_arrays GL_EXT_texture_filter_anisotropic GL_EXT_texture_compression_dxt1 GL_EXT_texture_format_BGRA8888 GL_OES_compressed_ETC1_RGB8_texture GL_OES_depth24 GL_OES_element_index_uint GL_OES_fbo_render_mipmap GL_OES_mapbuffer GL_OES_rgb8_rgba8 GL_OES_standard_derivatives GL_OES_stencil8 GL_OES_texture_3D GL_OES_texture_float GL_OES_texture_float_linear GL_OES_texture_half_float GL_OES_texture_half_float_linear GL_OES_texture_npot GL_OES_EGL_image GL_OES_depth_texture GL_OES_packed_depth_stencil GL_EXT_texture_type_2_10_10_10_REV GL_OES_get_program_binary GL_APPLE_texture_max_level GL_EXT_discard_framebuffer GL_EXT_read_format_bgra GL_NV_fbo_color_attachments GL_OES_EGL_image_external GL_OES_EGL_sync GL_OES_vertex_array_object GL_ANGLE_texture_compression_dxt3 GL_ANGLE_texture_compression_dxt5 GL_EXT_texture_rg GL_EXT_unpack_subimage GL_NV_draw_buffers GL_NV_read_buffer GL_NV_read_depth GL_NV_read_depth_stencil GL_NV_read_stencil GL_EXT_draw_buffers GL_EXT_map_bu
12-14 15:12:26.462  1682  1682 I SurfaceFlinger: GL_MAX_TEXTURE_SIZE = 8192
12-14 15:12:26.462  1682  1682 I SurfaceFlinger: GL_MAX_VIEWPORT_DIMS = 16384
12-14 15:12:26.462  1803  1803 W linker  : [vdso]: unused DT entry: type 0x6ffffef5 arg 0x160
12-14 15:12:26.462  1682  1682 D SurfaceFlinger: Open /dev/tty0 OK
12-14 15:12:26.465  1693  1693 W linker  : [vdso]: unused DT entry: type 0x6ffffef5 arg 0x160
12-14 15:12:26.466  1694  1694 D AndroidRuntime: >>>>>> START com.android.internal.os.ZygoteInit uid 0 <<<<<<
12-14 15:12:26.467  1682  1682 D SurfaceFlinger: Set power mode=2, type=0 flinger=0x7f8362062000
12-14 15:12:26.467  1809  1809 W linker  : [vdso]: unused DT entry: type 0x6ffffef5 arg 0x160
12-14 15:12:26.468  1812  1812 W linker  : [vdso]: unused DT entry: type 0x6ffffef5 arg 0x160
12-14 15:12:26.469  1813  1813 W linker  : [vdso]: unused DT entry: type 0x6ffffef5 arg 0x160
12-14 15:12:26.469  1814  1814 W linker  : [vdso]: unused DT entry: type 0x6ffffef5 arg 0x160
12-14 15:12:26.471  1815  1815 W linker  : [vdso]: unused DT entry: type 0x6ffffef5 arg 0x160
12-14 15:12:26.472  1816  1816 W linker  : [vdso]: unused DT entry: type 0x6ffffef5 arg 0x160
12-14 15:12:26.472  1685  1685 I iptables: WARNING: linker: [vdso]: unused DT entry: type 0x6ffffef5 arg 0x160
12-14 15:12:26.475  1694  1694 D AndroidRuntime: CheckJNI is ON
12-14 15:12:26.477  1817  1817 W linker  : [vdso]: unused DT entry: type 0x6ffffef5 arg 0x160
12-14 15:12:26.477  1685  1685 I ip6tables: WARNING: linker: [vdso]: unused DT entry: type 0x6ffffef5 arg 0x160
12-14 15:12:26.480  1694  1694 I art     : option[0]=-Xzygote
12-14 15:12:26.480  1694  1694 I art     : option[1]=-Xcheck:jni
12-14 15:12:26.480  1694  1694 I art     : option[2]=-Xjnigreflimit:2000
12-14 15:12:26.480  1694  1694 I art     : option[3]=-Xstacktracefile:/data/anr/traces.txt
12-14 15:12:26.480  1694  1694 I art     : option[4]=exit
12-14 15:12:26.480  1694  1694 I art     : option[5]=vfprintf
12-14 15:12:26.480  1694  1694 I art     : option[6]=sensitiveThread
12-14 15:12:26.480  1694  1694 I art     : option[7]=-verbose:gc
12-14 15:12:26.480  1694  1694 I art     : option[8]=-Xms16m
12-14 15:12:26.480  1694  1694 I art     : option[9]=-Xmx512m
12-14 15:12:26.480  1694  1694 I art     : option[10]=-XX:mainThreadStackSize=24K
12-14 15:12:26.480  1694  1694 I art     : option[11]=-XX:HeapGrowthLimit=192m
12-14 15:12:26.480  1694  1694 I art     : option[12]=-XX:HeapMinFree=512k
12-14 15:12:26.480  1694  1694 I art     : option[13]=-XX:HeapMaxFree=8m
12-14 15:12:26.480  1694  1694 I art     : option[14]=-XX:HeapTargetUtilization=0.75
12-14 15:12:26.480  1694  1694 I art     : option[15]=-Xgenregmap
12-14 15:12:26.480  1694  1694 I art     : option[16]=-Xgc:precise
12-14 15:12:26.480  1694  1694 I art     : option[17]=-agentlib:jdwp=transport=dt_android_adb,suspend=n,server=y
12-14 15:12:26.480  1694  1694 I art     : option[18]=-Ximage-compiler-option
12-14 15:12:26.480  1694  1694 I art     : option[19]=--runtime-arg
12-14 15:12:26.480  1694  1694 I art     : option[20]=-Ximage-compiler-option
12-14 15:12:26.480  1694  1694 I art     : option[21]=-Xms64m
12-14 15:12:26.480  1694  1694 I art     : option[22]=-Ximage-compiler-option
12-14 15:12:26.480  1694  1694 I art     : option[23]=--runtime-arg
12-14 15:12:26.480  1694  1694 I art     : option[24]=-Ximage-compiler-option
12-14 15:12:26.480  1694  1694 I art     : option[25]=-Xmx64m
12-14 15:12:26.480  1694  1694 I art     : option[26]=-Ximage-compiler-option
12-14 15:12:26.480  1694  1694 I art     : option[27]=--compiler-filter=verify-none
12-14 15:12:26.480  1694  1694 I art     : option[28]=-Ximage-compiler-option
12-14 15:12:26.480  1694  1694 I art     : option[29]=--image-classes=/system/etc/preloaded-classes
12-14 15:12:26.480  1694  1694 I art     : option[30]=-Xcompiler-option
12-14 15:12:26.480  1694  1694 I art     : option[31]=--runtime-arg
12-14 15:12:26.480  1694  1694 I art     : option[32]=-Xcompiler-option
12-14 15:12:26.480  1694  1694 I art     : option[33]=-Xms64m
12-14 15:12:26.480  1694  1694 I art     : option[34]=-Xcompiler-option
12-14 15:12:26.480  1694  1694 I art     : option[35]=--runtime-arg
12-14 15:12:26.480  1694  1694 I art     : option[36]=-Xcompiler-option
12-14 15:12:26.480  1694  1694 I art     : option[37]=-Xmx512m
12-14 15:12:26.480  1694  1694 I art     : option[38]=-Xcompiler-option
12-14 15:12:26.480  1694  1694 I art     : option[39]=--compiler-filter=interpret-only
12-14 15:12:26.480  1694  1694 I art     : option[40]=-Duser.language=en
12-14 15:12:26.480  1694  1694 I art     : option[41]=-Duser.region=US
12-14 15:12:26.480  1694  1694 I art     : option[42]=-XX:NativeBridge=libnb.so
12-14 15:12:26.480  1693  1693 D AndroidRuntime: >>>>>> START com.android.internal.os.ZygoteInit uid 0 <<<<<<
12-14 15:12:26.482  1811  1811 W linker  : [vdso]: unused DT entry: type 0x6ffffef5 arg 0x160
12-14 15:12:26.483  1818  1818 W linker  : [vdso]: unused DT entry: type 0x6ffffef5 arg 0x160
12-14 15:12:26.483  1685  1685 I iptables: WARNING: linker: [vdso]: unused DT entry: type 0x6ffffef5 arg 0x160
12-14 15:12:26.484  1822  1822 W linker  : [vdso]: unused DT entry: type 0x6ffffef5 arg 0x160
12-14 15:12:26.484  1685  1685 I ip6tables: WARNING: linker: [vdso]: unused DT entry: type 0x6ffffef5 arg 0x160
12-14 15:12:26.485  1823  1823 W linker  : [vdso]: unused DT entry: type 0x6ffffef5 arg 0x160
12-14 15:12:26.486  1824  1824 W linker  : [vdso]: unused DT entry: type 0x6ffffef5 arg 0x160
12-14 15:12:26.487  1682  1720 I SurfaceFlinger: auto set density to 160
12-14 15:12:26.487  1825  1825 W linker  : [vdso]: unused DT entry: type 0x6ffffef5 arg 0x160
12-14 15:12:26.488  1826  1826 W linker  : [vdso]: unused DT entry: type 0x6ffffef5 arg 0x160
12-14 15:12:26.489  1827  1827 W linker  : [vdso]: unused DT entry: type 0x6ffffef5 arg 0x160
12-14 15:12:26.492  1828  1828 W linker  : [vdso]: unused DT entry: type 0x6ffffef5 arg 0x160
12-14 15:12:26.493  1829  1829 W linker  : [vdso]: unused DT entry: type 0x6ffffef5 arg 0x160
12-14 15:12:26.493  1685  1685 I iptables: WARNING: linker: [vdso]: unused DT entry: type 0x6ffffef5 arg 0x160
12-14 15:12:26.494  1830  1830 W linker  : [vdso]: unused DT entry: type 0x6ffffef5 arg 0x160
12-14 15:12:26.494  1685  1685 I ip6tables: WARNING: linker: [vdso]: unused DT entry: type 0x6ffffef5 arg 0x160
12-14 15:12:26.494  1831  1831 W linker  : [vdso]: unused DT entry: type 0x6ffffef5 arg 0x160
12-14 15:12:26.494  1685  1685 I iptables: WARNING: linker: [vdso]: unused DT entry: type 0x6ffffef5 arg 0x160
12-14 15:12:26.495  1832  1832 W linker  : [vdso]: unused DT entry: type 0x6ffffef5 arg 0x160
12-14 15:12:26.495  1685  1685 I ip6tables: WARNING: linker: [vdso]: unused DT entry: type 0x6ffffef5 arg 0x160
12-14 15:12:26.496  1833  1833 W linker  : [vdso]: unused DT entry: type 0x6ffffef5 arg 0x160
12-14 15:12:26.497  1834  1834 W linker  : [vdso]: unused DT entry: type 0x6ffffef5 arg 0x160
12-14 15:12:26.497  1693  1693 D AndroidRuntime: CheckJNI is ON
12-14 15:12:26.497  1835  1835 W linker  : [vdso]: unused DT entry: type 0x6ffffef5 arg 0x160
12-14 15:12:26.498  1836  1836 W linker  : [vdso]: unused DT entry: type 0x6ffffef5 arg 0x160
12-14 15:12:26.499  1837  1837 W linker  : [vdso]: unused DT entry: type 0x6ffffef5 arg 0x160
12-14 15:12:26.500  1838  1838 W linker  : [vdso]: unused DT entry: type 0x6ffffef5 arg 0x160
12-14 15:12:26.501  1840  1840 W linker  : [vdso]: unused DT entry: type 0x6ffffef5 arg 0x160
12-14 15:12:26.501  1685  1685 I iptables: WARNING: linker: [vdso]: unused DT entry: type 0x6ffffef5 arg 0x160
12-14 15:12:26.501  1693  1693 I art     : option[0]=-Xzygote
12-14 15:12:26.501  1693  1693 I art     : option[1]=-Xcheck:jni
12-14 15:12:26.501  1693  1693 I art     : option[2]=-Xjnigreflimit:2000
12-14 15:12:26.501  1693  1693 I art     : option[3]=-Xstacktracefile:/data/anr/traces.txt
12-14 15:12:26.501  1693  1693 I art     : option[4]=exit
12-14 15:12:26.501  1693  1693 I art     : option[5]=vfprintf
12-14 15:12:26.501  1693  1693 I art     : option[6]=sensitiveThread
12-14 15:12:26.501  1693  1693 I art     : option[7]=-verbose:gc
12-14 15:12:26.501  1693  1693 I art     : option[8]=-Xms16m
12-14 15:12:26.501  1693  1693 I art     : option[9]=-Xmx512m
12-14 15:12:26.501  1693  1693 I art     : option[10]=-XX:mainThreadStackSize=24K
12-14 15:12:26.501  1693  1693 I art     : option[11]=-XX:HeapGrowthLimit=192m
12-14 15:12:26.501  1693  1693 I art     : option[12]=-XX:HeapMinFree=512k
12-14 15:12:26.501  1693  1693 I art     : option[13]=-XX:HeapMaxFree=8m
12-14 15:12:26.501  1693  1693 I art     : option[14]=-XX:HeapTargetUtilization=0.75
12-14 15:12:26.501  1693  1693 I art     : option[15]=-Xgenregmap
12-14 15:12:26.501  1693  1693 I art     : option[16]=-Xgc:precise
12-14 15:12:26.501  1693  1693 I art     : option[17]=-agentlib:jdwp=transport=dt_android_adb,suspend=n,server=y
12-14 15:12:26.501  1693  1693 I art     : option[18]=-Ximage-compiler-option
12-14 15:12:26.501  1693  1693 I art     : option[19]=--runtime-arg
12-14 15:12:26.501  1693  1693 I art     : option[20]=-Ximage-compiler-option
12-14 15:12:26.501  1693  1693 I art     : option[21]=-Xms64m
12-14 15:12:26.501  1693  1693 I art     : option[22]=-Ximage-compiler-option
12-14 15:12:26.501  1693  1693 I art     : option[23]=--runtime-arg
12-14 15:12:26.501  1693  1693 I art     : option[24]=-Ximage-compiler-option
12-14 15:12:26.501  1693  1693 I art     : option[25]=-Xmx64m
12-14 15:12:26.501  1693  1693 I art     : option[26]=-Ximage-compiler-option
12-14 15:12:26.501  1693  1693 I art     : option[27]=--compiler-filter=verify-none
12-14 15:12:26.501  1693  1693 I art     : option[28]=-Ximage-compiler-option
12-14 15:12:26.501  1693  1693 I art     : option[29]=--image-classes=/system/etc/preloaded-classes
12-14 15:12:26.501  1693  1693 I art     : option[30]=-Xcompiler-option
12-14 15:12:26.501  1693  1693 I art     : option[31]=--runtime-arg
12-14 15:12:26.501  1693  1693 I art     : option[32]=-Xcompiler-option
12-14 15:12:26.501  1693  1693 I art     : option[33]=-Xms64m
12-14 15:12:26.501  1693  1693 I art     : option[34]=-Xcompiler-option
12-14 15:12:26.501  1693  1693 I art     : option[35]=--runtime-arg
12-14 15:12:26.501  1693  1693 I art     : option[36]=-Xcompiler-option
12-14 15:12:26.501  1693  1693 I art     : option[37]=-Xmx512m
12-14 15:12:26.501  1693  1693 I art     : option[38]=-Xcompiler-option
12-14 15:12:26.501  1693  1693 I art     : option[39]=--compiler-filter=interpret-only
12-14 15:12:26.501  1693  1693 I art     : option[40]=-Duser.language=en
12-14 15:12:26.501  1693  1693 I art     : option[41]=-Duser.region=US
12-14 15:12:26.501  1693  1693 I art     : option[42]=-XX:NativeBridge=libnb.so
12-14 15:12:26.504  1841  1841 W linker  : [vdso]: unused DT entry: type 0x6ffffef5 arg 0x160
12-14 15:12:26.504  1685  1685 I ip6tables: WARNING: linker: [vdso]: unused DT entry: type 0x6ffffef5 arg 0x160
12-14 15:12:26.505  1842  1842 W linker  : [vdso]: unused DT entry: type 0x6ffffef5 arg 0x160
12-14 15:12:26.505  1685  1685 I iptables: WARNING: linker: [vdso]: unused DT entry: type 0x6ffffef5 arg 0x160
12-14 15:12:26.506  1843  1843 W linker  : [vdso]: unused DT entry: type 0x6ffffef5 arg 0x160
12-14 15:12:26.506  1685  1685 I ip6tables: WARNING: linker: [vdso]: unused DT entry: type 0x6ffffef5 arg 0x160
12-14 15:12:26.507  1844  1844 W linker  : [vdso]: unused DT entry: type 0x6ffffef5 arg 0x160
12-14 15:12:26.507  1845  1845 W linker  : [vdso]: unused DT entry: type 0x6ffffef5 arg 0x160
12-14 15:12:26.508  1846  1846 W linker  : [vdso]: unused DT entry: type 0x6ffffef5 arg 0x160
12-14 15:12:26.509  1847  1847 W linker  : [vdso]: unused DT entry: type 0x6ffffef5 arg 0x160
12-14 15:12:26.510  1848  1848 W linker  : [vdso]: unused DT entry: type 0x6ffffef5 arg 0x160
12-14 15:12:26.511  1849  1849 W linker  : [vdso]: unused DT entry: type 0x6ffffef5 arg 0x160
12-14 15:12:26.511  1850  1850 W linker  : [vdso]: unused DT entry: type 0x6ffffef5 arg 0x160
12-14 15:12:26.512  1685  1685 I iptables: WARNING: linker: [vdso]: unused DT entry: type 0x6ffffef5 arg 0x160
12-14 15:12:26.512  1851  1851 W linker  : [vdso]: unused DT entry: type 0x6ffffef5 arg 0x160
12-14 15:12:26.512  1685  1685 I ip6tables: WARNING: linker: [vdso]: unused DT entry: type 0x6ffffef5 arg 0x160
12-14 15:12:26.513  1852  1852 W linker  : [vdso]: unused DT entry: type 0x6ffffef5 arg 0x160
12-14 15:12:26.513  1685  1685 I iptables: WARNING: linker: [vdso]: unused DT entry: type 0x6ffffef5 arg 0x160
12-14 15:12:26.514  1853  1853 W linker  : [vdso]: unused DT entry: type 0x6ffffef5 arg 0x160
12-14 15:12:26.514  1685  1685 I ip6tables: WARNING: linker: [vdso]: unused DT entry: type 0x6ffffef5 arg 0x160
12-14 15:12:26.515  1854  1854 W linker  : [vdso]: unused DT entry: type 0x6ffffef5 arg 0x160
12-14 15:12:26.515  1855  1855 W linker  : [vdso]: unused DT entry: type 0x6ffffef5 arg 0x160
12-14 15:12:26.516  1856  1856 W linker  : [vdso]: unused DT entry: type 0x6ffffef5 arg 0x160
12-14 15:12:26.517  1857  1857 W linker  : [vdso]: unused DT entry: type 0x6ffffef5 arg 0x160
12-14 15:12:26.518  1858  1858 W linker  : [vdso]: unused DT entry: type 0x6ffffef5 arg 0x160
12-14 15:12:26.519  1859  1859 W linker  : [vdso]: unused DT entry: type 0x6ffffef5 arg 0x160
12-14 15:12:26.519  1860  1860 W linker  : [vdso]: unused DT entry: type 0x6ffffef5 arg 0x160
12-14 15:12:26.520  1685  1685 I iptables: WARNING: linker: [vdso]: unused DT entry: type 0x6ffffef5 arg 0x160
12-14 15:12:26.520  1861  1861 W linker  : [vdso]: unused DT entry: type 0x6ffffef5 arg 0x160
12-14 15:12:26.520  1685  1685 I ip6tables: WARNING: linker: [vdso]: unused DT entry: type 0x6ffffef5 arg 0x160
12-14 15:12:26.521  1862  1862 W linker  : [vdso]: unused DT entry: type 0x6ffffef5 arg 0x160
12-14 15:12:26.521  1685  1685 I iptables: WARNING: linker: [vdso]: unused DT entry: type 0x6ffffef5 arg 0x160
12-14 15:12:26.522  1863  1863 W linker  : [vdso]: unused DT entry: type 0x6ffffef5 arg 0x160
12-14 15:12:26.522  1685  1685 I ip6tables: WARNING: linker: [vdso]: unused DT entry: type 0x6ffffef5 arg 0x160
12-14 15:12:26.523  1864  1864 W linker  : [vdso]: unused DT entry: type 0x6ffffef5 arg 0x160
12-14 15:12:26.524  1865  1865 W linker  : [vdso]: unused DT entry: type 0x6ffffef5 arg 0x160
12-14 15:12:26.524  1866  1866 W linker  : [vdso]: unused DT entry: type 0x6ffffef5 arg 0x160
12-14 15:12:26.527  1867  1867 W linker  : [vdso]: unused DT entry: type 0x6ffffef5 arg 0x160
12-14 15:12:26.527  1685  1685 I iptables: WARNING: linker: [vdso]: unused DT entry: type 0x6ffffef5 arg 0x160
12-14 15:12:26.528  1868  1868 W linker  : [vdso]: unused DT entry: type 0x6ffffef5 arg 0x160
12-14 15:12:26.528  1685  1685 I iptables: WARNING: linker: [vdso]: unused DT entry: type 0x6ffffef5 arg 0x160
12-14 15:12:26.529  1869  1869 W linker  : [vdso]: unused DT entry: type 0x6ffffef5 arg 0x160
12-14 15:12:26.529  1870  1870 W linker  : [vdso]: unused DT entry: type 0x6ffffef5 arg 0x160
12-14 15:12:26.530  1871  1871 W linker  : [vdso]: unused DT entry: type 0x6ffffef5 arg 0x160
12-14 15:12:26.531  1872  1872 W linker  : [vdso]: unused DT entry: type 0x6ffffef5 arg 0x160
12-14 15:12:26.531  1685  1685 I iptables: WARNING: linker: [vdso]: unused DT entry: type 0x6ffffef5 arg 0x160
12-14 15:12:26.532  1873  1873 W linker  : [vdso]: unused DT entry: type 0x6ffffef5 arg 0x160
12-14 15:12:26.532  1685  1685 I iptables: WARNING: linker: [vdso]: unused DT entry: type 0x6ffffef5 arg 0x160
12-14 15:12:26.532  1682  1682 D SurfaceFlinger: shader cache generated - 24 shaders in 50.559483 ms
12-14 15:12:26.532  1874  1874 W linker  : [vdso]: unused DT entry: type 0x6ffffef5 arg 0x160
12-14 15:12:26.533  1875  1875 W linker  : [vdso]: unused DT entry: type 0x6ffffef5 arg 0x160
12-14 15:12:26.534  1876  1876 W linker  : [vdso]: unused DT entry: type 0x6ffffef5 arg 0x160
12-14 15:12:26.537  1877  1877 W linker  : [vdso]: unused DT entry: type 0x6ffffef5 arg 0x160
12-14 15:12:26.537  1685  1685 I iptables: WARNING: linker: [vdso]: unused DT entry: type 0x6ffffef5 arg 0x160
12-14 15:12:26.538  1878  1878 W linker  : [vdso]: unused DT entry: type 0x6ffffef5 arg 0x160
12-14 15:12:26.538  1685  1685 I iptables: WARNING: linker: [vdso]: unused DT entry: type 0x6ffffef5 arg 0x160
