12-14 08:51:47.323  1948  1948 E FlpHardwareProvider: Error hw_get_module 'flp': -2
12-14 08:51:47.323  1948  1948 E LocationManagerService: FLP HAL not supported
12-14 08:51:47.325  1948  1948 E LocationManagerService: Unable to bind FLP Geofence proxy.
12-14 08:51:47.326  1948  1948 E ActivityRecognitionHardware: Error hw_get_module: -2
12-14 08:51:47.326  1948  1948 E LocationManagerService: Hardware Activity-Recognition not supported.
12-14 08:51:47.328  1687  2100 W OMXNodeInstance: [e:google.mpeg4.decoder] component does not support metadata mode; using fallback
12-14 08:51:47.329  1948  1968 D gps_serial: serial_gps_init
12-14 08:51:47.329  1948  1968 D gps_serial: gps_state_init
12-14 08:51:47.329  1948  1968 D gps_serial: no kernel-provided gps device name
12-14 08:51:47.329  1948  1968 W GpsLocationProvider: Failed to enable location provider
12-14 08:51:47.330  1687  2100 W OMXNodeInstance: [f:google.h263.decoder] component does not support metadata mode; using fallback
12-14 08:51:47.330  1948  1948 I CommonTimeManagementService: No common time service detected on this platform.  Common time services will be unavailable.
12-14 08:51:47.331  1948  1991 I InputReader: Reconfiguring input devices.  changes=0x00000020
12-14 08:51:47.331  1948  1948 I MmsServiceBroker: Delay connecting to MmsService until an API is called
12-14 08:51:47.331  1948  1948 W VoiceInteractionManagerService: no available voice interaction services found for user 0
12-14 08:51:47.331  1948  1948 W VoiceInteractionManagerService: no available voice recognition services found for user 0
12-14 08:51:47.332  1687  2100 W OMXNodeInstance: [10:google.h264.decoder] component does not support metadata mode; using fallback
12-14 08:51:47.332  1948  1991 I InputReader: Reconfiguring input devices.  changes=0x00000010
12-14 08:51:47.334  1687  2100 D SoftHEVC: Number of CPU cores: 4
12-14 08:51:47.334  1687  2100 D SoftHEVC: Initializing decoder
12-14 08:51:47.334  1687  2100 D SoftHEVC: Set number of cores to 4
12-14 08:51:47.334  1687  2100 D SoftHEVC: Ittiam decoder version number: @(#)Id:HEVCDEC_production Ver:04.01 Released by ITTIAM Build: Dec  8 2015 @ 07:48:46
12-14 08:51:47.334  1687  2100 W OMXNodeInstance: [11:google.hevc.decoder] component does not support metadata mode; using fallback
12-14 08:51:47.334  1687  2100 D SoftHEVC: Freeing codec memory
12-14 08:51:47.334  1687  2100 D SoftHEVC: Number of CPU cores: 4
12-14 08:51:47.334  1687  2100 D SoftHEVC: Initializing decoder
12-14 08:51:47.334  1687  2100 D SoftHEVC: Set number of cores to 4
12-14 08:51:47.334  1687  2100 D SoftHEVC: Ittiam decoder version number: @(#)Id:HEVCDEC_production Ver:04.01 Released by ITTIAM Build: Dec  8 2015 @ 07:48:46
12-14 08:51:47.334  1687  2100 D SoftHEVC: In SoftHEVC::~SoftHEVC
12-14 08:51:47.334  1687  2100 D SoftHEVC: Freeing codec memory
12-14 08:51:47.337  2056  2056 W ResourceType: No package identifier when getting value for resource number 0x00000000
12-14 08:51:47.337  1687  2100 W OMXNodeInstance: [12:google.vp8.decoder] component does not support metadata mode; using fallback
12-14 08:51:47.337  2056  2056 W PackageManager: Failure retrieving resources for com.android.settings: Resource ID #0x0
12-14 08:51:47.337  1687  2100 W OMXNodeInstance: [13:google.vp9.decoder] component does not support metadata mode; using fallback
12-14 08:51:47.337  2056  2056 W ResourceType: No package identifier when getting value for resource number 0x00000000
12-14 08:51:47.337  2056  2056 W PackageManager: Failure retrieving resources for com.android.calendar: Resource ID #0x0
12-14 08:51:47.339  1687  2100 I SoftMPEG4Encoder: Construct SoftMPEG4Encoder
12-14 08:51:47.339  1687  2100 W ACodec  : do not know color format 0x7f000789 = 2130708361
12-14 08:51:47.341  1687  2100 I SoftAVCEncoder: Construct SoftAVCEncoder
12-14 08:51:47.341  1687  2100 W ACodec  : do not know color format 0x7f000789 = 2130708361
12-14 08:51:47.341  1687  2100 I SoftMPEG4Encoder: Construct SoftMPEG4Encoder
12-14 08:51:47.341  1687  2100 W ACodec  : do not know color format 0x7f000789 = 2130708361
12-14 08:51:47.343  1687  2100 W ACodec  : do not know color format 0x7f000789 = 2130708361
12-14 08:51:47.349  1687  1687 D NuPlayerDriver: reset(0xf5c4eca0)
12-14 08:51:47.349  1948  1948 I ActivityManager: Start proc 2178:com.android.phone/1001 for added application com.android.phone
12-14 08:51:47.350  1948  1948 I ActivityManager: START u0 {act=android.intent.action.MAIN cat=[android.intent.category.HOME] flg=0x10000000 cmp=com.android.launcher3/.Launcher} from uid 0 on display 0
12-14 08:51:47.350  1687  2093 D NuPlayerDriver: notifyResetComplete(0xf5c4eca0)
12-14 08:51:47.351  1687  1989 D NuPlayerDriver: reset(0xf502f1c0)
12-14 08:51:47.352  1687  2097 D NuPlayerDriver: notifyResetComplete(0xf502f1c0)
12-14 08:51:47.352  1948  1948 V WindowManager: addAppToken: AppWindowToken{7c0c03d token=Token{1e107d94 ActivityRecord{14340de7 u0 com.android.launcher3/.Launcher t30}}} to stack=0 task=30 at 0
12-14 08:51:47.355  1687  2006 D NuPlayerDriver: start(0xf5c4edc0)
12-14 08:51:47.355  1687  2184 I GenericSource: start
12-14 08:51:47.356  1687  1687 D NuPlayerDriver: start(0xf5c4eca0)
12-14 08:51:47.356  1687  2186 I GenericSource: start
12-14 08:51:47.360  1687  2006 D NuPlayerDriver: reset(0xf5c4edc0)
12-14 08:51:47.361  1687  2184 D NuPlayerDriver: notifyResetComplete(0xf5c4edc0)
12-14 08:51:47.362  1687  1687 D NuPlayerDriver: reset(0xf5c4eca0)
12-14 08:51:47.363  1687  2186 D NuPlayerDriver: notifyResetComplete(0xf5c4eca0)
12-14 08:51:47.368  1948  1948 I ActivityManager: Start proc 2215:com.android.launcher3/u0a36 for activity com.android.launcher3/.Launcher
12-14 08:51:47.369  1687  1989 D NuPlayerDriver: start(0xf502f1c0)
12-14 08:51:47.369  1687  2209 I GenericSource: start
12-14 08:51:47.370  1687  2006 D NuPlayerDriver: start(0xf5c4edc0)
12-14 08:51:47.370  1687  2213 I GenericSource: start
12-14 08:51:47.374  1687  2006 D NuPlayerDriver: reset(0xf5c4edc0)
12-14 08:51:47.375  1687  2213 D NuPlayerDriver: notifyResetComplete(0xf5c4edc0)
12-14 08:51:47.376  1687  1989 D NuPlayerDriver: reset(0xf502f1c0)
12-14 08:51:47.377  1687  2209 D NuPlayerDriver: notifyResetComplete(0xf502f1c0)
12-14 08:51:47.379  1948  1968 I ActivityManager: Start proc 2236:com.android.printspooler/u0a45 for service com.android.printspooler/.model.PrintSpoolerService
12-14 08:51:47.382  1948  1948 V ActivityManager: Display changed displayId=0
12-14 08:51:47.382  1948  1948 V ActivityManager: Display changed displayId=0
12-14 08:51:47.382  1948  1948 D WifiScanningService: SCAN_AVAILABLE : 1
12-14 08:51:47.382  1948  1948 D RttService: SCAN_AVAILABLE : 1
12-14 08:51:47.382  1687  1687 D NuPlayerDriver: start(0xf5c4eca0)
12-14 08:51:47.382  1687  2257 I GenericSource: start
12-14 08:51:47.382  1948  2011 D WifiScanningService: DefaultState got{ when=-1ms what=160007 target=com.android.internal.util.StateMachine$SmHandler }
12-14 08:51:47.382  1948  2012 D RttService: DefaultState got{ when=-1ms what=160513 target=com.android.internal.util.StateMachine$SmHandler }
12-14 08:51:47.391  2056  2056 W ResourceType: No package identifier when getting value for resource number 0x00000000
12-14 08:51:47.391  2056  2056 W PackageManager: Failure retrieving resources for com.android.mms: Resource ID #0x0
12-14 08:51:47.393  1687  1687 D NuPlayerDriver: reset(0xf5c4eca0)
12-14 08:51:47.395  1687  2257 D NuPlayerDriver: notifyResetComplete(0xf5c4eca0)
12-14 08:51:47.397  2056  2056 W ResourceType: No package identifier when getting value for resource number 0x00000000
12-14 08:51:47.397  2056  2056 W PackageManager: Failure retrieving resources for com.android.settings: Resource ID #0x0
12-14 08:51:47.397  1948  1948 I Telecom : TelecomGlobals: TelecomGlobals initializing
12-14 08:51:47.399  2236  2236 I PrintSpoolerService: No existing print spooler state.
12-14 08:51:47.400  2119  2119 I LatinIME: Hardware accelerated drawing: true
12-14 08:51:47.403  1687  2006 D NuPlayerDriver: start(0xf5c4edc0)
12-14 08:51:47.403  1687  2270 I GenericSource: start
12-14 08:51:47.403  2056  2056 W ResourceType: No package identifier when getting value for resource number 0x00000000
12-14 08:51:47.404  2056  2056 W PackageManager: Failure retrieving resources for com.android.settings: Resource ID #0x0
12-14 08:51:47.404  2215  2215 D Launcher.LauncherProvider: 11683562 - initializeMaxScreenId(): 3
12-14 08:51:47.407  1687  2006 D NuPlayerDriver: reset(0xf5c4edc0)
12-14 08:51:47.408  1687  2270 D NuPlayerDriver: notifyResetComplete(0xf5c4edc0)
12-14 08:51:47.414  1948  2272 I ActivityManager: Start proc 2281:android.process.acore/u0a2 for content provider com.android.providers.contacts/.CallLogProvider
12-14 08:51:47.414  2215  2215 V Launcher: LauncherAppState inited
12-14 08:51:47.414  1948  1948 D BluetoothManagerService: Trying to bind to profile: 1, while Bluetooth was disabled
12-14 08:51:47.414  1948  1973 D BluetoothManagerService: Message: 30
12-14 08:51:47.416  1687  1989 D NuPlayerDriver: start(0xf502f1c0)
12-14 08:51:47.417  1687  2279 I GenericSource: start
12-14 08:51:47.419  1948  1948 I Telecom : TelecomGlobals: CallsManager initialized
12-14 08:51:47.419  1948  1948 W ContextImpl: Calling a method in the system process without a qualified user: android.app.ContextImpl.startService:1692 android.content.ContextWrapper.startService:516 com.android.server.telecom.BluetoothPhoneService.start:440 com.android.server.telecom.TelecomGlobals.initialize:93 com.android.server.telecom.TelecomService.onCreate:164 
12-14 08:51:47.420  1948  1948 D ZenLog  : downtime: Autotrigger skipped: not in downtime
12-14 08:51:47.424  1948  1948 W ResourcesManager: Asset path '/system/framework/com.android.location.provider.jar' does not exist or contains no resources.
12-14 08:51:47.425  1948  1948 D GpsNetInitiatedHandler: location enabled :true
12-14 08:51:47.425  1948  1948 V WiredAccessoryManager: notifyWiredAccessoryChanged: when=0 bits= mask=54
12-14 08:51:47.426  1948  1948 V WiredAccessoryManager: newName=h2w newState=0 headsetState=0 prev headsetState=0
12-14 08:51:47.426  1948  1948 E WiredAccessoryManager: No state change.
12-14 08:51:47.426  1948  1948 V WiredAccessoryManager: init()
12-14 08:51:47.427  2215  2215 D Launcher.Model: Old launcher provider: content://com.android.launcher2.settings/favorites?notify=true
12-14 08:51:47.427  2215  2215 D Launcher.Model: Old launcher provider does not exist.
12-14 08:51:47.429  1687  1989 D NuPlayerDriver: reset(0xf502f1c0)
12-14 08:51:47.430  2215  2215 W Launcher: setApplicationContext called twice! old=com.android.launcher3.LauncherApplication@52bdfde new=com.android.launcher3.LauncherApplication@52bdfde
12-14 08:51:47.431  2056  2056 W ResourceType: No package identifier when getting value for resource number 0x00000000
12-14 08:51:47.431  2056  2056 W PackageManager: Failure retrieving resources for com.android.browser: Resource ID #0x0
12-14 08:51:47.431  1687  2279 D NuPlayerDriver: notifyResetComplete(0xf502f1c0)
12-14 08:51:47.431  2119  2119 W InputAttributes: No editor info for this field. Bug?
12-14 08:51:47.432  1948  1973 D BluetoothManagerService: Message: 300
12-14 08:51:47.432  1948  1973 D BluetoothManagerService: MESSAGE_USER_SWITCHED
12-14 08:51:47.437  1679  1719 D PermissionCache: checking android.permission.HARDWARE_TEST for uid=1000 => granted (39 us)
12-14 08:51:47.437  1687  2006 D BlueZ   : external/bluetooth/bluez/android/hal-audio.c:audio_set_mic_mute() 
12-14 08:51:47.437  2056  2056 W ResourceType: No package identifier when getting value for resource number 0x00000000
12-14 08:51:47.437  2056  2056 W PackageManager: Failure retrieving resources for com.android.camera2: Resource ID #0x0
12-14 08:51:47.442  1948  1948 V BackupManagerService: Connected to transport ComponentInfo{android/com.android.internal.backup.LocalTransportService}
12-14 08:51:47.442  1948  1948 V BackupManagerService: Registering transport android/com.android.internal.backup.LocalTransportService::android/com.android.internal.backup.LocalTransport = android.app.backup.BackupTransport$TransportImpl@7cad9fa
12-14 08:51:47.443  2119  2312 I LatinIME:LogUtils: Dictionary info: dictionary = PersonalizationDictionary.en_US ; version = 1450083107 ; date = ?
12-14 08:51:47.443  2056  2056 W ResourceType: No package identifier when getting value for resource number 0x00000000
12-14 08:51:47.443  2056  2056 W PackageManager: Failure retrieving resources for com.antutu.ABenchMark: Resource ID #0x0
12-14 08:51:47.446  2119  2309 I LatinIME:LogUtils: Dictionary info: dictionary = UserHistoryDictionary.en_US ; version = 1449745273 ; date = 1450082996
12-14 08:51:47.446  2119  2315 I LatinIME:LogUtils: Dictionary info: dictionary = userunigram.en_US ; version = 1450083107 ; date = ?
12-14 08:51:47.447  1948  1948 D BluetoothManagerService: Trying to bind to profile: 1, while Bluetooth was disabled
12-14 08:51:47.447  1948  1973 D BluetoothManagerService: Message: 30
12-14 08:51:47.448  1948  1948 I FusedLocation: engine started (com.android.location.fused)
12-14 08:51:47.451  2119  2316 I LatinIME:LogUtils: Dictionary info: dictionary = contacts.en_US ; version = 1450083107 ; date = ?
12-14 08:51:47.452  2056  2056 W ResourceType: No package identifier when getting value for resource number 0x00000000
12-14 08:51:47.452  2056  2056 W PackageManager: Failure retrieving resources for com.cyanogenmod.filemanager: Resource ID #0x0
12-14 08:51:47.453  2119  2318 I LatinIME:LogUtils: Dictionary info: dictionary = ContextualDictionary.en_US ; version = 1450083107 ; date = ?
12-14 08:51:47.457  2215  2215 W ResourceType: Attempt to retrieve bag 0x7f0d0008 which is invalid or in a cycle.
12-14 08:51:47.469  1948  1948 I ActivityManager: Start proc 2323:com.android.music/u0a39 for broadcast com.android.music/.MediaButtonIntentReceiver
12-14 08:51:47.470  2056  2056 W ResourceType: No package identifier when getting value for resource number 0x00000000
12-14 08:51:47.470  2056  2056 W PackageManager: Failure retrieving resources for com.example.junzhen.systemrecovery: Resource ID #0x0
12-14 08:51:47.475  2119  2312 I LatinIME:LogUtils: Dictionary info: dictionary = PersonalizationDictionary.en_US ; version = 1450083107 ; date = ?
12-14 08:51:47.476  2119  2312 I LatinIME:LogUtils: Dictionary info: dictionary = PersonalizationDictionary.en_US ; version = 1450083107 ; date = ?
12-14 08:51:47.476  1690  1690 I art     : Explicit concurrent mark sweep GC freed 706(30KB) AllocSpace objects, 0(0B) LOS objects, 39% free, 1950KB/3MB, paused 51us total 7.246ms
12-14 08:51:47.481  1690  1690 I art     : Explicit concurrent mark sweep GC freed 5(160B) AllocSpace objects, 0(0B) LOS objects, 39% free, 1950KB/3MB, paused 29us total 3.434ms
12-14 08:51:47.484  1690  1690 I art     : Explicit concurrent mark sweep GC freed 5(160B) AllocSpace objects, 0(0B) LOS objects, 39% free, 1950KB/3MB, paused 29us total 3.092ms
12-14 08:51:47.487  2178  2178 D TelephonyProvider: dbh.onOpen: ok, queried table=siminfo
12-14 08:51:47.487  2178  2178 D TelephonyProvider: dbh.onOpen: ok, queried table=carriers
12-14 08:51:47.488  2215  2304 D Launcher.Model: 11683562 - loadWorkspace()
12-14 08:51:47.489  2281  2314 I ContactLocale: AddressBook Labels [en-US]: [, A, B, C, D, E, F, G, H, I, J, K, L, M, N, O, P, Q, R, S, T, U, V, W, X, Y, Z, , , , , , , , , , , , , , , , , , , , , , , , , , , , , , , , , , , , , , , , , , , , , , , , , , , , , , , , , , , , , , , , , , , , , , , , , , , , , , , , , , , , , , , , , , , , , , , , , , , , , , , , , , , , , , , , , , , , , , , , , , , , , , , , , , , , , , , , , , , , , , , , , , , , , , , , , , , , , , , , , , , , , , , , , , , , , , , , , , , , , , , , , , , , #, ]
12-14 08:51:47.491  2215  2304 D Launcher.Model: 11683562 -   loadedOldDb: false
12-14 08:51:47.492  2215  2304 W Launcher: setApplicationContext called twice! old=com.android.launcher3.LauncherApplication@52bdfde new=com.android.launcher3.LauncherApplication@52bdfde
12-14 08:51:47.493  2215  2346 D OpenGLRenderer: Use EGL_SWAP_BEHAVIOR_PRESERVED: true
12-14 08:51:47.494  2215  2215 I GRALLOC-DRM: create intel for driver i915
12-14 08:51:47.494  2215  2215 D Atlas   : Validating map...
12-14 08:51:47.495  1948  1965 V WindowManager: Based on layer: Adding window Window{1df67e86 u0 com.android.launcher3/com.android.launcher3.Launcher} at 0 of 1
12-14 08:51:47.506  2119  2336 I LatinIME:LogUtils: Dictionary info: dictionary = main:en ; version = 47 ; date = 1402373178
12-14 08:51:47.519  1948  2081 I ActivityManager: Start proc 2355:android.process.media/u0a5 for content provider com.android.providers.media/.MediaProvider
12-14 08:51:47.520  1948  1968 D GpsLocationProvider: received SIM realted action: 
12-14 08:51:47.521  2178  2364 E DcSwitchStateMachine-0: DctController is not ready
12-14 08:51:47.523  1948  1968 D GpsLocationProvider: SIM MCC/MNC is still not available
12-14 08:51:47.523  1948  2001 E ConnectivityService: Failed to find Messenger in unregisterNetworkFactory
12-14 08:51:47.524  1948  2001 D ConnectivityService: Got NetworkFactory Messenger for Telephony
12-14 08:51:47.528  2215  2346 I EGL-DRI2: DRI2: found extension DRI_Core version 1
12-14 08:51:47.528  2215  2346 I EGL-DRI2: DRI2: found extension DRI_DRI2 version 4
12-14 08:51:47.531  2215  2304 D Launcher.Model: 11683562 - loadWorkspaceScreensDb()
12-14 08:51:47.532  2215  2304 D Launcher.Model: 11683562 -   screens: { 0: 3 }
12-14 08:51:47.532  2215  2304 D Launcher.Model: 11683562 -   sBgWorkspaceScreens: 3
12-14 08:51:47.534  2215  2346 I EGL-DRI2: DRI2: found extension DRI_TexBuffer version 3
12-14 08:51:47.534  2215  2346 I EGL-DRI2: DRI2: found extension DRI2_Flush version 4
12-14 08:51:47.534  2215  2346 I EGL-DRI2: DRI2: found extension DRI_IMAGE version 11
12-14 08:51:47.534  2215  2346 I OpenGLRenderer: Initialized EGL, version 1.4
12-14 08:51:47.534  2215  2346 W OpenGLRenderer: Failed to choose config with EGL_SWAP_BEHAVIOR_PRESERVED, retrying without...
12-14 08:51:47.535  2215  2346 D OpenGLRenderer: Enabling debug mode 0
12-14 08:51:47.544  2355  2355 E SQLiteLog: (283) recovered 90 frames from WAL file /data/user/0/com.android.providers.media/databases/external.db-wal
12-14 08:51:47.544  2056  2056 D VolumeUI: Registering volume controller
12-14 08:51:47.550  1948  2231 I art     : Explicit concurrent mark sweep GC freed 22904(1679KB) AllocSpace objects, 12(187KB) LOS objects, 33% free, 8MB/12MB, paused 430us total 14.846ms
12-14 08:51:47.552  1948  1973 D BluetoothManagerService: Message: 20
12-14 08:51:47.552  1948  1973 D BluetoothManagerService: Added callback: android.bluetooth.IBluetoothManagerCallback$Stub$Proxy@3d57b7e6:true
12-14 08:51:47.553  1948  1973 D BluetoothManagerService: Message: 30
12-14 08:51:47.553  1948  2326 D BluetoothManagerService: Trying to bind to profile: 1, while Bluetooth was disabled
12-14 08:51:47.555  2056  2056 V KeyguardUpdateMonitor: action android.intent.action.SIM_STATE_CHANGED state: NOT_READY slotId: 0 subid: -2
12-14 08:51:47.559  1948  1965 I StatusBarManagerService: registerStatusBar bar=com.android.internal.statusbar.IStatusBar$Stub$Proxy@24a57735
12-14 08:51:47.563  2178  2178 I Telephony: TtyManager: updateUiTtyMode -1 -> 0
12-14 08:51:47.564  2178  2207 I art     : Background partial concurrent mark sweep GC freed 1870(142KB) AllocSpace objects, 2(32KB) LOS objects, 39% free, 3MB/5MB, paused 5.394ms total 12.115ms
12-14 08:51:47.566  1948  1948 D GpsLocationProvider: received SIM realted action: 
12-14 08:51:47.566  1948  1948 D GpsLocationProvider: SIM MCC/MNC is still not available
12-14 08:51:47.575  1948  1974 I ActivityManager: Displayed com.android.launcher3/.Launcher: +222ms
12-14 08:51:47.582  2178  2178 D TelephonyDebugService: TelephonyDebugService()
12-14 08:51:47.584  1948  2000 D WifiService: New client listening to asynchronous messages
12-14 08:51:47.592  2215  2215 D Launcher: 11683562 - bindAddScreens()
12-14 08:51:47.592  2215  2215 D Launcher: 11683562 -   orderedScreenIds: 3
12-14 08:51:47.592  2215  2215 D Launcher.Workspace: 11683562 - insertNewWorkspaceScreen(): 3 at index: 0
12-14 08:51:47.599  2178  2178 I Telephony: PstnIncomingCallNotifier: Registering: Handler (com.android.internal.telephony.gsm.GSMPhone) {24f0b0d9}
12-14 08:51:47.602  2178  2386 D SIP     : [SipSharedPreferences] isReceivingCallsEnabled, option not set; use default value, exception: android.provider.Settings$SettingNotFoundException: sip_receive_calls
12-14 08:51:47.629  1948  2000 D WifiService: New client listening to asynchronous messages
12-14 08:51:47.631  1948  1973 D BluetoothManagerService: Message: 20
12-14 08:51:47.631  1948  1973 D BluetoothManagerService: Added callback: android.bluetooth.IBluetoothManagerCallback$Stub$Proxy@3923432a:true
12-14 08:51:47.632  2056  2056 D BluetoothAdapter: 288149811: getState() :  mService = null. Returning STATE_OFF
12-14 08:51:47.632  2056  2388 D BluetoothAdapter: 288149811: getState() :  mService = null. Returning STATE_OFF
12-14 08:51:47.632  1948  1973 D BluetoothManagerService: Message: 30
12-14 08:51:47.632  1948  1973 D BluetoothManagerService: Message: 30
12-14 08:51:47.632  2056  2056 E BluetoothA2dpSink: Could not bind to Bluetooth A2DP Service with Intent { act=android.bluetooth.IBluetoothA2dpSink }
12-14 08:51:47.633  1948  1973 D BluetoothManagerService: Message: 30
12-14 08:51:47.633  2056  2056 E BluetoothAvrcpController: Could not bind to Bluetooth AVRCP Controller Service with Intent { act=android.bluetooth.IBluetoothAvrcpController }
12-14 08:51:47.633  1948  1973 D BluetoothManagerService: Message: 30
12-14 08:51:47.633  1948  2325 D BluetoothManagerService: Trying to bind to profile: 1, while Bluetooth was disabled
12-14 08:51:47.633  1948  1973 D BluetoothManagerService: Message: 30
12-14 08:51:47.633  2056  2056 E BluetoothHeadsetClient: Could not bind to Bluetooth Headset Client Service with Intent { act=android.bluetooth.IBluetoothHeadsetClient }
12-14 08:51:47.634  1948  1973 D BluetoothManagerService: Message: 30
12-14 08:51:47.634  1948  1969 V KeyguardServiceDelegate: *** Keyguard started
12-14 08:51:47.634  1948  1969 W KeyguardServiceDelegate: onScreenTurnedOn(): no keyguard service!
12-14 08:51:47.634  2056  2056 D BluetoothMap: Create BluetoothMap proxy object
12-14 08:51:47.635  1948  1973 D BluetoothManagerService: Message: 30
12-14 08:51:47.635  1948  1969 D KbdSensor: poll_activate: dev=0x7f2d38c66680 handle=0 enabled=1
12-14 08:51:47.635  1948  1969 D KbdSensor: poll_setDelay: dev=0x7f2d38c66680 delay-ns=66667000
12-14 08:51:47.638  1948  1973 D BluetoothManagerService: Message: 30
12-14 08:51:47.639  1948  2212 D ConnectivityService: listenForNetwork for NetworkRequest [ id=2, legacyType=-1, [] ]
12-14 08:51:47.642  2056  2056 I CameraManagerGlobal: getCameraService: Reconnecting to camera service
12-14 08:51:47.643  1687  1687 I CameraService: getCameraCharacteristics: Switching to HAL1 shim implementation...
12-14 08:51:47.643  1687  1687 D Camera_Factory: CameraFactory::get_camera_info
12-14 08:51:47.643  1687  1687 D Camera_Factory: CameraFactory::getCameraInfo: id = 0, info = 0xfff18658
12-14 08:51:47.643  1687  1687 D Camera_Factory: CameraFactory::getCameraNum: 1
12-14 08:51:47.643  1687  1687 D CameraHardware: CameraHardware::getCameraInfo
12-14 08:51:47.643  1687  1687 D Camera_Factory: CameraFactory::get_camera_info
12-14 08:51:47.643  1687  1687 D Camera_Factory: CameraFactory::getCameraInfo: id = 0, info = 0xfff183f0
12-14 08:51:47.643  1687  1687 D Camera_Factory: CameraFactory::getCameraNum: 1
12-14 08:51:47.643  1687  1687 D CameraHardware: CameraHardware::getCameraInfo
12-14 08:51:47.652  2215  2304 W ResourceType: No package identifier when getting value for resource number 0x00000000
12-14 08:51:47.652  2215  2304 W ResourceType: No package identifier when getting value for resource number 0x00000000
12-14 08:51:47.652  2215  2304 W PackageManager: Failure retrieving resources for com.example.android.rssreader: Resource ID #0x0
12-14 08:51:47.652  2215  2304 W ResourceType: No package identifier when getting value for resource number 0x00000000
12-14 08:51:47.652  2215  2304 W PackageManager: Failure retrieving resources for com.example.android.rssreader: Resource ID #0x0
12-14 08:51:47.653  1687  1687 I CameraClient: Opening camera 0
12-14 08:51:47.653  1687  1687 D Camera_Factory: CameraFactory::get_camera_info
12-14 08:51:47.653  1687  1687 D Camera_Factory: CameraFactory::getCameraInfo: id = 0, info = 0xfff18380
12-14 08:51:47.653  1687  1687 D Camera_Factory: CameraFactory::getCameraNum: 1
12-14 08:51:47.653  1687  1687 D CameraHardware: CameraHardware::getCameraInfo
12-14 08:51:47.653  1687  1687 D Camera_Factory: CameraFactory::device_open: name = 0
12-14 08:51:47.653  1687  1687 D Camera_Factory: CameraFactory::cameraDeviceOpen: id = 0
12-14 08:51:47.653  1687  1687 D Camera_Factory: CameraFactory::getCameraNum: 1
12-14 08:51:47.653  1687  1687 D CameraHardware: CameraHardware::PowerOn: Power ON camera.
12-14 08:51:47.653  1687  1687 D CameraHardware: CameraHardware::PowerOn: no power_file set
12-14 08:51:47.653  1687  1687 D CameraHardware: CameraHardware::initDefaultParameters
12-14 08:51:47.653  2215  2304 W ResourceType: No package identifier when getting value for resource number 0x00000000
12-14 08:51:47.653  1687  1687 D V4L2Camera: V4L2Camera::EnumFrameFormats
12-14 08:51:47.653  1687  1687 D V4L2Camera: { pixelformat = 'YUYV', description = 'YUYV 4:2:2' }
12-14 08:51:47.653  1687  1687 D V4L2Camera: V4L2Camera::EnumFrameSizes: pixfmt: 0x56595559
12-14 08:51:47.653  2215  2304 W ResourceType: No package identifier when getting value for resource number 0x00000000
12-14 08:51:47.653  1687  1687 D V4L2Camera: { discrete: width = 640, height = 480 }
12-14 08:51:47.653  1687  1687 D V4L2Camera: V4L2Camera::EnumFrameIntervals: pixfmt: 0x56595559, w:640, h:480
12-14 08:51:47.653  1687  1687 D V4L2Camera: 	Time interval between frame: 
12-14 08:51:47.653  1687  1687 D V4L2Camera: 1/30
12-14 08:51:47.653  2215  2304 W PackageManager: Failure retrieving resources for com.android.speechrecorder: Resource ID #0x0
12-14 08:51:47.653  1687  1687 D V4L2Camera: 1/15
12-14 08:51:47.653  1687  1687 D V4L2Camera: { discrete: width = 640, height = 360 }
12-14 08:51:47.653  2215  2304 W ResourceType: No package identifier when getting value for resource number 0x00000000
12-14 08:51:47.653  1687  1687 D V4L2Camera: V4L2Camera::EnumFrameIntervals: pixfmt: 0x56595559, w:640, h:360
12-14 08:51:47.653  1687  1687 D V4L2Camera: 	Time interval between frame: 
12-14 08:51:47.653  1687  1687 D V4L2Camera: 1/30
12-14 08:51:47.653  1687  1687 D V4L2Camera: 1/15
12-14 08:51:47.653  1687  1687 D V4L2Camera: { discrete: width = 352, height = 288 }
12-14 08:51:47.653  2215  2304 W PackageManager: Failure retrieving resources for com.android.speechrecorder: Resource ID #0x0
12-14 08:51:47.653  1687  1687 D V4L2Camera: V4L2Camera::EnumFrameIntervals: pixfmt: 0x56595559, w:352, h:288
12-14 08:51:47.653  1687  1687 D V4L2Camera: 	Time interval between frame: 
12-14 08:51:47.653  1687  1687 D V4L2Camera: 1/30
12-14 08:51:47.653  1687  1687 D V4L2Camera: 1/15
12-14 08:51:47.653  1687  1687 D V4L2Camera: { discrete: width = 320, height = 240 }
12-14 08:51:47.653  1687  1687 D V4L2Camera: V4L2Camera::EnumFrameIntervals: pixfmt: 0x56595559, w:320, h:240
12-14 08:51:47.653  1687  1687 D V4L2Camera: 	Time interval between frame: 
12-14 08:51:47.653  1687  1687 D V4L2Camera: 1/30
12-14 08:51:47.653  1687  1687 D V4L2Camera: 1/15
12-14 08:51:47.653  1687  1687 D V4L2Camera: { discrete: width = 800, height = 448 }
12-14 08:51:47.653  1687  1687 D V4L2Camera: V4L2Camera::EnumFrameIntervals: pixfmt: 0x56595559, w:800, h:448
12-14 08:51:47.653  1687  1687 D V4L2Camera: 	Time interval between frame: 
12-14 08:51:47.653  1687  1687 D V4L2Camera: 1/15
12-14 08:51:47.653  1687  1687 D V4L2Camera: { discrete: width = 960, height = 540 }
12-14 08:51:47.653  1687  1687 D V4L2Camera: V4L2Camera::EnumFrameIntervals: pixfmt: 0x56595559, w:960, h:540
12-14 08:51:47.653  1687  1687 D V4L2Camera: 	Time interval between frame: 
12-14 08:51:47.653  1687  1687 D V4L2Camera: 1/10
12-14 08:51:47.653  1687  1687 D V4L2Camera: { discrete: width = 1280, height = 720 }
12-14 08:51:47.653  1687  1687 D V4L2Camera: V4L2Camera::EnumFrameIntervals: pixfmt: 0x56595559, w:1280, h:720
12-14 08:51:47.653  1687  1687 D V4L2Camera: 	Time interval between frame: 
12-14 08:51:47.653  1687  1687 D V4L2Camera: 1/10
12-14 08:51:47.653  1687  1687 D V4L2Camera: { discrete: width = 424, height = 240 }
12-14 08:51:47.653  1687  1687 D V4L2Camera: V4L2Camera::EnumFrameIntervals: pixfmt: 0x56595559, w:424, h:240
12-14 08:51:47.653  1687  1687 D V4L2Camera: 	Time interval between frame: 
12-14 08:51:47.653  1687  1687 D V4L2Camera: 1/30
12-14 08:51:47.653  1687  1687 D V4L2Camera: 1/15
12-14 08:51:47.653  1687  1687 D V4L2Camera: { pixelformat = 'MJPG', description = 'Motion-JPEG' }
12-14 08:51:47.653  1687  1687 D V4L2Camera: V4L2Camera::EnumFrameSizes: pixfmt: 0x47504a4d
12-14 08:51:47.653  1687  1687 D V4L2Camera: { discrete: width = 640, height = 480 }
12-14 08:51:47.653  1687  1687 D V4L2Camera: V4L2Camera::EnumFrameIntervals: pixfmt: 0x47504a4d, w:640, h:480
12-14 08:51:47.653  1687  1687 D V4L2Camera: 	Time interval between frame: 
12-14 08:51:47.653  1687  1687 D V4L2Camera: 1/30
12-14 08:51:47.653  1687  1687 D V4L2Camera: 1/15
12-14 08:51:47.653  1687  1687 D V4L2Camera: { discrete: width = 640, height = 360 }
12-14 08:51:47.653  1687  1687 D V4L2Camera: V4L2Camera::EnumFrameIntervals: pixfmt: 0x47504a4d, w:640, h:360
12-14 08:51:47.653  1687  1687 D V4L2Camera: 	Time interval between frame: 
12-14 08:51:47.653  1687  1687 D V4L2Camera: 1/30
12-14 08:51:47.653  1687  1687 D V4L2Camera: 1/15
12-14 08:51:47.653  1687  1687 D V4L2Camera: { discrete: width = 352, height = 288 }
12-14 08:51:47.653  1687  1687 D V4L2Camera: V4L2Camera::EnumFrameIntervals: pixfmt: 0x47504a4d, w:352, h:288
12-14 08:51:47.653  1687  1687 D V4L2Camera: 	Time interval between frame: 
12-14 08:51:47.653  1687  1687 D V4L2Camera: 1/30
12-14 08:51:47.653  1687  1687 D V4L2Camera: 1/15
12-14 08:51:47.653  1687  1687 D V4L2Camera: { discrete: width = 320, height = 240 }
12-14 08:51:47.653  1687  1687 D V4L2Camera: V4L2Camera::EnumFrameIntervals: pixfmt: 0x47504a4d, w:320, h:240
12-14 08:51:47.653  1687  1687 D V4L2Camera: 	Time interval between frame: 
12-14 08:51:47.653  1687  1687 D V4L2Camera: 1/30
12-14 08:51:47.653  1687  1687 D V4L2Camera: 1/15
12-14 08:51:47.653  1687  1687 D V4L2Camera: { discrete: width = 800, height = 448 }
12-14 08:51:47.653  1687  1687 D V4L2Camera: V4L2Camera::EnumFrameIntervals: pixfmt: 0x47504a4d, w:800, h:448
12-14 08:51:47.653  1687  1687 D V4L2Camera: 	Time interval between frame: 
12-14 08:51:47.653  1687  1687 D V4L2Camera: 1/30
12-14 08:51:47.653  1687  1687 D V4L2Camera: 1/15
12-14 08:51:47.653  1687  1687 D V4L2Camera: { discrete: width = 960, height = 540 }
12-14 08:51:47.653  1687  1687 D V4L2Camera: V4L2Camera::EnumFrameIntervals: pixfmt: 0x47504a4d, w:960, h:540
12-14 08:51:47.653  1687  1687 D V4L2Camera: 	Time interval between frame: 
12-14 08:51:47.653  1687  1687 D V4L2Camera: 1/30
12-14 08:51:47.653  1687  1687 D V4L2Camera: 1/15
12-14 08:51:47.653  1687  1687 D V4L2Camera: { discrete: width = 1280, height = 720 }
12-14 08:51:47.653  1687  1687 D V4L2Camera: V4L2Camera::EnumFrameIntervals: pixfmt: 0x47504a4d, w:1280, h:720
12-14 08:51:47.653  1687  1687 D V4L2Camera: 	Time interval between frame: 
12-14 08:51:47.653  1687  1687 D V4L2Camera: 1/30
12-14 08:51:47.653  1687  1687 D V4L2Camera: 1/15
12-14 08:51:47.653  1687  1687 D V4L2Camera: V4L2Camera::getAvailableSizes
12-14 08:51:47.653  1687  1687 D V4L2Camera: V4L2Camera::getAvailableFps
12-14 08:51:47.653  1687  1687 I CameraHardware: Default preview size: (1280 x 720), fps:30
12-14 08:51:47.653  1687  1687 I CameraHardware: All available formats: 176x144,240x160,320x200,320x240,352x288,424x240,432x320,480x320,640x360,640x480,800x448,960x540,1280x720
12-14 08:51:47.653  1687  1687 I CameraHardware: All available fps: (10,10),(15,15),(30,30)
12-14 08:51:47.653  1687  1687 I CameraHardware: Default picture size: (1280 x 720)
12-14 08:51:47.654  1687  1687 D CameraHardware: CameraHardware::setParameters
12-14 08:51:47.654  1687  1687 D CameraHardware: CameraHardware::setParameters: PREVIEW: Size 1280x720, 30 fps, format: yuv422sp
12-14 08:51:47.654  1687  1687 D CameraHardware: CameraHardware::setParameters: PICTURE: Size 1280x720, format: jpeg
12-14 08:51:47.654  1687  1687 D CameraHardware: CameraHardware::setParameters: VIDEO: Size 1280x720, format: yuv420p
12-14 08:51:47.654  1687  1687 D CameraHardware: CameraHardware::initHeapLocked
12-14 08:51:47.654  1687  1687 E CameraHardware: No memory allocator available
12-14 08:51:47.654  1687  1687 D CameraHardware: CameraHardware::setParameters: OK
12-14 08:51:47.654  1687  1687 D CameraHardware: CameraHardware::connectCamera
12-14 08:51:47.654  1687  1687 D CameraHardware: CameraHardware::setCallbacks
12-14 08:51:47.654  1687  1687 D CameraHardware: CameraHardware::enableMsgType: 3085
12-14 08:51:47.654  1687  1687 D CameraHardware: CameraHardware::getParameters
12-14 08:51:47.654  1687  1687 D CameraHardware: CameraHardware::putParameters
12-14 08:51:47.654  1687  1687 D CameraHardware: CameraHardware::disableMsgType: 65535
12-14 08:51:47.654  1687  1687 D CameraHardware: CameraHardware::stopPreview
12-14 08:51:47.654  1687  1687 D CameraHardware: CameraHardware::stopPreviewLocked
12-14 08:51:47.654  1687  1687 D CameraHardware: CameraHardware::stopPreviewLocked: OK
12-14 08:51:47.654  1687  1687 D CameraHardware: CameraHardware::cancelPicture
12-14 08:51:47.654  1687  1687 D CameraHardware: CameraHardware::releaseCamera
12-14 08:51:47.654  1687  1687 I CameraClient: Destroying camera 0
12-14 08:51:47.654  1687  1687 D CameraHardware: CameraHardware::closeCamera
12-14 08:51:47.654  1687  1687 D CameraHardware: CameraHardware::releaseCamera
12-14 08:51:47.654  1687  1687 D NuPlayerDriver: reset(0xf5c4eca0)
12-14 08:51:47.654  1687  2391 D NuPlayerDriver: notifyResetComplete(0xf5c4eca0)
12-14 08:51:47.654  1687  1687 D NuPlayerDriver: reset(0xf5c4ef40)
12-14 08:51:47.654  1687  2393 D NuPlayerDriver: notifyResetComplete(0xf5c4ef40)
12-14 08:51:47.655  1687  2006 D Camera_Factory: CameraFactory::get_camera_info
12-14 08:51:47.655  1687  2006 D Camera_Factory: CameraFactory::getCameraInfo: id = 0, info = 0xf4e01990
12-14 08:51:47.655  1687  2006 D Camera_Factory: CameraFactory::getCameraNum: 1
12-14 08:51:47.655  1687  2006 D CameraHardware: CameraHardware::getCameraInfo
12-14 08:51:47.655  1687  1687 D Camera_Factory: CameraFactory::get_camera_info
12-14 08:51:47.655  1687  1687 D Camera_Factory: CameraFactory::getCameraInfo: id = 0, info = 0xfff186d0
12-14 08:51:47.655  1687  1687 D Camera_Factory: CameraFactory::getCameraNum: 1
12-14 08:51:47.655  1687  1687 D CameraHardware: CameraHardware::getCameraInfo
12-14 08:51:47.667  2056  2397 D BluetoothAdapter: 288149811: getState() :  mService = null. Returning STATE_OFF
12-14 08:51:47.667  2056  2397 D BluetoothAdapter: 288149811: getState() :  mService = null. Returning STATE_OFF
12-14 08:51:47.667  2056  2397 D BluetoothAdapter: 288149811: getState() :  mService = null. Returning STATE_OFF
12-14 08:51:47.667  2056  2397 D BluetoothAdapter: 288149811: getState() :  mService = null. Returning STATE_OFF
12-14 08:51:47.671  2056  2399 D OpenGLRenderer: Use EGL_SWAP_BEHAVIOR_PRESERVED: true
12-14 08:51:47.671  2056  2056 I GRALLOC-DRM: create intel for driver i915
12-14 08:51:47.671  2056  2056 D Atlas   : Validating map...
12-14 08:51:47.672  2056  2056 D PhoneStatusBar: disable: < EXPAND* icons alerts system_info BACK* HOME* RECENT* clock SEARCH* >
12-14 08:51:47.677  2056  2056 D BluetoothAdapter: 288149811: getState() :  mService = null. Returning STATE_OFF
12-14 08:51:47.677  2056  2056 D BluetoothAdapter: 288149811: getState() :  mService = null. Returning STATE_OFF
12-14 08:51:47.678  2056  2056 D PhoneStatusBar: heads up is enabled
12-14 08:51:47.680  2056  2056 D ViewRootImpl: changeCanvasOpacity: opaque=true
12-14 08:51:47.695  2056  2399 I EGL-DRI2: DRI2: found extension DRI_Core version 1
12-14 08:51:47.695  2056  2399 I EGL-DRI2: DRI2: found extension DRI_DRI2 version 4
12-14 08:51:47.698  2056  2399 I EGL-DRI2: DRI2: found extension DRI_TexBuffer version 3
12-14 08:51:47.698  2056  2399 I EGL-DRI2: DRI2: found extension DRI2_Flush version 4
12-14 08:51:47.698  2056  2399 I EGL-DRI2: DRI2: found extension DRI_IMAGE version 11
12-14 08:51:47.698  2056  2399 I OpenGLRenderer: Initialized EGL, version 1.4
12-14 08:51:47.698  2056  2399 W OpenGLRenderer: Failed to choose config with EGL_SWAP_BEHAVIOR_PRESERVED, retrying without...
12-14 08:51:47.699  2056  2399 D OpenGLRenderer: Enabling debug mode 0
12-14 08:51:47.705  2056  2056 D KeyguardUpdateMonitor: handleSimStateChange(subId=-2, slotId=0, state=UNKNOWN)
12-14 08:51:47.705  2056  2056 W KeyguardUpdateMonitor: invalid subId in handleSimStateChange()
12-14 08:51:47.824  1948  2000 D WifiService: New client listening to asynchronous messages
12-14 08:51:47.825  1948  1948 V KeyguardServiceDelegate: *** Keyguard connected (yay!)
12-14 08:51:47.842  2056  2056 D OpenGLRenderer: setting property extraRasterBucket to 0.95
12-14 08:51:47.842  2056  2056 D OpenGLRenderer:     failed
12-14 08:51:47.842  2056  2056 D OpenGLRenderer: setting property extraRasterBucket to 0.0
12-14 08:51:47.842  2056  2056 D OpenGLRenderer:     failed
12-14 08:51:47.854  2056  2056 V KeyguardUpdateMonitor: onSubscriptionInfoChanged()
12-14 08:51:47.855  2056  2056 V KeyguardUpdateMonitor: onSubscriptionInfoChanged: list is null
12-14 08:51:47.863  1948  2321 V KeyguardServiceDelegate: **** SHOWN CALLED ****
12-14 08:51:47.863  1679  1883 I SurfaceFlinger: Boot is finished (3496 ms)
12-14 08:51:47.906  2056  2056 D PhoneStatusBar: disable: < expand* icons alerts system_info back* home* recent* clock search* >
12-14 08:51:48.129  1688  1688 E installd: Unable to unlink boot marker at /data/dalvik-cache/arm64/.booting, error=No such file or directory
12-14 08:51:48.130  1948  1974 E ActivityManager: Unable to mark boot complete for abi: arm64-v8a
12-14 08:51:48.130  1688  1688 E installd: Unable to unlink boot marker at /data/dalvik-cache/arm/.booting, error=No such file or directory
12-14 08:51:48.130  1948  1974 E ActivityManager: Unable to mark boot complete for abi: armeabi-v7a
12-14 08:51:48.130  1948  1974 I SystemServiceManager: Starting phase 1000
12-14 08:51:48.131  2404  2404 W linker  : [vdso]: unused DT entry: type 0x6ffffef5 arg 0x160
12-14 08:51:48.132  2405  2405 W linker  : [vdso]: unused DT entry: type 0x6ffffef5 arg 0x160
12-14 08:51:48.133  2404  2404 I sh      : WARNING: linker: [vdso]: unused DT entry: type 0x6ffffef5 arg 0x160
12-14 08:51:48.137  2404  2404 I sh      : + hw_sh=/vendor/etc/init.sh 
12-14 08:51:48.137  2404  2404 I sh      : + '[' -e /vendor/etc/init.sh ']'
12-14 08:51:48.137  2404  2404 I sh      : + do_bootcomplete
12-14 08:51:48.137  2404  2404 I sh      : + init_cpu_governor
12-14 08:51:48.138  2404  2404 I sh      : + getprop cpu.governor
12-14 08:51:48.140  2409  2409 W linker  : [vdso]: unused DT entry: type 0x6ffffef5 arg 0x160
12-14 08:51:48.140  2404  2404 I sh      : WARNING: linker: [vdso]: unused DT entry: type 0x6ffffef5 arg 0x160
12-14 08:51:48.141  2404  2404 I sh      : + governor= 
12-14 08:51:48.141  2404  2404 I sh      : + '[' ']'
12-14 08:51:48.141  2404  2404 I sh      : + getprop persist.sys.root_access
12-14 08:51:48.143  2410  2410 W linker  : [vdso]: unused DT entry: type 0x6ffffef5 arg 0x160
12-14 08:51:48.143  2404  2404 I sh      : WARNING: linker: [vdso]: unused DT entry: type 0x6ffffef5 arg 0x160
12-14 08:51:48.144  2404  2404 I sh      : + '[' -z 3 ']'
12-14 08:51:48.144  2404  2404 I sh      : + getprop debug.mesa.driver
12-14 08:51:48.146  2411  2411 W linker  : [vdso]: unused DT entry: type 0x6ffffef5 arg 0x160
12-14 08:51:48.146  2404  2404 I sh      : WARNING: linker: [vdso]: unused DT entry: type 0x6ffffef5 arg 0x160
12-14 08:51:48.147  2404  2404 I sh      : + '['  '=' i965 ']'
12-14 08:51:48.147  2404  2404 I sh      : + lsmod
12-14 08:51:48.147  2404  2404 I sh      : + grep -e brcmfmac
12-14 08:51:48.150  2413  2413 W linker  : [vdso]: unused DT entry: type 0x6ffffef5 arg 0x160
12-14 08:51:48.150  2404  2404 I sh      : WARNING: linker: [vdso]: unused DT entry: type 0x6ffffef5 arg 0x160
12-14 08:51:48.151  2404  2404 I sh      : + grep '\[.*\]' /proc/asound/cards
12-14 08:51:48.152  2404  2404 I sh      : + awk '{print $1}'
12-14 08:51:48.153  2414  2414 W linker  : [vdso]: unused DT entry: type 0x6ffffef5 arg 0x160
12-14 08:51:48.153  2404  2404 I sh      : WARNING: linker: [vdso]: unused DT entry: type 0x6ffffef5 arg 0x160
12-14 08:51:48.153  2415  2415 W linker  : [vdso]: unused DT entry: type 0x6ffffef5 arg 0x160
12-14 08:51:48.153  2404  2404 I sh      : WARNING: linker: [vdso]: unused DT entry: type 0x6ffffef5 arg 0x160
12-14 08:51:48.154  2404  2404 I sh      : + cat /proc/asound/card0/id
12-14 08:51:48.154  2404  2404 I sh      : + f=/system/etc/alsa/PCH.state 
12-14 08:51:48.154  2404  2404 I sh      : + '[' -e /system/etc/alsa/PCH.state ']'
12-14 08:51:48.155  2404  2404 I sh      : + alsa_ctl init 0
12-14 08:51:48.157  2417  2417 W linker  : [vdso]: unused DT entry: type 0x6ffffef5 arg 0xec
12-14 08:51:48.158  2404  2404 I sh      : WARNING: linker: [vdso]: unused DT entry: type 0x6ffffef5 arg 0xec
12-14 08:51:48.162  2404  2404 I sh      : Found hardware: "HDA-Intel" "Realtek ALC269VC" "HDA:10ec0269,17aa21fb,00100203 HDA:80862806,80860101,00100000" "0x17aa" "0x21fb"
12-14 08:51:48.162  2404  2404 I sh      : Hardware is initialized using a generic method
12-14 08:51:48.165  2404  2404 I sh      : + alsa_amixer -c 0 set Master on
12-14 08:51:48.166  2418  2418 W linker  : [vdso]: unused DT entry: type 0x6ffffef5 arg 0xec
12-14 08:51:48.166  2404  2404 I sh      : WARNING: linker: [vdso]: unused DT entry: type 0x6ffffef5 arg 0xec
12-14 08:51:48.169  2404  2404 I sh      : Simple mixer control 'Master',0
12-14 08:51:48.169  2404  2404 I sh      :   Capabilities: pvolume pvolume-joined pswitch pswitch-joined penum
12-14 08:51:48.169  2404  2404 I sh      :   Playback channels: Mono
12-14 08:51:48.169  2404  2404 I sh      :   Limits: Playback 0 - 87
12-14 08:51:48.169  2404  2404 I sh      :   Mono: Playback 60 [69%] [-20.25dB] [on]
12-14 08:51:48.169  2404  2404 I sh      : + alsa_amixer -c 0 set Master 100%
12-14 08:51:48.170  2419  2419 W linker  : [vdso]: unused DT entry: type 0x6ffffef5 arg 0xec
12-14 08:51:48.170  2404  2404 I sh      : WARNING: linker: [vdso]: unused DT entry: type 0x6ffffef5 arg 0xec
12-14 08:51:48.173  2404  2404 I sh      : Simple mixer control 'Master',0
12-14 08:51:48.173  2404  2404 I sh      :   Capabilities: pvolume pvolume-joined pswitch pswitch-joined penum
12-14 08:51:48.173  2404  2404 I sh      :   Playback channels: Mono
12-14 08:51:48.173  2404  2404 I sh      :   Limits: Playback 0 - 87
12-14 08:51:48.173  2404  2404 I sh      :   Mono: Playback 87 [100%] [0.00dB] [on]
12-14 08:51:48.173  2404  2404 I sh      : + alsa_amixer -c 0 set Headphone on
12-14 08:51:48.174  2420  2420 W linker  : [vdso]: unused DT entry: type 0x6ffffef5 arg 0xec
12-14 08:51:48.174  2404  2404 I sh      : WARNING: linker: [vdso]: unused DT entry: type 0x6ffffef5 arg 0xec
12-14 08:51:48.176  2404  2404 I sh      : Simple mixer control 'Headphone',0
12-14 08:51:48.176  2404  2404 I sh      :   Capabilities: pvolume pswitch penum
12-14 08:51:48.176  2404  2404 I sh      :   Playback channels: Front Left - Front Right
12-14 08:51:48.176  2404  2404 I sh      :   Limits: Playback 0 - 87
12-14 08:51:48.176  2404  2404 I sh      :   Mono:
12-14 08:51:48.176  2404  2404 I sh      :   Front Left: Playback 87 [100%] [0.00dB] [on]
12-14 08:51:48.176  2404  2404 I sh      :   Front Right: Playback 87 [100%] [0.00dB] [on]
12-14 08:51:48.177  2404  2404 I sh      : + alsa_amixer -c 0 set Headphone 100%
12-14 08:51:48.178  2421  2421 W linker  : [vdso]: unused DT entry: type 0x6ffffef5 arg 0xec
12-14 08:51:48.178  2404  2404 I sh      : WARNING: linker: [vdso]: unused DT entry: type 0x6ffffef5 arg 0xec
12-14 08:51:48.180  2404  2404 I sh      : Simple mixer control 'Headphone',0
12-14 08:51:48.180  2404  2404 I sh      :   Capabilities: pvolume pswitch penum
12-14 08:51:48.180  2404  2404 I sh      :   Playback channels: Front Left - Front Right
12-14 08:51:48.180  2404  2404 I sh      :   Limits: Playback 0 - 87
12-14 08:51:48.180  2404  2404 I sh      :   Mono:
12-14 08:51:48.180  2404  2404 I sh      :   Front Left: Playback 87 [100%] [0.00dB] [on]
12-14 08:51:48.180  2404  2404 I sh      :   Front Right: Playback 87 [100%] [0.00dB] [on]
12-14 08:51:48.180  2404  2404 I sh      : + alsa_amixer -c 0 set Speaker 100%
12-14 08:51:48.181  2422  2422 W linker  : [vdso]: unused DT entry: type 0x6ffffef5 arg 0xec
12-14 08:51:48.181  2404  2404 I sh      : WARNING: linker: [vdso]: unused DT entry: type 0x6ffffef5 arg 0xec
12-14 08:51:48.184  2404  2404 I sh      : Simple mixer control 'Speaker',0
12-14 08:51:48.184  2404  2404 I sh      :   Capabilities: pvolume pswitch penum
12-14 08:51:48.184  2404  2404 I sh      :   Playback channels: Front Left - Front Right
12-14 08:51:48.184  2404  2404 I sh      :   Limits: Playback 0 - 87
12-14 08:51:48.184  2404  2404 I sh      :   Mono:
12-14 08:51:48.184  2404  2404 I sh      :   Front Left: Playback 87 [100%] [0.00dB] [on]
12-14 08:51:48.184  2404  2404 I sh      :   Front Right: Playback 87 [100%] [0.00dB] [on]
12-14 08:51:48.184  2404  2404 I sh      : + alsa_amixer -c 0 set Capture 100%
12-14 08:51:48.185  2423  2423 W linker  : [vdso]: unused DT entry: type 0x6ffffef5 arg 0xec
12-14 08:51:48.185  2404  2404 I sh      : WARNING: linker: [vdso]: unused DT entry: type 0x6ffffef5 arg 0xec
12-14 08:51:48.187  2404  2404 I sh      : Simple mixer control 'Capture',0
12-14 08:51:48.187  2404  2404 I sh      :   Capabilities: cvolume cswitch penum
12-14 08:51:48.187  2404  2404 I sh      :   Capture channels: Front Left - Front Right
12-14 08:51:48.187  2404  2404 I sh      :   Limits: Capture 0 - 63
12-14 08:51:48.187  2404  2404 I sh      :   Front Left: Capture 63 [100%] [30.00dB] [on]
12-14 08:51:48.187  2404  2404 I sh      :   Front Right: Capture 63 [100%] [30.00dB] [on]
12-14 08:51:48.187  2404  2404 I sh      : + alsa_amixer -c 0 set Capture cap
12-14 08:51:48.189  2424  2424 W linker  : [vdso]: unused DT entry: type 0x6ffffef5 arg 0xec
12-14 08:51:48.189  2404  2404 I sh      : WARNING: linker: [vdso]: unused DT entry: type 0x6ffffef5 arg 0xec
12-14 08:51:48.191  2404  2404 I sh      : Simple mixer control 'Capture',0
12-14 08:51:48.191  2404  2404 I sh      :   Capabilities: cvolume cswitch penum
12-14 08:51:48.191  2404  2404 I sh      :   Capture channels: Front Left - Front Right
12-14 08:51:48.191  2404  2404 I sh      :   Limits: Capture 0 - 63
12-14 08:51:48.191  2404  2404 I sh      :   Front Left: Capture 63 [100%] [30.00dB] [on]
12-14 08:51:48.191  2404  2404 I sh      :   Front Right: Capture 63 [100%] [30.00dB] [on]
12-14 08:51:48.191  2404  2404 I sh      : + alsa_amixer -c 0 set PCM 100 unmute
12-14 08:51:48.192  2425  2425 W linker  : [vdso]: unused DT entry: type 0x6ffffef5 arg 0xec
12-14 08:51:48.192  2404  2404 I sh      : WARNING: linker: [vdso]: unused DT entry: type 0x6ffffef5 arg 0xec
12-14 08:51:48.194  2404  2404 I sh      : amixer: Unable to find simple control 'PCM',0
12-14 08:51:48.194  2404  2404 I sh      : + alsa_amixer -c 0 set SPO unmute
12-14 08:51:48.195  2426  2426 W linker  : [vdso]: unused DT entry: type 0x6ffffef5 arg 0xec
12-14 08:51:48.195  2404  2404 I sh      : WARNING: linker: [vdso]: unused DT entry: type 0x6ffffef5 arg 0xec
12-14 08:51:48.197  2404  2404 I sh      : amixer: Unable to find simple control 'SPO',0
12-14 08:51:48.197  2404  2404 I sh      : + alsa_amixer -c 0 set 'Mic Boost' 3
12-14 08:51:48.198  2427  2427 W linker  : [vdso]: unused DT entry: type 0x6ffffef5 arg 0xec
12-14 08:51:48.198  2404  2404 I sh      : WARNING: linker: [vdso]: unused DT entry: type 0x6ffffef5 arg 0xec
12-14 08:51:48.200  2404  2404 I sh      : Simple mixer control 'Mic Boost',0
12-14 08:51:48.200  2404  2404 I sh      :   Capabilities: volume penum
12-14 08:51:48.200  2404  2404 I sh      :   Playback channels: Front Left - Front Right
12-14 08:51:48.200  2404  2404 I sh      :   Capture channels: Front Left - Front Right
12-14 08:51:48.200  2404  2404 I sh      :   Limits: 0 - 3
12-14 08:51:48.200  2404  2404 I sh      :   Front Left: 3 [100%] [30.00dB]
12-14 08:51:48.200  2404  2404 I sh      :   Front Right: 3 [100%] [30.00dB]
12-14 08:51:48.201  2404  2404 I sh      : + alsa_amixer -c 0 set 'Internal Mic Boost' 3
12-14 08:51:48.202  2428  2428 W linker  : [vdso]: unused DT entry: type 0x6ffffef5 arg 0xec
12-14 08:51:48.202  2404  2404 I sh      : WARNING: linker: [vdso]: unused DT entry: type 0x6ffffef5 arg 0xec
12-14 08:51:48.204  2404  2404 I sh      : Simple mixer control 'Internal Mic Boost',0
12-14 08:51:48.204  2404  2404 I sh      :   Capabilities: volume penum
12-14 08:51:48.204  2404  2404 I sh      :   Playback channels: Front Left - Front Right
12-14 08:51:48.204  2404  2404 I sh      :   Capture channels: Front Left - Front Right
12-14 08:51:48.204  2404  2404 I sh      :   Limits: 0 - 3
12-14 08:51:48.204  2404  2404 I sh      :   Front Left: 3 [100%] [30.00dB]
12-14 08:51:48.204  2404  2404 I sh      :   Front Right: 3 [100%] [30.00dB]
12-14 08:51:48.204  2404  2404 I sh      : + return 0
