12-14 04:34:41.977  1928  2069 W ActivityManager: getRunningAppProcesses: caller 10061 does not hold REAL_GET_TASKS; limiting output
12-14 04:34:51.977  1928  2799 W ActivityManager: getRunningAppProcesses: caller 10061 does not hold REAL_GET_TASKS; limiting output
12-14 04:34:52.988  1928  1956 I PowerManagerService: Going to sleep due to screen timeout (uid 1000)...
12-14 04:34:52.989  1928  1928 D KbdSensor: poll_setDelay: dev=0x7f2c8e066680 delay-ns=200000000
12-14 04:34:52.989  1928  1956 I PowerManagerService: Sleeping (uid 1000)...
12-14 04:34:52.990  1928  1993 E WifiStateMachine: cancelDelayedScan -> 81
12-14 04:34:52.992  1928  1993 E native  : do suspend false
12-14 04:34:52.992  1672  2000 D BlueZ   : external/bluetooth/bluez/android/hal-audio.c:audio_set_parameters() 
12-14 04:34:53.001  1928  1993 E WifiStateMachine: cancelDelayedScan -> 83
12-14 04:34:53.001  1672  1979 D BlueZ   : external/bluetooth/bluez/android/hal-audio.c:audio_set_parameters() 
12-14 04:34:53.002  1928  2069 D WifiService: acquireWifiLockLocked: WifiLock{NlpWifiLock type=2 binder=android.os.BinderProxy@3b6e1353}
12-14 04:34:53.004  1928  1993 E native  : do suspend true
12-14 04:34:53.007  1928  1956 I EGL-DRI2: DRI2: found extension DRI_Core version 1
12-14 04:34:53.007  1928  1956 I EGL-DRI2: DRI2: found extension DRI_DRI2 version 4
12-14 04:34:53.008  1928  2799 D WifiService: releaseWifiLockLocked: WifiLock{NlpWifiLock type=2 binder=android.os.BinderProxy@3b6e1353}
12-14 04:34:53.014  1928  1956 I EGL-DRI2: DRI2: found extension DRI_TexBuffer version 3
12-14 04:34:53.014  1928  1956 I EGL-DRI2: DRI2: found extension DRI2_Flush version 4
12-14 04:34:53.014  1928  1956 I EGL-DRI2: DRI2: found extension DRI_IMAGE version 11
12-14 04:34:53.029  1928  1956 E ColorFade: drawFrame failed: error 1281
12-14 04:34:53.029  1928  1956 E ColorFade: java.lang.Throwable
12-14 04:34:53.029  1928  1956 E ColorFade: 	at com.android.server.display.ColorFade.checkGlErrors(ColorFade.java:683)
12-14 04:34:53.029  1928  1956 E ColorFade: 	at com.android.server.display.ColorFade.checkGlErrors(ColorFade.java:675)
12-14 04:34:53.029  1928  1956 E ColorFade: 	at com.android.server.display.ColorFade.draw(ColorFade.java:383)
12-14 04:34:53.029  1928  1956 E ColorFade: 	at com.android.server.display.ColorFade.prepare(ColorFade.java:186)
12-14 04:34:53.029  1928  1956 E ColorFade: 	at com.android.server.display.DisplayPowerState.prepareColorFade(DisplayPowerState.java:183)
12-14 04:34:53.029  1928  1956 E ColorFade: 	at com.android.server.display.DisplayPowerController.animateScreenStateChange(DisplayPowerController.java:885)
12-14 04:34:53.029  1928  1956 E ColorFade: 	at com.android.server.display.DisplayPowerController.updatePowerState(DisplayPowerController.java:581)
12-14 04:34:53.029  1928  1956 E ColorFade: 	at com.android.server.display.DisplayPowerController.access$400(DisplayPowerController.java:72)
12-14 04:34:53.029  1928  1956 E ColorFade: 	at com.android.server.display.DisplayPowerController$DisplayControllerHandler.handleMessage(DisplayPowerController.java:1160)
12-14 04:34:53.029  1928  1956 E ColorFade: 	at android.os.Handler.dispatchMessage(Handler.java:102)
12-14 04:34:53.029  1928  1956 E ColorFade: 	at android.os.Looper.loop(Looper.java:135)
12-14 04:34:53.029  1928  1956 E ColorFade: 	at android.os.HandlerThread.run(HandlerThread.java:61)
12-14 04:34:53.029  1928  1956 E ColorFade: 	at com.android.server.ServiceThread.run(ServiceThread.java:46)
12-14 04:34:53.031  1928  1956 E ColorFade: drawFrame failed: error 1281
12-14 04:34:53.031  1928  1956 E ColorFade: java.lang.Throwable
12-14 04:34:53.031  1928  1956 E ColorFade: 	at com.android.server.display.ColorFade.checkGlErrors(ColorFade.java:683)
12-14 04:34:53.031  1928  1956 E ColorFade: 	at com.android.server.display.ColorFade.checkGlErrors(ColorFade.java:675)
12-14 04:34:53.031  1928  1956 E ColorFade: 	at com.android.server.display.ColorFade.draw(ColorFade.java:383)
12-14 04:34:53.031  1928  1956 E ColorFade: 	at com.android.server.display.ColorFade.prepare(ColorFade.java:186)
12-14 04:34:53.031  1928  1956 E ColorFade: 	at com.android.server.display.DisplayPowerState.prepareColorFade(DisplayPowerState.java:183)
12-14 04:34:53.031  1928  1956 E ColorFade: 	at com.android.server.display.DisplayPowerController.animateScreenStateChange(DisplayPowerController.java:885)
12-14 04:34:53.031  1928  1956 E ColorFade: 	at com.android.server.display.DisplayPowerController.updatePowerState(DisplayPowerController.java:581)
12-14 04:34:53.031  1928  1956 E ColorFade: 	at com.android.server.display.DisplayPowerController.access$400(DisplayPowerController.java:72)
12-14 04:34:53.031  1928  1956 E ColorFade: 	at com.android.server.display.DisplayPowerController$DisplayControllerHandler.handleMessage(DisplayPowerController.java:1160)
12-14 04:34:53.031  1928  1956 E ColorFade: 	at android.os.Handler.dispatchMessage(Handler.java:102)
12-14 04:34:53.031  1928  1956 E ColorFade: 	at android.os.Looper.loop(Looper.java:135)
12-14 04:34:53.031  1928  1956 E ColorFade: 	at android.os.HandlerThread.run(HandlerThread.java:61)
12-14 04:34:53.031  1928  1956 E ColorFade: 	at com.android.server.ServiceThread.run(ServiceThread.java:46)
12-14 04:34:53.031  1928  1956 E ColorFade: drawFrame failed: error 1281
12-14 04:34:53.031  1928  1956 E ColorFade: java.lang.Throwable
12-14 04:34:53.031  1928  1956 E ColorFade: 	at com.android.server.display.ColorFade.checkGlErrors(ColorFade.java:683)
12-14 04:34:53.031  1928  1956 E ColorFade: 	at com.android.server.display.ColorFade.checkGlErrors(ColorFade.java:675)
12-14 04:34:53.031  1928  1956 E ColorFade: 	at com.android.server.display.ColorFade.draw(ColorFade.java:383)
12-14 04:34:53.031  1928  1956 E ColorFade: 	at com.android.server.display.ColorFade.prepare(ColorFade.java:186)
12-14 04:34:53.031  1928  1956 E ColorFade: 	at com.android.server.display.DisplayPowerState.prepareColorFade(DisplayPowerState.java:183)
12-14 04:34:53.031  1928  1956 E ColorFade: 	at com.android.server.display.DisplayPowerController.animateScreenStateChange(DisplayPowerController.java:885)
12-14 04:34:53.031  1928  1956 E ColorFade: 	at com.android.server.display.DisplayPowerController.updatePowerState(DisplayPowerController.java:581)
12-14 04:34:53.031  1928  1956 E ColorFade: 	at com.android.server.display.DisplayPowerController.access$400(DisplayPowerController.java:72)
12-14 04:34:53.031  1928  1956 E ColorFade: 	at com.android.server.display.DisplayPowerController$DisplayControllerHandler.handleMessage(DisplayPowerController.java:1160)
12-14 04:34:53.031  1928  1956 E ColorFade: 	at android.os.Handler.dispatchMessage(Handler.java:102)
12-14 04:34:53.031  1928  1956 E ColorFade: 	at android.os.Looper.loop(Looper.java:135)
12-14 04:34:53.031  1928  1956 E ColorFade: 	at android.os.HandlerThread.run(HandlerThread.java:61)
12-14 04:34:53.031  1928  1956 E ColorFade: 	at com.android.server.ServiceThread.run(ServiceThread.java:46)
12-14 04:34:53.039  1928  1956 E ColorFade: drawFrame failed: error 1281
12-14 04:34:53.039  1928  1956 E ColorFade: java.lang.Throwable
12-14 04:34:53.039  1928  1956 E ColorFade: 	at com.android.server.display.ColorFade.checkGlErrors(ColorFade.java:683)
12-14 04:34:53.039  1928  1956 E ColorFade: 	at com.android.server.display.ColorFade.checkGlErrors(ColorFade.java:675)
12-14 04:34:53.039  1928  1956 E ColorFade: 	at com.android.server.display.ColorFade.draw(ColorFade.java:383)
12-14 04:34:53.039  1928  1956 E ColorFade: 	at com.android.server.display.DisplayPowerState$4.run(DisplayPowerState.java:329)
12-14 04:34:53.039  1928  1956 E ColorFade: 	at android.view.Choreographer$CallbackRecord.run(Choreographer.java:767)
12-14 04:34:53.039  1928  1956 E ColorFade: 	at android.view.Choreographer.doCallbacks(Choreographer.java:580)
12-14 04:34:53.039  1928  1956 E ColorFade: 	at android.view.Choreographer.doFrame(Choreographer.java:550)
12-14 04:34:53.039  1928  1956 E ColorFade: 	at android.view.Choreographer$FrameDisplayEventReceiver.run(Choreographer.java:753)
12-14 04:34:53.039  1928  1956 E ColorFade: 	at android.os.Handler.handleCallback(Handler.java:739)
12-14 04:34:53.039  1928  1956 E ColorFade: 	at android.os.Handler.dispatchMessage(Handler.java:95)
12-14 04:34:53.039  1928  1956 E ColorFade: 	at android.os.Looper.loop(Looper.java:135)
12-14 04:34:53.039  1928  1956 E ColorFade: 	at android.os.HandlerThread.run(HandlerThread.java:61)
12-14 04:34:53.039  1928  1956 E ColorFade: 	at com.android.server.ServiceThread.run(ServiceThread.java:46)
12-14 04:34:53.056  1928  1956 E ColorFade: drawFrame failed: error 1281
12-14 04:34:53.056  1928  1956 E ColorFade: java.lang.Throwable
12-14 04:34:53.056  1928  1956 E ColorFade: 	at com.android.server.display.ColorFade.checkGlErrors(ColorFade.java:683)
12-14 04:34:53.056  1928  1956 E ColorFade: 	at com.android.server.display.ColorFade.checkGlErrors(ColorFade.java:675)
12-14 04:34:53.056  1928  1956 E ColorFade: 	at com.android.server.display.ColorFade.draw(ColorFade.java:383)
12-14 04:34:53.056  1928  1956 E ColorFade: 	at com.android.server.display.DisplayPowerState$4.run(DisplayPowerState.java:329)
12-14 04:34:53.056  1928  1956 E ColorFade: 	at android.view.Choreographer$CallbackRecord.run(Choreographer.java:767)
12-14 04:34:53.056  1928  1956 E ColorFade: 	at android.view.Choreographer.doCallbacks(Choreographer.java:580)
12-14 04:34:53.056  1928  1956 E ColorFade: 	at android.view.Choreographer.doFrame(Choreographer.java:550)
12-14 04:34:53.056  1928  1956 E ColorFade: 	at android.view.Choreographer$FrameDisplayEventReceiver.run(Choreographer.java:753)
12-14 04:34:53.056  1928  1956 E ColorFade: 	at android.os.Handler.handleCallback(Handler.java:739)
12-14 04:34:53.056  1928  1956 E ColorFade: 	at android.os.Handler.dispatchMessage(Handler.java:95)
12-14 04:34:53.056  1928  1956 E ColorFade: 	at android.os.Looper.loop(Looper.java:135)
12-14 04:34:53.056  1928  1956 E ColorFade: 	at android.os.HandlerThread.run(HandlerThread.java:61)
12-14 04:34:53.056  1928  1956 E ColorFade: 	at com.android.server.ServiceThread.run(ServiceThread.java:46)
12-14 04:34:53.073  1928  1956 E ColorFade: drawFrame failed: error 1281
12-14 04:34:53.073  1928  1956 E ColorFade: java.lang.Throwable
12-14 04:34:53.073  1928  1956 E ColorFade: 	at com.android.server.display.ColorFade.checkGlErrors(ColorFade.java:683)
12-14 04:34:53.073  1928  1956 E ColorFade: 	at com.android.server.display.ColorFade.checkGlErrors(ColorFade.java:675)
12-14 04:34:53.073  1928  1956 E ColorFade: 	at com.android.server.display.ColorFade.draw(ColorFade.java:383)
12-14 04:34:53.073  1928  1956 E ColorFade: 	at com.android.server.display.DisplayPowerState$4.run(DisplayPowerState.java:329)
12-14 04:34:53.073  1928  1956 E ColorFade: 	at android.view.Choreographer$CallbackRecord.run(Choreographer.java:767)
12-14 04:34:53.073  1928  1956 E ColorFade: 	at android.view.Choreographer.doCallbacks(Choreographer.java:580)
12-14 04:34:53.073  1928  1956 E ColorFade: 	at android.view.Choreographer.doFrame(Choreographer.java:550)
12-14 04:34:53.073  1928  1956 E ColorFade: 	at android.view.Choreographer$FrameDisplayEventReceiver.run(Choreographer.java:753)
12-14 04:34:53.073  1928  1956 E ColorFade: 	at android.os.Handler.handleCallback(Handler.java:739)
12-14 04:34:53.073  1928  1956 E ColorFade: 	at android.os.Handler.dispatchMessage(Handler.java:95)
12-14 04:34:53.073  1928  1956 E ColorFade: 	at android.os.Looper.loop(Looper.java:135)
12-14 04:34:53.073  1928  1956 E ColorFade: 	at android.os.HandlerThread.run(HandlerThread.java:61)
12-14 04:34:53.073  1928  1956 E ColorFade: 	at com.android.server.ServiceThread.run(ServiceThread.java:46)
12-14 04:34:53.089  1928  1956 E ColorFade: drawFrame failed: error 1281
12-14 04:34:53.089  1928  1956 E ColorFade: java.lang.Throwable
12-14 04:34:53.089  1928  1956 E ColorFade: 	at com.android.server.display.ColorFade.checkGlErrors(ColorFade.java:683)
12-14 04:34:53.089  1928  1956 E ColorFade: 	at com.android.server.display.ColorFade.checkGlErrors(ColorFade.java:675)
12-14 04:34:53.089  1928  1956 E ColorFade: 	at com.android.server.display.ColorFade.draw(ColorFade.java:383)
12-14 04:34:53.089  1928  1956 E ColorFade: 	at com.android.server.display.DisplayPowerState$4.run(DisplayPowerState.java:329)
12-14 04:34:53.089  1928  1956 E ColorFade: 	at android.view.Choreographer$CallbackRecord.run(Choreographer.java:767)
12-14 04:34:53.089  1928  1956 E ColorFade: 	at android.view.Choreographer.doCallbacks(Choreographer.java:580)
12-14 04:34:53.089  1928  1956 E ColorFade: 	at android.view.Choreographer.doFrame(Choreographer.java:550)
12-14 04:34:53.089  1928  1956 E ColorFade: 	at android.view.Choreographer$FrameDisplayEventReceiver.run(Choreographer.java:753)
12-14 04:34:53.089  1928  1956 E ColorFade: 	at android.os.Handler.handleCallback(Handler.java:739)
12-14 04:34:53.089  1928  1956 E ColorFade: 	at android.os.Handler.dispatchMessage(Handler.java:95)
12-14 04:34:53.089  1928  1956 E ColorFade: 	at android.os.Looper.loop(Looper.java:135)
12-14 04:34:53.089  1928  1956 E ColorFade: 	at android.os.HandlerThread.run(HandlerThread.java:61)
12-14 04:34:53.089  1928  1956 E ColorFade: 	at com.android.server.ServiceThread.run(ServiceThread.java:46)
12-14 04:34:53.106  1928  1956 E ColorFade: drawFrame failed: error 1281
12-14 04:34:53.106  1928  1956 E ColorFade: java.lang.Throwable
12-14 04:34:53.106  1928  1956 E ColorFade: 	at com.android.server.display.ColorFade.checkGlErrors(ColorFade.java:683)
12-14 04:34:53.106  1928  1956 E ColorFade: 	at com.android.server.display.ColorFade.checkGlErrors(ColorFade.java:675)
12-14 04:34:53.106  1928  1956 E ColorFade: 	at com.android.server.display.ColorFade.draw(ColorFade.java:383)
12-14 04:34:53.106  1928  1956 E ColorFade: 	at com.android.server.display.DisplayPowerState$4.run(DisplayPowerState.java:329)
12-14 04:34:53.106  1928  1956 E ColorFade: 	at android.view.Choreographer$CallbackRecord.run(Choreographer.java:767)
12-14 04:34:53.106  1928  1956 E ColorFade: 	at android.view.Choreographer.doCallbacks(Choreographer.java:580)
12-14 04:34:53.106  1928  1956 E ColorFade: 	at android.view.Choreographer.doFrame(Choreographer.java:550)
12-14 04:34:53.106  1928  1956 E ColorFade: 	at android.view.Choreographer$FrameDisplayEventReceiver.run(Choreographer.java:753)
12-14 04:34:53.106  1928  1956 E ColorFade: 	at android.os.Handler.handleCallback(Handler.java:739)
12-14 04:34:53.106  1928  1956 E ColorFade: 	at android.os.Handler.dispatchMessage(Handler.java:95)
12-14 04:34:53.106  1928  1956 E ColorFade: 	at android.os.Looper.loop(Looper.java:135)
12-14 04:34:53.106  1928  1956 E ColorFade: 	at android.os.HandlerThread.run(HandlerThread.java:61)
12-14 04:34:53.106  1928  1956 E ColorFade: 	at com.android.server.ServiceThread.run(ServiceThread.java:46)
12-14 04:34:53.122  1928  1956 E ColorFade: drawFrame failed: error 1281
12-14 04:34:53.122  1928  1956 E ColorFade: java.lang.Throwable
12-14 04:34:53.122  1928  1956 E ColorFade: 	at com.android.server.display.ColorFade.checkGlErrors(ColorFade.java:683)
12-14 04:34:53.122  1928  1956 E ColorFade: 	at com.android.server.display.ColorFade.checkGlErrors(ColorFade.java:675)
12-14 04:34:53.122  1928  1956 E ColorFade: 	at com.android.server.display.ColorFade.draw(ColorFade.java:383)
12-14 04:34:53.122  1928  1956 E ColorFade: 	at com.android.server.display.DisplayPowerState$4.run(DisplayPowerState.java:329)
12-14 04:34:53.122  1928  1956 E ColorFade: 	at android.view.Choreographer$CallbackRecord.run(Choreographer.java:767)
12-14 04:34:53.122  1928  1956 E ColorFade: 	at android.view.Choreographer.doCallbacks(Choreographer.java:580)
12-14 04:34:53.122  1928  1956 E ColorFade: 	at android.view.Choreographer.doFrame(Choreographer.java:550)
12-14 04:34:53.122  1928  1956 E ColorFade: 	at android.view.Choreographer$FrameDisplayEventReceiver.run(Choreographer.java:753)
12-14 04:34:53.122  1928  1956 E ColorFade: 	at android.os.Handler.handleCallback(Handler.java:739)
12-14 04:34:53.122  1928  1956 E ColorFade: 	at android.os.Handler.dispatchMessage(Handler.java:95)
12-14 04:34:53.122  1928  1956 E ColorFade: 	at android.os.Looper.loop(Looper.java:135)
12-14 04:34:53.122  1928  1956 E ColorFade: 	at android.os.HandlerThread.run(HandlerThread.java:61)
12-14 04:34:53.122  1928  1956 E ColorFade: 	at com.android.server.ServiceThread.run(ServiceThread.java:46)
12-14 04:34:53.139  1928  1956 E ColorFade: drawFrame failed: error 1281
12-14 04:34:53.139  1928  1956 E ColorFade: java.lang.Throwable
12-14 04:34:53.139  1928  1956 E ColorFade: 	at com.android.server.display.ColorFade.checkGlErrors(ColorFade.java:683)
12-14 04:34:53.139  1928  1956 E ColorFade: 	at com.android.server.display.ColorFade.checkGlErrors(ColorFade.java:675)
12-14 04:34:53.139  1928  1956 E ColorFade: 	at com.android.server.display.ColorFade.draw(ColorFade.java:383)
12-14 04:34:53.139  1928  1956 E ColorFade: 	at com.android.server.display.DisplayPowerState$4.run(DisplayPowerState.java:329)
12-14 04:34:53.139  1928  1956 E ColorFade: 	at android.view.Choreographer$CallbackRecord.run(Choreographer.java:767)
12-14 04:34:53.139  1928  1956 E ColorFade: 	at android.view.Choreographer.doCallbacks(Choreographer.java:580)
12-14 04:34:53.139  1928  1956 E ColorFade: 	at android.view.Choreographer.doFrame(Choreographer.java:550)
12-14 04:34:53.139  1928  1956 E ColorFade: 	at android.view.Choreographer$FrameDisplayEventReceiver.run(Choreographer.java:753)
12-14 04:34:53.139  1928  1956 E ColorFade: 	at android.os.Handler.handleCallback(Handler.java:739)
12-14 04:34:53.139  1928  1956 E ColorFade: 	at android.os.Handler.dispatchMessage(Handler.java:95)
12-14 04:34:53.139  1928  1956 E ColorFade: 	at android.os.Looper.loop(Looper.java:135)
12-14 04:34:53.139  1928  1956 E ColorFade: 	at android.os.HandlerThread.run(HandlerThread.java:61)
12-14 04:34:53.139  1928  1956 E ColorFade: 	at com.android.server.ServiceThread.run(ServiceThread.java:46)
12-14 04:34:53.156  1928  1956 E ColorFade: drawFrame failed: error 1281
12-14 04:34:53.156  1928  1956 E ColorFade: java.lang.Throwable
12-14 04:34:53.156  1928  1956 E ColorFade: 	at com.android.server.display.ColorFade.checkGlErrors(ColorFade.java:683)
12-14 04:34:53.156  1928  1956 E ColorFade: 	at com.android.server.display.ColorFade.checkGlErrors(ColorFade.java:675)
12-14 04:34:53.156  1928  1956 E ColorFade: 	at com.android.server.display.ColorFade.draw(ColorFade.java:383)
12-14 04:34:53.156  1928  1956 E ColorFade: 	at com.android.server.display.DisplayPowerState$4.run(DisplayPowerState.java:329)
12-14 04:34:53.156  1928  1956 E ColorFade: 	at android.view.Choreographer$CallbackRecord.run(Choreographer.java:767)
12-14 04:34:53.156  1928  1956 E ColorFade: 	at android.view.Choreographer.doCallbacks(Choreographer.java:580)
12-14 04:34:53.156  1928  1956 E ColorFade: 	at android.view.Choreographer.doFrame(Choreographer.java:550)
12-14 04:34:53.156  1928  1956 E ColorFade: 	at android.view.Choreographer$FrameDisplayEventReceiver.run(Choreographer.java:753)
12-14 04:34:53.156  1928  1956 E ColorFade: 	at android.os.Handler.handleCallback(Handler.java:739)
12-14 04:34:53.156  1928  1956 E ColorFade: 	at android.os.Handler.dispatchMessage(Handler.java:95)
12-14 04:34:53.156  1928  1956 E ColorFade: 	at android.os.Looper.loop(Looper.java:135)
12-14 04:34:53.156  1928  1956 E ColorFade: 	at android.os.HandlerThread.run(HandlerThread.java:61)
12-14 04:34:53.156  1928  1956 E ColorFade: 	at com.android.server.ServiceThread.run(ServiceThread.java:46)
12-14 04:34:53.172  1928  1956 E ColorFade: drawFrame failed: error 1281
12-14 04:34:53.172  1928  1956 E ColorFade: java.lang.Throwable
12-14 04:34:53.172  1928  1956 E ColorFade: 	at com.android.server.display.ColorFade.checkGlErrors(ColorFade.java:683)
12-14 04:34:53.172  1928  1956 E ColorFade: 	at com.android.server.display.ColorFade.checkGlErrors(ColorFade.java:675)
12-14 04:34:53.172  1928  1956 E ColorFade: 	at com.android.server.display.ColorFade.draw(ColorFade.java:383)
12-14 04:34:53.172  1928  1956 E ColorFade: 	at com.android.server.display.DisplayPowerState$4.run(DisplayPowerState.java:329)
12-14 04:34:53.172  1928  1956 E ColorFade: 	at android.view.Choreographer$CallbackRecord.run(Choreographer.java:767)
12-14 04:34:53.172  1928  1956 E ColorFade: 	at android.view.Choreographer.doCallbacks(Choreographer.java:580)
12-14 04:34:53.172  1928  1956 E ColorFade: 	at android.view.Choreographer.doFrame(Choreographer.java:550)
12-14 04:34:53.172  1928  1956 E ColorFade: 	at android.view.Choreographer$FrameDisplayEventReceiver.run(Choreographer.java:753)
12-14 04:34:53.172  1928  1956 E ColorFade: 	at android.os.Handler.handleCallback(Handler.java:739)
12-14 04:34:53.172  1928  1956 E ColorFade: 	at android.os.Handler.dispatchMessage(Handler.java:95)
12-14 04:34:53.172  1928  1956 E ColorFade: 	at android.os.Looper.loop(Looper.java:135)
12-14 04:34:53.172  1928  1956 E ColorFade: 	at android.os.HandlerThread.run(HandlerThread.java:61)
12-14 04:34:53.172  1928  1956 E ColorFade: 	at com.android.server.ServiceThread.run(ServiceThread.java:46)
12-14 04:34:53.189  1928  1956 E ColorFade: drawFrame failed: error 1281
12-14 04:34:53.189  1928  1956 E ColorFade: java.lang.Throwable
12-14 04:34:53.189  1928  1956 E ColorFade: 	at com.android.server.display.ColorFade.checkGlErrors(ColorFade.java:683)
12-14 04:34:53.189  1928  1956 E ColorFade: 	at com.android.server.display.ColorFade.checkGlErrors(ColorFade.java:675)
12-14 04:34:53.189  1928  1956 E ColorFade: 	at com.android.server.display.ColorFade.draw(ColorFade.java:383)
12-14 04:34:53.189  1928  1956 E ColorFade: 	at com.android.server.display.DisplayPowerState$4.run(DisplayPowerState.java:329)
12-14 04:34:53.189  1928  1956 E ColorFade: 	at android.view.Choreographer$CallbackRecord.run(Choreographer.java:767)
12-14 04:34:53.189  1928  1956 E ColorFade: 	at android.view.Choreographer.doCallbacks(Choreographer.java:580)
12-14 04:34:53.189  1928  1956 E ColorFade: 	at android.view.Choreographer.doFrame(Choreographer.java:550)
12-14 04:34:53.189  1928  1956 E ColorFade: 	at android.view.Choreographer$FrameDisplayEventReceiver.run(Choreographer.java:753)
12-14 04:34:53.189  1928  1956 E ColorFade: 	at android.os.Handler.handleCallback(Handler.java:739)
12-14 04:34:53.189  1928  1956 E ColorFade: 	at android.os.Handler.dispatchMessage(Handler.java:95)
12-14 04:34:53.189  1928  1956 E ColorFade: 	at android.os.Looper.loop(Looper.java:135)
12-14 04:34:53.189  1928  1956 E ColorFade: 	at android.os.HandlerThread.run(HandlerThread.java:61)
12-14 04:34:53.189  1928  1956 E ColorFade: 	at com.android.server.ServiceThread.run(ServiceThread.java:46)
12-14 04:34:53.190  1928  1993 E WifiStateMachine: WifiStateMachine Disconnected CMD_START_SCAN source -2 82, 83 -> obsolete
12-14 04:34:53.206  1928  1956 E ColorFade: drawFrame failed: error 1281
12-14 04:34:53.206  1928  1956 E ColorFade: java.lang.Throwable
12-14 04:34:53.206  1928  1956 E ColorFade: 	at com.android.server.display.ColorFade.checkGlErrors(ColorFade.java:683)
12-14 04:34:53.206  1928  1956 E ColorFade: 	at com.android.server.display.ColorFade.checkGlErrors(ColorFade.java:675)
12-14 04:34:53.206  1928  1956 E ColorFade: 	at com.android.server.display.ColorFade.draw(ColorFade.java:383)
12-14 04:34:53.206  1928  1956 E ColorFade: 	at com.android.server.display.DisplayPowerState$4.run(DisplayPowerState.java:329)
12-14 04:34:53.206  1928  1956 E ColorFade: 	at android.view.Choreographer$CallbackRecord.run(Choreographer.java:767)
12-14 04:34:53.206  1928  1956 E ColorFade: 	at android.view.Choreographer.doCallbacks(Choreographer.java:580)
12-14 04:34:53.206  1928  1956 E ColorFade: 	at android.view.Choreographer.doFrame(Choreographer.java:550)
12-14 04:34:53.206  1928  1956 E ColorFade: 	at android.view.Choreographer$FrameDisplayEventReceiver.run(Choreographer.java:753)
12-14 04:34:53.206  1928  1956 E ColorFade: 	at android.os.Handler.handleCallback(Handler.java:739)
12-14 04:34:53.206  1928  1956 E ColorFade: 	at android.os.Handler.dispatchMessage(Handler.java:95)
12-14 04:34:53.206  1928  1956 E ColorFade: 	at android.os.Looper.loop(Looper.java:135)
12-14 04:34:53.206  1928  1956 E ColorFade: 	at android.os.HandlerThread.run(HandlerThread.java:61)
12-14 04:34:53.206  1928  1956 E ColorFade: 	at com.android.server.ServiceThread.run(ServiceThread.java:46)
12-14 04:34:53.222  1928  1956 E ColorFade: drawFrame failed: error 1281
12-14 04:34:53.222  1928  1956 E ColorFade: java.lang.Throwable
12-14 04:34:53.222  1928  1956 E ColorFade: 	at com.android.server.display.ColorFade.checkGlErrors(ColorFade.java:683)
12-14 04:34:53.222  1928  1956 E ColorFade: 	at com.android.server.display.ColorFade.checkGlErrors(ColorFade.java:675)
12-14 04:34:53.222  1928  1956 E ColorFade: 	at com.android.server.display.ColorFade.draw(ColorFade.java:383)
12-14 04:34:53.222  1928  1956 E ColorFade: 	at com.android.server.display.DisplayPowerState$4.run(DisplayPowerState.java:329)
12-14 04:34:53.222  1928  1956 E ColorFade: 	at android.view.Choreographer$CallbackRecord.run(Choreographer.java:767)
12-14 04:34:53.222  1928  1956 E ColorFade: 	at android.view.Choreographer.doCallbacks(Choreographer.java:580)
12-14 04:34:53.222  1928  1956 E ColorFade: 	at android.view.Choreographer.doFrame(Choreographer.java:550)
12-14 04:34:53.222  1928  1956 E ColorFade: 	at android.view.Choreographer$FrameDisplayEventReceiver.run(Choreographer.java:753)
12-14 04:34:53.222  1928  1956 E ColorFade: 	at android.os.Handler.handleCallback(Handler.java:739)
12-14 04:34:53.222  1928  1956 E ColorFade: 	at android.os.Handler.dispatchMessage(Handler.java:95)
12-14 04:34:53.222  1928  1956 E ColorFade: 	at android.os.Looper.loop(Looper.java:135)
12-14 04:34:53.222  1928  1956 E ColorFade: 	at android.os.HandlerThread.run(HandlerThread.java:61)
12-14 04:34:53.222  1928  1956 E ColorFade: 	at com.android.server.ServiceThread.run(ServiceThread.java:46)
12-14 04:34:53.239  1928  1956 E ColorFade: drawFrame failed: error 1281
12-14 04:34:53.239  1928  1956 E ColorFade: java.lang.Throwable
12-14 04:34:53.239  1928  1956 E ColorFade: 	at com.android.server.display.ColorFade.checkGlErrors(ColorFade.java:683)
12-14 04:34:53.239  1928  1956 E ColorFade: 	at com.android.server.display.ColorFade.checkGlErrors(ColorFade.java:675)
12-14 04:34:53.239  1928  1956 E ColorFade: 	at com.android.server.display.ColorFade.draw(ColorFade.java:383)
12-14 04:34:53.239  1928  1956 E ColorFade: 	at com.android.server.display.DisplayPowerState$4.run(DisplayPowerState.java:329)
12-14 04:34:53.239  1928  1956 E ColorFade: 	at android.view.Choreographer$CallbackRecord.run(Choreographer.java:767)
12-14 04:34:53.239  1928  1956 E ColorFade: 	at android.view.Choreographer.doCallbacks(Choreographer.java:580)
12-14 04:34:53.239  1928  1956 E ColorFade: 	at android.view.Choreographer.doFrame(Choreographer.java:550)
12-14 04:34:53.239  1928  1956 E ColorFade: 	at android.view.Choreographer$FrameDisplayEventReceiver.run(Choreographer.java:753)
12-14 04:34:53.239  1928  1956 E ColorFade: 	at android.os.Handler.handleCallback(Handler.java:739)
12-14 04:34:53.239  1928  1956 E ColorFade: 	at android.os.Handler.dispatchMessage(Handler.java:95)
12-14 04:34:53.239  1928  1956 E ColorFade: 	at android.os.Looper.loop(Looper.java:135)
12-14 04:34:53.239  1928  1956 E ColorFade: 	at android.os.HandlerThread.run(HandlerThread.java:61)
12-14 04:34:53.239  1928  1956 E ColorFade: 	at com.android.server.ServiceThread.run(ServiceThread.java:46)
12-14 04:34:53.256  1928  1956 E ColorFade: drawFrame failed: error 1281
12-14 04:34:53.256  1928  1956 E ColorFade: java.lang.Throwable
12-14 04:34:53.256  1928  1956 E ColorFade: 	at com.android.server.display.ColorFade.checkGlErrors(ColorFade.java:683)
12-14 04:34:53.256  1928  1956 E ColorFade: 	at com.android.server.display.ColorFade.checkGlErrors(ColorFade.java:675)
12-14 04:34:53.256  1928  1956 E ColorFade: 	at com.android.server.display.ColorFade.draw(ColorFade.java:383)
12-14 04:34:53.256  1928  1956 E ColorFade: 	at com.android.server.display.DisplayPowerState$4.run(DisplayPowerState.java:329)
12-14 04:34:53.256  1928  1956 E ColorFade: 	at android.view.Choreographer$CallbackRecord.run(Choreographer.java:767)
12-14 04:34:53.256  1928  1956 E ColorFade: 	at android.view.Choreographer.doCallbacks(Choreographer.java:580)
12-14 04:34:53.256  1928  1956 E ColorFade: 	at android.view.Choreographer.doFrame(Choreographer.java:550)
12-14 04:34:53.256  1928  1956 E ColorFade: 	at android.view.Choreographer$FrameDisplayEventReceiver.run(Choreographer.java:753)
12-14 04:34:53.256  1928  1956 E ColorFade: 	at android.os.Handler.handleCallback(Handler.java:739)
12-14 04:34:53.256  1928  1956 E ColorFade: 	at android.os.Handler.dispatchMessage(Handler.java:95)
12-14 04:34:53.256  1928  1956 E ColorFade: 	at android.os.Looper.loop(Looper.java:135)
12-14 04:34:53.256  1928  1956 E ColorFade: 	at android.os.HandlerThread.run(HandlerThread.java:61)
12-14 04:34:53.256  1928  1956 E ColorFade: 	at com.android.server.ServiceThread.run(ServiceThread.java:46)
12-14 04:34:53.272  1928  1956 E ColorFade: drawFrame failed: error 1281
12-14 04:34:53.272  1928  1956 E ColorFade: java.lang.Throwable
12-14 04:34:53.272  1928  1956 E ColorFade: 	at com.android.server.display.ColorFade.checkGlErrors(ColorFade.java:683)
12-14 04:34:53.272  1928  1956 E ColorFade: 	at com.android.server.display.ColorFade.checkGlErrors(ColorFade.java:675)
12-14 04:34:53.272  1928  1956 E ColorFade: 	at com.android.server.display.ColorFade.draw(ColorFade.java:383)
12-14 04:34:53.272  1928  1956 E ColorFade: 	at com.android.server.display.DisplayPowerState$4.run(DisplayPowerState.java:329)
12-14 04:34:53.272  1928  1956 E ColorFade: 	at android.view.Choreographer$CallbackRecord.run(Choreographer.java:767)
12-14 04:34:53.272  1928  1956 E ColorFade: 	at android.view.Choreographer.doCallbacks(Choreographer.java:580)
12-14 04:34:53.272  1928  1956 E ColorFade: 	at android.view.Choreographer.doFrame(Choreographer.java:550)
12-14 04:34:53.272  1928  1956 E ColorFade: 	at android.view.Choreographer$FrameDisplayEventReceiver.run(Choreographer.java:753)
12-14 04:34:53.272  1928  1956 E ColorFade: 	at android.os.Handler.handleCallback(Handler.java:739)
12-14 04:34:53.272  1928  1956 E ColorFade: 	at android.os.Handler.dispatchMessage(Handler.java:95)
12-14 04:34:53.272  1928  1956 E ColorFade: 	at android.os.Looper.loop(Looper.java:135)
12-14 04:34:53.272  1928  1956 E ColorFade: 	at android.os.HandlerThread.run(HandlerThread.java:61)
12-14 04:34:53.272  1928  1956 E ColorFade: 	at com.android.server.ServiceThread.run(ServiceThread.java:46)
12-14 04:34:53.289  1928  1956 E ColorFade: drawFrame failed: error 1281
12-14 04:34:53.289  1928  1956 E ColorFade: java.lang.Throwable
12-14 04:34:53.289  1928  1956 E ColorFade: 	at com.android.server.display.ColorFade.checkGlErrors(ColorFade.java:683)
12-14 04:34:53.289  1928  1956 E ColorFade: 	at com.android.server.display.ColorFade.checkGlErrors(ColorFade.java:675)
12-14 04:34:53.289  1928  1956 E ColorFade: 	at com.android.server.display.ColorFade.draw(ColorFade.java:383)
12-14 04:34:53.289  1928  1956 E ColorFade: 	at com.android.server.display.DisplayPowerState$4.run(DisplayPowerState.java:329)
12-14 04:34:53.289  1928  1956 E ColorFade: 	at android.view.Choreographer$CallbackRecord.run(Choreographer.java:767)
12-14 04:34:53.289  1928  1956 E ColorFade: 	at android.view.Choreographer.doCallbacks(Choreographer.java:580)
12-14 04:34:53.289  1928  1956 E ColorFade: 	at android.view.Choreographer.doFrame(Choreographer.java:550)
12-14 04:34:53.289  1928  1956 E ColorFade: 	at android.view.Choreographer$FrameDisplayEventReceiver.run(Choreographer.java:753)
12-14 04:34:53.289  1928  1956 E ColorFade: 	at android.os.Handler.handleCallback(Handler.java:739)
12-14 04:34:53.289  1928  1956 E ColorFade: 	at android.os.Handler.dispatchMessage(Handler.java:95)
12-14 04:34:53.289  1928  1956 E ColorFade: 	at android.os.Looper.loop(Looper.java:135)
12-14 04:34:53.289  1928  1956 E ColorFade: 	at android.os.HandlerThread.run(HandlerThread.java:61)
12-14 04:34:53.289  1928  1956 E ColorFade: 	at com.android.server.ServiceThread.run(ServiceThread.java:46)
12-14 04:34:53.306  1928  1956 E ColorFade: drawFrame failed: error 1281
12-14 04:34:53.306  1928  1956 E ColorFade: java.lang.Throwable
12-14 04:34:53.306  1928  1956 E ColorFade: 	at com.android.server.display.ColorFade.checkGlErrors(ColorFade.java:683)
12-14 04:34:53.306  1928  1956 E ColorFade: 	at com.android.server.display.ColorFade.checkGlErrors(ColorFade.java:675)
12-14 04:34:53.306  1928  1956 E ColorFade: 	at com.android.server.display.ColorFade.draw(ColorFade.java:383)
12-14 04:34:53.306  1928  1956 E ColorFade: 	at com.android.server.display.DisplayPowerState$4.run(DisplayPowerState.java:329)
12-14 04:34:53.306  1928  1956 E ColorFade: 	at android.view.Choreographer$CallbackRecord.run(Choreographer.java:767)
12-14 04:34:53.306  1928  1956 E ColorFade: 	at android.view.Choreographer.doCallbacks(Choreographer.java:580)
12-14 04:34:53.306  1928  1956 E ColorFade: 	at android.view.Choreographer.doFrame(Choreographer.java:550)
12-14 04:34:53.306  1928  1956 E ColorFade: 	at android.view.Choreographer$FrameDisplayEventReceiver.run(Choreographer.java:753)
12-14 04:34:53.306  1928  1956 E ColorFade: 	at android.os.Handler.handleCallback(Handler.java:739)
12-14 04:34:53.306  1928  1956 E ColorFade: 	at android.os.Handler.dispatchMessage(Handler.java:95)
12-14 04:34:53.306  1928  1956 E ColorFade: 	at android.os.Looper.loop(Looper.java:135)
12-14 04:34:53.306  1928  1956 E ColorFade: 	at android.os.HandlerThread.run(HandlerThread.java:61)
12-14 04:34:53.306  1928  1956 E ColorFade: 	at com.android.server.ServiceThread.run(ServiceThread.java:46)
12-14 04:34:53.322  1928  1956 E ColorFade: drawFrame failed: error 1281
12-14 04:34:53.322  1928  1956 E ColorFade: java.lang.Throwable
12-14 04:34:53.322  1928  1956 E ColorFade: 	at com.android.server.display.ColorFade.checkGlErrors(ColorFade.java:683)
12-14 04:34:53.322  1928  1956 E ColorFade: 	at com.android.server.display.ColorFade.checkGlErrors(ColorFade.java:675)
12-14 04:34:53.322  1928  1956 E ColorFade: 	at com.android.server.display.ColorFade.draw(ColorFade.java:383)
12-14 04:34:53.322  1928  1956 E ColorFade: 	at com.android.server.display.DisplayPowerState$4.run(DisplayPowerState.java:329)
12-14 04:34:53.322  1928  1956 E ColorFade: 	at android.view.Choreographer$CallbackRecord.run(Choreographer.java:767)
12-14 04:34:53.322  1928  1956 E ColorFade: 	at android.view.Choreographer.doCallbacks(Choreographer.java:580)
12-14 04:34:53.322  1928  1956 E ColorFade: 	at android.view.Choreographer.doFrame(Choreographer.java:550)
12-14 04:34:53.322  1928  1956 E ColorFade: 	at android.view.Choreographer$FrameDisplayEventReceiver.run(Choreographer.java:753)
12-14 04:34:53.322  1928  1956 E ColorFade: 	at android.os.Handler.handleCallback(Handler.java:739)
12-14 04:34:53.322  1928  1956 E ColorFade: 	at android.os.Handler.dispatchMessage(Handler.java:95)
12-14 04:34:53.322  1928  1956 E ColorFade: 	at android.os.Looper.loop(Looper.java:135)
12-14 04:34:53.322  1928  1956 E ColorFade: 	at android.os.HandlerThread.run(HandlerThread.java:61)
12-14 04:34:53.322  1928  1956 E ColorFade: 	at com.android.server.ServiceThread.run(ServiceThread.java:46)
12-14 04:34:53.339  1928  1956 E ColorFade: drawFrame failed: error 1281
12-14 04:34:53.339  1928  1956 E ColorFade: java.lang.Throwable
12-14 04:34:53.339  1928  1956 E ColorFade: 	at com.android.server.display.ColorFade.checkGlErrors(ColorFade.java:683)
12-14 04:34:53.339  1928  1956 E ColorFade: 	at com.android.server.display.ColorFade.checkGlErrors(ColorFade.java:675)
12-14 04:34:53.339  1928  1956 E ColorFade: 	at com.android.server.display.ColorFade.draw(ColorFade.java:383)
12-14 04:34:53.339  1928  1956 E ColorFade: 	at com.android.server.display.DisplayPowerState$4.run(DisplayPowerState.java:329)
12-14 04:34:53.339  1928  1956 E ColorFade: 	at android.view.Choreographer$CallbackRecord.run(Choreographer.java:767)
12-14 04:34:53.339  1928  1956 E ColorFade: 	at android.view.Choreographer.doCallbacks(Choreographer.java:580)
12-14 04:34:53.339  1928  1956 E ColorFade: 	at android.view.Choreographer.doFrame(Choreographer.java:550)
12-14 04:34:53.339  1928  1956 E ColorFade: 	at android.view.Choreographer$FrameDisplayEventReceiver.run(Choreographer.java:753)
12-14 04:34:53.339  1928  1956 E ColorFade: 	at android.os.Handler.handleCallback(Handler.java:739)
12-14 04:34:53.339  1928  1956 E ColorFade: 	at android.os.Handler.dispatchMessage(Handler.java:95)
12-14 04:34:53.339  1928  1956 E ColorFade: 	at android.os.Looper.loop(Looper.java:135)
12-14 04:34:53.339  1928  1956 E ColorFade: 	at android.os.HandlerThread.run(HandlerThread.java:61)
12-14 04:34:53.339  1928  1956 E ColorFade: 	at com.android.server.ServiceThread.run(ServiceThread.java:46)
12-14 04:34:53.356  1928  1956 E ColorFade: drawFrame failed: error 1281
12-14 04:34:53.356  1928  1956 E ColorFade: java.lang.Throwable
12-14 04:34:53.356  1928  1956 E ColorFade: 	at com.android.server.display.ColorFade.checkGlErrors(ColorFade.java:683)
12-14 04:34:53.356  1928  1956 E ColorFade: 	at com.android.server.display.ColorFade.checkGlErrors(ColorFade.java:675)
12-14 04:34:53.356  1928  1956 E ColorFade: 	at com.android.server.display.ColorFade.draw(ColorFade.java:383)
12-14 04:34:53.356  1928  1956 E ColorFade: 	at com.android.server.display.DisplayPowerState$4.run(DisplayPowerState.java:329)
12-14 04:34:53.356  1928  1956 E ColorFade: 	at android.view.Choreographer$CallbackRecord.run(Choreographer.java:767)
12-14 04:34:53.356  1928  1956 E ColorFade: 	at android.view.Choreographer.doCallbacks(Choreographer.java:580)
12-14 04:34:53.356  1928  1956 E ColorFade: 	at android.view.Choreographer.doFrame(Choreographer.java:550)
12-14 04:34:53.356  1928  1956 E ColorFade: 	at android.view.Choreographer$FrameDisplayEventReceiver.run(Choreographer.java:753)
12-14 04:34:53.356  1928  1956 E ColorFade: 	at android.os.Handler.handleCallback(Handler.java:739)
12-14 04:34:53.356  1928  1956 E ColorFade: 	at android.os.Handler.dispatchMessage(Handler.java:95)
12-14 04:34:53.356  1928  1956 E ColorFade: 	at android.os.Looper.loop(Looper.java:135)
12-14 04:34:53.356  1928  1956 E ColorFade: 	at android.os.HandlerThread.run(HandlerThread.java:61)
12-14 04:34:53.356  1928  1956 E ColorFade: 	at com.android.server.ServiceThread.run(ServiceThread.java:46)
12-14 04:34:53.372  1928  1956 E ColorFade: drawFrame failed: error 1281
12-14 04:34:53.372  1928  1956 E ColorFade: java.lang.Throwable
12-14 04:34:53.372  1928  1956 E ColorFade: 	at com.android.server.display.ColorFade.checkGlErrors(ColorFade.java:683)
12-14 04:34:53.372  1928  1956 E ColorFade: 	at com.android.server.display.ColorFade.checkGlErrors(ColorFade.java:675)
12-14 04:34:53.372  1928  1956 E ColorFade: 	at com.android.server.display.ColorFade.draw(ColorFade.java:383)
12-14 04:34:53.372  1928  1956 E ColorFade: 	at com.android.server.display.DisplayPowerState$4.run(DisplayPowerState.java:329)
12-14 04:34:53.372  1928  1956 E ColorFade: 	at android.view.Choreographer$CallbackRecord.run(Choreographer.java:767)
12-14 04:34:53.372  1928  1956 E ColorFade: 	at android.view.Choreographer.doCallbacks(Choreographer.java:580)
12-14 04:34:53.372  1928  1956 E ColorFade: 	at android.view.Choreographer.doFrame(Choreographer.java:550)
12-14 04:34:53.372  1928  1956 E ColorFade: 	at android.view.Choreographer$FrameDisplayEventReceiver.run(Choreographer.java:753)
12-14 04:34:53.372  1928  1956 E ColorFade: 	at android.os.Handler.handleCallback(Handler.java:739)
12-14 04:34:53.372  1928  1956 E ColorFade: 	at android.os.Handler.dispatchMessage(Handler.java:95)
12-14 04:34:53.372  1928  1956 E ColorFade: 	at android.os.Looper.loop(Looper.java:135)
12-14 04:34:53.372  1928  1956 E ColorFade: 	at android.os.HandlerThread.run(HandlerThread.java:61)
12-14 04:34:53.372  1928  1956 E ColorFade: 	at com.android.server.ServiceThread.run(ServiceThread.java:46)
12-14 04:34:53.389  1928  1956 E ColorFade: drawFrame failed: error 1281
12-14 04:34:53.389  1928  1956 E ColorFade: java.lang.Throwable
12-14 04:34:53.389  1928  1956 E ColorFade: 	at com.android.server.display.ColorFade.checkGlErrors(ColorFade.java:683)
12-14 04:34:53.389  1928  1956 E ColorFade: 	at com.android.server.display.ColorFade.checkGlErrors(ColorFade.java:675)
12-14 04:34:53.389  1928  1956 E ColorFade: 	at com.android.server.display.ColorFade.draw(ColorFade.java:383)
12-14 04:34:53.389  1928  1956 E ColorFade: 	at com.android.server.display.DisplayPowerState$4.run(DisplayPowerState.java:329)
12-14 04:34:53.389  1928  1956 E ColorFade: 	at android.view.Choreographer$CallbackRecord.run(Choreographer.java:767)
12-14 04:34:53.389  1928  1956 E ColorFade: 	at android.view.Choreographer.doCallbacks(Choreographer.java:580)
12-14 04:34:53.389  1928  1956 E ColorFade: 	at android.view.Choreographer.doFrame(Choreographer.java:550)
12-14 04:34:53.389  1928  1956 E ColorFade: 	at android.view.Choreographer$FrameDisplayEventReceiver.run(Choreographer.java:753)
12-14 04:34:53.389  1928  1956 E ColorFade: 	at android.os.Handler.handleCallback(Handler.java:739)
12-14 04:34:53.389  1928  1956 E ColorFade: 	at android.os.Handler.dispatchMessage(Handler.java:95)
12-14 04:34:53.389  1928  1956 E ColorFade: 	at android.os.Looper.loop(Looper.java:135)
12-14 04:34:53.389  1928  1956 E ColorFade: 	at android.os.HandlerThread.run(HandlerThread.java:61)
12-14 04:34:53.389  1928  1956 E ColorFade: 	at com.android.server.ServiceThread.run(ServiceThread.java:46)
12-14 04:34:53.406  1928  1956 E ColorFade: drawFrame failed: error 1281
12-14 04:34:53.406  1928  1956 E ColorFade: java.lang.Throwable
12-14 04:34:53.406  1928  1956 E ColorFade: 	at com.android.server.display.ColorFade.checkGlErrors(ColorFade.java:683)
12-14 04:34:53.406  1928  1956 E ColorFade: 	at com.android.server.display.ColorFade.checkGlErrors(ColorFade.java:675)
12-14 04:34:53.406  1928  1956 E ColorFade: 	at com.android.server.display.ColorFade.draw(ColorFade.java:383)
12-14 04:34:53.406  1928  1956 E ColorFade: 	at com.android.server.display.DisplayPowerState$4.run(DisplayPowerState.java:329)
12-14 04:34:53.406  1928  1956 E ColorFade: 	at android.view.Choreographer$CallbackRecord.run(Choreographer.java:767)
12-14 04:34:53.406  1928  1956 E ColorFade: 	at android.view.Choreographer.doCallbacks(Choreographer.java:580)
12-14 04:34:53.406  1928  1956 E ColorFade: 	at android.view.Choreographer.doFrame(Choreographer.java:550)
12-14 04:34:53.406  1928  1956 E ColorFade: 	at android.view.Choreographer$FrameDisplayEventReceiver.run(Choreographer.java:753)
12-14 04:34:53.406  1928  1956 E ColorFade: 	at android.os.Handler.handleCallback(Handler.java:739)
12-14 04:34:53.406  1928  1956 E ColorFade: 	at android.os.Handler.dispatchMessage(Handler.java:95)
12-14 04:34:53.406  1928  1956 E ColorFade: 	at android.os.Looper.loop(Looper.java:135)
12-14 04:34:53.406  1928  1956 E ColorFade: 	at android.os.HandlerThread.run(HandlerThread.java:61)
12-14 04:34:53.406  1928  1956 E ColorFade: 	at com.android.server.ServiceThread.run(ServiceThread.java:46)
12-14 04:34:53.422  1928  1956 E ColorFade: drawFrame failed: error 1281
12-14 04:34:53.422  1928  1956 E ColorFade: java.lang.Throwable
12-14 04:34:53.422  1928  1956 E ColorFade: 	at com.android.server.display.ColorFade.checkGlErrors(ColorFade.java:683)
12-14 04:34:53.422  1928  1956 E ColorFade: 	at com.android.server.display.ColorFade.checkGlErrors(ColorFade.java:675)
12-14 04:34:53.422  1928  1956 E ColorFade: 	at com.android.server.display.ColorFade.draw(ColorFade.java:383)
12-14 04:34:53.422  1928  1956 E ColorFade: 	at com.android.server.display.DisplayPowerState$4.run(DisplayPowerState.java:329)
12-14 04:34:53.422  1928  1956 E ColorFade: 	at android.view.Choreographer$CallbackRecord.run(Choreographer.java:767)
12-14 04:34:53.422  1928  1956 E ColorFade: 	at android.view.Choreographer.doCallbacks(Choreographer.java:580)
12-14 04:34:53.422  1928  1956 E ColorFade: 	at android.view.Choreographer.doFrame(Choreographer.java:550)
12-14 04:34:53.422  1928  1956 E ColorFade: 	at android.view.Choreographer$FrameDisplayEventReceiver.run(Choreographer.java:753)
12-14 04:34:53.422  1928  1956 E ColorFade: 	at android.os.Handler.handleCallback(Handler.java:739)
12-14 04:34:53.422  1928  1956 E ColorFade: 	at android.os.Handler.dispatchMessage(Handler.java:95)
12-14 04:34:53.422  1928  1956 E ColorFade: 	at android.os.Looper.loop(Looper.java:135)
12-14 04:34:53.422  1928  1956 E ColorFade: 	at android.os.HandlerThread.run(HandlerThread.java:61)
12-14 04:34:53.422  1928  1956 E ColorFade: 	at com.android.server.ServiceThread.run(ServiceThread.java:46)
12-14 04:34:53.439  1928  1956 E ColorFade: drawFrame failed: error 1281
12-14 04:34:53.439  1928  1956 E ColorFade: java.lang.Throwable
12-14 04:34:53.439  1928  1956 E ColorFade: 	at com.android.server.display.ColorFade.checkGlErrors(ColorFade.java:683)
12-14 04:34:53.439  1928  1956 E ColorFade: 	at com.android.server.display.ColorFade.checkGlErrors(ColorFade.java:675)
12-14 04:34:53.439  1928  1956 E ColorFade: 	at com.android.server.display.ColorFade.draw(ColorFade.java:383)
12-14 04:34:53.439  1928  1956 E ColorFade: 	at com.android.server.display.DisplayPowerState$4.run(DisplayPowerState.java:329)
12-14 04:34:53.439  1928  1956 E ColorFade: 	at android.view.Choreographer$CallbackRecord.run(Choreographer.java:767)
12-14 04:34:53.439  1928  1956 E ColorFade: 	at android.view.Choreographer.doCallbacks(Choreographer.java:580)
12-14 04:34:53.439  1928  1956 E ColorFade: 	at android.view.Choreographer.doFrame(Choreographer.java:550)
12-14 04:34:53.439  1928  1956 E ColorFade: 	at android.view.Choreographer$FrameDisplayEventReceiver.run(Choreographer.java:753)
12-14 04:34:53.439  1928  1956 E ColorFade: 	at android.os.Handler.handleCallback(Handler.java:739)
12-14 04:34:53.439  1928  1956 E ColorFade: 	at android.os.Handler.dispatchMessage(Handler.java:95)
12-14 04:34:53.439  1928  1956 E ColorFade: 	at android.os.Looper.loop(Looper.java:135)
12-14 04:34:53.439  1928  1956 E ColorFade: 	at android.os.HandlerThread.run(HandlerThread.java:61)
12-14 04:34:53.439  1928  1956 E ColorFade: 	at com.android.server.ServiceThread.run(ServiceThread.java:46)
12-14 04:34:53.439  1928  2009 I libsuspend: autosuspend_earlysuspend_enable
12-14 04:34:54.974  1928  2009 E libsuspend: Error writing mem to /sys/power/state: Device or resource busy
12-14 04:34:54.974  1928  2009 D PowerManagerService-JNI: Excessive delay in autosuspend_enable() while turning screen off: 1534ms
12-14 04:34:54.974  1928  1954 W art     : Long monitor contention event with owner method=void com.android.server.power.PowerManagerService$2.onDisplayStateChange(int) from PowerManagerService.java:1967 waiters=0 for 1.534s
12-14 04:34:58.239  1928  1993 E WifiStateMachine: WifiStateMachine Disconnected CMD_START_SCAN source -2 80, 83 -> obsolete
12-14 04:35:01.978  1928  2238 W ActivityManager: getRunningAppProcesses: caller 10061 does not hold REAL_GET_TASKS; limiting output
12-14 04:35:04.318  2345  2345 E GCM     : Missing checkin config file
12-14 04:35:04.318  2345  2345 W GCM     : GCM FAILED TO INITIALIZE - missing checkin
12-14 04:35:11.980  1928  2238 W ActivityManager: getRunningAppProcesses: caller 10061 does not hold REAL_GET_TASKS; limiting output
12-14 04:35:21.982  1928  2204 W ActivityManager: getRunningAppProcesses: caller 10061 does not hold REAL_GET_TASKS; limiting output
12-14 04:35:31.984  1928  2170 W ActivityManager: getRunningAppProcesses: caller 10061 does not hold REAL_GET_TASKS; limiting output
12-14 04:35:41.986  1928  1945 W ActivityManager: getRunningAppProcesses: caller 10061 does not hold REAL_GET_TASKS; limiting output
12-14 04:35:51.988  1928  2800 W ActivityManager: getRunningAppProcesses: caller 10061 does not hold REAL_GET_TASKS; limiting output
12-14 04:36:01.990  1928  2280 W ActivityManager: getRunningAppProcesses: caller 10061 does not hold REAL_GET_TASKS; limiting output
12-14 04:36:11.991  1928  2069 W ActivityManager: getRunningAppProcesses: caller 10061 does not hold REAL_GET_TASKS; limiting output
12-14 04:36:21.993  1928  2170 W ActivityManager: getRunningAppProcesses: caller 10061 does not hold REAL_GET_TASKS; limiting output
12-14 04:36:31.994  1928  2799 W ActivityManager: getRunningAppProcesses: caller 10061 does not hold REAL_GET_TASKS; limiting output
12-14 04:36:41.996  1928  2800 W ActivityManager: getRunningAppProcesses: caller 10061 does not hold REAL_GET_TASKS; limiting output
12-14 04:36:51.999  1928  1944 W ActivityManager: getRunningAppProcesses: caller 10061 does not hold REAL_GET_TASKS; limiting output
12-14 04:37:02.000  1928  2238 W ActivityManager: getRunningAppProcesses: caller 10061 does not hold REAL_GET_TASKS; limiting output
12-14 04:37:12.003  1928  2204 W ActivityManager: getRunningAppProcesses: caller 10061 does not hold REAL_GET_TASKS; limiting output
12-14 04:37:16.397  1928  1928 I ValidateNoPeople: skipping global notification
12-14 04:37:22.004  1928  2800 W ActivityManager: getRunningAppProcesses: caller 10061 does not hold REAL_GET_TASKS; limiting output
12-14 04:37:32.006  1928  2204 W ActivityManager: getRunningAppProcesses: caller 10061 does not hold REAL_GET_TASKS; limiting output
12-14 04:37:42.009  1928  1944 W ActivityManager: getRunningAppProcesses: caller 10061 does not hold REAL_GET_TASKS; limiting output
12-14 04:37:52.010  1928  2069 W ActivityManager: getRunningAppProcesses: caller 10061 does not hold REAL_GET_TASKS; limiting output
12-14 04:38:02.013  1928  2069 W ActivityManager: getRunningAppProcesses: caller 10061 does not hold REAL_GET_TASKS; limiting output
